data/a836d206-e31f-42a1-abcf-12303fbde651_hf_nateraw_avocado-prices.csv
Unnamed: 0,Date,AveragePrice,Total Volume,4046,4225,4770,Total Bags,Small Bags,Large Bags,XLarge Bags,type,year,region
3,2015-12-06,1.48,4400.25,1358.53,1735.98,0.0,1305.74,130.0,1175.74,0.0,organic,2015,Atlanta
8,2018-01-28,1.67,14446.26,390.17,5130.48,0.0,8925.61,5602.18,3323.43,0.0,organic,2018,Atlanta
43,2015-03-01,1.22,16227.56,1683.31,12002.83,0.0,2541.42,0.0,2541.42,0.0,organic,2015,Atlanta
33,2015-05-10,1.82,5067.95,1878.0,2479.23,0.0,710.72,0.0,710.72,0.0,organic,2015,Atlanta
36,2016-04-17,1.36,8352.12,2435.07,3185.3,0.0,2731.75,891.93,1839.82,0.0,organic,2016,Atlanta
25,2015-07-05,1.5,5744.26,1577.43,2748.05,0.0,1418.78,0.0,1418.78,0.0,organic,2015,Atlanta
15,2015-09-13,2.0,5891.89,2340.17,3395.62,0.0,156.1,11.15,144.95,0.0,organic,2015,Atlanta
44,2017-02-26,0.64,24322.77,1111.31,3495.28,0.0,19716.18,150.0,19566.18,0.0,organic,2017,Atlanta
22,2016-07-24,1.91,11619.75,2682.63,6193.26,0.0,2743.86,1668.45,1075.41,0.0,organic,2016,Atlanta
49,2015-01-18,1.86,4294.01,2138.51,989.4,0.0,1166.1,1019.34,146.76,0.0,organic,2015,Atlanta
52,2017-01-01,1.81,5342.85,956.73,2862.95,0.0,1523.17,5.55,1517.62,0.0,organic,2017,Atlanta
39,2015-03-29,1.88,5076.62,2016.24,2847.3,0.0,213.08,40.41,172.67,0.0,organic,2015,Atlanta
45,2015-02-15,1.46,7783.29,1449.86,5216.4,0.0,1117.03,700.0,417.03,0.0,organic,2015,Atlanta
50,2017-01-15,1.62,6291.29,1129.49,3582.5,0.0,1579.3,0.0,1579.3,0.0,organic,2017,Atlanta
5,2018-02-18,1.56,11165.57,429.96,4037.32,0.0,6698.29,5920.95,777.34,0.0,organic,2018,Atlanta
36,2017-04-23,1.63,13269.05,1704.94,7073.78,0.0,4490.33,147.22,4343.11,0.0,organic,2017,Atlanta
36,2015-04-19,1.63,6705.06,1820.12,4094.67,0.0,790.27,772.29,17.98,0.0,organic,2015,Atlanta
9,2015-10-25,1.87,5476.77,2441.49,2684.67,0.0,350.61,180.0,170.61,0.0,organic,2015,Atlanta
11,2015-10-11,1.75,7279.83,2387.77,3377.79,0.0,1514.27,0.0,1514.27,0.0,organic,2015,Atlanta
21,2015-08-02,1.8,5792.88,1981.77,2627.72,0.0,1183.39,277.57,905.82,0.0,organic,2015,Atlanta
6,2018-02-11,1.55,14843.93,384.86,3957.78,0.0,10501.29,7478.35,3022.94,0.0,organic,2018,Atlanta
40,2016-03-20,1.44,7435.68,2263.17,2989.88,0.0,2182.63,613.33,1569.3,0.0,organic,2016,Atlanta
30,2015-05-31,1.84,4803.11,1744.63,2484.81,0.0,573.67,97.88,475.79,0.0,organic,2015,Atlanta
0,2017-12-31,1.28,17217.91,331.16,3474.3,0.0,13412.45,11486.03,1926.42,0.0,organic,2017,Atlanta
50,2015-01-11,1.84,3743.82,1613.69,1207.72,0.0,922.41,865.0,57.41,0.0,organic,2015,Atlanta
34,2017-05-07,1.37,18229.58,338.98,7980.14,0.0,9910.46,238.99,9671.47,0.0,organic,2017,Atlanta
26,2015-06-28,1.39,6313.67,1896.92,2306.95,0.0,2109.8,0.0,2109.8,0.0,organic,2015,Atlanta
0,2016-12-25,1.76,5456.42,895.62,2981.24,0.0,1579.56,0.0,1579.56,0.0,organic,2016,Atlanta
50,2016-01-10,1.66,5614.09,2123.47,2121.26,0.0,1369.36,392.02,977.34,0.0,organic,2016,Atlanta
45,2016-02-14,1.59,5737.5,1825.41,2428.43,0.0,1483.66,346.67,1136.99,0.0,organic,2016,Atlanta
9,2018-01-21,1.64,18554.97,349.05,3967.66,0.0,14238.26,6204.43,8033.83,0.0,organic,2018,Atlanta
17,2016-08-28,1.14,18482.13,1480.15,4894.19,0.0,12107.79,1774.14,10333.65,0.0,organic,2016,Atlanta
2,2017-12-17,1.59,11548.46,343.83,3504.07,0.0,7700.56,5440.12,2260.44,0.0,organic,2017,Atlanta
1,2018-03-18,1.48,19014.68,626.28,5411.88,0.0,12976.52,9134.72,3841.8,0.0,organic,2018,Atlanta
12,2015-10-04,1.79,7423.5,2743.66,3550.81,0.0,1129.03,0.0,1129.03,0.0,organic,2015,Atlanta
0,2018-03-25,1.56,18717.08,469.23,3942.82,0.0,14305.03,9398.45,4906.58,0.0,organic,2018,Atlanta
4,2015-11-29,1.37,5205.88,1340.82,2104.37,0.0,1760.69,103.33,1657.36,0.0,organic,2015,Atlanta
17,2015-08-30,1.53,9298.19,2349.53,3534.12,0.0,3414.54,1577.97,1836.57,0.0,organic,2015,Atlanta
15,2016-09-11,1.43,13016.7,1355.94,4532.39,0.0,7128.37,1772.47,5355.9,0.0,organic,2016,Atlanta
38,2016-04-03,1.51,9283.54,3529.36,3854.68,0.0,1899.5,993.33,906.17,0.0,organic,2016,Atlanta
35,2017-04-30,1.59,15041.91,1487.72,7556.77,0.0,5997.42,194.73,5802.69,0.0,organic,2017,Atlanta
8,2017-11-05,1.86,11588.38,447.38,3686.33,0.0,7454.67,5330.44,2124.23,0.0,organic,2017,Atlanta
1,2015-12-20,1.89,3973.64,2000.64,1925.52,0.0,47.48,36.66,10.82,0.0,organic,2015,Atlanta
25,2015-07-05,1.05,190716.43,4890.33,119457.27,13495.86,52872.97,30631.37,21037.53,1204.07,conventional,2015,Indianapolis
4,2015-11-29,1.08,108444.41,3079.44,65254.08,10854.59,29256.3,17455.74,9975.21,1825.35,conventional,2015,Indianapolis
6,2018-02-11,0.81,258008.01,86439.93,52397.39,5258.07,113912.62,90091.1,21306.88,2514.64,conventional,2018,Indianapolis
10,2017-10-22,1.67,125746.37,8944.76,57230.12,603.48,58968.01,28364.19,30577.22,26.6,conventional,2017,Indianapolis
30,2015-05-31,1.37,142817.83,13199.86,80053.62,6630.76,42933.59,26714.31,15126.47,1092.81,conventional,2015,Indianapolis
50,2017-01-15,0.96,210793.64,15258.94,102478.51,2034.41,91021.78,45737.6,45282.71,1.47,conventional,2017,Indianapolis
26,2016-06-26,1.15,183555.06,14452.83,90386.24,15029.71,63686.28,41778.41,16248.62,5659.25,conventional,2016,Indianapolis
24,2017-07-16,1.35,166601.37,9861.88,82250.49,1367.59,73121.41,34009.29,37719.47,1392.65,conventional,2017,Indianapolis
37,2016-04-10,1.07,168009.21,15421.4,84833.75,11125.19,56628.87,29065.55,26374.68,1188.64,conventional,2016,Indianapolis
45,2016-02-14,0.83,219871.64,13525.56,133956.97,15621.58,56767.53,27240.38,27220.07,2307.08,conventional,2016,Indianapolis
8,2017-11-05,1.26,194103.11,8575.56,86633.97,752.93,98140.65,35477.95,62594.13,68.57,conventional,2017,Indianapolis
16,2017-09-10,1.86,139315.43,8832.22,60421.9,787.37,69273.94,35802.73,32306.29,1164.92,conventional,2017,Indianapolis
28,2016-06-12,1.12,186723.32,19442.51,89225.97,19115.07,58939.77,39160.04,13630.94,6148.79,conventional,2016,Indianapolis
44,2016-02-21,1.03,153498.43,10806.76,91309.12,8892.49,42490.06,23611.07,17284.88,1594.11,conventional,2016,Indianapolis
42,2017-03-12,1.35,149318.47,10979.78,65279.45,1539.77,71519.47,35129.81,36351.65,38.01,conventional,2017,Indianapolis
25,2017-07-09,1.08,209047.97,8754.14,85278.67,1835.09,113180.07,51238.22,59538.32,2403.53,conventional,2017,Indianapolis
43,2017-03-05,1.35,150301.8,12865.79,66251.59,1756.45,69427.97,40647.4,28640.13,140.44,conventional,2017,Indianapolis
17,2016-08-28,1.27,167401.86,13732.36,78138.81,2802.01,72728.68,49838.22,21877.06,1013.4,conventional,2016,Indianapolis
10,2016-10-16,1.27,138921.48,10968.01,60049.75,1952.54,65951.18,35703.64,30247.54,0.0,conventional,2016,Indianapolis
1,2015-12-20,1.1,116353.68,3702.2,67983.94,9327.71,35339.83,18144.63,12133.67,5061.53,conventional,2015,Indianapolis
21,2017-08-06,1.35,170536.59,7818.03,78546.1,1301.64,82870.82,39049.2,41000.59,2821.03,conventional,2017,Indianapolis
46,2017-02-12,0.77,237575.64,17435.1,116691.02,2796.88,100652.64,51397.7,49247.59,7.35,conventional,2017,Indianapolis
15,2015-09-13,0.87,201620.58,3668.07,130327.72,17967.91,49656.88,22010.51,24284.79,3361.58,conventional,2015,Indianapolis
13,2015-09-27,1.04,139490.52,2961.25,85578.17,16176.43,34774.67,19742.24,12078.24,2954.19,conventional,2015,Indianapolis
33,2015-05-10,1.06,195532.38,16899.58,127193.06,5271.2,46168.54,23578.29,22228.41,361.84,conventional,2015,Indianapolis
29,2015-06-07,1.28,155730.59,16121.1,80781.48,10648.98,48179.03,30541.64,15866.46,1770.93,conventional,2015,Indianapolis
14,2017-09-24,1.74,135854.22,7948.8,63487.06,867.35,63551.01,31441.95,32031.35,77.71,conventional,2017,Indianapolis
47,2015-02-01,0.92,245352.56,7245.61,181784.28,14761.53,41561.14,20669.59,18130.75,2760.8,conventional,2015,Indianapolis
11,2016-10-09,1.2,143911.76,11357.01,61269.72,2173.86,69111.17,36546.8,32111.39,452.98,conventional,2016,Indianapolis
14,2015-09-20,0.91,185962.59,3942.44,116683.58,24166.47,41170.1,18045.98,18135.33,4988.79,conventional,2015,Indianapolis
22,2017-07-30,1.41,159525.4,7452.61,74597.93,807.32,76667.54,35579.02,39457.8,1630.72,conventional,2017,Indianapolis
32,2016-05-15,0.88,212806.58,11249.01,98565.23,23505.68,79486.66,46726.38,27196.04,5564.24,conventional,2016,Indianapolis
3,2015-12-06,0.92,145740.44,4067.0,89452.99,13570.12,38650.33,19365.92,17733.68,1550.73,conventional,2015,Indianapolis
11,2017-10-15,1.76,120662.74,9351.2,52216.91,631.41,58463.22,27096.14,31344.37,22.71,conventional,2017,Indianapolis
44,2017-02-26,1.02,188900.46,12096.22,83033.68,1923.56,91847.0,38588.66,53252.02,6.32,conventional,2017,Indianapolis
40,2016-03-20,1.27,1045450.41,105069.07,352698.21,9425.64,578257.49,252881.52,325375.97,0.0,organic,2016,TotalUS
29,2015-06-07,1.67,640448.59,200483.4,264482.87,6286.15,169196.17,109859.75,59336.42,0.0,organic,2015,TotalUS
6,2017-11-19,1.77,967886.13,88110.88,213230.36,834.3,665229.98,587077.23,77963.17,189.58,organic,2017,TotalUS
3,2015-12-06,1.52,514112.96,90203.21,212582.74,4066.09,207260.92,108684.49,98576.43,0.0,organic,2015,TotalUS
48,2016-01-24,1.41,776964.55,99316.69,270980.88,12933.97,393733.01,204859.71,188873.3,0.0,organic,2016,TotalUS
15,2017-09-17,2.0,1074567.7,140979.17,243233.57,891.6,689301.75,582096.9,107163.76,41.09,organic,2017,TotalUS
8,2017-11-05,1.82,1068530.09,88073.16,244925.18,1059.63,733972.36,648557.69,85378.96,35.71,organic,2017,TotalUS
41,2015-03-15,1.5,644584.67,235569.01,258475.58,5308.79,145231.29,109325.32,35905.97,0.0,organic,2015,TotalUS
6,2015-11-15,1.6,511347.26,109494.19,225216.4,3599.71,173036.96,120815.93,52221.03,0.0,organic,2015,TotalUS
19,2016-08-14,1.48,1093287.79,186697.3,341463.72,10231.17,554895.6,459261.24,95634.36,0.0,organic,2016,TotalUS
50,2017-01-15,1.44,975724.28,121132.79,280287.84,8750.08,565553.57,400292.46,165261.11,0.0,organic,2017,TotalUS
19,2015-08-16,1.75,644689.71,150876.8,310229.77,6215.26,177367.88,107593.62,69774.26,0.0,organic,2015,TotalUS
27,2015-06-21,1.66,638192.89,202071.06,304368.47,6264.36,125489.0,76906.18,48582.82,0.0,organic,2015,TotalUS
9,2018-01-21,1.63,1283987.65,108705.28,259172.13,1490.02,914409.26,710654.4,203526.59,228.27,organic,2018,TotalUS
42,2015-03-08,1.49,783913.05,253078.17,327972.28,5658.7,197203.9,169302.64,27901.26,0.0,organic,2015,TotalUS
43,2017-03-05,1.16,1619398.24,184006.16,374220.48,2542.94,1058628.66,497098.27,561530.39,0.0,organic,2017,TotalUS
44,2016-02-21,1.45,738856.92,104135.94,281188.89,8629.03,344903.06,223281.18,121621.88,0.0,organic,2016,TotalUS
30,2017-06-04,1.64,1352960.47,165665.93,387057.95,2865.59,797371.0,525280.48,272090.52,0.0,organic,2017,TotalUS
37,2017-04-16,1.49,1493331.28,176684.11,437947.67,5096.43,873603.07,576538.3,297064.77,0.0,organic,2017,TotalUS
5,2018-02-18,1.52,1814929.97,246515.35,680037.45,1905.46,886241.96,783017.98,103184.01,39.97,organic,2018,TotalUS
2,2017-12-17,1.57,1148617.16,94905.86,248498.73,982.45,803682.1,673202.55,130360.58,118.97,organic,2017,TotalUS
25,2015-07-05,1.0,668233.0,205073.0,304597.0,6251.0,152309.0,88261.0,64048.0,0.0,organic,2015,TotalUS
36,2015-04-19,1.59,675907.97,215283.51,301783.5,6465.74,152375.22,113428.19,38947.03,0.0,organic,2015,TotalUS
30,2016-05-29,1.41,1085152.56,137449.41,468311.32,13698.09,465693.74,349592.45,116101.29,0.0,organic,2016,TotalUS
41,2017-03-19,1.5,1284018.65,172196.56,411359.03,3304.62,697158.44,486101.39,211057.05,0.0,organic,2017,TotalUS
18,2017-08-27,2.09,1045992.02,112812.39,250861.84,2119.14,680088.21,588832.95,91249.96,5.3,organic,2017,TotalUS
29,2016-06-05,1.43,1012717.93,152105.91,410451.71,7817.11,442343.2,310881.84,131461.36,0.0,organic,2016,TotalUS
27,2017-06-25,1.77,1101009.92,123317.1,341073.87,2613.51,634005.44,411977.56,222027.88,0.0,organic,2017,TotalUS
38,2017-04-09,1.43,1387436.32,148803.12,362152.44,8972.11,867508.65,512721.31,354787.34,0.0,organic,2017,TotalUS
12,2017-10-08,1.9,1164140.49,100744.58,231652.64,1224.99,830309.99,771846.48,58417.76,45.75,organic,2017,TotalUS
49,2015-01-18,1.42,713120.0,254319.58,311811.01,4020.85,142968.56,101850.23,41118.33,0.0,organic,2015,TotalUS
48,2015-01-25,1.53,556368.86,207494.87,212312.02,4753.87,131808.1,95964.83,35843.27,0.0,organic,2015,TotalUS
49,2017-01-22,1.37,994282.98,115700.02,281786.33,6707.82,590088.81,401805.9,188282.91,0.0,organic,2017,TotalUS
28,2016-06-12,1.45,975275.55,176286.36,403561.49,8626.89,386800.81,279246.87,107553.94,0.0,organic,2016,TotalUS
46,2017-02-12,1.41,1060775.98,136636.34,297764.4,3486.2,622889.04,410668.26,212220.78,0.0,organic,2017,TotalUS
16,2017-09-10,2.15,9883.59,313.75,4230.58,0.0,5339.26,2166.91,3172.35,0.0,organic,2017,CincinnatiDayton
2,2017-12-17,1.73,9465.99,371.48,4597.17,0.0,4497.34,2324.92,2172.42,0.0,organic,2017,CincinnatiDayton
0,2018-03-25,1.66,15502.38,728.9,4308.74,0.0,10464.74,7398.87,3065.87,0.0,organic,2018,CincinnatiDayton
14,2016-09-18,1.32,15776.76,577.58,8538.43,0.0,6660.75,736.94,5923.81,0.0,organic,2016,CincinnatiDayton
16,2015-09-06,1.62,15010.83,517.66,13286.9,0.0,1206.27,550.0,656.27,0.0,organic,2015,CincinnatiDayton
11,2016-10-09,1.51,15218.52,562.56,9696.37,0.0,4959.59,625.18,4334.41,0.0,organic,2016,CincinnatiDayton
35,2017-04-30,1.66,13924.31,243.48,4877.17,0.0,8803.66,882.46,7921.2,0.0,organic,2017,CincinnatiDayton
40,2017-03-26,1.04,24050.02,244.52,4884.24,0.0,18921.26,958.19,17963.07,0.0,organic,2017,CincinnatiDayton
24,2017-07-16,1.82,22784.26,201.83,5849.35,0.0,16507.04,2066.65,14440.39,0.0,organic,2017,CincinnatiDayton
21,2016-07-31,1.51,12919.17,554.23,8694.68,0.0,3670.26,1047.48,2622.78,0.0,organic,2016,CincinnatiDayton
38,2017-04-09,0.86,24184.04,252.45,4493.92,0.0,19437.67,1003.96,18433.71,0.0,organic,2017,CincinnatiDayton
1,2015-12-20,1.47,7113.17,303.65,6449.34,0.0,360.18,173.03,187.15,0.0,organic,2015,CincinnatiDayton
12,2015-10-04,1.54,10231.74,341.89,8519.0,0.0,1370.85,303.33,1067.52,0.0,organic,2015,CincinnatiDayton
25,2017-07-09,1.29,21313.42,172.45,4678.2,0.0,16462.77,250.82,16211.95,0.0,organic,2017,CincinnatiDayton
14,2015-09-20,1.58,12915.37,379.74,12416.63,0.0,119.0,43.33,75.67,0.0,organic,2015,CincinnatiDayton
51,2017-01-08,1.07,12346.01,323.43,6801.77,0.0,5220.81,654.36,4566.45,0.0,organic,2017,CincinnatiDayton
37,2015-04-12,1.49,13607.83,272.3,12556.25,0.0,779.28,688.44,90.84,0.0,organic,2015,CincinnatiDayton
13,2016-09-25,1.35,16032.03,468.89,7138.63,0.0,8424.51,781.74,7642.77,0.0,organic,2016,CincinnatiDayton
18,2017-08-27,1.95,11994.71,270.33,3292.5,0.0,8389.08,2503.08,5886.0,0.0,organic,2017,CincinnatiDayton
50,2015-01-11,1.32,11313.77,209.52,10352.17,0.0,752.08,310.62,441.46,0.0,organic,2015,CincinnatiDayton
7,2015-11-08,1.3,10407.9,339.94,7705.72,0.0,2362.24,420.0,1942.24,0.0,organic,2015,CincinnatiDayton
7,2018-02-04,1.69,11196.3,628.58,4438.31,0.0,6129.41,4339.23,1790.18,0.0,organic,2018,CincinnatiDayton
35,2015-04-26,1.36,16289.6,256.76,13336.25,0.0,2696.59,563.33,2133.26,0.0,organic,2015,CincinnatiDayton
3,2015-12-06,1.48,8656.18,234.08,7004.43,0.0,1417.67,663.33,754.34,0.0,organic,2015,CincinnatiDayton
34,2015-05-03,1.42,14145.51,248.06,11260.77,0.0,2636.68,680.0,1956.68,0.0,organic,2015,CincinnatiDayton
47,2015-02-01,1.19,10707.5,218.51,9140.29,0.0,1348.7,371.08,977.62,0.0,organic,2015,CincinnatiDayton
36,2017-04-23,1.92,8616.1,195.2,4322.55,0.0,4098.35,1158.88,2939.47,0.0,organic,2017,CincinnatiDayton
12,2017-10-08,1.94,8459.92,246.84,4265.5,0.0,3947.58,3897.2,50.38,0.0,organic,2017,CincinnatiDayton
29,2017-06-11,0.77,42520.88,297.52,5882.5,0.0,36340.86,495.81,35845.05,0.0,organic,2017,CincinnatiDayton
8,2015-11-01,1.61,9499.24,287.24,7556.8,0.0,1655.2,326.67,1328.53,0.0,organic,2015,CincinnatiDayton
9,2015-10-25,1.56,10526.95,416.07,8846.71,0.0,1264.17,463.33,800.84,0.0,organic,2015,CincinnatiDayton
9,2017-10-29,1.87,12170.52,171.76,3285.31,0.0,8713.45,3873.14,4840.31,0.0,organic,2017,CincinnatiDayton
36,2016-04-17,1.4,15920.25,417.29,9447.47,0.0,6055.49,1598.28,4457.21,0.0,organic,2016,CincinnatiDayton
35,2016-04-24,1.44,15395.22,460.03,9677.47,0.0,5257.72,2457.02,2800.7,0.0,organic,2016,CincinnatiDayton
15,2016-09-11,1.13,21710.38,531.09,9471.98,0.0,11707.31,875.67,10831.64,0.0,organic,2016,CincinnatiDayton
22,2015-07-26,1.63,15050.08,253.43,12357.79,0.0,2438.86,70.0,2368.86,0.0,organic,2015,CincinnatiDayton
34,2017-05-07,1.48,19989.19,287.34,7274.84,0.0,12427.01,925.23,11501.78,0.0,organic,2017,CincinnatiDayton
