data/a836d206-e31f-42a1-abcf-12303fbde651_hf_nateraw_avocado-prices.csv
Unnamed: 0,Date,AveragePrice,Total Volume,4046,4225,4770,Total Bags,Small Bags,Large Bags,XLarge Bags,type,year,region
10,2018-01-14,1.93,16205.22,1527.63,2981.04,727.01,10969.54,10919.54,50.0,0.0,organic,2018,WestTexNewMexico
14,2015-09-13,1.99,6608.39,1309.78,3114.34,0.0,2184.27,1763.34,420.93,0.0,organic,2015,WestTexNewMexico
46,2015-02-01,1.77,7210.19,1634.42,3012.44,0.0,2563.33,2563.33,0.0,0.0,organic,2015,WestTexNewMexico
9,2015-10-18,2.02,7664.36,1523.54,3491.3,0.0,2649.52,2606.66,42.86,0.0,organic,2015,WestTexNewMexico
35,2015-04-19,1.6,11075.85,3654.28,4477.34,0.0,2944.23,1770.0,1174.23,0.0,organic,2015,WestTexNewMexico
4,2016-11-27,1.72,9783.93,1014.39,2423.56,0.0,6345.98,6307.59,38.39,0.0,organic,2016,WestTexNewMexico
26,2016-06-26,1.38,21667.76,5547.63,6169.07,14.21,9936.85,4803.33,5133.52,0.0,organic,2016,WestTexNewMexico
21,2016-07-31,1.84,16389.34,3381.02,3234.02,28.27,9746.03,5696.67,4049.36,0.0,organic,2016,WestTexNewMexico
12,2015-09-27,1.76,8150.95,1500.18,5237.43,0.0,1413.34,1406.67,6.67,0.0,organic,2015,WestTexNewMexico
50,2015-01-04,1.64,6182.81,1561.3,2958.17,0.0,1663.34,1663.34,0.0,0.0,organic,2015,WestTexNewMexico
24,2017-07-16,1.6,19126.81,1763.86,4382.01,2211.74,10769.2,10652.21,116.99,0.0,organic,2017,WestTexNewMexico
2,2018-03-11,1.56,22128.42,2162.67,3194.25,8.93,16762.57,16510.32,252.25,0.0,organic,2018,WestTexNewMexico
45,2015-02-08,1.66,9271.68,2240.97,2867.38,0.0,4163.33,4163.33,0.0,0.0,organic,2015,WestTexNewMexico
17,2016-08-28,1.69,13652.91,2630.75,2321.75,11.34,8689.07,5137.77,3551.3,0.0,organic,2016,WestTexNewMexico
5,2016-11-20,1.75,11140.07,1377.62,3897.77,2.85,5861.83,5848.5,13.33,0.0,organic,2016,WestTexNewMexico
10,2015-10-11,2.05,7346.43,1544.38,3601.95,0.0,2200.1,2173.33,26.77,0.0,organic,2015,WestTexNewMexico
0,2017-12-31,1.62,16552.71,1909.33,3538.48,60.91,11043.99,10821.63,222.36,0.0,organic,2017,WestTexNewMexico
15,2017-09-17,2.36,10464.29,1845.14,2819.17,0.0,5799.98,5796.65,3.33,0.0,organic,2017,WestTexNewMexico
23,2017-07-23,1.6,19144.32,1832.11,4752.03,1914.09,10646.09,10577.95,68.14,0.0,organic,2017,WestTexNewMexico
6,2016-11-13,1.59,14666.55,1302.11,3840.13,11.41,9512.9,9443.44,69.46,0.0,organic,2016,WestTexNewMexico
36,2017-04-09,1.19,30499.28,2386.19,3749.72,34.72,24328.65,24193.63,135.02,0.0,organic,2017,WestTexNewMexico
11,2015-10-04,2.01,8059.96,1690.85,3621.73,0.0,2747.38,2723.34,24.04,0.0,organic,2015,WestTexNewMexico
25,2017-07-09,1.65,18244.09,2295.76,3701.18,38.67,12208.48,11637.39,571.09,0.0,organic,2017,WestTexNewMexico
24,2015-07-05,1.58,13816.71,6430.36,4300.0,0.0,3086.35,2744.5,341.85,0.0,organic,2015,WestTexNewMexico
36,2016-04-17,1.36,37885.9,2655.44,25121.02,177.35,9932.09,5036.29,4895.8,0.0,organic,2016,WestTexNewMexico
3,2016-12-04,1.82,9895.04,819.39,2435.34,19.99,6620.32,6533.87,86.45,0.0,organic,2016,WestTexNewMexico
34,2017-05-07,1.82,12366.01,4943.78,4878.07,0.0,2544.16,693.23,1850.93,0.0,organic,2017,PhoenixTucson
29,2016-06-05,1.52,12699.87,5651.13,4638.32,0.0,2410.42,574.04,1836.38,0.0,organic,2016,PhoenixTucson
23,2016-07-17,1.77,14216.44,6636.6,4590.54,0.0,2989.3,432.21,2557.09,0.0,organic,2016,PhoenixTucson
12,2015-10-04,1.93,6825.19,5605.54,1059.09,0.0,160.56,143.33,17.23,0.0,organic,2015,PhoenixTucson
0,2018-03-25,1.52,15372.8,2399.71,3164.8,0.0,9808.29,9789.7,18.59,0.0,organic,2018,PhoenixTucson
32,2017-05-21,2.06,9126.2,4146.42,3679.99,0.0,1299.79,381.04,918.75,0.0,organic,2017,PhoenixTucson
35,2015-04-26,1.65,17775.41,11276.67,4970.49,0.0,1528.25,726.67,801.58,0.0,organic,2015,PhoenixTucson
3,2017-12-10,1.8,10964.1,1884.55,1989.33,0.0,7090.22,7076.98,13.24,0.0,organic,2017,PhoenixTucson
3,2016-12-04,1.96,7009.95,2315.4,3214.55,0.0,1480.0,1469.13,10.87,0.0,organic,2016,PhoenixTucson
50,2015-01-11,1.36,14035.18,11523.29,1632.63,0.0,879.26,876.68,2.58,0.0,organic,2015,PhoenixTucson
2,2016-12-11,1.83,8087.23,1880.06,3240.23,0.0,2966.94,2915.48,51.46,0.0,organic,2016,PhoenixTucson
8,2015-11-01,1.7,8638.12,7091.78,1301.83,0.0,244.51,238.92,5.59,0.0,organic,2015,PhoenixTucson
36,2015-04-19,1.48,15735.77,12488.27,1697.81,0.0,1549.69,670.0,879.69,0.0,organic,2015,PhoenixTucson
5,2016-11-20,2.01,8076.24,2129.66,3053.09,0.0,2893.49,2789.23,104.26,0.0,organic,2016,PhoenixTucson
50,2016-01-10,1.35,13145.55,7104.3,1765.35,0.0,4275.9,4178.82,97.08,0.0,organic,2016,PhoenixTucson
17,2017-09-03,1.86,11276.86,3334.5,787.62,0.0,7154.74,7097.64,57.1,0.0,organic,2017,PhoenixTucson
42,2015-03-08,1.52,12545.98,8912.48,1115.21,0.0,2518.29,2513.33,4.96,0.0,organic,2015,PhoenixTucson
28,2015-06-14,1.62,12799.12,8833.67,2031.09,0.0,1934.36,1193.33,741.03,0.0,organic,2015,PhoenixTucson
38,2015-04-05,1.5,14328.05,10944.3,1290.72,0.0,2093.03,1812.94,280.09,0.0,organic,2015,PhoenixTucson
24,2016-07-10,1.82,13993.22,6134.5,4632.45,0.0,3226.27,420.59,2805.68,0.0,organic,2016,PhoenixTucson
37,2017-04-16,1.51,16022.22,3513.65,5291.51,0.0,7217.06,6768.0,449.06,0.0,organic,2017,PhoenixTucson
18,2017-08-27,2.0,16505.49,5358.19,2591.23,0.0,8556.07,8501.9,54.17,0.0,organic,2017,PhoenixTucson
51,2015-01-04,1.12,17296.85,14569.66,1868.59,0.0,858.6,830.0,28.6,0.0,organic,2015,PhoenixTucson
43,2015-03-01,1.37,14618.92,11419.13,1565.66,0.0,1634.13,1626.67,7.46,0.0,organic,2015,PhoenixTucson
24,2017-07-16,2.06,10160.75,1986.97,3845.18,0.0,4328.6,3929.06,399.54,0.0,organic,2017,PhoenixTucson
36,2017-04-23,1.67,13678.61,3557.81,6186.19,0.0,3934.61,1470.08,2464.53,0.0,organic,2017,PhoenixTucson
27,2015-06-21,1.48,14656.29,11743.35,1864.94,0.0,1048.0,736.67,311.33,0.0,organic,2015,PhoenixTucson
30,2017-06-04,1.88,11693.79,3852.69,3456.64,0.0,4384.46,1035.19,3349.27,0.0,organic,2017,PhoenixTucson
2,2018-03-11,1.62,17727.19,2335.09,3082.62,0.0,12309.48,12278.25,31.23,0.0,organic,2018,PhoenixTucson
13,2016-09-25,2.06,21533.64,538.08,10810.83,285.7,9899.03,9892.36,6.67,0.0,organic,2016,BaltimoreWashington
49,2015-01-18,1.41,14057.45,8148.89,4725.43,659.56,523.57,461.75,61.82,0.0,organic,2015,BaltimoreWashington
25,2017-07-09,2.26,18665.31,1270.14,7508.32,197.39,9689.46,9685.02,4.44,0.0,organic,2017,BaltimoreWashington
47,2015-02-01,1.15,27929.74,14635.12,8013.19,667.82,4613.61,4613.61,0.0,0.0,organic,2015,BaltimoreWashington
41,2017-03-19,2.06,18537.54,1109.47,7239.15,227.38,9961.54,9943.79,17.75,0.0,organic,2017,BaltimoreWashington
31,2015-05-24,1.69,17042.46,6716.44,3800.9,993.22,5531.9,5531.9,0.0,0.0,organic,2015,BaltimoreWashington
20,2015-08-09,1.66,13132.64,3946.7,4109.96,836.42,4239.56,4225.93,13.63,0.0,organic,2015,BaltimoreWashington
40,2017-03-26,1.97,20770.15,1316.49,9686.16,333.08,9434.42,9418.09,16.33,0.0,organic,2017,BaltimoreWashington
2,2017-12-17,1.58,34581.64,1256.76,7053.3,50.28,26221.3,26217.97,3.33,0.0,organic,2017,BaltimoreWashington
22,2015-07-26,1.72,8502.95,3682.42,3166.87,599.98,1053.68,1050.98,2.7,0.0,organic,2015,BaltimoreWashington
1,2016-12-18,1.86,14030.99,968.91,5004.91,302.95,7754.22,7711.79,42.43,0.0,organic,2016,BaltimoreWashington
24,2016-07-10,1.96,17213.93,672.55,9092.46,535.09,6913.83,6320.31,593.52,0.0,organic,2016,BaltimoreWashington
3,2016-12-04,2.15,13989.25,947.03,6090.79,266.84,6684.59,6684.59,0.0,0.0,organic,2016,BaltimoreWashington
39,2017-04-02,1.97,23194.42,1558.12,11581.01,275.8,9779.49,9768.59,10.9,0.0,organic,2017,BaltimoreWashington
20,2016-08-07,1.87,18071.5,644.21,10561.49,472.39,6393.41,6379.45,13.96,0.0,organic,2016,BaltimoreWashington
19,2016-08-14,1.76,16889.91,2206.71,10855.76,367.06,3460.38,3443.56,16.82,0.0,organic,2016,BaltimoreWashington
48,2016-01-24,1.58,18287.57,719.74,5525.36,327.28,11715.19,2472.0,9243.19,0.0,organic,2016,BaltimoreWashington
21,2015-08-02,1.72,11937.63,3887.77,3335.55,719.46,3994.85,3983.99,10.86,0.0,organic,2015,BaltimoreWashington
21,2017-08-06,1.65,41701.43,1372.7,10746.78,148.14,29433.81,29420.48,13.33,0.0,organic,2017,BaltimoreWashington
10,2018-01-14,1.39,66149.27,1264.25,10025.87,105.72,54753.43,54746.77,6.66,0.0,organic,2018,BaltimoreWashington
51,2016-01-03,1.56,16106.89,581.45,6584.41,507.32,8433.71,1212.32,7221.39,0.0,organic,2016,BaltimoreWashington
43,2016-02-28,1.62,14556.02,503.01,8253.43,308.93,5490.65,1187.22,4303.43,0.0,organic,2016,BaltimoreWashington
32,2015-05-17,1.42,22470.42,6094.92,7358.76,3915.19,5101.55,5101.55,0.0,0.0,organic,2015,BaltimoreWashington
14,2015-09-20,1.35,11150.19,1462.34,6346.51,519.67,2821.67,2818.89,2.78,0.0,organic,2015,BaltimoreWashington
28,2016-06-12,1.73,18801.3,719.94,10078.62,381.05,7621.69,6648.57,973.12,0.0,organic,2016,BaltimoreWashington
15,2017-09-17,1.54,59452.63,2003.4,8036.61,72.28,49340.34,49340.34,0.0,0.0,organic,2017,BaltimoreWashington
3,2017-12-10,1.51,41451.11,1979.76,6934.12,73.99,32463.24,32436.83,26.41,0.0,organic,2017,BaltimoreWashington
51,2017-01-08,1.85,17989.43,1325.19,7679.48,444.8,8539.96,8534.42,5.54,0.0,organic,2017,BaltimoreWashington
4,2018-02-25,1.47,47421.15,1626.3,7913.27,49.45,37832.13,37822.13,10.0,0.0,organic,2018,BaltimoreWashington
44,2017-02-26,1.93,16773.14,1273.89,7291.17,302.05,7906.03,7897.78,8.25,0.0,organic,2017,BaltimoreWashington
19,2017-08-20,1.75,39133.75,924.94,8272.68,114.95,29821.18,29816.74,4.44,0.0,organic,2017,BaltimoreWashington
41,2016-03-13,1.54,19068.45,851.45,8994.0,281.67,8941.33,5005.66,3935.67,0.0,organic,2016,BaltimoreWashington
40,2016-03-20,1.61,16332.76,1677.68,6707.4,390.33,7557.35,6172.74,1384.61,0.0,organic,2016,BaltimoreWashington
46,2017-02-12,1.85,18596.41,1309.1,7233.7,244.98,9808.63,9707.07,101.56,0.0,organic,2017,BaltimoreWashington
7,2016-11-06,2.28,14538.3,815.52,7611.42,461.88,5649.48,5633.82,15.66,0.0,organic,2016,BaltimoreWashington
0,2018-03-25,1.33,57606.42,2002.4,5548.18,82.68,49973.16,49957.61,15.55,0.0,organic,2018,BaltimoreWashington
7,2018-02-04,1.59,41615.66,1201.51,7408.22,85.69,32920.24,32904.68,15.56,0.0,organic,2018,BaltimoreWashington
46,2016-02-07,1.66,17201.44,643.01,7814.15,346.1,8398.18,2034.08,6364.1,0.0,organic,2016,BaltimoreWashington
25,2015-07-05,1.69,12480.84,6639.93,3113.54,902.49,1824.88,1824.88,0.0,0.0,organic,2015,BaltimoreWashington
22,2017-07-30,1.6,41846.93,1117.3,8371.18,115.39,32243.06,32243.06,0.0,0.0,organic,2017,BaltimoreWashington
9,2018-01-21,1.66,38098.21,1450.87,9262.48,65.08,27319.78,27315.34,4.44,0.0,organic,2018,BaltimoreWashington
29,2017-06-11,2.17,23607.15,1138.12,11797.51,140.2,10531.32,10531.32,0.0,0.0,organic,2017,BaltimoreWashington
51,2015-01-04,1.29,19137.28,8040.64,6557.47,657.48,3881.69,3881.69,0.0,0.0,organic,2015,BaltimoreWashington
46,2016-02-07,1.7,3886.64,2384.31,72.33,0.0,1430.0,1430.0,0.0,0.0,organic,2016,Orlando
12,2015-10-04,2.11,2990.97,1810.36,27.8,0.0,1152.81,1152.81,0.0,0.0,organic,2015,Orlando
29,2016-06-05,1.51,6376.64,2654.77,135.2,0.0,3586.67,3570.0,16.67,0.0,organic,2016,Orlando
32,2017-05-21,1.8,8800.59,1981.17,258.64,0.0,6560.78,5043.23,1517.55,0.0,organic,2017,Orlando
39,2015-03-29,1.89,2718.72,2081.41,47.36,0.0,589.95,589.95,0.0,0.0,organic,2015,Orlando
38,2015-04-05,1.82,2405.02,1494.07,62.1,0.0,848.85,848.85,0.0,0.0,organic,2015,Orlando
1,2017-12-24,1.79,8232.75,172.8,1280.57,0.0,6779.38,5538.88,1240.5,0.0,organic,2017,Orlando
37,2017-04-16,2.83,4269.84,2090.78,266.25,0.0,1912.81,1508.89,403.92,0.0,organic,2017,Orlando
34,2016-05-01,1.6,5699.71,2123.26,145.2,0.0,3431.25,3431.25,0.0,0.0,organic,2016,Orlando
30,2016-05-29,1.47,7278.69,2743.46,98.57,0.0,4436.66,4433.33,3.33,0.0,organic,2016,Orlando
41,2015-03-15,1.82,2478.71,1548.1,33.94,0.0,896.67,896.67,0.0,0.0,organic,2015,Orlando
40,2017-03-26,1.54,8166.97,1228.48,140.26,0.0,6798.23,4407.59,2390.64,0.0,organic,2017,Orlando
14,2015-09-20,2.08,3252.5,1870.05,47.91,0.0,1334.54,1334.54,0.0,0.0,organic,2015,Orlando
24,2016-07-10,1.53,9912.51,2719.12,221.76,0.0,6971.63,6941.63,30.0,0.0,organic,2016,Orlando
20,2015-08-09,1.77,4599.05,2327.49,56.78,0.0,2214.78,2214.78,0.0,0.0,organic,2015,Orlando
28,2015-06-14,1.86,3012.55,2115.25,67.3,0.0,830.0,830.0,0.0,0.0,organic,2015,Orlando
1,2015-12-20,1.89,2850.72,2169.48,70.88,0.0,610.36,610.36,0.0,0.0,organic,2015,Orlando
26,2015-06-28,1.87,2804.46,2068.27,79.52,0.0,656.67,656.67,0.0,0.0,organic,2015,Orlando
29,2015-06-07,1.81,2834.45,1715.44,45.68,0.0,1073.33,1073.33,0.0,0.0,organic,2015,Orlando
35,2015-04-26,1.88,2490.11,1845.77,57.67,0.0,586.67,586.67,0.0,0.0,organic,2015,Orlando
11,2017-10-15,2.87,3824.55,175.45,1228.12,0.0,2420.98,1696.66,724.32,0.0,organic,2017,Orlando
12,2016-10-02,2.3,3772.67,2847.79,212.49,0.0,712.39,706.67,5.72,0.0,organic,2016,Orlando
39,2016-03-27,1.6,5298.14,2980.74,110.73,0.0,2206.67,2206.67,0.0,0.0,organic,2016,Orlando
34,2017-05-07,1.57,6683.62,781.71,145.14,0.0,5756.77,2633.33,3123.44,0.0,organic,2017,Orlando
16,2017-09-10,2.12,5927.43,250.97,826.99,0.0,4849.47,4658.17,191.3,0.0,organic,2017,Orlando
48,2017-01-29,1.47,6055.75,580.6,63.11,0.0,5412.04,1900.01,3512.03,0.0,organic,2017,Orlando
18,2016-08-21,1.85,6359.75,2642.82,176.93,0.0,3540.0,3503.33,36.67,0.0,organic,2016,Orlando
17,2015-08-30,2.11,3081.43,1875.63,56.3,0.0,1149.5,1149.5,0.0,0.0,organic,2015,Orlando
20,2017-08-13,2.12,6193.38,767.0,1410.92,0.0,4015.46,4008.79,6.67,0.0,organic,2017,Orlando
15,2015-09-13,2.11,2895.23,1770.69,41.52,0.0,1083.02,1083.02,0.0,0.0,organic,2015,Orlando
50,2017-01-15,1.26,7323.72,539.1,112.35,0.0,6672.27,3426.67,3245.6,0.0,organic,2017,Orlando
19,2015-08-16,1.72,5843.23,2166.3,56.94,0.0,3619.99,3619.99,0.0,0.0,organic,2015,Orlando
32,2016-05-15,1.64,5418.84,2354.87,122.94,0.0,2941.03,2941.03,0.0,0.0,organic,2016,Orlando
39,2017-04-02,1.8,7480.22,1901.68,218.15,0.0,5360.39,4305.28,1055.11,0.0,organic,2017,Orlando
6,2017-11-19,1.8,6044.64,231.33,1063.87,0.0,4749.44,4072.72,676.72,0.0,organic,2017,Orlando
38,2016-04-03,1.56,5754.88,2988.39,132.34,0.0,2634.15,2634.15,0.0,0.0,organic,2016,Orlando
42,2016-03-06,1.74,3787.95,2526.85,84.0,0.0,1177.1,1167.1,10.0,0.0,organic,2016,Orlando
10,2016-10-16,1.44,2930.31,478.48,51.31,0.0,2400.52,533.33,1867.19,0.0,organic,2016,Orlando
11,2015-10-11,2.05,3285.94,1759.75,50.57,0.0,1475.62,1475.62,0.0,0.0,organic,2015,Orlando
4,2016-11-27,1.47,4543.09,470.21,40.42,0.0,4032.46,1926.67,2105.79,0.0,organic,2016,Orlando
40,2016-03-20,1.57,4356.15,2282.29,101.75,0.0,1972.11,1972.11,0.0,0.0,organic,2016,Orlando
1,2018-03-18,1.58,12161.25,335.39,1385.16,0.0,10440.7,8351.9,2088.8,0.0,organic,2018,Orlando
10,2017-10-22,2.29,7965.85,318.97,1675.81,0.0,5971.07,4053.33,1917.74,0.0,organic,2017,Orlando
35,2016-04-24,1.61,6013.98,2375.0,98.26,0.0,3540.72,3540.72,0.0,0.0,organic,2016,Orlando
15,2016-09-11,1.47,7565.44,1321.86,108.37,0.0,6135.21,2990.0,3145.21,0.0,organic,2016,Orlando
45,2017-02-19,1.81,5205.8,1560.07,150.65,0.0,3495.08,1844.03,1651.05,0.0,organic,2017,Orlando
7,2017-11-12,1.88,5376.58,147.41,871.4,0.0,4357.77,4351.1,6.67,0.0,organic,2017,Orlando
46,2015-02-08,1.75,3229.47,1576.49,36.31,0.0,1616.67,1616.67,0.0,0.0,organic,2015,Orlando
36,2017-04-23,1.94,7206.63,3447.75,394.43,0.0,3364.45,3364.45,0.0,0.0,organic,2017,Orlando
15,2017-09-17,2.65,5500.41,486.39,1590.78,0.0,3423.24,1720.22,1703.02,0.0,organic,2017,Orlando
