data/a836d206-e31f-42a1-abcf-12303fbde651_hf_nateraw_avocado-prices.csv
Unnamed: 0,Date,AveragePrice,Total Volume,4046,4225,4770,Total Bags,Small Bags,Large Bags,XLarge Bags,type,year,region
20,2016-08-07,1.65,10375.29,405.22,5999.14,1492.11,2478.82,2422.15,56.67,0.0,organic,2016,Charlotte
6,2018-02-11,1.92,11216.56,7.2,5645.05,238.86,5325.45,5176.75,148.7,0.0,organic,2018,Charlotte
21,2016-07-31,1.64,8048.9,422.26,4190.77,1150.01,2285.86,2242.53,43.33,0.0,organic,2016,Charlotte
39,2015-03-29,1.96,3493.98,267.8,1467.6,1227.69,530.89,530.89,0.0,0.0,organic,2015,Charlotte
48,2016-01-24,1.76,3735.44,332.43,1649.8,603.21,1150.0,1150.0,0.0,0.0,organic,2016,Charlotte
12,2017-10-08,2.67,9398.69,30.6,3911.27,130.82,5326.0,5147.98,178.02,0.0,organic,2017,Charlotte
4,2016-11-27,2.03,6587.92,163.77,2762.34,514.03,3147.78,2766.84,380.94,0.0,organic,2016,Charlotte
28,2016-06-12,1.76,4612.16,381.97,2418.0,726.75,1085.44,1082.11,3.33,0.0,organic,2016,Charlotte
8,2018-01-28,1.76,12432.58,21.47,6626.86,271.36,5512.89,5080.46,432.43,0.0,organic,2018,Charlotte
39,2016-03-27,1.69,4551.61,311.44,2333.56,615.04,1291.57,1291.57,0.0,0.0,organic,2016,Charlotte
26,2015-06-28,2.15,3823.73,414.23,1740.69,1016.64,652.17,652.17,0.0,0.0,organic,2015,Charlotte
9,2017-10-29,2.02,11245.23,43.32,3776.83,160.97,7264.11,7117.43,146.68,0.0,organic,2017,Charlotte
43,2017-03-05,1.78,6959.35,330.49,3724.34,436.66,2467.86,2274.31,193.55,0.0,organic,2017,Charlotte
45,2015-02-15,1.92,3125.59,219.08,1098.75,1056.49,751.27,751.27,0.0,0.0,organic,2015,Charlotte
13,2017-10-01,2.82,8276.33,12.62,4182.38,174.37,3906.96,3656.44,250.52,0.0,organic,2017,Charlotte
7,2017-11-12,2.15,9048.5,16.49,3865.41,176.72,4989.88,4734.38,255.5,0.0,organic,2017,Charlotte
9,2018-01-21,1.62,12422.7,8.94,5461.01,246.99,6705.76,6703.12,2.64,0.0,organic,2018,Charlotte
31,2016-05-22,1.71,5433.16,437.48,2422.71,544.63,2028.34,2021.67,6.67,0.0,organic,2016,Charlotte
41,2017-03-19,1.96,6033.09,290.05,4578.97,555.66,608.41,270.25,338.16,0.0,organic,2017,Charlotte
29,2017-06-11,2.15,9586.49,285.37,4582.85,302.45,4415.82,4415.82,0.0,0.0,organic,2017,Charlotte
13,2016-09-25,1.8,7989.78,281.42,3611.15,676.05,3421.16,3102.27,318.89,0.0,organic,2016,Charlotte
19,2017-08-20,2.48,10482.69,92.36,4682.08,200.75,5507.5,5500.83,6.67,0.0,organic,2017,Charlotte
46,2016-02-07,1.82,3529.44,385.1,1740.65,640.36,763.33,763.33,0.0,0.0,organic,2016,Charlotte
1,2015-12-20,1.9,2940.47,326.79,1462.14,604.87,546.67,546.67,0.0,0.0,organic,2015,Charlotte
51,2015-01-04,2.13,2965.62,151.7,882.52,905.77,1025.63,1025.63,0.0,0.0,organic,2015,Charlotte
34,2016-05-01,1.68,5736.02,268.44,2921.35,718.82,1827.41,1827.41,0.0,0.0,organic,2016,Charlotte
41,2016-03-13,1.7,4131.98,280.07,2080.98,625.97,1144.96,1144.96,0.0,0.0,organic,2016,Charlotte
7,2018-02-04,1.89,13273.93,26.28,5187.8,201.87,7857.98,7613.73,244.25,0.0,organic,2018,Charlotte
28,2017-06-18,2.03,8381.65,79.72,4880.33,337.19,3084.41,3081.08,3.33,0.0,organic,2017,Charlotte
16,2015-09-06,2.01,4259.63,250.27,1331.42,1018.35,1659.59,1659.59,0.0,0.0,organic,2015,Charlotte
37,2016-04-10,1.6,5734.3,351.95,2597.02,625.44,2159.89,2159.89,0.0,0.0,organic,2016,Charlotte
30,2015-05-31,2.14,4092.07,335.32,1524.77,1348.57,883.41,883.41,0.0,0.0,organic,2015,Charlotte
30,2017-06-04,2.47,7061.26,295.98,4783.78,342.96,1638.54,1638.54,0.0,0.0,organic,2017,Charlotte
20,2017-08-13,2.35,10438.1,33.0,4739.09,242.97,5423.04,5418.6,4.44,0.0,organic,2017,Charlotte
17,2017-09-03,2.82,10311.34,17.76,4696.17,241.64,5355.77,5203.28,152.49,0.0,organic,2017,Charlotte
35,2015-04-26,1.41,136964.3,1117.56,49556.91,106.4,86183.43,85503.15,640.0,40.28,conventional,2015,BuffaloRochester
5,2016-11-20,1.63,78675.66,1426.31,52281.34,27.83,24940.18,24940.18,0.0,0.0,conventional,2016,BuffaloRochester
2,2018-03-11,1.16,185174.55,18057.75,83259.03,57.09,83800.68,41026.82,41959.42,814.44,conventional,2018,BuffaloRochester
1,2015-12-20,1.37,90867.51,1164.92,38430.71,106.67,51165.21,51165.21,0.0,0.0,conventional,2015,BuffaloRochester
11,2016-10-09,1.37,135059.42,1117.12,68716.59,112.39,65113.32,65113.32,0.0,0.0,conventional,2016,BuffaloRochester
26,2015-06-28,1.36,137246.7,1235.69,51801.73,5397.32,78811.96,78749.74,62.22,0.0,conventional,2015,BuffaloRochester
8,2018-01-28,1.27,158637.92,8099.96,76070.49,96.23,74371.24,12060.74,62156.06,154.44,conventional,2018,BuffaloRochester
33,2016-05-08,1.09,201142.55,1613.21,97493.47,764.71,101271.16,101271.16,0.0,0.0,conventional,2016,BuffaloRochester
15,2015-09-13,1.59,73043.2,1572.71,48468.73,134.33,22867.43,22421.87,445.56,0.0,conventional,2015,BuffaloRochester
48,2015-01-25,1.5,114052.94,1321.19,54007.48,74.53,58649.74,57909.74,740.0,0.0,conventional,2015,BuffaloRochester
32,2015-05-17,1.35,137050.23,932.52,61668.49,56.53,74392.69,73414.91,977.78,0.0,conventional,2015,BuffaloRochester
40,2017-03-26,1.53,156787.69,2184.26,67000.84,53.28,87549.31,86727.99,821.32,0.0,conventional,2017,BuffaloRochester
45,2017-02-19,1.68,109808.8,1360.81,62449.93,33.22,45964.84,44232.0,1732.84,0.0,conventional,2017,BuffaloRochester
10,2017-10-22,1.5,90910.72,24441.32,39988.75,61.44,26419.21,21739.67,4679.54,0.0,conventional,2017,BuffaloRochester
48,2016-01-24,1.31,147469.99,467.72,54309.11,131.18,92561.98,92435.31,126.67,0.0,conventional,2016,BuffaloRochester
28,2017-06-18,1.5,129734.97,2124.28,82873.3,101.12,44636.27,40583.35,700.42,3352.5,conventional,2017,BuffaloRochester
25,2016-07-03,1.3,180609.07,1424.51,85758.67,53.07,93372.82,88472.82,0.0,4900.0,conventional,2016,BuffaloRochester
31,2015-05-24,1.43,121942.61,1033.76,55018.95,103.94,65785.96,65741.52,44.44,0.0,conventional,2015,BuffaloRochester
37,2017-04-16,1.54,166089.23,3103.77,70001.59,36.44,92947.43,87097.48,5849.95,0.0,conventional,2017,BuffaloRochester
50,2015-01-11,1.54,106221.32,1642.25,50985.2,79.61,53514.26,53514.26,0.0,0.0,conventional,2015,BuffaloRochester
10,2016-10-16,1.36,131180.81,1282.7,61796.23,50.56,68051.32,68051.32,0.0,0.0,conventional,2016,BuffaloRochester
18,2015-08-23,1.49,68953.29,1287.09,43655.31,170.47,23840.42,23840.42,0.0,0.0,conventional,2015,BuffaloRochester
16,2017-09-10,1.46,142196.93,2860.33,66980.46,31.37,72324.77,63253.04,6368.4,2703.33,conventional,2017,BuffaloRochester
20,2015-08-09,1.47,81830.13,1139.74,56289.28,349.19,24051.92,24051.92,0.0,0.0,conventional,2015,BuffaloRochester
0,2017-12-31,1.27,115508.29,5924.57,62632.07,25.0,46926.65,37397.52,9529.13,0.0,conventional,2017,BuffaloRochester
1,2016-12-18,1.36,85340.08,1276.16,52115.34,60.37,31888.21,29696.94,2191.27,0.0,conventional,2016,BuffaloRochester
7,2016-11-06,1.64,81691.65,1321.66,56677.66,79.68,23612.65,23400.15,0.0,212.5,conventional,2016,BuffaloRochester
13,2016-09-25,1.4,134327.1,4198.36,62355.89,35.97,67736.88,67732.44,4.44,0.0,conventional,2016,BuffaloRochester
0,2015-12-27,1.35,96233.08,1367.81,39542.83,85.76,55236.68,55236.68,0.0,0.0,conventional,2015,BuffaloRochester
10,2018-01-14,1.32,159070.65,8239.41,80916.85,40.26,69874.13,27693.23,42180.9,0.0,conventional,2018,BuffaloRochester
12,2015-10-04,1.33,98900.48,3020.03,38353.35,101.43,57425.67,56141.23,1284.44,0.0,conventional,2015,BuffaloRochester
19,2016-08-14,1.14,83933.43,24615.83,16234.66,2321.26,40761.68,40759.3,0.0,2.38,conventional,2016,Spokane
31,2016-05-22,0.89,100552.55,28756.53,23438.52,3206.91,45150.59,36360.99,8782.18,7.42,conventional,2016,Spokane
28,2016-06-12,0.99,93820.2,31353.21,17047.78,3152.34,42266.87,37812.07,4447.33,7.47,conventional,2016,Spokane
11,2015-10-11,0.94,88580.07,11289.75,56878.37,1932.9,18479.05,18479.05,0.0,0.0,conventional,2015,Spokane
47,2015-02-01,0.97,135656.36,35897.25,84741.31,2704.69,12313.11,12276.59,36.52,0.0,conventional,2015,Spokane
17,2015-08-30,1.11,61176.91,31274.84,16651.71,3820.56,9429.8,9427.72,2.08,0.0,conventional,2015,Spokane
1,2016-12-18,0.97,78377.53,11468.76,24325.82,27.35,42555.6,42186.43,361.54,7.63,conventional,2016,Spokane
36,2016-04-17,0.82,131734.46,23285.87,29662.45,3466.99,75319.15,75098.77,69.31,151.07,conventional,2016,Spokane
0,2017-12-31,0.94,98086.34,30325.05,36245.2,501.63,31014.46,24405.56,6544.94,63.96,conventional,2017,Spokane
24,2015-07-12,1.05,86318.9,45146.65,23703.42,3714.04,13754.79,13594.7,160.09,0.0,conventional,2015,Spokane
19,2015-08-16,1.15,72392.09,33363.36,25970.27,3108.08,9950.38,9950.38,0.0,0.0,conventional,2015,Spokane
16,2016-09-04,1.12,83575.85,27414.8,15403.74,1519.26,39238.05,39194.32,17.17,26.56,conventional,2016,Spokane
32,2016-05-15,0.85,111993.65,24776.24,22868.96,3401.0,60947.45,60819.71,32.08,95.66,conventional,2016,Spokane
18,2016-08-21,1.09,87249.43,27169.12,14030.13,2000.73,44049.45,44033.76,8.51,7.18,conventional,2016,Spokane
34,2017-05-07,1.0,140992.26,35074.32,44285.32,68.98,61563.64,57195.98,4035.76,331.9,conventional,2017,Spokane
24,2016-07-10,1.06,90750.72,28563.77,16330.66,1198.87,44657.42,44566.32,33.56,57.54,conventional,2016,Spokane
30,2015-05-31,1.08,82469.7,42027.99,24334.27,3310.34,12797.1,12797.1,0.0,0.0,conventional,2015,Spokane
6,2015-11-15,1.0,84398.93,17121.98,38867.94,2013.77,26395.24,26395.24,0.0,0.0,conventional,2015,Spokane
22,2015-07-26,1.18,71150.24,33592.19,22293.64,3203.53,12060.88,12060.88,0.0,0.0,conventional,2015,Spokane
28,2015-06-14,1.13,88579.12,36980.68,35548.22,3428.77,12621.45,12621.45,0.0,0.0,conventional,2015,Spokane
13,2015-09-27,1.09,63902.9,25431.53,23735.71,2196.24,12539.42,12539.42,0.0,0.0,conventional,2015,Spokane
27,2017-06-25,1.12,103925.6,22126.81,27886.74,69.45,53842.6,53465.11,377.49,0.0,conventional,2017,Spokane
39,2016-03-27,0.81,110616.23,21798.74,22445.52,3115.62,63256.35,63172.36,0.0,83.99,conventional,2016,Spokane
12,2017-10-08,1.82,56315.89,13845.14,22168.16,38.94,20263.65,13676.09,6543.06,44.5,conventional,2017,Spokane
4,2018-02-25,1.16,97120.83,21800.62,24410.77,555.0,50354.44,21906.42,28350.8,97.22,conventional,2018,Spokane
15,2015-09-13,1.03,78771.3,39572.15,24065.27,2657.99,12475.89,12475.89,0.0,0.0,conventional,2015,Spokane
32,2015-05-17,1.09,77996.78,36879.96,24110.51,4295.38,12710.93,12710.93,0.0,0.0,conventional,2015,Spokane
50,2017-01-15,0.93,107376.76,15011.06,31840.57,438.94,60086.19,58001.9,2063.92,20.37,conventional,2017,Spokane
1,2015-12-20,1.12,61555.62,17819.26,16576.75,2660.37,24499.24,24499.24,0.0,0.0,conventional,2015,Spokane
51,2016-01-03,0.9,113049.35,25325.06,37805.37,4624.15,45294.77,43671.02,1485.68,138.07,conventional,2016,Spokane
22,2016-07-24,1.08,82617.47,24997.25,15528.98,210.5,41880.74,41880.74,0.0,0.0,conventional,2016,Spokane
18,2015-08-23,1.08,84333.73,34441.25,35454.67,2497.82,11939.99,11869.39,70.6,0.0,conventional,2015,Spokane
4,2015-11-29,1.75,83415.54,13195.19,48229.29,0.0,21991.06,21671.7,319.36,0.0,organic,2015,California
31,2015-05-24,1.5,135543.89,60597.97,63560.02,0.0,11385.9,11385.9,0.0,0.0,organic,2015,California
40,2017-03-26,1.7,194052.77,34618.57,71542.71,7.86,87883.63,84717.09,3166.54,0.0,organic,2017,California
32,2016-05-15,1.5,202641.92,26935.79,102253.41,0.0,73452.72,73429.11,23.61,0.0,organic,2016,California
22,2017-07-30,2.14,113903.29,15243.52,40785.21,0.0,57874.56,57767.34,107.22,0.0,organic,2017,California
27,2015-06-21,1.69,116908.54,51294.9,55597.45,3.09,10013.1,10009.77,3.33,0.0,organic,2015,California
50,2016-01-10,1.33,138580.98,17520.67,60382.97,0.0,60677.34,45417.9,15259.44,0.0,organic,2016,California
35,2015-04-26,1.5,128166.45,63539.73,51223.93,0.0,13402.79,13402.79,0.0,0.0,organic,2015,California
43,2016-02-28,1.28,214658.47,16583.5,95085.1,4.55,102985.32,102374.94,610.38,0.0,organic,2016,California
6,2018-02-11,1.85,168311.26,30354.0,56580.92,0.0,81376.34,81344.22,32.12,0.0,organic,2018,California
43,2017-03-05,1.45,220712.33,28613.88,65742.41,6.34,126349.7,89588.54,36761.16,0.0,organic,2017,California
51,2016-01-03,1.43,122089.29,18211.06,66433.31,0.0,37444.92,30530.14,6914.78,0.0,organic,2016,California
48,2016-01-24,1.36,154438.32,13658.82,86743.65,0.0,54035.85,17413.71,36622.14,0.0,organic,2016,California
11,2016-10-09,1.98,128966.95,15488.42,67537.91,12.36,45928.26,45197.03,731.23,0.0,organic,2016,California
22,2016-07-24,1.56,185039.68,22033.28,82329.89,26.42,80650.09,70510.95,10139.14,0.0,organic,2016,California
46,2015-02-08,1.35,132790.41,94440.9,24587.9,0.0,13761.61,13761.61,0.0,0.0,organic,2015,California
42,2015-03-08,1.48,108346.9,75016.11,21619.82,0.0,11710.97,11710.97,0.0,0.0,organic,2015,California
15,2016-09-11,1.55,187617.54,22135.19,97386.14,27.95,68068.26,65803.6,2264.66,0.0,organic,2016,California
7,2018-02-04,1.56,188212.98,38078.53,60551.97,0.0,89582.48,89527.66,54.82,0.0,organic,2018,California
40,2016-03-20,1.46,172196.69,15752.0,89041.95,7.6,67395.14,60109.32,7285.82,0.0,organic,2016,California
1,2018-03-18,1.75,202790.74,29398.11,70514.05,8.08,102870.5,102717.5,153.0,0.0,organic,2018,California
36,2015-04-19,1.52,123851.34,55948.06,57078.01,1.49,10823.78,10823.78,0.0,0.0,organic,2015,California
7,2017-11-12,1.99,122017.93,29124.07,43952.88,1.59,48939.39,48885.5,53.89,0.0,organic,2017,California
28,2016-06-12,1.5,192533.95,24728.3,101839.43,3.07,65963.15,65924.0,39.15,0.0,organic,2016,California
0,2016-12-25,1.53,132890.31,22779.87,56237.83,10.76,53861.85,43478.17,10383.68,0.0,organic,2016,California
0,2017-12-31,1.71,160039.02,46373.36,55040.01,0.0,58625.65,58526.97,98.68,0.0,organic,2017,California
32,2015-05-17,1.49,133759.31,65830.84,56261.16,0.0,11667.31,11667.31,0.0,0.0,organic,2015,California
26,2017-07-02,1.73,163970.9,20969.94,58901.69,9.35,84089.92,83873.31,216.61,0.0,organic,2017,California
29,2016-06-05,1.55,182778.37,26377.62,88667.93,7.66,67725.16,67138.56,586.6,0.0,organic,2016,California
52,2017-01-01,1.46,164137.04,31267.65,65430.27,6.16,67432.96,50963.98,16468.98,0.0,organic,2017,California
3,2015-12-06,1.48,91211.53,17839.96,47527.65,1.53,25842.39,25661.06,181.33,0.0,organic,2015,California
51,2017-01-08,1.5,177777.4,33563.39,69671.75,4.62,74537.64,69842.47,4695.17,0.0,organic,2017,California
8,2018-01-28,1.87,170998.81,30070.62,58357.89,0.0,82570.3,82563.11,7.19,0.0,organic,2018,California
48,2015-01-25,1.3,121698.02,80952.24,28216.13,0.0,12529.65,12529.65,0.0,0.0,organic,2015,California
40,2015-03-22,1.3,112284.57,64969.37,40012.49,0.0,7302.71,7302.71,0.0,0.0,organic,2015,California
16,2015-09-06,1.99,88963.61,23875.92,56393.97,0.0,8693.72,8693.72,0.0,0.0,organic,2015,California
29,2015-06-07,1.67,114406.15,49301.79,52704.34,6.16,12393.86,12393.86,0.0,0.0,organic,2015,California
2,2015-12-13,1.39,98605.4,13609.24,46518.56,3.05,38474.55,24359.79,14114.76,0.0,organic,2015,California
7,2016-11-06,2.37,119037.25,22140.03,56357.55,0.0,40539.67,27968.55,12571.12,0.0,organic,2016,California
