data/a836d206-e31f-42a1-abcf-12303fbde651_hf_nateraw_avocado-prices.csv
Unnamed: 0,Date,AveragePrice,Total Volume,4046,4225,4770,Total Bags,Small Bags,Large Bags,XLarge Bags,type,year,region
5,2017-11-26,1.3,4392810.0,1734281.0,1354966.0,121946.0,1181616.0,1093008.0,27254.0,61354.0,conventional,2017,California
48,2017-01-29,0.76,8055482.07,3009291.31,2295856.21,148335.97,2601998.58,2504421.68,48343.02,49233.88,conventional,2017,California
0,2018-03-25,1.04,6687009.44,1932162.02,2715163.6,92955.04,1946728.78,1827362.5,37434.21,81932.07,conventional,2018,California
50,2017-01-15,0.93,6656554.36,2075029.62,2450277.12,95137.62,2036110.0,1910596.03,99912.91,25601.06,conventional,2017,California
32,2017-05-21,1.35,5599003.03,2077113.57,1627754.26,137755.31,1756379.89,1685046.63,3942.61,67390.65,conventional,2017,California
24,2016-07-10,1.08,6721690.88,2399360.67,2117397.07,292540.95,1912392.19,1771309.82,107540.46,33541.91,conventional,2016,California
10,2017-10-22,1.53,4420877.4,1604916.52,1779177.98,123891.36,912891.54,856748.54,21482.38,34660.62,conventional,2017,California
19,2017-08-20,1.64,4524974.68,1995269.12,1293180.21,165218.13,1071307.22,986592.65,33841.83,50872.74,conventional,2017,California
34,2015-05-03,0.88,8567534.49,4340117.03,3403145.1,192473.92,631798.44,609388.58,19735.89,2673.97,conventional,2015,California
49,2016-01-17,0.9,6000013.23,1653347.69,2336705.19,250106.17,1759854.18,1579233.6,162289.68,18330.9,conventional,2016,California
41,2016-03-13,0.96,6017563.88,1750943.52,1855262.7,317337.27,2094020.39,1888085.99,186807.69,19126.71,conventional,2016,California
8,2017-11-05,1.15,5663438.53,2148627.4,2224529.18,108333.63,1181948.32,1105519.8,20488.19,55940.33,conventional,2017,California
5,2018-02-18,1.1,6379219.83,2086478.7,2413234.64,114573.33,1764933.16,1640897.04,47009.82,77026.3,conventional,2018,California
40,2016-03-20,0.91,6476206.54,1893617.8,2191468.26,299002.93,2092117.55,1883192.26,189928.31,18996.98,conventional,2016,California
33,2017-05-14,1.17,6370622.3,2375685.35,1570244.89,134825.51,2289866.55,2216400.16,4798.87,68667.52,conventional,2017,California
23,2015-07-19,1.18,5225200.52,2805887.74,1629871.75,188207.47,601233.56,577736.96,20673.8,2822.8,conventional,2015,California
27,2016-06-19,1.06,6528056.18,2409003.0,2045112.18,319711.53,1754229.47,1622056.72,101882.82,30289.93,conventional,2016,California
3,2018-03-04,1.13,6295529.61,2380723.98,1676629.99,116796.74,2121378.9,1992549.07,47126.97,81702.86,conventional,2018,California
32,2016-05-15,0.97,6068872.71,2247484.21,1968268.95,353196.44,1499923.11,1325206.1,155366.22,19350.79,conventional,2016,California
31,2016-05-22,0.9,6501981.08,2238875.14,2178820.82,329737.94,1754547.18,1594507.01,129666.02,30374.15,conventional,2016,California
23,2017-07-23,1.46,5188483.1,2201004.96,1738865.16,151424.79,1097188.19,1018813.29,20424.08,57950.82,conventional,2017,California
28,2016-06-12,1.01,6506234.86,2597934.17,1869930.06,328653.8,1709716.83,1571460.04,110755.4,27501.39,conventional,2016,California
51,2016-01-03,0.73,7730431.28,2315175.35,2856102.41,257268.16,2301885.36,1950428.5,340852.13,10604.73,conventional,2016,California
4,2017-12-03,1.09,5544556.0,2333912.0,1660573.0,100234.0,1449838.0,1365781.0,30856.0,53201.0,conventional,2017,California
27,2015-06-21,1.07,5952597.29,3328631.93,1743509.25,218423.77,662032.34,634244.68,24277.53,3510.13,conventional,2015,California
45,2017-02-19,0.95,6194368.66,1999799.14,2098407.09,177817.01,1918345.42,1728825.22,145454.71,44065.49,conventional,2017,California
30,2015-05-31,0.98,6236903.31,3620440.35,1826496.62,209443.33,580523.01,554224.64,23083.08,3215.29,conventional,2015,California
9,2015-10-25,1.12,4592461.81,1733791.31,2025016.15,215622.63,618031.72,606392.86,7596.27,4042.59,conventional,2015,California
11,2016-10-09,1.34,5375978.5,2021375.04,1750074.56,123430.31,1481098.59,1379624.2,74894.96,26579.43,conventional,2016,California
2,2016-12-11,0.9,5526646.12,1638639.18,2137290.51,96836.26,1653880.17,1451475.99,177399.8,25004.38,conventional,2016,California
14,2017-09-24,1.74,3937000.67,1383479.62,1575761.37,119703.21,858056.47,801572.79,24211.83,32271.85,conventional,2017,California
38,2016-04-03,0.93,6060843.76,1805555.95,2247248.19,334735.17,1673304.45,1454479.46,201547.46,17277.53,conventional,2016,California
5,2016-11-20,1.32,4253815.59,1513797.4,1394929.07,93901.07,1251188.05,1161049.94,61429.08,28709.03,conventional,2016,California
12,2016-10-02,1.19,5652496.31,2359102.44,1664176.22,121961.08,1507256.57,1420423.91,58294.32,28538.34,conventional,2016,California
22,2015-07-26,1.13,5557616.27,3112921.78,1636659.9,209427.05,598607.54,590750.1,5181.16,2676.28,conventional,2015,California
44,2015-02-22,0.96,5951871.32,3210177.22,1933699.49,172675.88,635318.73,596184.9,36940.51,2193.32,conventional,2015,California
0,2017-12-31,0.93,7132711.23,2280934.17,3201737.11,111845.09,1538194.86,1461095.1,20553.6,56546.16,conventional,2017,California
31,2015-05-24,1.1,5621713.64,2978396.74,1873205.91,195991.06,574119.93,546420.69,24485.84,3213.4,conventional,2015,California
28,2015-06-14,0.97,6741662.31,4075881.34,1771908.98,210670.82,683201.17,657421.42,22961.19,2818.56,conventional,2015,California
8,2015-11-01,0.95,5830427.96,2369824.75,2596785.28,211901.97,651915.96,626993.54,19804.69,5117.73,conventional,2015,California
0,2016-12-25,0.94,5414937.46,1579234.89,2192460.84,99997.75,1543243.98,1405419.8,99069.58,38754.6,conventional,2016,California
6,2016-11-13,1.48,3848128.2,1326907.02,1367684.96,112541.9,1040994.32,952497.35,60542.13,27954.84,conventional,2016,California
7,2017-11-12,1.15,5637795.0,2309785.0,1882561.0,108415.0,1337035.0,1248089.0,30662.0,58284.0,conventional,2017,California
20,2016-08-07,1.21,362836.43,147057.02,95386.32,107.35,120285.74,75445.92,35139.82,9700.0,conventional,2016,Tampa
7,2015-11-08,1.21,228585.31,135741.88,33351.68,40.46,59451.29,40754.56,18696.73,0.0,conventional,2015,Tampa
39,2015-03-29,1.2,254520.54,169276.36,18562.0,94.15,66588.03,45155.64,21432.39,0.0,conventional,2015,Tampa
1,2015-12-20,1.15,238950.84,146376.83,23810.77,33.84,68729.4,50715.84,18013.56,0.0,conventional,2015,Tampa
25,2015-07-05,0.95,482088.56,282433.1,71003.58,163.96,128487.92,91543.31,36939.3,5.31,conventional,2015,Tampa
7,2018-02-04,0.98,853642.9,564685.19,79267.58,1096.9,208593.23,91618.58,116804.65,170.0,conventional,2018,Tampa
6,2015-11-15,1.22,236178.67,138482.7,32425.9,51.52,65218.55,43524.24,21691.49,2.82,conventional,2015,Tampa
41,2015-03-15,1.25,257172.84,173099.66,19983.36,62.96,64026.86,46495.52,17531.34,0.0,conventional,2015,Tampa
14,2015-09-20,0.88,432962.29,186843.91,104344.66,88.0,141685.72,50247.33,91438.39,0.0,conventional,2015,Tampa
19,2015-08-16,1.17,283647.52,139923.45,50157.8,66.42,93499.85,75599.35,17900.5,0.0,conventional,2015,Tampa
45,2017-02-19,1.29,297524.28,160252.79,57390.21,44.0,79837.28,45296.0,34541.28,0.0,conventional,2017,Tampa
3,2017-12-10,1.02,474890.22,293951.67,45874.99,840.0,134223.56,66383.24,67840.32,0.0,conventional,2017,Tampa
32,2016-05-15,0.86,522134.64,214251.75,138866.8,113.49,168902.6,58113.67,106150.87,4638.06,conventional,2016,Tampa
8,2016-10-30,1.52,265332.11,93166.48,68007.5,150.2,104007.93,42732.14,61275.79,0.0,conventional,2016,Tampa
27,2017-06-25,1.39,357813.41,236685.0,45798.6,58.71,75271.1,31292.67,38658.43,5320.0,conventional,2017,Tampa
42,2017-03-12,1.57,310151.12,170948.09,50945.22,60.0,88197.81,52520.07,35677.74,0.0,conventional,2017,Tampa
0,2015-12-27,0.97,376187.98,246326.83,35652.12,56.54,94152.49,55850.56,38301.93,0.0,conventional,2015,Tampa
47,2016-01-31,0.98,391266.84,155283.41,95492.75,91.61,140399.07,66287.34,74111.73,0.0,conventional,2016,Tampa
50,2017-01-15,1.24,425887.79,176596.61,89720.14,152.26,159418.78,81860.82,77557.96,0.0,conventional,2017,Tampa
23,2016-07-17,1.17,376274.95,143891.95,101298.66,46.19,131038.15,87458.66,31340.05,12239.44,conventional,2016,Tampa
51,2016-01-03,1.07,375548.86,226406.25,46447.87,133.9,102560.84,69223.85,33336.99,0.0,conventional,2016,Tampa
49,2015-01-18,1.27,228920.62,132142.6,33674.07,37.38,63066.57,25006.34,38060.23,0.0,conventional,2015,Tampa
33,2016-05-08,0.92,493628.61,238892.93,96504.07,163.0,158068.61,81108.34,76960.27,0.0,conventional,2016,Tampa
7,2016-11-06,1.46,284328.38,110779.29,67753.78,145.64,105649.67,43844.85,61804.82,0.0,conventional,2016,Tampa
30,2016-05-29,0.96,532427.02,287990.69,117845.05,172.19,126419.09,63311.97,57550.46,5556.66,conventional,2016,Tampa
39,2017-04-02,1.63,321691.27,191494.22,49716.19,58.4,80422.46,42505.11,37917.35,0.0,conventional,2017,Tampa
29,2017-06-11,1.42,410602.09,258974.89,51596.53,84.47,99946.2,44926.8,49924.4,5095.0,conventional,2017,Tampa
41,2016-03-13,0.86,527217.55,219895.48,131684.94,263.76,175373.37,56866.76,118506.61,0.0,conventional,2016,Tampa
40,2017-03-26,1.67,308197.46,175398.52,49480.72,45.16,83273.06,44188.95,39025.78,58.33,conventional,2017,Tampa
32,2015-05-17,1.18,275260.08,182281.62,18249.86,79.99,74648.61,58505.85,16142.76,0.0,conventional,2015,Tampa
11,2016-10-09,1.45,337370.09,110106.06,105328.06,119.9,121816.07,53843.03,67973.04,0.0,conventional,2016,Tampa
10,2015-10-18,1.11,256610.0,112096.12,54378.07,42.22,90093.59,49373.24,40703.27,17.08,conventional,2015,Tampa
45,2016-02-14,1.0,329879.07,160675.05,76135.86,78.63,92989.53,56730.92,36258.61,0.0,conventional,2016,Tampa
9,2017-10-29,1.19,479880.25,310309.77,48829.24,661.15,120080.09,69292.89,50787.2,0.0,conventional,2017,Tampa
18,2015-08-23,1.17,264170.2,126817.4,54873.96,66.95,82411.89,66986.23,15425.66,0.0,conventional,2015,Tampa
25,2016-07-03,0.93,613097.67,288161.65,142383.7,71.82,182480.5,116195.87,50307.96,15976.67,conventional,2016,Tampa
7,2017-11-12,1.35,383991.0,240719.0,33019.0,830.0,109423.0,73813.0,35609.0,0.0,conventional,2017,Tampa
41,2016-03-13,1.22,7169.41,102.82,3612.57,0.0,3454.02,917.94,2536.08,0.0,organic,2016,Roanoke
7,2015-11-08,1.44,4632.15,111.1,2755.55,0.0,1765.5,906.67,858.83,0.0,organic,2015,Roanoke
32,2015-05-17,0.92,21537.11,203.77,16312.06,0.0,5021.28,1435.36,3585.92,0.0,organic,2015,Roanoke
35,2016-04-24,1.4,6973.42,132.24,3781.88,0.0,3059.3,1995.38,1063.92,0.0,organic,2016,Roanoke
0,2017-12-31,1.5,5756.97,147.66,1513.56,0.0,4095.75,3747.09,348.66,0.0,organic,2017,Roanoke
35,2017-04-30,1.87,6798.65,353.77,2775.79,0.0,3669.09,2372.94,1296.15,0.0,organic,2017,Roanoke
51,2017-01-08,1.61,5241.2,263.74,2764.44,0.0,2213.02,2213.02,0.0,0.0,organic,2017,Roanoke
14,2016-09-18,1.52,8239.74,58.18,3901.06,0.0,4280.5,1893.28,2387.22,0.0,organic,2016,Roanoke
27,2017-06-25,1.42,8870.49,253.77,2759.2,0.0,5857.52,1646.75,4210.77,0.0,organic,2017,Roanoke
42,2017-03-12,1.13,8967.12,297.8,2537.83,0.0,6131.49,2334.33,3797.16,0.0,organic,2017,Roanoke
43,2016-02-28,1.29,4884.11,102.18,3439.18,0.0,1342.75,759.17,583.58,0.0,organic,2016,Roanoke
43,2017-03-05,0.7,15787.49,337.56,2105.48,0.0,13344.45,2068.61,11275.84,0.0,organic,2017,Roanoke
0,2016-12-25,1.68,3911.18,179.82,2219.18,0.0,1512.18,1475.63,36.55,0.0,organic,2016,Roanoke
17,2017-09-03,2.27,8020.1,358.1,1952.12,0.0,5709.88,3207.99,2501.89,0.0,organic,2017,Roanoke
32,2016-05-15,1.35,6897.54,83.19,4760.89,0.0,2053.46,1488.5,564.96,0.0,organic,2016,Roanoke
2,2015-12-13,1.55,3195.92,108.32,2452.48,0.0,635.12,467.11,168.01,0.0,organic,2015,Roanoke
22,2015-07-26,1.34,7695.34,115.02,4828.27,0.0,2752.05,53.33,2698.72,0.0,organic,2015,Roanoke
38,2016-04-03,1.31,6828.81,111.34,3216.69,0.0,3500.78,1129.29,2371.49,0.0,organic,2016,Roanoke
30,2015-05-31,0.98,18116.76,118.86,12165.3,0.0,5832.6,1314.97,4517.63,0.0,organic,2015,Roanoke
3,2017-12-10,1.47,7802.12,124.73,1438.67,0.0,6238.72,5375.63,863.09,0.0,organic,2017,Roanoke
9,2015-10-25,1.56,4336.41,62.3,3016.52,0.0,1257.59,690.0,567.59,0.0,organic,2015,Roanoke
23,2017-07-23,1.49,9901.85,365.76,2772.19,0.0,6763.9,5244.98,1518.92,0.0,organic,2017,Roanoke
44,2016-02-21,1.38,4281.11,111.37,3060.73,0.0,1109.01,637.88,471.13,0.0,organic,2016,Roanoke
34,2016-05-01,1.35,6667.12,159.26,3652.08,0.0,2855.78,2042.63,813.15,0.0,organic,2016,Roanoke
34,2017-05-07,1.72,7509.16,343.02,2428.09,0.0,4738.05,2137.38,2600.67,0.0,organic,2017,Roanoke
35,2015-04-26,0.94,15271.18,275.96,10599.98,0.0,4395.24,1243.33,3151.91,0.0,organic,2015,Roanoke
6,2016-11-13,1.17,9499.5,65.3,2932.56,0.0,6501.64,1297.2,5204.44,0.0,organic,2016,Roanoke
5,2016-11-20,0.98,9215.63,75.81,2398.24,0.0,6741.58,1186.12,5555.46,0.0,organic,2016,Roanoke
4,2015-11-29,1.61,3158.95,95.84,2175.66,0.0,887.45,390.0,497.45,0.0,organic,2015,Roanoke
6,2018-02-11,1.44,8863.94,115.82,1767.7,0.0,6980.42,5962.17,1018.25,0.0,organic,2018,Roanoke
9,2018-01-21,1.67,7935.53,219.52,1633.41,0.0,6082.6,3524.73,2557.87,0.0,organic,2018,Roanoke
44,2017-02-26,0.77,14724.39,246.43,2759.77,0.0,11718.19,2299.58,9418.61,0.0,organic,2017,Roanoke
30,2016-05-29,0.96,9933.8,172.53,4014.81,0.0,5746.46,1341.27,4405.19,0.0,organic,2016,Roanoke
26,2016-06-26,1.19,9043.11,72.94,3824.71,0.0,5145.46,1193.98,3951.48,0.0,organic,2016,Roanoke
52,2017-01-01,1.51,3969.98,212.55,2337.72,0.0,1419.71,1257.08,162.63,0.0,organic,2017,Roanoke
37,2015-04-12,1.03,10200.38,202.01,6608.1,0.0,3390.27,735.94,2654.33,0.0,organic,2015,Roanoke
12,2017-10-08,1.72,8206.5,228.36,1675.12,0.0,6303.02,6206.86,96.16,0.0,organic,2017,Roanoke
21,2017-08-06,1.81,7240.03,282.29,2012.36,0.0,4945.38,3799.45,1145.93,0.0,organic,2017,Roanoke
8,2015-11-01,1.19,5784.88,96.48,2646.44,0.0,3041.96,536.67,2505.29,0.0,organic,2015,Roanoke
2,2018-03-11,0.58,1619549.79,941189.25,269078.43,14057.17,395224.94,227505.97,161870.08,5848.89,conventional,2018,PhoenixTucson
21,2017-08-06,0.94,974933.36,493642.98,198503.76,11502.53,271284.09,166106.57,101493.08,3684.44,conventional,2017,PhoenixTucson
34,2016-05-01,0.62,1178000.01,657384.04,324709.73,14202.89,181703.35,109463.91,72200.55,38.89,conventional,2016,PhoenixTucson
10,2017-10-22,1.04,809603.25,352330.12,241655.47,3878.71,211738.95,170612.91,41122.71,3.33,conventional,2017,PhoenixTucson
8,2015-11-01,0.71,907452.21,592066.03,232050.89,20971.41,62363.88,62363.88,0.0,0.0,conventional,2015,PhoenixTucson
21,2016-07-31,1.0,851296.1,392455.55,202783.6,11881.45,244175.5,118231.43,125777.4,166.67,conventional,2016,PhoenixTucson
3,2017-12-10,0.64,1222641.23,731583.95,200595.47,10237.88,280223.93,199484.52,77062.75,3676.66,conventional,2017,PhoenixTucson
38,2015-04-05,0.57,1320320.85,1058164.41,172115.69,7128.12,82912.63,49271.61,33641.02,0.0,conventional,2015,PhoenixTucson
35,2015-04-26,0.53,1272428.72,1012900.04,159158.29,5832.62,94537.77,76637.06,17900.71,0.0,conventional,2015,PhoenixTucson
39,2017-04-02,0.67,1315020.28,692107.1,190493.5,20666.37,411753.31,213105.17,197107.86,1540.28,conventional,2017,PhoenixTucson
32,2015-05-17,0.67,1013049.67,739725.96,167185.6,4706.99,101431.12,77703.34,23727.78,0.0,conventional,2015,PhoenixTucson
41,2016-03-13,0.64,1103110.33,670917.46,256531.59,16153.46,159507.82,90790.53,68717.29,0.0,conventional,2016,PhoenixTucson
26,2017-07-02,0.77,1224659.64,551528.3,185311.58,14893.87,472925.89,276703.9,195838.66,383.33,conventional,2017,PhoenixTucson
13,2017-10-01,1.31,666472.86,289195.06,153391.94,2561.47,221324.39,184421.19,36823.2,80.0,conventional,2017,PhoenixTucson
8,2016-10-30,1.11,644652.47,261889.52,135479.22,15843.09,231440.64,108153.46,123199.68,87.5,conventional,2016,PhoenixTucson
38,2017-04-09,0.65,1264239.57,707466.32,220405.29,18966.27,317401.69,145354.75,171728.88,318.06,conventional,2017,PhoenixTucson
30,2015-05-31,0.56,1282095.88,981853.86,177850.55,10400.82,111990.65,81585.03,30405.62,0.0,conventional,2015,PhoenixTucson
11,2015-10-11,0.89,795732.52,382706.67,321487.4,19579.82,71958.63,71955.82,2.81,0.0,conventional,2015,PhoenixTucson
10,2015-10-18,0.65,1094731.43,728349.92,287934.77,10255.97,68190.77,68128.99,61.78,0.0,conventional,2015,PhoenixTucson
4,2018-02-25,0.72,1224254.4,621383.55,216588.22,13517.52,372765.11,218471.0,148190.88,6103.23,conventional,2018,PhoenixTucson
39,2016-03-27,0.54,1423939.62,952967.11,252486.02,35478.87,183007.62,102042.24,80965.38,0.0,conventional,2016,PhoenixTucson
14,2015-09-20,0.71,892151.19,410147.31,403760.93,6031.4,72211.55,64530.22,7681.33,0.0,conventional,2015,PhoenixTucson
1,2018-03-18,0.71,1299190.92,626645.87,243424.78,14272.43,414847.84,204096.69,205346.71,5404.44,conventional,2018,PhoenixTucson
43,2015-03-01,0.7,1031351.33,755408.34,198955.65,12551.58,64435.76,64435.76,0.0,0.0,conventional,2015,PhoenixTucson
36,2015-04-19,0.51,1366844.88,1097285.22,164460.99,7534.3,97564.37,44646.67,52917.7,0.0,conventional,2015,PhoenixTucson
23,2016-07-17,0.92,864516.85,410870.87,188086.51,11537.0,254022.47,145310.82,108636.65,75.0,conventional,2016,PhoenixTucson
33,2017-05-14,0.69,1297119.2,612625.19,239024.86,14939.98,430529.17,275375.52,154056.43,1097.22,conventional,2017,PhoenixTucson
