data/a836d206-e31f-42a1-abcf-12303fbde651_hf_nateraw_avocado-prices.csv
Unnamed: 0,Date,AveragePrice,Total Volume,4046,4225,4770,Total Bags,Small Bags,Large Bags,XLarge Bags,type,year,region
1,2016-12-18,1.99,51329.63,11645.06,22852.9,190.58,16641.09,16086.71,554.38,0.0,organic,2016,NewYork
5,2016-11-20,2.04,48364.4,8938.23,28672.82,195.41,10557.94,10325.31,232.63,0.0,organic,2016,NewYork
24,2017-07-16,1.79,80280.09,7856.39,19545.1,2330.29,50548.31,50548.31,0.0,0.0,organic,2017,NewYork
9,2018-01-21,1.91,71760.69,5732.09,13124.59,157.72,52746.29,52130.98,615.31,0.0,organic,2018,NewYork
4,2018-02-25,1.72,112128.84,12369.59,43197.79,217.92,56343.54,56343.54,0.0,0.0,organic,2018,NewYork
33,2017-05-14,2.41,71188.47,6758.27,25947.46,2033.18,36449.56,36449.56,0.0,0.0,organic,2017,NewYork
19,2015-08-16,2.3,16293.09,2843.86,11396.1,789.75,1263.38,1242.18,21.2,0.0,organic,2015,NewYork
41,2017-03-19,1.86,147248.57,30270.92,85793.31,114.28,31070.06,30832.74,237.32,0.0,organic,2017,NewYork
13,2015-09-27,2.22,17054.18,2222.04,12986.86,536.67,1308.61,898.99,409.62,0.0,organic,2015,NewYork
28,2015-06-14,2.0,22931.78,5012.28,14260.6,923.15,2735.75,2735.75,0.0,0.0,organic,2015,NewYork
10,2018-01-14,1.91,86632.25,7433.43,17885.26,49.43,61264.13,60763.71,500.42,0.0,organic,2018,NewYork
36,2016-04-17,1.98,40280.96,4725.66,18018.14,2509.18,15027.98,13176.01,1851.97,0.0,organic,2016,NewYork
44,2016-02-21,1.9,26230.35,5043.6,10101.04,1489.17,9596.54,5209.49,4387.05,0.0,organic,2016,NewYork
47,2017-02-05,2.03,58560.14,7829.32,20623.8,197.9,29909.12,29581.48,327.64,0.0,organic,2017,NewYork
45,2017-02-19,1.36,420410.54,100285.03,288953.97,366.3,30805.24,29223.4,1581.84,0.0,organic,2017,NewYork
22,2017-07-30,1.88,71035.9,3407.72,17677.84,285.56,49664.78,49656.41,8.37,0.0,organic,2017,NewYork
24,2016-07-10,2.33,50300.29,4834.52,19429.86,2346.9,23689.01,23056.33,632.68,0.0,organic,2016,NewYork
9,2015-10-25,1.94,15727.43,2675.93,8966.26,411.18,3674.06,187.0,3487.06,0.0,organic,2015,NewYork
7,2016-11-06,2.46,25247.34,3242.75,19599.49,138.68,2266.42,2220.62,45.8,0.0,organic,2016,NewYork
33,2015-05-10,1.93,23195.0,2719.15,13976.67,7.75,6491.43,6481.1,10.33,0.0,organic,2015,NewYork
49,2016-01-17,1.93,20475.96,4864.18,8524.31,1706.77,5380.7,1491.62,3889.08,0.0,organic,2016,NewYork
10,2016-10-16,2.33,17837.78,3985.49,11359.44,88.68,2404.17,1942.38,461.79,0.0,organic,2016,NewYork
44,2015-02-22,2.21,16620.69,3471.14,9549.06,43.85,3556.64,3556.64,0.0,0.0,organic,2015,NewYork
28,2017-06-18,1.91,166308.13,32342.06,94247.03,277.54,39441.5,38126.3,1315.2,0.0,organic,2017,NewYork
43,2017-03-05,1.81,121542.09,20888.73,66846.19,235.43,33571.74,33382.77,188.97,0.0,organic,2017,NewYork
25,2016-07-03,2.28,46314.26,4225.62,20280.75,1935.42,19872.47,19365.45,507.02,0.0,organic,2016,NewYork
43,2016-02-28,1.96,32608.62,4923.95,13005.25,1706.3,12973.12,9947.04,3026.08,0.0,organic,2016,NewYork
5,2017-11-26,2.02,63156.0,5280.67,14350.39,178.15,43346.79,43299.16,47.63,0.0,organic,2017,NewYork
41,2015-03-15,1.81,16570.75,1525.25,9190.36,0.0,5855.14,5855.14,0.0,0.0,organic,2015,NewYork
16,2016-09-04,2.15,45204.38,5169.75,18565.29,545.15,20924.19,20924.19,0.0,0.0,organic,2016,NewYork
32,2015-05-17,2.06,21815.46,2917.8,10860.17,90.34,7947.15,7947.15,0.0,0.0,organic,2015,NewYork
6,2016-11-13,2.65,28406.0,3701.02,19604.7,96.86,5003.42,4922.27,81.15,0.0,organic,2016,NewYork
34,2016-05-01,2.16,54477.59,5556.25,17185.85,2672.11,29063.38,27008.79,2054.59,0.0,organic,2016,NewYork
29,2016-06-05,2.15,31807.14,2285.37,11252.42,322.21,17947.14,16812.3,1134.84,0.0,organic,2016,NewYork
37,2016-04-10,2.2,30461.39,3080.48,11181.09,2403.64,13796.18,12723.77,1072.41,0.0,organic,2016,NewYork
0,2017-12-31,1.83,69777.3,6476.19,16996.47,134.7,46169.94,46167.94,2.0,0.0,organic,2017,NewYork
21,2015-08-02,2.12,13852.18,1929.99,8910.09,213.73,2798.37,2798.37,0.0,0.0,organic,2015,NewYork
4,2015-11-29,1.89,9962.63,1481.23,4689.04,807.44,2984.92,336.18,2648.74,0.0,organic,2015,NewYork
1,2018-03-18,1.11,508979.43,333194.13,32206.33,1543.14,142035.83,82165.92,59626.58,243.33,conventional,2018,Orlando
50,2017-01-15,1.27,356960.5,148500.59,72248.12,175.19,136036.6,69128.81,66907.79,0.0,conventional,2017,Orlando
14,2016-09-18,1.16,319543.98,133279.34,59374.23,90.08,126800.33,57821.05,68979.28,0.0,conventional,2016,Orlando
2,2018-03-11,1.13,529200.61,333909.79,33091.99,1477.79,160721.04,91546.69,68931.02,243.33,conventional,2018,Orlando
23,2017-07-23,1.38,361733.69,237300.29,33319.21,196.65,90917.54,48111.11,36664.21,6142.22,conventional,2017,Orlando
33,2017-05-14,1.42,322189.66,203335.76,33864.16,77.22,84912.52,60404.27,24508.25,0.0,conventional,2017,Orlando
12,2015-10-04,1.0,332997.12,224769.27,34085.54,60.86,74081.45,37192.16,36886.48,2.81,conventional,2015,Orlando
45,2015-02-15,1.26,204812.28,139189.15,21210.42,37.33,44375.38,20733.73,23641.65,0.0,conventional,2015,Orlando
21,2017-08-06,1.41,326355.84,209093.43,34123.34,147.27,82991.8,44905.73,31827.18,6258.89,conventional,2017,Orlando
9,2016-10-23,1.52,236500.42,83780.57,68746.38,134.75,83838.72,28494.95,54609.05,734.72,conventional,2016,Orlando
32,2015-05-17,1.23,243265.56,168886.63,19797.32,173.63,54407.98,38066.02,16341.96,0.0,conventional,2015,Orlando
32,2017-05-21,1.41,357405.82,225241.39,38535.12,103.21,93526.1,60657.69,32650.35,218.06,conventional,2017,Orlando
33,2015-05-10,1.23,257032.99,185586.2,19590.84,138.92,51717.03,35990.16,15726.87,0.0,conventional,2015,Orlando
2,2017-12-17,1.01,381303.71,248830.89,30567.37,865.3,101040.15,56490.38,44549.77,0.0,conventional,2017,Orlando
6,2017-11-19,1.2,349206.0,212316.0,27720.0,907.0,108263.0,63245.0,45015.0,3.0,conventional,2017,Orlando
46,2015-02-08,1.23,204396.56,137587.02,24318.2,99.17,42392.17,18229.35,24162.82,0.0,conventional,2015,Orlando
11,2015-10-11,1.0,308032.62,211056.18,30064.22,105.62,66806.6,31968.47,34838.13,0.0,conventional,2015,Orlando
15,2016-09-11,1.18,312266.53,150964.58,55134.51,63.06,106104.38,50283.33,55821.05,0.0,conventional,2016,Orlando
23,2015-07-19,0.98,363733.15,226313.4,57749.18,61.06,79609.51,42477.4,37132.11,0.0,conventional,2015,Orlando
35,2015-04-26,1.23,257307.97,179052.54,21351.58,93.98,56809.87,38167.83,18294.82,347.22,conventional,2015,Orlando
11,2016-10-09,1.44,267399.38,91531.9,81061.05,129.43,94677.0,39055.39,55621.61,0.0,conventional,2016,Orlando
39,2017-04-02,1.59,297788.72,179139.67,38059.95,60.25,80528.85,45744.07,34620.34,164.44,conventional,2017,Orlando
26,2016-06-26,1.18,333568.95,143186.79,76177.69,94.86,114109.61,68453.99,35165.62,10490.0,conventional,2016,Orlando
5,2016-11-20,1.46,239374.44,83653.63,50316.02,91.45,105313.34,49247.51,56065.83,0.0,conventional,2016,Orlando
52,2017-01-01,0.95,447083.97,166581.9,110283.97,151.92,170066.18,61681.31,108384.87,0.0,conventional,2017,Orlando
4,2017-12-03,1.31,318626.0,202974.0,23478.0,987.0,91187.0,60278.0,30905.0,3.0,conventional,2017,Orlando
42,2016-03-06,1.08,291732.26,142948.4,51358.16,39.29,97386.41,46058.69,51327.72,0.0,conventional,2016,Orlando
1,2017-12-24,1.39,292291.1,178469.57,21232.36,779.89,91809.28,60988.48,30820.8,0.0,conventional,2017,Orlando
28,2015-06-14,1.22,256149.75,141946.09,36946.34,2083.82,75173.5,56501.85,18663.64,8.01,conventional,2015,Orlando
28,2017-06-18,1.4,339228.04,215668.41,32674.49,115.97,90769.17,49398.47,34065.7,7305.0,conventional,2017,Orlando
16,2016-09-04,0.97,477301.28,275859.84,75406.02,171.78,125863.64,59356.55,66507.09,0.0,conventional,2016,Orlando
2,2016-12-11,1.22,247659.65,84080.08,48772.35,67.56,114739.66,61197.81,53441.85,100.0,conventional,2016,Orlando
23,2017-07-23,1.47,393360.73,35968.15,227600.65,415.16,129376.77,117089.39,10184.05,2103.33,conventional,2017,Philadelphia
1,2018-03-18,1.33,471175.79,44696.37,241775.09,334.21,184370.12,169602.85,12962.83,1804.44,conventional,2018,Philadelphia
0,2017-12-31,1.35,334783.58,17238.97,210750.82,276.38,106517.41,79090.96,27426.45,0.0,conventional,2017,Philadelphia
28,2016-06-12,1.44,426671.94,14257.58,236401.63,16971.2,159041.53,143582.1,12724.43,2735.0,conventional,2016,Philadelphia
9,2018-01-21,1.32,527860.09,69862.88,303263.33,383.99,154349.89,144550.12,9797.01,2.76,conventional,2018,Philadelphia
0,2018-03-25,1.31,503277.65,43421.1,252219.75,248.04,207388.76,187566.62,17687.7,2134.44,conventional,2018,Philadelphia
52,2017-01-01,1.4,321941.32,12767.25,217447.76,3090.37,88635.94,83428.92,5163.19,43.83,conventional,2017,Philadelphia
29,2016-06-05,1.44,450346.65,15486.18,264044.5,17989.98,152825.99,137882.92,14692.24,250.83,conventional,2016,Philadelphia
43,2015-03-01,1.24,392412.07,16329.41,267027.05,1528.3,107527.31,93745.13,13782.18,0.0,conventional,2015,Philadelphia
8,2017-11-05,1.4,384628.71,38006.98,174069.17,181.44,172371.12,141562.78,30808.34,0.0,conventional,2017,Philadelphia
36,2016-04-17,1.17,366448.78,17062.27,199176.83,5216.56,144993.12,129029.56,15823.28,140.28,conventional,2016,Philadelphia
23,2016-07-17,1.52,392041.56,14420.42,190535.1,17208.53,169877.51,152288.86,9333.25,8255.4,conventional,2016,Philadelphia
6,2015-11-15,1.17,363548.06,13989.06,263608.21,604.6,85346.19,78169.59,7176.6,0.0,conventional,2015,Philadelphia
51,2016-01-03,1.19,421093.02,13858.25,309377.59,918.32,96938.86,89684.36,7254.5,0.0,conventional,2016,Philadelphia
18,2017-08-27,1.68,370286.98,45068.5,196136.69,604.27,128477.52,117020.86,11204.43,252.23,conventional,2017,Philadelphia
41,2017-03-19,1.66,373158.66,16003.12,220282.45,3440.64,133432.45,119317.04,14115.41,0.0,conventional,2017,Philadelphia
22,2015-07-26,1.36,373032.23,16844.86,251976.91,856.78,103353.68,92024.65,11329.03,0.0,conventional,2015,Philadelphia
7,2018-02-04,1.12,819224.3,62044.22,467927.8,645.87,288606.41,254149.59,33540.82,916.0,conventional,2018,Philadelphia
4,2016-11-27,1.57,279131.45,10693.47,180338.49,859.82,87239.67,82183.54,5056.13,0.0,conventional,2016,Philadelphia
2,2017-12-17,1.43,344203.81,17554.66,195308.13,131.09,131209.93,114735.77,16471.35,2.81,conventional,2017,Philadelphia
5,2018-02-18,1.24,443312.68,67616.46,233345.32,236.22,142114.68,117913.98,22366.81,1833.89,conventional,2018,Philadelphia
36,2017-04-23,1.66,363689.09,34157.54,208134.75,416.47,120980.33,105813.24,15167.09,0.0,conventional,2017,Philadelphia
15,2017-09-17,1.54,366239.72,41947.51,195393.08,131.65,128767.48,114989.9,13754.25,23.33,conventional,2017,Philadelphia
48,2016-01-24,1.34,448784.3,12982.99,287750.87,692.47,147357.97,134138.57,13219.4,0.0,conventional,2016,Philadelphia
43,2017-03-05,1.48,409950.45,15629.06,245417.56,13667.43,135236.4,130174.35,5062.05,0.0,conventional,2017,Philadelphia
38,2017-04-09,1.7,398600.32,30725.04,213528.19,566.18,153780.91,143053.85,10506.23,220.83,conventional,2017,Philadelphia
21,2016-07-31,1.57,376353.23,15974.97,180678.21,12676.62,167023.43,161291.97,3766.46,1965.0,conventional,2016,Philadelphia
15,2016-09-11,1.24,499659.75,73604.41,218301.79,955.35,206798.2,197316.1,9482.1,0.0,conventional,2016,Philadelphia
40,2017-03-26,1.66,379956.99,24691.96,219076.77,2819.37,133368.89,124540.35,8828.54,0.0,conventional,2017,Philadelphia
27,2015-06-21,1.33,456983.44,16066.69,310906.06,1155.21,128855.48,117744.63,11040.67,70.18,conventional,2015,Philadelphia
20,2016-08-07,1.45,411252.23,23405.99,189679.42,12191.16,185975.66,174613.62,8525.89,2836.15,conventional,2016,Philadelphia
36,2015-04-19,1.43,389414.29,16585.73,242740.8,1309.62,128778.14,110321.07,18457.07,0.0,conventional,2015,Philadelphia
44,2016-02-21,1.26,409152.46,14147.11,268801.73,1816.34,124387.28,114098.2,10289.08,0.0,conventional,2016,Philadelphia
13,2017-10-01,1.62,389987.92,45811.04,195759.47,255.36,148162.05,133321.24,14840.81,0.0,conventional,2017,Philadelphia
44,2017-02-26,1.05,143520.74,12328.78,30665.47,3.2,100523.29,87365.6,13157.69,0.0,organic,2017,LosAngeles
45,2015-02-15,1.43,41524.22,33427.07,1026.28,0.0,7070.87,7070.87,0.0,0.0,organic,2015,LosAngeles
10,2016-10-16,1.85,56666.92,8637.11,27140.31,0.0,20889.5,20720.21,169.29,0.0,organic,2016,LosAngeles
18,2017-08-27,2.37,63222.41,11685.86,20166.84,0.0,31369.71,31337.34,32.37,0.0,organic,2017,LosAngeles
8,2018-01-28,1.73,97026.15,11366.1,25056.37,0.0,60603.68,60596.54,7.14,0.0,organic,2018,LosAngeles
35,2016-04-24,1.04,117010.57,11729.01,31942.24,0.0,73339.32,73262.37,76.95,0.0,organic,2016,LosAngeles
16,2016-09-04,1.29,106844.47,13910.17,28437.88,0.0,64496.42,62061.45,2434.97,0.0,organic,2016,LosAngeles
31,2017-05-28,1.37,122886.52,11731.8,29593.14,0.0,81561.58,81486.37,75.21,0.0,organic,2017,LosAngeles
41,2015-03-15,1.42,32656.06,25316.97,1120.63,0.0,6218.46,6218.46,0.0,0.0,organic,2015,LosAngeles
10,2015-10-18,1.62,33737.71,10370.68,16004.06,3.18,7359.79,6393.48,966.31,0.0,organic,2015,LosAngeles
17,2015-08-30,1.58,40655.43,15094.25,16296.72,0.0,9264.46,9264.46,0.0,0.0,organic,2015,LosAngeles
29,2016-06-05,1.18,99717.99,17642.18,26736.0,7.74,55332.07,54949.32,382.75,0.0,organic,2016,LosAngeles
26,2016-06-26,1.18,112304.11,23280.48,34516.17,6.31,54501.15,54443.32,57.83,0.0,organic,2016,LosAngeles
37,2017-04-16,1.31,122876.89,10922.54,28994.48,1.6,82958.27,76233.25,6725.02,0.0,organic,2017,LosAngeles
51,2016-01-03,1.15,60896.62,11697.8,18392.56,0.0,30806.26,26300.54,4505.72,0.0,organic,2016,LosAngeles
47,2017-02-05,1.19,91687.96,15626.93,34864.22,0.0,41196.81,40279.83,916.98,0.0,organic,2017,LosAngeles
5,2016-11-20,1.67,60249.61,6503.09,18671.5,9.41,35065.61,30815.31,4250.3,0.0,organic,2016,LosAngeles
46,2015-02-08,1.29,46991.12,36957.13,2213.06,0.0,7820.93,7820.93,0.0,0.0,organic,2015,LosAngeles
20,2015-08-09,1.61,35630.99,13861.99,13291.44,0.0,8477.56,8477.56,0.0,0.0,organic,2015,LosAngeles
49,2015-01-18,1.29,43649.12,33738.87,1368.91,0.0,8541.34,8541.34,0.0,0.0,organic,2015,LosAngeles
27,2016-06-19,1.23,110087.71,15800.4,36039.49,11.01,58236.81,58189.62,47.19,0.0,organic,2016,LosAngeles
2,2016-12-11,1.31,77692.93,8725.85,29110.77,45.38,39810.93,31526.04,8284.89,0.0,organic,2016,LosAngeles
51,2017-01-08,1.19,112953.28,18961.66,33123.81,3.12,60864.69,57800.85,3063.84,0.0,organic,2017,LosAngeles
48,2015-01-25,1.23,38078.07,28037.64,1355.8,0.0,8684.63,8684.63,0.0,0.0,organic,2015,LosAngeles
43,2015-03-01,1.14,60244.59,49177.6,1680.02,0.0,9386.97,9386.97,0.0,0.0,organic,2015,LosAngeles
36,2017-04-23,1.25,127222.31,12241.09,29711.25,0.0,85269.97,75004.87,10265.1,0.0,organic,2017,LosAngeles
11,2018-01-07,1.8,87517.23,20189.33,24193.04,0.0,43134.86,43077.03,57.83,0.0,organic,2018,LosAngeles
15,2015-09-13,1.66,45533.58,26153.24,15358.54,0.0,4021.8,3985.13,36.67,0.0,organic,2015,LosAngeles
30,2016-05-29,1.11,111714.45,14878.34,30381.74,0.0,66454.37,66031.6,422.77,0.0,organic,2016,LosAngeles
25,2015-07-05,1.46,56929.52,17846.84,30121.84,4.75,8956.09,8956.09,0.0,0.0,organic,2015,LosAngeles
8,2017-11-05,1.72,73723.79,7315.42,31324.47,0.0,35083.9,35048.65,35.25,0.0,organic,2017,LosAngeles
37,2016-04-10,1.05,108798.33,10479.16,31798.45,0.0,66520.72,63788.0,2732.72,0.0,organic,2016,LosAngeles
