data/a836d206-e31f-42a1-abcf-12303fbde651_hf_nateraw_avocado-prices.csv
Unnamed: 0,Date,AveragePrice,Total Volume,4046,4225,4770,Total Bags,Small Bags,Large Bags,XLarge Bags,type,year,region
26,2015-06-28,1.08,1826182.48,954738.73,480810.73,18637.71,371995.31,358087.94,12451.24,1456.13,conventional,2015,Plains
25,2015-07-05,1.06,1988311.9,927860.87,627548.45,19636.37,413266.21,396505.99,15522.11,1238.11,conventional,2015,Plains
1,2017-12-24,1.26,1576731.65,694864.33,411212.79,4508.17,466146.36,357357.71,108754.39,34.26,conventional,2017,Plains
50,2015-01-11,1.09,1402841.83,737363.86,448207.79,10009.45,207260.73,205299.64,954.59,1006.5,conventional,2015,Plains
11,2016-10-09,1.41,1360541.39,589475.12,416484.14,4681.14,349900.99,312195.29,30408.41,7297.29,conventional,2016,Plains
9,2015-10-25,1.11,1411354.54,559720.23,583990.89,15616.99,252026.43,237398.61,13346.37,1281.45,conventional,2015,Plains
40,2016-03-20,0.95,1938247.08,793583.9,691374.76,33666.72,419621.7,367140.06,50899.37,1582.27,conventional,2016,Plains
2,2016-12-11,1.08,1468901.87,724148.87,330240.87,3599.85,410912.28,382366.52,24588.8,3956.96,conventional,2016,Plains
0,2015-12-27,1.1,1306923.23,571602.6,404837.9,25188.57,305294.16,279127.08,24838.63,1328.45,conventional,2015,Plains
26,2017-07-02,1.31,2223310.81,801224.73,664924.43,28132.18,729029.47,707685.17,6808.01,14536.29,conventional,2017,Plains
1,2015-12-20,1.13,1139861.64,497437.17,341262.17,27253.71,273908.59,255725.09,16936.24,1247.26,conventional,2015,Plains
47,2017-02-05,0.76,3575499.21,2157030.64,801199.59,8231.35,609037.63,579814.97,21646.18,7576.48,conventional,2017,Plains
20,2017-08-13,1.43,1739844.71,649275.23,609832.36,6243.42,474493.7,424441.48,35663.55,14388.67,conventional,2017,Plains
36,2016-04-17,0.95,2114990.64,852518.35,756238.99,10596.68,495636.62,433889.83,52871.73,8875.06,conventional,2016,Plains
41,2015-03-15,1.1,1590080.35,839457.23,435373.81,10344.37,304904.94,300231.39,3729.66,943.89,conventional,2015,Plains
15,2015-09-13,1.13,1526985.3,727720.21,491074.45,15652.47,292538.17,271845.35,19120.68,1572.14,conventional,2015,Plains
1,2016-12-18,1.06,1426470.94,581861.96,428227.02,3271.57,413110.39,377226.69,30112.48,5771.22,conventional,2016,Plains
27,2016-06-19,0.87,2559002.86,1093072.84,925765.95,11009.71,529154.36,475718.48,41103.42,12332.46,conventional,2016,Plains
34,2015-05-03,1.01,2333238.9,1485535.26,508885.83,17406.31,321411.5,311074.95,6744.66,3591.89,conventional,2015,Plains
6,2015-11-15,1.09,1294866.75,549163.56,441216.08,17268.45,287218.66,270313.26,16012.74,892.66,conventional,2015,Plains
7,2016-11-06,1.55,1281023.69,576884.27,366464.25,6472.83,331202.34,300860.55,26241.79,4100.0,conventional,2016,Plains
27,2015-06-21,1.08,1921720.44,1049002.63,474166.48,22901.69,375649.64,358605.35,15767.87,1276.42,conventional,2015,Plains
11,2015-10-11,1.05,1560845.55,708470.83,576153.62,14585.67,261635.43,248699.54,11296.81,1639.08,conventional,2015,Plains
35,2016-04-24,0.95,2088524.46,887508.56,650864.38,11773.39,538378.13,474085.79,56591.26,7701.08,conventional,2016,Plains
3,2015-12-06,1.08,1245289.61,579077.46,394656.96,13005.11,258550.08,243961.62,13539.44,1049.02,conventional,2015,Plains
30,2016-05-29,0.9,2265037.77,1223080.58,495021.66,12125.66,534809.87,502399.51,22583.69,9826.67,conventional,2016,Plains
25,2016-07-03,1.05,2259572.01,684349.38,761167.83,10691.9,803362.9,717323.25,34035.78,52003.87,conventional,2016,Plains
21,2017-08-06,1.43,1762012.56,675558.34,580796.32,7231.22,498426.68,440097.5,44108.31,14220.87,conventional,2017,Plains
24,2015-07-12,1.07,1808842.07,953323.15,530475.53,14462.47,310580.92,292683.09,12904.75,4993.08,conventional,2015,Plains
48,2015-01-25,1.08,1510836.96,841332.54,454162.3,14022.68,201319.44,198193.38,1929.49,1196.57,conventional,2015,Plains
2,2017-12-17,1.05,1829991.74,931127.59,418034.24,4249.88,476580.03,364590.57,111973.42,16.04,conventional,2017,Plains
16,2017-09-10,1.6,1534772.16,677031.99,369718.92,5851.96,482169.29,440426.06,40820.99,922.24,conventional,2017,Plains
37,2016-04-10,0.58,14137.4,668.77,489.85,0.0,12978.78,61.76,12917.02,0.0,organic,2016,StLouis
49,2016-01-17,0.98,8688.58,1669.28,655.91,0.0,6363.39,396.29,5967.1,0.0,organic,2016,StLouis
30,2015-05-31,2.06,3762.06,1430.26,2097.71,0.0,234.09,123.33,110.76,0.0,organic,2015,StLouis
38,2017-04-09,1.42,10153.14,1802.26,1023.4,3.43,7324.05,1400.0,5924.05,0.0,organic,2017,StLouis
35,2015-04-26,2.03,3030.87,1096.55,1659.18,0.0,275.14,73.33,201.81,0.0,organic,2015,StLouis
30,2016-05-29,2.2,4151.27,2177.62,1738.92,3.52,231.21,218.09,13.12,0.0,organic,2016,StLouis
11,2018-01-07,1.49,11148.12,842.57,815.93,0.0,9489.62,7538.34,1951.28,0.0,organic,2018,StLouis
44,2015-02-22,1.8,3091.01,1268.18,1776.16,0.0,46.67,46.67,0.0,0.0,organic,2015,StLouis
23,2016-07-17,2.0,5499.33,1440.8,2535.31,0.0,1523.22,1523.22,0.0,0.0,organic,2016,StLouis
8,2016-10-30,1.0,6655.57,800.43,637.41,0.0,5217.73,420.0,4797.73,0.0,organic,2016,StLouis
21,2017-08-06,2.15,8848.14,1494.5,1378.38,8.88,5966.38,1875.55,4090.83,0.0,organic,2017,StLouis
8,2017-11-05,1.77,6843.75,1.76,1255.74,0.0,5586.25,3920.93,1665.32,0.0,organic,2017,StLouis
29,2015-06-07,1.92,3892.36,1910.2,1704.54,0.0,277.62,103.33,174.29,0.0,organic,2015,StLouis
29,2017-06-11,2.05,7973.35,2393.62,2139.09,12.2,3428.44,2034.3,1394.14,0.0,organic,2017,StLouis
4,2016-11-27,1.14,9149.56,1662.91,372.34,0.0,7114.31,1130.0,5984.31,0.0,organic,2016,StLouis
30,2017-06-04,1.95,9652.72,2373.25,2106.82,0.0,5172.65,2621.83,2550.82,0.0,organic,2017,StLouis
31,2017-05-28,1.9,7251.55,1901.01,1675.52,1.74,3673.28,1672.25,2001.03,0.0,organic,2017,StLouis
19,2016-08-14,1.97,7008.59,2390.91,2720.52,16.27,1880.89,1526.11,354.78,0.0,organic,2016,StLouis
10,2018-01-14,1.97,8138.94,2054.96,1185.62,0.0,4898.36,2004.4,2893.96,0.0,organic,2018,StLouis
33,2017-05-14,1.59,5693.95,229.87,1400.1,0.0,4063.98,1150.0,2913.98,0.0,organic,2017,StLouis
2,2016-12-11,1.53,5358.18,1761.25,573.98,0.0,3022.95,947.22,2075.73,0.0,organic,2016,StLouis
4,2015-11-29,1.58,3886.94,1748.75,1098.88,0.0,1039.31,33.33,1005.98,0.0,organic,2015,StLouis
7,2018-02-04,1.69,6493.79,1328.38,666.47,0.0,4498.94,2696.67,1802.27,0.0,organic,2018,StLouis
33,2016-05-08,1.47,5666.7,1939.42,608.58,0.0,3118.7,155.45,2963.25,0.0,organic,2016,StLouis
2,2017-12-17,1.63,5954.71,949.55,979.61,0.0,4025.55,2095.55,1930.0,0.0,organic,2017,StLouis
19,2017-08-20,2.64,4715.07,149.97,2885.47,18.05,1661.58,697.14,964.44,0.0,organic,2017,StLouis
18,2017-08-27,2.84,3591.12,44.1,2900.22,10.77,636.03,190.01,446.02,0.0,organic,2017,StLouis
47,2017-02-05,1.32,5630.1,822.78,547.96,0.0,4259.36,890.0,3369.36,0.0,organic,2017,StLouis
3,2017-12-10,1.72,5723.01,745.23,1060.12,0.0,3917.66,1241.12,2676.54,0.0,organic,2017,StLouis
13,2017-10-01,2.36,6583.11,26.77,913.31,0.0,5643.03,1750.22,3892.81,0.0,organic,2017,StLouis
43,2016-02-28,0.9,11358.36,2968.08,629.17,0.0,7761.11,20.0,7741.11,0.0,organic,2016,StLouis
48,2016-01-24,0.68,15106.42,1490.93,595.22,5.27,13015.0,66.82,12948.18,0.0,organic,2016,StLouis
2,2018-03-11,1.71,8092.62,1127.67,2916.23,0.0,4048.72,4022.23,26.49,0.0,organic,2018,StLouis
28,2016-06-12,1.72,8338.7,2197.91,2158.0,1.77,3981.02,3957.44,23.58,0.0,organic,2016,StLouis
6,2018-02-11,1.75,7732.34,1448.4,752.88,1.75,5529.31,3018.89,2510.42,0.0,organic,2018,StLouis
17,2015-08-30,1.92,4241.75,1560.1,2046.5,0.0,635.15,84.69,550.46,0.0,organic,2015,StLouis
36,2017-04-23,1.93,5647.44,305.95,2629.57,12.16,2699.76,2685.29,14.47,0.0,organic,2017,StLouis
35,2016-04-24,0.69,12272.56,1593.69,510.56,5.23,10163.08,7.74,10155.34,0.0,organic,2016,StLouis
39,2015-03-29,2.09,3137.41,1054.01,2013.4,0.0,70.0,70.0,0.0,0.0,organic,2015,StLouis
26,2016-06-26,1.74,7231.64,1646.65,1916.95,21.42,3646.62,3646.62,0.0,0.0,organic,2016,StLouis
17,2015-08-30,1.26,116109.0,64015.75,19572.08,657.28,31863.89,20460.51,11403.38,0.0,conventional,2015,Jacksonville
10,2015-10-18,1.25,92599.79,57713.02,9666.15,834.92,24385.7,14116.28,10269.42,0.0,conventional,2015,Jacksonville
47,2016-01-31,1.04,151247.03,76816.44,21968.91,256.1,52205.58,21691.82,30513.76,0.0,conventional,2016,Jacksonville
42,2017-03-12,1.55,146196.96,78256.68,17190.82,85.68,50663.78,23969.51,26579.27,115.0,conventional,2017,Jacksonville
45,2017-02-19,1.23,139949.65,72634.25,18683.75,89.88,48541.77,19864.06,28137.71,540.0,conventional,2017,Jacksonville
29,2017-06-11,1.43,193088.4,119698.07,15932.56,121.45,57336.32,29031.67,25729.09,2575.56,conventional,2017,Jacksonville
13,2016-09-25,1.26,158194.1,58289.9,21092.67,145.41,78666.12,29683.13,48982.99,0.0,conventional,2016,Jacksonville
22,2016-07-24,1.21,156316.92,69899.17,39377.77,493.57,46546.41,21263.41,21141.06,4141.94,conventional,2016,Jacksonville
36,2017-04-23,1.47,156137.58,85993.83,16104.95,78.16,53960.64,25194.97,28670.67,95.0,conventional,2017,Jacksonville
12,2016-10-02,1.31,159576.97,54429.42,29513.01,93.83,75540.71,23304.77,52235.94,0.0,conventional,2016,Jacksonville
2,2018-03-11,1.16,227714.5,126052.23,12557.63,439.09,88665.55,37739.81,50845.74,80.0,conventional,2018,Jacksonville
25,2016-07-03,0.93,272150.68,137102.4,48698.98,1134.71,85214.59,37396.58,41823.01,5995.0,conventional,2016,Jacksonville
35,2016-04-24,0.8,267225.58,104786.41,61113.12,134.35,101191.7,21102.41,79512.9,576.39,conventional,2016,Jacksonville
5,2017-11-26,1.42,120001.0,65331.0,7096.0,195.0,47379.0,26125.0,21030.0,223.0,conventional,2017,Jacksonville
8,2016-10-30,1.41,115122.47,38168.39,20158.77,206.84,56588.47,13461.45,43127.02,0.0,conventional,2016,Jacksonville
28,2017-06-18,1.45,151012.55,94578.34,12992.82,90.39,43351.0,23346.19,16704.81,3300.0,conventional,2017,Jacksonville
35,2017-04-30,1.26,240227.67,150982.37,24978.55,121.15,64145.6,26376.03,37214.57,555.0,conventional,2017,Jacksonville
10,2018-01-14,1.41,182389.99,105265.46,11039.81,332.17,65752.55,30382.8,34981.97,387.78,conventional,2018,Jacksonville
10,2016-10-16,1.12,157329.41,48624.65,36096.39,228.23,72380.14,11681.16,60621.2,77.78,conventional,2016,Jacksonville
10,2017-10-22,1.56,152418.64,89649.03,11079.1,260.69,51429.82,21040.91,30388.91,0.0,conventional,2017,Jacksonville
11,2018-01-07,1.2,197919.4,116008.83,13934.03,395.16,67581.38,26811.45,40448.82,321.11,conventional,2018,Jacksonville
38,2015-04-05,1.1,146744.37,105691.56,11012.21,848.18,29192.42,16686.17,12506.25,0.0,conventional,2015,Jacksonville
0,2017-12-31,1.12,206562.78,115793.69,14230.19,277.37,76261.53,29166.63,46858.23,236.67,conventional,2017,Jacksonville
46,2015-02-08,1.21,91840.75,62181.18,9886.68,375.65,19397.24,11016.44,8380.8,0.0,conventional,2015,Jacksonville
49,2016-01-17,1.21,118230.86,73496.53,9811.14,302.25,34620.94,21732.66,12888.28,0.0,conventional,2016,Jacksonville
29,2015-06-07,0.98,190396.8,132109.76,13656.8,710.02,43920.22,24338.56,19581.66,0.0,conventional,2015,Jacksonville
50,2015-01-11,1.2,99757.17,57635.74,17025.48,529.41,24566.54,14862.7,9703.84,0.0,conventional,2015,Jacksonville
46,2016-02-07,0.54,369757.62,191441.47,57532.08,594.02,120190.05,53302.46,66879.47,8.12,conventional,2016,Jacksonville
30,2015-05-31,1.24,128105.43,86553.01,7980.5,615.86,32956.06,22617.48,10338.58,0.0,conventional,2015,Jacksonville
48,2015-01-25,1.2,109940.55,66985.59,14505.13,523.89,27925.94,16753.47,11172.47,0.0,conventional,2015,Jacksonville
16,2016-09-04,0.94,239246.03,128269.25,34369.64,158.3,76448.84,29049.1,47399.74,0.0,conventional,2016,Jacksonville
11,2017-10-15,1.76,137503.61,75857.38,10193.63,137.38,51315.22,23963.09,27352.13,0.0,conventional,2017,Jacksonville
4,2016-11-27,1.36,111672.0,32944.9,18661.82,94.55,59970.73,19808.01,40162.72,0.0,conventional,2016,Jacksonville
20,2015-08-09,0.99,188720.77,121358.64,22750.53,668.99,43942.61,21556.41,22386.2,0.0,conventional,2015,Jacksonville
47,2015-02-01,0.92,237910.63,171139.21,22525.96,1299.6,42945.86,20816.49,22129.37,0.0,conventional,2015,Jacksonville
16,2017-09-10,1.77,117342.62,62701.34,11080.3,27.8,43533.18,22005.33,20014.52,1513.33,conventional,2017,Jacksonville
19,2017-08-20,1.52,3113164.81,1729866.38,444533.12,3377.63,935387.68,544185.62,352850.68,38351.38,conventional,2017,Southeast
23,2017-07-23,1.36,3580363.85,2109070.98,533696.3,3991.94,933604.63,523093.86,346162.09,64348.68,conventional,2017,Southeast
32,2015-05-17,1.15,2936173.63,2098271.46,211868.36,26127.7,599906.11,470992.66,128913.45,0.0,conventional,2015,Southeast
32,2016-05-15,0.82,5002102.24,2115292.19,1218469.25,10065.75,1658275.05,610050.97,1029088.05,19136.03,conventional,2016,Southeast
14,2016-09-18,1.11,3403999.22,1501212.7,566389.42,9444.29,1326952.81,706832.05,617002.43,3118.33,conventional,2016,Southeast
11,2016-10-09,1.37,2885138.33,1122505.43,657057.65,7239.64,1098335.61,516483.34,580235.88,1616.39,conventional,2016,Southeast
6,2016-11-13,1.37,2819888.75,1219549.43,506554.74,13358.39,1080426.19,543743.7,535602.77,1079.72,conventional,2016,Southeast
5,2015-11-22,0.98,2667551.84,1799501.02,285065.9,13736.85,569248.07,319821.73,249396.08,30.26,conventional,2015,Southeast
33,2017-05-14,1.36,3560841.76,1996527.25,387915.89,8542.18,1167856.44,781111.52,343498.72,43246.2,conventional,2017,Southeast
3,2018-03-04,1.12,5054856.62,2956740.05,410652.92,18500.63,1668963.02,1016239.81,640717.65,12005.56,conventional,2018,Southeast
46,2015-02-08,1.11,2573973.63,1871661.73,226039.73,18310.04,457962.13,272767.32,185194.81,0.0,conventional,2015,Southeast
47,2017-02-05,0.81,7545938.97,3878267.73,1537592.22,10563.99,2119515.03,1194582.55,919049.98,5882.5,conventional,2017,Southeast
36,2017-04-23,1.39,3503236.08,1956787.44,445304.19,3585.35,1097559.1,726576.46,359238.87,11743.77,conventional,2017,Southeast
1,2015-12-20,1.12,2206305.07,1449139.49,211595.53,10520.4,535049.65,399343.68,135633.67,72.3,conventional,2015,Southeast
11,2018-01-07,1.14,4544750.92,2749042.52,402798.53,15351.11,1377558.76,873160.78,483913.55,20484.43,conventional,2018,Southeast
16,2017-09-10,1.61,2707005.49,1511637.28,383131.2,4113.88,808123.13,537849.67,238131.35,32142.11,conventional,2017,Southeast
35,2017-04-30,1.24,4698266.8,2790480.21,656888.72,4042.59,1246855.28,695716.33,513525.29,37613.66,conventional,2017,Southeast
37,2015-04-12,1.0,3781504.91,2801179.62,292733.49,23471.11,664120.69,371569.32,292551.37,0.0,conventional,2015,Southeast
10,2017-10-22,1.54,3133906.68,1888095.12,344382.02,8075.73,893353.81,544946.37,348391.24,16.2,conventional,2017,Southeast
51,2017-01-08,1.17,3512131.09,1510770.18,635042.26,5892.48,1360426.17,818150.8,540435.37,1840.0,conventional,2017,Southeast
8,2015-11-01,0.98,3227049.19,2058754.3,472310.67,31277.37,664706.85,353188.52,311503.15,15.18,conventional,2015,Southeast
35,2016-04-24,0.84,5062464.54,2132612.43,1298672.9,10941.97,1620237.24,542495.57,1072748.0,4993.67,conventional,2016,Southeast
48,2017-01-29,1.12,4143712.22,1855817.07,719826.98,6139.7,1561928.47,947470.76,611716.88,2740.83,conventional,2017,Southeast
10,2015-10-18,1.15,2274638.59,1274185.16,426237.27,28371.94,545844.22,355763.19,190038.31,42.72,conventional,2015,Southeast
33,2016-05-08,0.86,4651540.06,2196754.82,933112.56,10776.46,1510896.22,712577.48,795541.26,2777.48,conventional,2016,Southeast
49,2017-01-22,0.97,4992701.64,1897606.32,1188251.05,11258.47,1895585.8,834407.94,1059745.36,1432.5,conventional,2017,Southeast
8,2017-11-05,1.34,3194059.94,1801086.94,298601.36,10159.03,1084212.61,767422.68,305652.13,11137.8,conventional,2017,Southeast
24,2017-07-16,1.36,3516276.38,2006796.85,518858.64,4070.44,986550.45,596733.72,324532.55,65284.18,conventional,2017,Southeast
49,2016-01-17,1.09,2913810.18,1721272.85,425617.01,16861.86,750058.46,507151.29,242855.86,51.31,conventional,2016,Southeast
0,2018-03-25,1.23,4454904.4,2489234.81,333310.56,18460.82,1613898.21,1117431.16,484934.57,11532.48,conventional,2018,Southeast
43,2016-02-28,0.84,4740050.22,2325376.99,994256.14,13243.4,1407173.69,528218.04,878955.65,0.0,conventional,2016,Southeast
20,2017-08-13,1.42,3654633.49,1989685.69,556375.02,3729.01,1104843.77,607668.91,425033.0,72141.86,conventional,2017,Southeast
17,2017-09-03,1.7,3049931.5,1745317.16,443460.97,4599.91,856553.46,545847.71,277105.95,33599.8,conventional,2017,Southeast
12,2016-10-02,1.38,3106952.74,1267964.11,621971.41,10940.09,1206077.13,602427.54,602149.59,1500.0,conventional,2016,Southeast
25,2016-07-03,0.91,5432816.58,2549452.95,1175338.87,30343.48,1677681.28,1031656.46,559976.48,86048.34,conventional,2016,Southeast
