data/a836d206-e31f-42a1-abcf-12303fbde651_hf_nateraw_avocado-prices.csv
Unnamed: 0,Date,AveragePrice,Total Volume,4046,4225,4770,Total Bags,Small Bags,Large Bags,XLarge Bags,type,year,region
13,2015-09-27,1.68,2137.67,849.13,835.21,0.0,453.33,453.33,0.0,0.0,organic,2015,GrandRapids
8,2015-11-01,1.6,1640.89,984.57,506.83,0.0,149.49,103.33,46.16,0.0,organic,2015,GrandRapids
50,2015-01-11,1.87,761.86,29.06,539.72,0.0,193.08,190.0,3.08,0.0,organic,2015,GrandRapids
42,2016-03-06,1.1,3976.8,351.73,3320.01,0.0,305.06,286.67,18.39,0.0,organic,2016,GrandRapids
6,2015-11-15,1.65,1663.16,958.54,531.29,0.0,173.33,173.33,0.0,0.0,organic,2015,GrandRapids
2,2018-03-11,1.32,8381.09,35.72,1201.8,0.0,7143.57,7143.57,0.0,0.0,organic,2018,GrandRapids
23,2017-07-23,1.27,6483.93,4.15,667.54,0.0,5812.24,5767.7,44.54,0.0,organic,2017,GrandRapids
43,2015-03-01,1.84,849.44,32.69,506.75,0.0,310.0,310.0,0.0,0.0,organic,2015,GrandRapids
19,2017-08-20,1.13,7502.05,23.42,35.82,0.0,7442.81,7421.38,21.43,0.0,organic,2017,GrandRapids
47,2017-02-05,1.7,1112.77,54.67,688.31,0.0,369.79,369.79,0.0,0.0,organic,2017,GrandRapids
25,2015-07-05,1.84,1296.65,7.18,923.24,0.0,366.23,356.66,9.57,0.0,organic,2015,GrandRapids
30,2016-05-29,1.69,1778.67,19.11,1245.12,0.0,514.44,486.67,27.77,0.0,organic,2016,GrandRapids
47,2016-01-31,1.54,2267.22,1297.07,733.48,0.0,236.67,236.67,0.0,0.0,organic,2016,GrandRapids
13,2016-09-25,2.16,980.98,104.51,691.68,0.0,184.79,173.33,11.46,0.0,organic,2016,GrandRapids
29,2017-06-11,2.39,1312.01,0.0,939.89,0.0,372.12,85.56,286.56,0.0,organic,2017,GrandRapids
15,2015-09-13,1.68,1932.15,906.33,762.49,0.0,263.33,263.33,0.0,0.0,organic,2015,GrandRapids
5,2016-11-20,2.26,841.53,43.11,481.19,0.0,317.23,317.23,0.0,0.0,organic,2016,GrandRapids
37,2017-04-16,2.19,2246.07,23.98,1581.33,0.0,640.76,574.98,65.78,0.0,organic,2017,GrandRapids
21,2015-08-02,1.63,2807.04,14.18,2366.56,0.0,426.3,420.0,6.3,0.0,organic,2015,GrandRapids
14,2017-09-24,1.46,8043.21,30.76,978.6,0.0,7033.85,7033.85,0.0,0.0,organic,2017,GrandRapids
48,2016-01-24,1.49,2363.97,1140.04,665.48,0.0,558.45,533.33,25.12,0.0,organic,2016,GrandRapids
4,2017-12-03,1.31,6184.48,14.31,758.19,0.0,5411.98,5411.98,0.0,0.0,organic,2017,GrandRapids
9,2017-10-29,1.32,7724.84,61.38,540.98,0.0,7122.48,7122.48,0.0,0.0,organic,2017,GrandRapids
32,2016-05-15,1.6,1891.39,42.3,1296.57,0.0,552.52,537.94,14.58,0.0,organic,2016,GrandRapids
16,2017-09-10,1.4,8021.16,156.05,1074.4,0.0,6790.71,6756.95,33.76,0.0,organic,2017,GrandRapids
11,2015-10-11,1.74,1653.86,517.94,835.92,0.0,300.0,300.0,0.0,0.0,organic,2015,GrandRapids
27,2016-06-19,1.67,2301.05,41.53,1883.37,0.0,376.15,330.0,46.15,0.0,organic,2016,GrandRapids
26,2017-07-02,1.97,4460.37,34.02,4237.33,0.0,189.02,6.3,182.72,0.0,organic,2017,GrandRapids
4,2015-11-29,1.66,1497.39,808.92,568.47,0.0,120.0,120.0,0.0,0.0,organic,2015,GrandRapids
17,2016-08-28,1.8,2178.75,577.74,790.08,0.0,810.93,726.67,84.26,0.0,organic,2016,GrandRapids
30,2015-05-31,1.85,1082.52,22.99,722.86,0.0,336.67,336.67,0.0,0.0,organic,2015,GrandRapids
12,2016-10-02,2.1,1122.69,97.63,738.39,0.0,286.67,286.67,0.0,0.0,organic,2016,GrandRapids
41,2016-03-13,1.3,315394.32,4317.14,253676.96,179.09,57221.13,56230.93,990.2,0.0,conventional,2016,HartfordSpringfield
33,2016-05-08,0.86,522565.33,6157.76,449501.24,436.34,66469.99,64704.02,1765.97,0.0,conventional,2016,HartfordSpringfield
9,2017-10-29,1.53,247946.32,5938.74,188044.0,173.6,53789.98,51182.38,2607.6,0.0,conventional,2017,HartfordSpringfield
43,2015-03-01,1.12,314917.55,4547.97,250129.65,271.71,59968.22,57600.88,2367.34,0.0,conventional,2015,HartfordSpringfield
13,2016-09-25,1.63,224391.93,42274.18,125999.46,127.05,55991.24,55353.12,628.12,10.0,conventional,2016,HartfordSpringfield
4,2015-11-29,1.32,213631.54,3572.7,172790.41,169.1,37099.33,36423.45,675.88,0.0,conventional,2015,HartfordSpringfield
46,2015-02-08,1.09,364571.57,6791.17,289098.22,215.13,68467.05,65594.58,2872.47,0.0,conventional,2015,HartfordSpringfield
27,2016-06-19,1.5,335704.35,4764.39,253641.06,308.34,76990.56,73922.77,882.79,2185.0,conventional,2016,HartfordSpringfield
30,2015-05-31,1.33,319502.82,4974.69,237651.14,142.52,76734.47,74809.0,1925.47,0.0,conventional,2015,HartfordSpringfield
7,2017-11-12,1.56,226866.0,6490.0,162389.0,206.0,57781.0,55528.0,2253.0,0.0,conventional,2017,HartfordSpringfield
22,2016-07-24,1.7,254686.05,3244.19,165702.62,149.3,85589.94,82571.93,738.01,2280.0,conventional,2016,HartfordSpringfield
18,2016-08-21,1.46,299545.98,2617.98,191018.33,223.9,105685.77,100062.77,4268.0,1355.0,conventional,2016,HartfordSpringfield
1,2018-03-18,1.43,308716.16,16506.01,218357.11,217.92,73635.12,68741.49,3282.52,1611.11,conventional,2018,HartfordSpringfield
28,2017-06-18,1.79,256900.68,5734.57,195637.72,124.6,55403.79,52477.5,86.29,2840.0,conventional,2017,HartfordSpringfield
9,2018-01-21,1.18,474554.55,8065.55,407711.57,175.38,58602.05,56135.81,2459.57,6.67,conventional,2018,HartfordSpringfield
17,2015-08-30,1.26,292827.27,3882.25,241162.58,593.94,47188.5,46616.28,572.22,0.0,conventional,2015,HartfordSpringfield
10,2017-10-22,1.5,244786.18,7441.12,179802.05,151.61,57391.4,55717.53,1673.87,0.0,conventional,2017,HartfordSpringfield
24,2015-07-12,1.06,389782.2,4947.35,299937.47,11286.35,73611.03,71429.27,2181.76,0.0,conventional,2015,HartfordSpringfield
7,2015-11-08,1.16,309186.06,5048.2,260745.71,171.88,43220.27,37770.33,5449.94,0.0,conventional,2015,HartfordSpringfield
5,2018-02-18,1.42,283265.66,11150.75,209791.73,212.96,62110.22,60822.76,386.35,901.11,conventional,2018,HartfordSpringfield
27,2017-06-25,1.68,275912.97,8658.16,220849.19,134.57,46271.05,42685.55,670.5,2915.0,conventional,2017,HartfordSpringfield
11,2017-10-15,1.58,236604.19,7043.32,177668.62,73.0,51819.25,49691.8,2127.45,0.0,conventional,2017,HartfordSpringfield
10,2017-10-22,1.68,12206.22,546.93,1829.34,0.0,9829.95,8496.54,1333.41,0.0,organic,2017,Columbus
4,2016-11-27,1.47,5503.68,494.4,1889.17,0.0,3120.11,2049.89,1070.22,0.0,organic,2016,Columbus
10,2015-10-18,1.36,4135.76,502.82,2726.7,0.0,906.24,227.49,678.75,0.0,organic,2015,Columbus
7,2015-11-08,1.4,4144.82,443.1,2827.56,0.0,874.16,413.97,460.19,0.0,organic,2015,Columbus
49,2016-01-17,1.44,5244.61,796.09,3813.38,0.0,635.14,223.04,412.1,0.0,organic,2016,Columbus
50,2016-01-10,1.37,5663.07,969.19,3558.82,0.0,1135.06,456.52,678.54,0.0,organic,2016,Columbus
21,2017-08-06,1.72,7587.69,559.74,1980.71,0.0,5047.24,4024.59,1022.65,0.0,organic,2017,Columbus
29,2015-06-07,1.21,6028.43,322.05,2720.68,0.0,2985.7,687.09,2298.61,0.0,organic,2015,Columbus
42,2017-03-12,0.83,17118.8,656.68,3678.24,0.0,12783.88,2148.56,10635.32,0.0,organic,2017,Columbus
28,2016-06-12,1.3,10239.17,574.02,5539.61,40.44,4085.1,682.57,3402.53,0.0,organic,2016,Columbus
0,2016-12-25,1.75,4561.12,543.08,2287.13,0.0,1730.91,1588.03,142.88,0.0,organic,2016,Columbus
8,2016-10-30,1.8,5890.85,712.43,2810.91,0.0,2367.51,1769.32,598.19,0.0,organic,2016,Columbus
46,2016-02-07,1.31,3999.51,499.69,2482.27,2.16,1015.39,161.58,853.81,0.0,organic,2016,Columbus
4,2015-11-29,1.48,3305.78,452.86,2326.79,0.0,526.13,371.89,154.24,0.0,organic,2015,Columbus
21,2016-07-31,1.4,9346.26,558.77,3796.68,0.0,4990.81,1087.86,3902.95,0.0,organic,2016,Columbus
46,2015-02-08,1.78,3483.64,285.2,2071.17,0.0,1127.27,856.67,270.6,0.0,organic,2015,Columbus
20,2017-08-13,1.73,7525.56,745.58,2180.18,0.0,4599.8,4463.86,135.94,0.0,organic,2017,Columbus
45,2016-02-14,1.25,4607.55,499.91,2710.71,0.0,1396.93,210.0,1186.93,0.0,organic,2016,Columbus
38,2016-04-03,1.69,5382.24,317.7,3569.14,0.0,1495.4,566.67,928.73,0.0,organic,2016,Columbus
47,2017-02-05,0.98,10382.58,688.17,2992.09,0.0,6702.32,1755.71,4946.61,0.0,organic,2017,Columbus
24,2015-07-12,1.01,6269.43,409.42,2453.22,0.0,3406.79,80.0,3326.79,0.0,organic,2015,Columbus
1,2018-03-18,1.2,32634.06,723.66,8582.89,0.0,23327.51,11776.03,11551.48,0.0,organic,2018,Columbus
17,2017-09-03,2.1,9058.74,525.02,1736.52,0.0,6797.2,4338.58,2458.62,0.0,organic,2017,Columbus
35,2017-04-30,1.7,10632.86,784.09,3774.05,0.0,6074.72,2554.07,3520.65,0.0,organic,2017,Columbus
19,2016-08-14,1.54,7697.63,652.47,3940.51,0.0,3104.65,602.27,2502.38,0.0,organic,2016,Columbus
12,2016-10-02,1.77,8280.66,570.03,4396.02,0.0,3314.61,3048.2,266.41,0.0,organic,2016,Columbus
37,2015-04-12,1.66,4628.41,383.43,3479.25,0.0,765.73,450.15,315.58,0.0,organic,2015,Columbus
39,2017-04-02,1.39,9701.51,801.09,3979.66,0.0,4920.76,2329.41,2591.35,0.0,organic,2017,Columbus
4,2017-12-03,1.54,6026.57,412.51,1265.18,0.0,4348.88,4313.54,35.34,0.0,organic,2017,Columbus
45,2015-02-15,1.64,4283.56,374.59,2597.56,0.0,1311.41,706.67,604.74,0.0,organic,2015,Columbus
38,2015-04-05,1.38,5289.64,403.53,2859.4,0.0,2026.71,645.46,1381.25,0.0,organic,2015,Columbus
25,2017-07-09,1.38,9167.98,584.28,2285.45,0.0,6298.25,1024.34,5273.91,0.0,organic,2017,Columbus
42,2015-03-08,1.6,9666.61,4923.8,4582.74,0.0,160.07,160.07,0.0,0.0,organic,2015,Sacramento
14,2016-09-18,2.17,7095.5,1674.83,5064.47,2.65,353.55,343.55,10.0,0.0,organic,2016,Sacramento
41,2017-03-19,2.46,5971.13,1795.34,3449.75,0.0,726.04,726.04,0.0,0.0,organic,2017,Sacramento
4,2016-11-27,2.61,4143.89,1531.72,2161.72,2.66,447.79,432.62,15.17,0.0,organic,2016,Sacramento
15,2015-09-13,2.02,6405.75,1364.77,4883.81,0.0,157.17,157.17,0.0,0.0,organic,2015,Sacramento
48,2016-01-24,1.73,7361.79,1130.66,5939.57,0.0,291.56,291.56,0.0,0.0,organic,2016,Sacramento
11,2016-10-09,2.39,5634.61,1178.65,4135.76,0.0,320.2,320.2,0.0,0.0,organic,2016,Sacramento
39,2016-03-27,2.07,7588.03,1210.19,6043.13,0.0,334.71,331.38,3.33,0.0,organic,2016,Sacramento
7,2015-11-08,1.8,5951.51,1335.02,4090.76,0.0,525.73,247.95,277.78,0.0,organic,2015,Sacramento
51,2017-01-08,2.15,5692.25,1630.79,3665.0,0.0,396.46,396.46,0.0,0.0,organic,2017,Sacramento
13,2015-09-27,1.95,5472.45,1261.85,3990.21,0.0,220.39,220.39,0.0,0.0,organic,2015,Sacramento
34,2017-05-07,2.52,5321.75,1861.76,3058.89,0.0,401.1,401.1,0.0,0.0,organic,2017,Sacramento
1,2017-12-24,1.68,8177.33,2716.18,3016.72,0.0,2444.43,2431.1,13.33,0.0,organic,2017,Sacramento
25,2016-07-03,2.13,9057.29,1931.88,6761.58,0.0,363.83,363.83,0.0,0.0,organic,2016,Sacramento
3,2016-12-04,2.52,4384.51,1687.59,2234.55,0.0,462.37,462.37,0.0,0.0,organic,2016,Sacramento
29,2017-06-11,2.5,6504.06,2177.24,3527.98,0.0,798.84,796.97,1.87,0.0,organic,2017,Sacramento
28,2016-06-12,2.11,7608.58,1478.16,5966.52,0.0,163.9,163.9,0.0,0.0,organic,2016,Sacramento
44,2016-02-21,2.04,6818.11,1000.93,5572.52,0.0,244.66,241.33,3.33,0.0,organic,2016,Sacramento
25,2017-07-09,2.36,3562.52,1253.12,1982.16,0.0,327.24,322.03,5.21,0.0,organic,2017,Sacramento
28,2017-06-18,2.48,7058.35,2609.09,3616.91,0.0,832.35,824.86,7.49,0.0,organic,2017,Sacramento
37,2016-04-10,2.05,7871.28,1570.39,5977.15,0.0,323.74,323.74,0.0,0.0,organic,2016,Sacramento
3,2017-12-10,1.75,6765.28,1703.63,2659.43,0.0,2402.22,2395.55,6.67,0.0,organic,2017,Sacramento
51,2016-01-03,1.68,7911.16,1317.55,6361.92,0.0,231.69,231.69,0.0,0.0,organic,2016,Sacramento
22,2016-07-24,2.15,7348.62,1607.42,5412.41,2.66,326.13,326.13,0.0,0.0,organic,2016,Sacramento
13,2017-10-01,1.86,7334.65,2464.29,2785.94,0.0,2084.42,2077.75,6.67,0.0,organic,2017,Sacramento
34,2016-05-01,1.41,13056.72,1777.72,10850.42,0.0,428.58,428.58,0.0,0.0,organic,2016,Sacramento
39,2017-04-02,2.31,6244.05,2073.38,3328.69,0.0,841.98,841.98,0.0,0.0,organic,2017,Sacramento
36,2017-04-23,2.29,6764.99,1967.94,3979.11,0.0,817.94,817.94,0.0,0.0,organic,2017,Sacramento
29,2016-06-05,2.08,8123.66,1423.81,6372.3,0.0,327.55,327.55,0.0,0.0,organic,2016,Sacramento
15,2017-09-17,1.92,9174.58,3470.19,3797.05,0.0,1907.34,1907.34,0.0,0.0,organic,2017,Sacramento
42,2016-03-06,1.88,9728.1,1979.45,7072.14,0.0,676.51,676.51,0.0,0.0,organic,2016,Sacramento
20,2015-08-09,2.17,7260.07,1873.4,5095.95,0.0,290.72,290.72,0.0,0.0,organic,2015,Sacramento
23,2017-07-23,1.97,7041.27,1474.65,2451.59,0.0,3115.03,3115.03,0.0,0.0,organic,2017,Sacramento
17,2017-09-03,2.15,8230.33,2654.23,3298.64,0.0,2277.46,2277.46,0.0,0.0,organic,2017,Sacramento
1,2018-03-18,1.68,11828.91,1954.32,3597.7,0.0,6276.89,6270.22,6.67,0.0,organic,2018,Sacramento
2,2018-03-11,1.9,8634.75,2317.5,3561.2,0.0,2756.05,2752.63,3.42,0.0,organic,2018,Sacramento
46,2017-02-12,1.35,16249.95,9431.22,235.18,0.0,6583.55,6468.83,114.72,0.0,organic,2017,DallasFtWorth
35,2017-04-30,1.28,27768.13,11119.74,1806.22,0.0,14842.17,14724.98,117.19,0.0,organic,2017,DallasFtWorth
43,2015-03-01,1.29,17267.84,9540.52,850.65,0.0,6876.67,6876.67,0.0,0.0,organic,2015,DallasFtWorth
30,2015-05-31,1.38,9882.68,7376.1,398.95,0.0,2107.63,2107.63,0.0,0.0,organic,2015,DallasFtWorth
51,2017-01-08,1.02,24031.65,4931.0,1063.86,0.0,18036.79,17898.83,137.96,0.0,organic,2017,DallasFtWorth
13,2015-09-27,1.48,12224.81,8224.68,303.47,0.0,3696.66,3696.66,0.0,0.0,organic,2015,DallasFtWorth
22,2017-07-30,1.62,20300.0,7498.76,747.2,0.0,12054.04,12034.04,20.0,0.0,organic,2017,DallasFtWorth
2,2015-12-13,1.43,12224.14,6036.65,389.17,0.0,5798.32,5798.32,0.0,0.0,organic,2015,DallasFtWorth
5,2016-11-20,1.37,19634.24,5461.76,130.12,0.0,14042.36,13745.95,296.41,0.0,organic,2016,DallasFtWorth
8,2018-01-28,1.45,26069.14,4936.84,476.06,0.0,20656.24,19613.2,1043.04,0.0,organic,2018,DallasFtWorth
1,2015-12-20,1.38,11128.3,5742.81,384.49,0.0,5001.0,4594.21,406.79,0.0,organic,2015,DallasFtWorth
0,2016-12-25,1.12,20099.08,4747.3,428.15,0.0,14923.63,14829.22,94.41,0.0,organic,2016,DallasFtWorth
10,2016-10-16,1.27,20504.41,11563.74,89.18,0.0,8851.49,2710.0,6141.49,0.0,organic,2016,DallasFtWorth
17,2017-09-03,1.81,23372.37,8362.93,686.97,0.0,14322.47,14294.15,28.32,0.0,organic,2017,DallasFtWorth
19,2015-08-16,1.45,13268.55,8229.01,694.8,0.0,4344.74,4334.74,10.0,0.0,organic,2015,DallasFtWorth
32,2017-05-21,1.46,28683.15,5639.42,4903.99,0.0,18139.74,18036.96,102.78,0.0,organic,2017,DallasFtWorth
42,2017-03-12,1.11,25049.48,8206.31,408.03,0.0,16435.14,16288.26,146.88,0.0,organic,2017,DallasFtWorth
47,2017-02-05,1.3,17169.39,7770.9,205.02,0.0,9193.47,9148.87,44.6,0.0,organic,2017,DallasFtWorth
26,2016-06-26,1.04,30776.67,11200.61,580.49,0.0,18995.57,18776.65,218.92,0.0,organic,2016,DallasFtWorth
17,2015-08-30,1.36,14317.26,9720.71,348.71,0.0,4247.84,4081.53,166.31,0.0,organic,2015,DallasFtWorth
9,2015-10-25,1.48,13258.61,7509.17,329.44,0.0,5420.0,5410.0,10.0,0.0,organic,2015,DallasFtWorth
24,2017-07-16,1.49,24811.57,6649.58,451.46,0.0,17710.53,17684.5,26.03,0.0,organic,2017,DallasFtWorth
37,2017-04-16,1.12,33122.75,9397.49,707.69,0.0,23017.57,22882.31,135.26,0.0,organic,2017,DallasFtWorth
10,2017-10-22,1.69,19214.84,3989.78,395.07,0.0,14829.99,14806.66,23.33,0.0,organic,2017,DallasFtWorth
11,2016-10-09,1.25,28837.82,13182.39,267.34,0.0,15388.09,6930.0,8458.09,0.0,organic,2016,DallasFtWorth
0,2018-03-25,1.46,31489.27,5372.35,1047.92,0.0,25069.0,23054.17,2014.83,0.0,organic,2018,DallasFtWorth
5,2017-11-26,1.65,15521.5,3562.36,249.22,0.0,11709.92,11661.84,48.08,0.0,organic,2017,DallasFtWorth
34,2015-05-03,1.37,6568.67,5350.74,207.93,0.0,1010.0,1010.0,0.0,0.0,organic,2015,DallasFtWorth
31,2015-05-24,1.36,12809.78,10061.35,430.17,0.0,2318.26,2318.26,0.0,0.0,organic,2015,DallasFtWorth
10,2018-01-14,1.54,25628.61,5179.65,577.3,0.0,19871.66,16878.39,2993.27,0.0,organic,2018,DallasFtWorth
27,2017-06-25,1.33,24915.38,13719.82,845.15,0.0,10350.41,10240.83,109.58,0.0,organic,2017,DallasFtWorth
20,2017-08-13,1.68,18826.43,5364.59,322.73,0.0,13139.11,13044.16,94.95,0.0,organic,2017,DallasFtWorth
22,2015-07-26,1.14,12801.03,11536.0,337.16,0.0,927.87,927.87,0.0,0.0,organic,2015,DallasFtWorth
19,2016-08-14,0.86,90500.74,25938.55,334.11,0.0,64228.08,62542.16,1685.92,0.0,organic,2016,DallasFtWorth
