data/a836d206-e31f-42a1-abcf-12303fbde651_hf_nateraw_avocado-prices.csv
Unnamed: 0,Date,AveragePrice,Total Volume,4046,4225,4770,Total Bags,Small Bags,Large Bags,XLarge Bags,type,year,region
1,2018-03-18,1.34,4621126.31,453731.61,2646866.44,7610.65,1512917.61,1210266.06,287448.21,15203.34,conventional,2018,Northeast
39,2015-03-29,1.26,3497026.98,96169.31,2543290.15,5707.16,851860.36,769079.25,82778.21,2.9,conventional,2015,Northeast
36,2017-04-23,1.59,3846196.3,244168.62,2440599.66,12331.97,1149096.05,892014.05,250892.4,6189.6,conventional,2017,Northeast
33,2015-05-10,1.21,5498650.28,134556.37,4143702.97,10220.82,1210170.12,1120295.45,89874.67,0.0,conventional,2015,Northeast
45,2015-02-15,1.29,2983695.9,88056.2,1958075.38,7773.07,929791.25,864046.29,65744.96,0.0,conventional,2015,Northeast
51,2016-01-03,1.07,4524219.73,96146.84,3588931.66,53765.74,785375.49,731458.46,52073.39,1843.64,conventional,2016,Northeast
32,2015-05-17,1.33,4094677.85,114065.77,2730591.16,5593.26,1244427.66,1156872.13,87402.54,152.99,conventional,2015,Northeast
4,2017-12-03,1.32,4030251.0,219287.0,2671616.0,6523.0,1132825.0,995470.0,137354.0,2.0,conventional,2017,Northeast
35,2015-04-26,1.36,3646363.66,110930.88,2492744.36,7040.21,1035648.21,902141.63,132855.85,650.73,conventional,2015,Northeast
24,2016-07-10,1.33,4487625.78,316659.6,2589205.84,99899.13,1481861.21,1316229.18,107324.46,58307.57,conventional,2016,Northeast
0,2017-12-31,1.31,3652549.7,235982.42,2537022.88,7412.85,872131.55,658153.52,213974.56,3.47,conventional,2017,Northeast
26,2015-06-28,1.3,4100932.47,105387.01,2670469.78,72708.66,1252367.02,1129604.18,121974.02,788.82,conventional,2015,Northeast
22,2017-07-30,1.49,4018833.97,232617.59,2705082.88,15289.08,1065844.42,931973.3,119001.73,14869.39,conventional,2017,Northeast
2,2017-12-17,1.35,3504253.8,224383.39,2159906.12,10505.68,1109458.61,948844.2,160592.02,22.39,conventional,2017,Northeast
0,2018-03-25,1.35,5134637.05,443927.42,2940789.85,6733.38,1743186.4,1495884.84,232372.83,14928.73,conventional,2018,Northeast
5,2017-11-26,1.37,3269460.0,208161.0,1937090.0,6919.0,1117290.0,820402.0,296888.0,0.0,conventional,2017,Northeast
6,2015-11-15,1.09,3538946.22,89242.5,2738913.76,3393.33,707396.63,658542.91,48853.72,0.0,conventional,2015,Northeast
29,2017-06-11,1.68,4060850.93,246826.64,2632016.93,13643.55,1168363.81,778716.02,350202.79,39445.0,conventional,2017,Northeast
18,2017-08-27,1.7,3374546.02,246450.56,2076611.47,7302.53,1044181.46,892785.83,130586.74,20808.89,conventional,2017,Northeast
46,2015-02-08,1.09,4457049.41,128978.49,3354876.63,7219.81,965974.48,869917.39,96055.45,1.64,conventional,2015,Northeast
3,2017-12-10,1.17,5543004.84,235645.01,4168090.07,8054.61,1131215.15,960202.45,170986.87,25.83,conventional,2017,Northeast
14,2016-09-18,1.45,3442454.03,409569.22,1938470.57,17881.0,1076533.24,1009926.82,66387.53,218.89,conventional,2016,Northeast
8,2017-11-05,1.45,3492828.1,228843.35,1955086.76,5588.32,1303309.67,1078991.73,224223.95,93.99,conventional,2017,Northeast
15,2015-09-13,1.14,4205294.58,95839.65,3364304.91,4616.79,740533.23,638404.31,102122.78,6.14,conventional,2015,Northeast
31,2017-05-28,1.71,4529672.68,265254.03,2874935.5,14156.23,1375326.92,1067433.44,283132.09,24761.39,conventional,2017,Northeast
13,2017-10-01,1.61,3438536.39,303877.34,2154492.82,6754.69,973411.54,795311.93,178099.61,0.0,conventional,2017,Northeast
16,2015-09-06,1.18,4088061.71,99311.62,3227507.37,6693.26,754549.46,688674.24,65777.16,98.06,conventional,2015,Northeast
52,2017-01-01,1.35,3513388.32,174842.62,2589315.66,39606.96,709623.08,659611.76,49532.71,478.61,conventional,2017,Northeast
6,2017-11-19,1.37,3680754.0,192312.0,2061116.0,7247.0,1420079.0,967838.0,452228.0,14.0,conventional,2017,Northeast
2,2018-03-11,1.27,5214137.33,412621.66,3066433.39,6214.63,1728867.65,1436116.22,279239.21,13512.22,conventional,2018,Northeast
43,2016-02-28,1.71,4245.43,231.06,2720.09,362.68,931.6,901.61,29.99,0.0,organic,2016,RaleighGreensboro
40,2015-03-22,1.85,4249.61,83.02,2618.03,902.2,646.36,485.59,160.77,0.0,organic,2015,RaleighGreensboro
29,2017-06-11,2.03,13340.43,296.11,5183.19,293.94,7567.19,6798.17,769.02,0.0,organic,2017,RaleighGreensboro
2,2017-12-17,2.03,10729.32,77.21,4392.7,150.91,6108.5,5862.83,245.67,0.0,organic,2017,RaleighGreensboro
38,2017-04-09,2.07,12113.04,208.57,6330.09,401.45,5172.93,3146.38,2026.55,0.0,organic,2017,RaleighGreensboro
26,2017-07-02,2.05,8342.87,139.69,5019.56,219.17,2964.45,2841.94,122.51,0.0,organic,2017,RaleighGreensboro
15,2015-09-13,1.94,5345.41,28.2,2870.92,683.44,1762.85,1762.85,0.0,0.0,organic,2015,RaleighGreensboro
22,2016-07-24,1.72,15012.57,285.28,6934.87,1420.55,6371.87,5946.47,425.4,0.0,organic,2016,RaleighGreensboro
48,2015-01-25,2.02,3359.58,60.84,1948.96,627.92,721.86,620.46,101.4,0.0,organic,2015,RaleighGreensboro
46,2016-02-07,1.54,5562.26,215.41,2621.54,515.02,2210.29,1280.7,929.59,0.0,organic,2016,RaleighGreensboro
37,2016-04-10,1.33,7370.7,170.25,2878.73,336.06,3985.66,3421.08,564.58,0.0,organic,2016,RaleighGreensboro
38,2015-04-05,1.96,4859.09,152.04,2540.93,930.22,1235.9,1086.58,149.32,0.0,organic,2015,RaleighGreensboro
39,2017-04-02,2.21,11544.33,231.24,6808.06,416.45,4088.58,3442.51,646.07,0.0,organic,2017,RaleighGreensboro
3,2015-12-06,1.82,3494.91,146.52,2097.0,419.63,831.76,798.35,33.41,0.0,organic,2015,RaleighGreensboro
9,2018-01-21,1.86,14627.48,167.64,5921.25,176.32,8362.27,8026.25,336.02,0.0,organic,2018,RaleighGreensboro
37,2015-04-12,1.67,6453.51,115.36,3462.03,1068.76,1807.36,1011.65,795.71,0.0,organic,2015,RaleighGreensboro
26,2015-06-28,1.8,5676.88,145.03,2750.18,849.44,1932.23,1451.44,480.79,0.0,organic,2015,RaleighGreensboro
51,2015-01-04,2.01,3397.0,58.22,1493.9,772.21,1072.67,993.94,78.73,0.0,organic,2015,RaleighGreensboro
33,2015-05-10,1.32,10626.54,168.83,5374.06,1163.17,3920.48,1981.96,1938.52,0.0,organic,2015,RaleighGreensboro
8,2017-11-05,2.29,12304.78,192.26,4978.84,173.5,6960.18,6880.73,79.45,0.0,organic,2017,RaleighGreensboro
16,2015-09-06,1.95,5552.08,73.34,2705.46,821.09,1952.19,1931.19,21.0,0.0,organic,2015,RaleighGreensboro
20,2016-08-07,1.65,15800.5,278.7,9029.94,1380.46,5111.4,3957.56,1153.84,0.0,organic,2016,RaleighGreensboro
4,2016-11-27,2.01,9854.3,194.1,2960.92,331.04,6368.24,5708.72,659.52,0.0,organic,2016,RaleighGreensboro
39,2016-03-27,1.43,5902.81,137.26,2547.68,330.32,2887.55,2230.0,657.55,0.0,organic,2016,RaleighGreensboro
7,2015-11-08,1.75,4292.52,74.28,2037.97,655.73,1524.54,1357.91,166.63,0.0,organic,2015,RaleighGreensboro
11,2016-10-09,1.65,14282.79,252.46,6045.5,665.88,7318.95,6449.47,869.48,0.0,organic,2016,RaleighGreensboro
41,2016-03-13,1.54,5341.4,264.15,2611.43,314.31,2151.51,1780.0,371.51,0.0,organic,2016,RaleighGreensboro
25,2016-07-03,1.88,9151.31,241.13,3230.39,722.22,4957.57,4771.44,186.13,0.0,organic,2016,RaleighGreensboro
47,2017-02-05,1.77,9668.72,219.34,3567.45,282.75,5599.18,5467.43,131.75,0.0,organic,2017,RaleighGreensboro
34,2017-05-07,2.61,9680.55,231.3,5522.61,307.07,3619.57,3168.9,450.67,0.0,organic,2017,RaleighGreensboro
52,2017-01-01,1.78,8038.22,121.25,3157.17,299.93,4459.87,4271.94,187.93,0.0,organic,2017,RaleighGreensboro
28,2015-06-14,1.75,6913.18,203.17,2924.84,1010.38,2774.79,2179.92,594.87,0.0,organic,2015,RaleighGreensboro
38,2016-04-03,1.73,4879.21,157.92,3254.39,392.31,1074.59,850.0,224.59,0.0,organic,2016,RaleighGreensboro
43,2017-03-05,1.54,7644.87,310.11,3737.67,220.26,3376.83,1772.87,1603.96,0.0,organic,2017,RaleighGreensboro
13,2016-09-25,1.81,12807.68,226.31,4839.49,424.31,7317.57,6302.22,1015.35,0.0,organic,2016,RaleighGreensboro
19,2015-08-16,1.51,1164.87,6.18,22.02,0.0,1136.67,1136.67,0.0,0.0,organic,2015,MiamiFtLauderdale
27,2016-06-19,1.29,5180.22,977.06,48.63,0.0,4154.53,4144.53,10.0,0.0,organic,2016,MiamiFtLauderdale
26,2016-06-26,1.39,4836.08,1526.49,62.92,0.0,3246.67,3226.67,20.0,0.0,organic,2016,MiamiFtLauderdale
5,2017-11-26,1.67,6302.07,96.13,606.44,0.0,5599.5,5128.9,470.6,0.0,organic,2017,MiamiFtLauderdale
0,2016-12-25,1.17,3329.28,18.38,24.23,0.0,3286.67,3286.67,0.0,0.0,organic,2016,MiamiFtLauderdale
2,2018-03-11,1.35,7949.82,71.89,283.8,0.0,7594.13,7573.34,20.79,0.0,organic,2018,MiamiFtLauderdale
23,2015-07-19,1.45,792.97,5.04,1.26,0.0,786.67,786.67,0.0,0.0,organic,2015,MiamiFtLauderdale
35,2017-04-30,2.4,3477.7,1154.19,62.02,0.0,2261.49,2250.0,11.49,0.0,organic,2017,MiamiFtLauderdale
46,2015-02-08,1.72,2118.66,945.33,0.0,0.0,1173.33,1173.33,0.0,0.0,organic,2015,MiamiFtLauderdale
1,2015-12-20,1.5,1563.02,34.6,1.3,0.0,1527.12,1527.12,0.0,0.0,organic,2015,MiamiFtLauderdale
7,2016-11-06,1.64,3297.5,10.89,29.95,0.0,3256.66,3243.33,13.33,0.0,organic,2016,MiamiFtLauderdale
19,2017-08-20,1.48,4569.66,25.5,20.83,0.0,4523.33,4523.33,0.0,0.0,organic,2017,MiamiFtLauderdale
15,2017-09-17,1.76,1306.18,44.29,15.22,0.0,1246.67,1246.67,0.0,0.0,organic,2017,MiamiFtLauderdale
28,2017-06-18,1.88,6480.65,304.94,1510.72,0.0,4664.99,4664.99,0.0,0.0,organic,2017,MiamiFtLauderdale
39,2017-04-02,2.03,4159.55,545.88,36.18,0.0,3577.49,1622.22,1955.27,0.0,organic,2017,MiamiFtLauderdale
13,2016-09-25,1.43,1041.31,16.55,20.32,0.0,1004.44,987.77,16.67,0.0,organic,2016,MiamiFtLauderdale
10,2017-10-22,2.19,4842.31,139.07,728.38,0.0,3974.86,3068.61,906.25,0.0,organic,2017,MiamiFtLauderdale
12,2017-10-08,1.97,3758.3,98.7,435.16,0.0,3224.44,3221.11,3.33,0.0,organic,2017,MiamiFtLauderdale
0,2018-03-25,1.34,8620.15,111.52,296.6,0.0,8212.03,8212.03,0.0,0.0,organic,2018,MiamiFtLauderdale
38,2016-04-03,1.32,4136.14,1191.05,18.01,0.0,2927.08,2923.75,3.33,0.0,organic,2016,MiamiFtLauderdale
32,2017-05-21,1.58,6177.03,515.52,81.14,0.0,5580.37,4806.82,773.55,0.0,organic,2017,MiamiFtLauderdale
2,2016-12-11,1.37,3471.8,13.41,28.39,0.0,3430.0,3430.0,0.0,0.0,organic,2016,MiamiFtLauderdale
18,2016-08-21,1.34,5381.19,38.45,22.74,0.0,5320.0,5260.0,60.0,0.0,organic,2016,MiamiFtLauderdale
24,2016-07-10,1.49,4918.83,1223.55,28.48,0.0,3666.8,3616.8,50.0,0.0,organic,2016,MiamiFtLauderdale
33,2016-05-08,1.48,4317.01,932.93,14.08,0.0,3370.0,3363.33,6.67,0.0,organic,2016,MiamiFtLauderdale
26,2017-07-02,1.92,6241.89,267.85,1709.97,0.0,4264.07,4257.4,6.67,0.0,organic,2017,MiamiFtLauderdale
24,2017-07-16,1.44,5473.09,6.65,14.62,0.0,5451.82,5448.49,3.33,0.0,organic,2017,MiamiFtLauderdale
20,2015-08-09,1.5,1359.19,8.14,7.72,0.0,1343.33,1343.33,0.0,0.0,organic,2015,MiamiFtLauderdale
51,2016-01-03,1.24,15211.54,7202.5,76.06,0.0,7932.98,4887.58,3045.4,0.0,organic,2016,MiamiFtLauderdale
38,2015-04-05,1.86,1702.0,1231.96,22.7,0.0,447.34,447.34,0.0,0.0,organic,2015,MiamiFtLauderdale
37,2015-04-12,1.81,1877.52,1456.1,35.22,0.0,386.2,386.2,0.0,0.0,organic,2015,MiamiFtLauderdale
30,2017-06-04,1.97,5428.05,1070.87,139.61,0.0,4217.57,4215.74,1.83,0.0,organic,2017,MiamiFtLauderdale
14,2015-09-20,1.47,1843.74,25.17,1.32,0.0,1817.25,1817.25,0.0,0.0,organic,2015,MiamiFtLauderdale
51,2017-01-08,1.23,6214.43,421.41,6.73,0.0,5786.29,3260.0,2526.29,0.0,organic,2017,MiamiFtLauderdale
49,2016-01-17,1.49,2528.26,903.01,6.46,0.0,1618.79,1613.05,5.74,0.0,organic,2016,MiamiFtLauderdale
41,2015-03-15,1.73,2478.0,1133.25,11.42,0.0,1333.33,1333.33,0.0,0.0,organic,2015,MiamiFtLauderdale
25,2017-07-09,1.76,4404.15,89.08,521.03,0.0,3794.04,3790.71,3.33,0.0,organic,2017,MiamiFtLauderdale
10,2016-10-16,1.52,991.33,9.5,40.72,0.0,941.11,941.11,0.0,0.0,organic,2016,MiamiFtLauderdale
5,2016-11-20,1.6,2157.46,6.44,17.68,0.0,2133.34,2113.34,20.0,0.0,organic,2016,MiamiFtLauderdale
0,2015-12-27,1.01,417190.47,87748.64,131201.91,16182.87,182057.05,181763.3,44.65,249.1,conventional,2015,Portland
13,2015-09-27,0.9,484598.47,159779.59,187080.35,13101.24,124637.29,124612.73,1.84,22.72,conventional,2015,Portland
9,2015-10-25,0.91,480396.16,95297.5,191061.91,13673.67,180363.08,178207.01,1322.84,833.23,conventional,2015,Portland
39,2017-04-02,1.12,672306.68,152601.88,137424.85,20885.2,361394.75,359313.65,1923.63,157.47,conventional,2017,Portland
13,2016-09-25,0.87,694289.8,122350.41,123793.69,16380.23,431765.47,324254.95,107460.99,49.53,conventional,2016,Portland
4,2016-11-27,1.22,404389.56,72973.18,104741.59,11472.92,215201.87,214541.32,501.88,158.67,conventional,2016,Portland
38,2017-04-09,1.08,713478.54,156932.81,145011.71,22074.29,389459.73,385964.86,3215.76,279.11,conventional,2017,Portland
42,2017-03-12,0.84,922940.33,131660.67,200564.13,18137.28,572578.25,536468.52,35442.63,667.1,conventional,2017,Portland
37,2015-04-12,1.16,433703.29,150701.62,199632.59,15964.76,67404.32,67361.2,43.12,0.0,conventional,2015,Portland
17,2017-09-03,1.76,415130.61,113711.41,118369.81,14533.01,168516.38,106243.97,61915.21,357.2,conventional,2017,Portland
3,2016-12-04,1.0,594246.5,109778.14,143749.16,11803.23,328915.97,325918.13,2557.73,440.11,conventional,2016,Portland
21,2015-08-02,1.14,501106.6,193728.54,217474.07,20132.68,69771.31,69761.93,7.32,2.06,conventional,2015,Portland
12,2015-10-04,1.13,421430.94,104149.05,172302.04,45229.53,99750.32,99417.33,165.46,167.53,conventional,2015,Portland
31,2016-05-22,0.78,689730.64,140269.29,157857.75,18037.36,373566.24,367615.3,5623.69,327.25,conventional,2016,Portland
7,2018-02-04,0.88,1051039.26,78861.85,452243.28,15405.98,504528.15,111755.8,391141.49,1630.86,conventional,2018,Portland
5,2017-11-26,1.48,336192.0,99591.0,69191.0,12659.0,154751.0,105787.0,48468.0,495.0,conventional,2017,Portland
45,2017-02-19,0.76,869425.93,151715.71,176142.73,16930.22,524637.27,354510.94,169575.72,550.61,conventional,2017,Portland
22,2017-07-30,1.34,575652.16,145857.23,211102.06,14356.83,204336.04,116878.48,87177.01,280.55,conventional,2017,Portland
11,2017-10-15,1.25,546932.09,150707.93,240106.11,11215.37,144902.68,91834.79,52424.48,643.41,conventional,2017,Portland
18,2017-08-27,1.34,597580.17,168216.37,97433.68,12732.14,319197.98,266476.63,52445.78,275.57,conventional,2017,Portland
48,2017-01-29,0.76,909463.13,153610.95,175048.56,17090.49,563713.13,423872.42,138350.97,1489.74,conventional,2017,Portland
5,2016-11-20,1.23,455618.12,80040.96,114101.18,13948.69,247527.29,246808.48,500.84,217.97,conventional,2016,Portland
49,2015-01-18,1.11,439617.61,155745.95,220991.54,14692.73,48187.39,34402.17,13785.22,0.0,conventional,2015,Portland
17,2015-08-30,1.14,427776.92,154462.2,186124.73,13235.52,73954.47,73781.04,138.56,34.87,conventional,2015,Portland
8,2015-11-01,1.06,423475.77,98262.62,182672.87,11993.63,130546.65,130164.27,123.39,258.99,conventional,2015,Portland
12,2016-10-02,0.83,954737.07,93260.65,187759.49,15822.01,657894.92,481756.13,175641.94,496.85,conventional,2016,Portland
43,2015-03-01,0.94,598755.26,138994.95,359783.57,16252.3,83724.44,79396.05,4310.94,17.45,conventional,2015,Portland
28,2017-06-18,0.97,755535.79,151651.79,165833.34,15531.89,422518.77,422053.82,312.53,152.42,conventional,2017,Portland
2,2016-12-11,0.7,923022.14,97136.34,256730.42,11762.18,557393.2,554442.99,1653.04,1297.17,conventional,2016,Portland
27,2016-06-19,0.86,682680.66,154975.49,168948.72,19367.47,339388.98,337166.84,1625.57,596.57,conventional,2016,Portland
41,2016-03-13,0.79,750735.4,89366.15,223410.75,19425.0,418533.5,415276.73,2895.31,361.46,conventional,2016,Portland
40,2015-03-22,1.1,426180.78,153885.51,213514.26,16449.01,42332.0,42292.09,37.97,1.94,conventional,2015,Portland
8,2018-01-28,1.34,486679.98,80881.12,152913.11,16678.38,236207.37,142712.01,92874.02,621.34,conventional,2018,Portland
44,2015-02-22,1.11,495032.46,117115.76,287695.04,15574.43,74647.23,74573.17,74.06,0.0,conventional,2015,Portland
10,2018-01-14,1.06,747864.18,76227.53,252457.95,17693.46,401485.24,99618.49,300591.83,1274.92,conventional,2018,Portland
11,2016-10-09,1.08,598035.57,107796.99,124430.54,15502.77,350305.27,284345.95,65755.98,203.34,conventional,2016,Portland
22,2015-07-26,1.18,433999.24,178906.95,171527.43,17189.62,66375.24,66239.5,135.74,0.0,conventional,2015,Portland
47,2015-02-01,0.98,776237.93,165259.75,535324.57,15903.81,59749.8,48200.04,11547.81,1.95,conventional,2015,Portland
14,2016-09-18,0.94,603235.38,125312.43,146731.4,13568.76,317622.79,302546.28,14940.66,135.85,conventional,2016,Portland
28,2016-06-12,0.85,626226.63,159711.34,167508.33,19531.71,279475.25,277038.36,2380.23,56.66,conventional,2016,Portland
24,2016-07-10,0.98,669673.68,158448.06,152086.54,15965.08,343174.0,342068.5,1006.66,98.84,conventional,2016,Portland
4,2018-02-25,1.01,772848.65,62880.59,259931.89,16312.94,433723.23,101200.06,328765.75,3757.42,conventional,2018,Portland
52,2017-01-01,0.73,869835.55,100273.33,269506.85,13235.82,486819.55,468972.79,17284.95,561.81,conventional,2017,Portland
35,2017-04-30,0.84,940104.32,220613.6,175669.06,20230.57,523591.09,521942.84,1439.44,208.81,conventional,2017,Portland
45,2016-02-14,0.87,567176.93,98599.11,169228.62,15639.48,283709.72,283183.03,392.08,134.61,conventional,2016,Portland
6,2017-11-19,1.53,350149.0,105421.0,72924.0,13313.0,158491.0,84675.0,72816.0,1000.0,conventional,2017,Portland
13,2017-10-01,1.84,362296.15,97772.92,104336.09,14152.16,146034.98,92339.3,52994.8,700.88,conventional,2017,Portland
20,2016-08-07,0.96,659207.94,140180.44,166749.64,15567.8,336710.06,335811.13,831.25,67.68,conventional,2016,Portland
