data/a836d206-e31f-42a1-abcf-12303fbde651_hf_nateraw_avocado-prices.csv
Unnamed: 0,Date,AveragePrice,Total Volume,4046,4225,4770,Total Bags,Small Bags,Large Bags,XLarge Bags,type,year,region
47,2015-02-01,1.6,7634.17,4366.54,2884.3,0.0,383.33,383.33,0.0,0.0,organic,2015,LasVegas
23,2017-07-23,1.89,8527.21,1379.57,2862.27,0.0,4285.37,4248.87,36.5,0.0,organic,2017,LasVegas
34,2016-05-01,1.51,13228.93,4463.69,6588.39,0.0,2176.85,786.59,1390.26,0.0,organic,2016,LasVegas
0,2016-12-25,1.35,9519.43,1090.88,2506.87,0.0,5921.68,5810.1,111.58,0.0,organic,2016,LasVegas
1,2016-12-18,1.42,7232.71,913.95,2218.81,0.0,4099.95,4088.72,11.23,0.0,organic,2016,LasVegas
17,2016-08-28,2.02,8132.79,2503.68,2823.44,0.0,2805.67,411.15,2394.52,0.0,organic,2016,LasVegas
50,2016-01-10,1.41,8480.1,1630.03,3858.64,0.0,2991.43,2984.97,6.46,0.0,organic,2016,LasVegas
43,2017-03-05,1.01,20701.89,2110.61,5897.56,0.0,12693.72,12277.2,416.52,0.0,organic,2017,LasVegas
41,2015-03-15,1.89,4860.39,1974.44,2783.78,0.0,102.17,66.67,35.5,0.0,organic,2015,LasVegas
45,2016-02-14,1.28,9595.71,1481.93,3314.57,0.0,4799.21,3443.29,1355.92,0.0,organic,2016,LasVegas
23,2015-07-19,1.92,5058.93,1717.89,3137.14,0.0,203.9,23.99,179.91,0.0,organic,2015,LasVegas
22,2015-07-26,1.85,6775.02,3052.48,3504.8,0.0,217.74,16.67,201.07,0.0,organic,2015,LasVegas
21,2016-07-31,2.27,9953.15,2964.22,3659.42,0.0,3329.51,420.58,2908.93,0.0,organic,2016,LasVegas
7,2017-11-12,1.79,8252.87,1320.88,1398.84,0.0,5533.15,5504.25,28.9,0.0,organic,2017,LasVegas
16,2017-09-10,2.59,6984.87,1027.67,1970.77,0.0,3986.43,3968.34,18.09,0.0,organic,2017,LasVegas
10,2015-10-18,2.21,4420.01,1353.82,2836.26,0.0,229.93,223.33,6.6,0.0,organic,2015,LasVegas
43,2016-02-28,1.29,10997.51,2077.08,3518.48,0.0,5401.95,5374.07,27.88,0.0,organic,2016,LasVegas
1,2018-03-18,1.66,11198.86,1458.43,2174.4,0.0,7566.03,7545.71,20.32,0.0,organic,2018,LasVegas
50,2015-01-11,1.54,6144.55,4027.3,2083.92,0.0,33.33,33.33,0.0,0.0,organic,2015,LasVegas
14,2017-09-24,2.25,5491.29,1048.15,145.0,0.0,4298.14,4281.47,16.67,0.0,organic,2017,LasVegas
25,2016-07-03,1.59,15607.26,5586.02,5478.16,0.0,4543.08,438.23,4104.85,0.0,organic,2016,LasVegas
41,2016-03-13,1.33,9530.49,1955.94,4330.59,0.0,3243.96,3192.97,50.99,0.0,organic,2016,LasVegas
49,2017-01-22,1.34,10312.75,1117.76,3189.79,0.0,6005.2,5992.65,12.55,0.0,organic,2017,LasVegas
39,2015-03-29,1.43,9469.98,5071.98,3688.02,0.0,709.98,687.72,22.26,0.0,organic,2015,LasVegas
25,2015-07-05,1.6,10492.77,4751.99,5225.48,0.0,515.3,235.16,280.14,0.0,organic,2015,LasVegas
8,2017-11-05,1.83,7034.87,1540.11,1637.33,0.0,3857.43,3852.92,4.51,0.0,organic,2017,LasVegas
9,2017-10-29,1.93,7138.49,1136.5,1084.34,0.0,4917.65,4908.26,9.39,0.0,organic,2017,LasVegas
2,2018-03-11,1.62,13792.54,1966.47,2132.96,0.0,9693.11,9686.91,6.2,0.0,organic,2018,LasVegas
33,2016-05-08,1.31,13681.17,4543.59,5592.9,0.0,3544.68,416.67,3128.01,0.0,organic,2016,LasVegas
12,2017-10-08,2.25,6511.51,1223.09,194.14,0.0,5094.28,5038.49,55.79,0.0,organic,2017,LasVegas
2,2015-12-13,1.89,5606.22,1979.71,3117.37,0.0,509.14,408.49,100.65,0.0,organic,2015,LasVegas
13,2015-09-27,1.85,5756.8,1243.87,4399.58,0.0,113.35,103.33,10.02,0.0,organic,2015,LasVegas
20,2016-08-07,2.16,9591.2,3176.01,3095.01,0.0,3320.18,348.25,2971.93,0.0,organic,2016,LasVegas
50,2017-01-15,1.39,9442.83,941.79,2918.63,0.0,5582.41,5582.41,0.0,0.0,organic,2017,LasVegas
11,2016-10-09,2.09,5771.2,1016.77,2518.91,0.0,2235.52,2219.25,16.27,0.0,organic,2016,LasVegas
7,2015-11-08,1.96,5599.48,2671.45,2753.95,0.0,174.08,123.33,50.75,0.0,organic,2015,LasVegas
17,2015-08-30,1.75,8160.56,3905.04,3627.37,0.0,628.15,67.59,560.56,0.0,organic,2015,LasVegas
8,2018-01-28,1.78,8672.12,1005.73,2110.22,0.0,5556.17,5538.46,17.71,0.0,organic,2018,LasVegas
20,2017-08-13,2.05,6042.06,913.51,2538.57,0.0,2589.98,2520.14,69.84,0.0,organic,2017,LasVegas
15,2017-09-17,2.39,5487.1,1148.88,131.26,0.0,4206.96,4200.29,6.67,0.0,organic,2017,LasVegas
13,2016-09-25,2.91,4103.97,409.65,2810.06,0.0,884.26,884.26,0.0,0.0,organic,2016,LasVegas
29,2016-06-05,1.41,14224.73,5353.51,6571.59,0.0,2299.63,765.05,1534.58,0.0,organic,2016,LasVegas
4,2017-12-03,1.39,139970.0,3772.0,126551.0,136.0,9511.0,7061.0,2450.0,0.0,conventional,2017,Albany
16,2015-09-06,1.11,99172.96,879.45,90062.62,240.79,7990.1,7762.87,227.23,0.0,conventional,2015,Albany
25,2017-07-09,1.52,101331.41,2899.46,81929.02,494.51,16008.42,8213.25,5210.17,2585.0,conventional,2017,Albany
23,2017-07-23,1.49,84416.61,1905.52,72533.28,940.58,9037.23,3250.3,4896.93,890.0,conventional,2017,Albany
35,2017-04-30,1.13,124926.39,2573.11,99451.52,81.89,22819.87,10547.36,12272.51,0.0,conventional,2017,Albany
33,2016-05-08,1.27,120194.49,1041.95,96137.78,84.8,22929.96,22697.54,232.42,0.0,conventional,2016,Albany
45,2015-02-15,1.06,41567.62,986.66,30045.51,222.42,10313.03,9979.87,333.16,0.0,conventional,2015,Albany
12,2015-10-04,1.31,61007.1,2268.32,49880.67,101.36,8756.75,8379.98,376.77,0.0,conventional,2015,Albany
51,2015-01-04,1.22,40873.28,2819.5,28287.42,49.9,9716.46,9186.93,529.53,0.0,conventional,2015,Albany
18,2015-08-23,1.34,79992.09,733.16,67933.79,444.78,10880.36,10745.79,134.57,0.0,conventional,2015,Albany
30,2016-05-29,1.49,127812.25,2580.77,104876.94,103.64,20250.9,19519.92,180.98,550.0,conventional,2016,Albany
10,2018-01-14,1.42,95246.38,2897.41,76570.67,44.0,15734.3,10012.8,5721.5,0.0,conventional,2018,Albany
8,2015-11-01,1.02,99811.42,1022.15,87315.57,85.34,11388.36,11104.53,283.83,0.0,conventional,2015,Albany
48,2015-01-25,1.06,45147.5,941.38,33196.16,164.14,10845.82,10103.35,742.47,0.0,conventional,2015,Albany
47,2015-02-01,0.99,70873.6,1353.9,60017.2,179.32,9323.18,9170.82,152.36,0.0,conventional,2015,Albany
5,2016-11-20,1.56,70089.51,3675.63,56898.54,11.0,9504.34,9238.4,209.0,56.94,conventional,2016,Albany
31,2016-05-22,1.34,98863.64,929.07,74678.36,59.07,23197.14,22571.49,20.65,605.0,conventional,2016,Albany
10,2016-10-16,1.4,69060.9,4027.42,54186.55,53.77,10793.16,10434.39,358.77,0.0,conventional,2016,Albany
44,2015-02-22,1.07,45675.05,1088.38,35056.13,151.0,9379.54,9000.16,379.38,0.0,conventional,2015,Albany
24,2017-07-16,1.39,102461.61,2468.78,86707.66,2546.08,10739.09,4950.13,4788.96,1000.0,conventional,2017,Albany
8,2018-01-28,1.57,93625.03,3101.17,74627.23,55.59,15841.04,11614.79,4159.58,66.67,conventional,2018,Albany
18,2016-08-21,1.43,94882.79,14520.36,63416.88,28.03,16917.52,15811.0,286.52,820.0,conventional,2016,Albany
9,2017-10-29,1.67,69432.23,2959.76,57585.49,57.94,8829.04,5050.91,3778.13,0.0,conventional,2017,Albany
1,2018-03-18,1.35,105304.65,13234.86,61037.58,55.0,30977.21,26755.9,3721.31,500.0,conventional,2018,Albany
23,2016-07-17,1.31,89228.02,9273.69,64260.69,80.07,15613.57,13439.76,688.81,1485.0,conventional,2016,Albany
3,2017-12-10,1.29,92325.53,3220.05,75147.56,104.36,13853.56,7268.21,6585.35,0.0,conventional,2017,Albany
9,2016-10-23,1.19,92080.35,4222.93,77537.36,46.0,10274.06,10160.26,113.8,0.0,conventional,2016,Albany
43,2017-03-05,1.18,107354.25,3123.26,90784.49,57.86,13388.64,13277.29,111.35,0.0,conventional,2017,Albany
37,2015-04-12,1.13,48364.29,864.27,30374.15,21.5,17104.37,16438.49,665.88,0.0,conventional,2015,Albany
31,2015-05-24,1.19,101470.91,680.27,71376.81,58.7,29355.13,28761.81,593.32,0.0,conventional,2015,Albany
0,2017-12-31,1.47,113514.42,2622.7,101135.53,20.25,9735.94,5556.98,4178.96,0.0,conventional,2017,Albany
33,2015-05-10,1.26,120427.91,1420.43,102000.52,185.66,16821.3,16535.55,285.75,0.0,conventional,2015,Albany
9,2015-10-25,1.07,74338.76,842.4,64757.44,113.0,8625.92,8061.47,564.45,0.0,conventional,2015,Albany
1,2017-12-24,1.45,77039.09,2811.71,58592.23,19.06,15616.09,6863.18,8752.91,0.0,conventional,2017,Albany
37,2017-04-16,0.88,60261.72,11936.8,133.14,0.0,48191.78,48107.57,84.21,0.0,organic,2017,Houston
22,2017-07-30,1.41,34238.08,9681.29,11.89,0.0,24544.9,24541.57,3.33,0.0,organic,2017,Houston
20,2016-08-07,1.36,21560.06,11937.18,20.93,0.0,9601.95,9475.28,126.67,0.0,organic,2016,Houston
7,2015-11-08,1.44,10027.49,6028.94,83.94,0.0,3914.61,3914.61,0.0,0.0,organic,2015,Houston
3,2018-03-04,1.37,28699.66,6442.57,67.11,0.0,22189.98,21933.32,256.66,0.0,organic,2018,Houston
42,2015-03-08,1.31,9212.46,7483.56,622.23,0.0,1106.67,1106.67,0.0,0.0,organic,2015,Houston
29,2016-06-05,1.05,20914.8,9052.29,84.02,0.0,11778.49,9907.74,1870.75,0.0,organic,2016,Houston
42,2016-03-06,1.17,14320.97,7377.36,60.41,0.0,6883.2,6085.81,797.39,0.0,organic,2016,Houston
14,2017-09-24,1.91,28280.43,17784.07,43.62,0.0,10452.74,10449.41,3.33,0.0,organic,2017,Houston
17,2015-08-30,1.22,14045.27,11507.69,50.99,0.0,2486.59,1906.67,579.92,0.0,organic,2015,Houston
45,2017-02-19,0.89,41481.08,8836.46,167.97,0.0,32476.65,32476.65,0.0,0.0,organic,2017,Houston
23,2017-07-23,1.41,40100.89,11852.73,26.26,0.0,28221.9,28221.9,0.0,0.0,organic,2017,Houston
37,2016-04-10,1.2,13926.61,6289.57,37.68,0.0,7599.36,5796.76,1802.6,0.0,organic,2016,Houston
6,2017-11-19,1.56,24963.18,5928.62,75.49,0.0,18959.07,18955.74,3.33,0.0,organic,2017,Houston
0,2016-12-25,1.21,20826.21,10951.58,88.01,0.0,9786.62,9783.29,3.33,0.0,organic,2016,Houston
21,2016-07-31,1.45,21414.84,15274.5,20.85,0.0,6119.49,6036.16,83.33,0.0,organic,2016,Houston
7,2017-11-12,1.68,25301.84,6158.94,57.13,0.0,19085.77,19085.77,0.0,0.0,organic,2017,Houston
25,2015-07-05,1.17,12717.2,11733.69,353.51,0.0,630.0,630.0,0.0,0.0,organic,2015,Houston
18,2017-08-27,1.89,31276.86,11013.0,67.22,0.0,20196.64,20189.98,6.66,0.0,organic,2017,Houston
23,2015-07-19,1.21,10487.18,10034.98,358.87,0.0,93.33,93.33,0.0,0.0,organic,2015,Houston
44,2017-02-26,0.91,43969.52,10310.15,22.14,0.0,33637.23,33637.23,0.0,0.0,organic,2017,Houston
4,2015-11-29,1.51,7442.68,4092.5,69.63,0.0,3280.55,3280.55,0.0,0.0,organic,2015,Houston
2,2017-12-17,1.53,27626.41,6972.28,66.92,0.0,20587.21,20577.21,10.0,0.0,organic,2017,Houston
6,2018-02-11,1.4,24385.65,5208.72,60.53,0.0,19116.4,19029.73,86.67,0.0,organic,2018,Houston
9,2017-10-29,1.82,22367.66,5552.59,163.01,0.0,16652.06,16652.06,0.0,0.0,organic,2017,Houston
4,2017-12-03,1.56,25457.57,7042.76,178.32,0.0,18236.49,18166.49,70.0,0.0,organic,2017,Houston
10,2017-10-22,1.82,23190.15,5592.53,28.86,0.0,17568.76,17568.76,0.0,0.0,organic,2017,Houston
9,2016-10-23,1.43,28930.46,26196.98,31.49,0.0,2701.99,2701.99,0.0,0.0,organic,2016,Houston
16,2017-09-10,1.8,12934.91,6537.25,20.37,0.0,6377.29,6377.29,0.0,0.0,organic,2017,Houston
51,2017-01-08,1.07,20116.95,9041.57,47.04,0.0,11028.34,11028.34,0.0,0.0,organic,2017,Houston
28,2016-06-12,1.05,19398.78,8780.1,51.55,0.0,10567.13,9910.16,656.97,0.0,organic,2016,Houston
11,2018-01-07,1.38,30428.43,9238.55,61.24,0.0,21128.64,20778.64,350.0,0.0,organic,2018,Houston
39,2015-03-29,1.24,9207.99,7514.43,836.89,0.0,856.67,856.67,0.0,0.0,organic,2015,Houston
13,2016-09-25,0.87,40784.87,13792.1,93.57,0.0,26899.2,26875.87,23.33,0.0,organic,2016,Houston
45,2015-02-15,1.55,24986.4,16514.7,8294.37,0.0,177.33,177.33,0.0,0.0,organic,2015,SanFrancisco
34,2016-05-01,1.33,47035.36,1480.41,43790.32,0.0,1764.63,1764.63,0.0,0.0,organic,2016,SanFrancisco
11,2018-01-07,2.3,20151.24,10165.34,8042.56,0.0,1943.34,1943.34,0.0,0.0,organic,2018,SanFrancisco
5,2018-02-18,2.25,21551.76,9721.38,9543.71,0.0,2286.67,2283.34,3.33,0.0,organic,2018,SanFrancisco
33,2016-05-08,1.32,51985.57,1609.98,48288.21,0.0,2087.38,2087.38,0.0,0.0,organic,2016,SanFrancisco
19,2015-08-16,2.73,15289.67,1761.18,13512.74,0.0,15.75,15.75,0.0,0.0,organic,2015,SanFrancisco
24,2017-07-16,2.4,14099.42,4163.34,5797.11,0.0,4138.97,4137.35,1.62,0.0,organic,2017,SanFrancisco
13,2016-09-25,2.35,21280.92,1004.39,17080.28,0.0,3196.25,3172.92,23.33,0.0,organic,2016,SanFrancisco
11,2017-10-15,2.09,19027.31,10237.78,8211.76,0.0,577.77,577.77,0.0,0.0,organic,2017,SanFrancisco
49,2016-01-17,1.95,18983.23,1127.33,17731.64,0.0,124.26,105.62,18.64,0.0,organic,2016,SanFrancisco
17,2017-09-03,2.08,22836.09,12620.57,9443.2,0.0,772.32,767.88,4.44,0.0,organic,2017,SanFrancisco
44,2017-02-26,2.52,18753.79,6707.73,8785.72,0.0,3260.34,3260.34,0.0,0.0,organic,2017,SanFrancisco
11,2016-10-09,2.72,20761.25,1173.39,16842.78,0.0,2745.08,2717.31,27.77,0.0,organic,2016,SanFrancisco
31,2017-05-28,2.73,24852.33,10640.43,10979.17,8.75,3223.98,3201.3,22.68,0.0,organic,2017,SanFrancisco
15,2017-09-17,2.04,32191.54,18705.05,12704.86,0.0,781.63,781.63,0.0,0.0,organic,2017,SanFrancisco
18,2016-08-21,2.37,20261.0,1618.49,16299.31,0.0,2343.2,2303.2,40.0,0.0,organic,2016,SanFrancisco
30,2017-06-04,2.72,23896.87,9678.79,10552.04,2.91,3663.13,3609.78,53.35,0.0,organic,2017,SanFrancisco
4,2017-12-03,2.07,14737.28,8275.24,5745.39,0.0,716.65,712.21,4.44,0.0,organic,2017,SanFrancisco
0,2016-12-25,2.56,16169.17,5599.25,8335.16,0.0,2234.76,2234.76,0.0,0.0,organic,2016,SanFrancisco
24,2016-07-10,2.32,29064.21,1759.68,25145.42,0.0,2159.11,2149.11,10.0,0.0,organic,2016,SanFrancisco
29,2017-06-11,2.77,25806.28,10768.91,11690.84,4.37,3342.16,3338.11,4.05,0.0,organic,2017,SanFrancisco
32,2017-05-21,1.34,3415474.26,605625.06,1302177.14,268428.07,1239243.99,750032.2,434987.85,54223.94,conventional,2017,GreatLakes
44,2017-02-26,1.08,3848715.52,565282.75,1692494.9,368973.25,1221964.62,756489.66,369884.9,95590.06,conventional,2017,GreatLakes
23,2017-07-23,1.47,3014558.52,557159.67,1180490.16,267511.89,1009396.8,647895.99,296531.31,64969.5,conventional,2017,GreatLakes
49,2015-01-18,1.08,3006207.02,401683.43,1650327.26,257105.89,697090.44,600155.95,93434.54,3499.95,conventional,2015,GreatLakes
13,2016-09-25,1.37,2834326.48,484580.09,1282328.66,144883.2,922534.53,642865.75,263775.26,15893.52,conventional,2016,GreatLakes
11,2015-10-11,1.02,3004133.39,355508.86,1652244.4,456771.26,539608.87,384772.59,93016.17,61820.11,conventional,2015,GreatLakes
41,2015-03-15,1.1,2948199.23,475449.58,1626922.95,223788.7,622038.0,498932.31,114147.11,8958.58,conventional,2015,GreatLakes
41,2016-03-13,1.03,3145897.89,370032.77,1668502.58,319148.88,788213.66,531244.13,232255.44,24714.09,conventional,2016,GreatLakes
32,2015-05-17,1.09,3753201.03,787079.55,1939235.3,406338.23,620547.95,481046.82,110126.4,29374.73,conventional,2015,GreatLakes
12,2017-10-08,1.98,2063573.51,419515.35,658131.8,166808.35,819118.01,531466.43,263131.15,24520.43,conventional,2017,GreatLakes
50,2016-01-10,1.06,3310201.06,503914.83,1753942.06,352247.15,700097.02,488806.3,185907.38,25383.34,conventional,2016,GreatLakes
46,2016-02-07,0.85,4865296.26,652666.36,2644419.02,704466.56,863744.32,516542.03,238503.11,108699.18,conventional,2016,GreatLakes
14,2017-09-24,1.83,2415482.04,458465.32,895147.87,165462.95,896405.9,603851.22,258959.51,33595.17,conventional,2017,GreatLakes
7,2015-11-08,0.98,3184946.53,410061.0,1794703.2,425242.73,554939.6,365002.12,138161.32,51776.16,conventional,2015,GreatLakes
39,2017-04-02,1.41,3081036.18,504640.46,1212295.86,224247.43,1139852.43,723374.52,380655.17,35822.74,conventional,2017,GreatLakes
7,2016-11-06,1.48,2222383.47,398012.36,946981.93,91683.48,785705.7,520297.39,264747.16,661.15,conventional,2016,GreatLakes
50,2015-01-11,1.1,3067638.32,416900.3,1818618.04,316856.73,515263.25,412976.97,91214.54,11071.74,conventional,2015,GreatLakes
45,2017-02-19,1.1,3184221.55,458082.87,1329999.72,224790.76,1171348.2,721288.96,401353.64,48705.6,conventional,2017,GreatLakes
42,2015-03-08,1.04,3134752.64,380674.2,1675102.29,253978.78,824997.37,697812.88,114519.6,12664.89,conventional,2015,GreatLakes
12,2016-10-02,1.38,2618805.67,389791.16,1183844.04,129395.86,915774.61,591584.72,307678.2,16511.69,conventional,2016,GreatLakes
6,2016-11-13,1.41,2348814.17,378864.27,1003256.02,103230.89,863462.99,598773.66,264201.22,488.11,conventional,2016,GreatLakes
48,2017-01-29,1.01,3799154.1,593815.23,1631554.73,181118.9,1392665.24,891429.94,485161.76,16073.54,conventional,2017,GreatLakes
51,2016-01-03,0.92,4065583.41,604697.28,2200074.78,543717.88,717093.47,438279.98,147920.69,130892.8,conventional,2016,GreatLakes
2,2016-12-11,1.03,3048518.15,593674.17,1251696.43,134247.97,1068899.58,767092.05,290596.83,11210.7,conventional,2016,GreatLakes
28,2015-06-14,1.12,3511185.14,604782.48,1744519.06,346867.18,815016.42,683334.7,119899.69,11782.03,conventional,2015,GreatLakes
19,2015-08-16,1.03,3653376.07,414756.68,2087149.52,475383.38,676086.49,486209.97,129683.8,60192.72,conventional,2015,GreatLakes
48,2016-01-24,0.95,3806974.62,473647.35,2043221.89,553447.22,736658.16,513809.98,150810.3,72037.88,conventional,2016,GreatLakes
37,2016-04-10,1.05,3126127.34,497880.34,1454195.66,299669.72,874381.62,628085.89,225792.03,20503.7,conventional,2016,GreatLakes
7,2017-11-12,1.19,3284210.0,699961.0,1049661.0,151409.0,1383179.0,791377.0,585936.0,5866.0,conventional,2017,GreatLakes
42,2016-03-06,0.98,3818114.32,372605.84,2069786.74,534051.03,841670.71,522649.1,250138.15,68883.46,conventional,2016,GreatLakes
11,2016-10-09,1.35,2624202.9,419930.06,1162528.89,129381.16,912362.79,571072.59,325870.37,15419.83,conventional,2016,GreatLakes
18,2015-08-23,1.14,2849127.29,404182.26,1596909.93,279710.88,568324.22,427635.3,122225.92,18463.0,conventional,2015,GreatLakes
30,2016-05-29,1.05,3925300.14,583307.07,1952011.72,280608.56,1109372.79,868963.09,210973.46,29436.24,conventional,2016,GreatLakes
48,2015-01-25,1.13,2928692.32,390289.67,1649082.75,271642.56,617677.34,503612.64,109501.0,4563.7,conventional,2015,GreatLakes
40,2016-03-20,1.06,3368333.6,372244.77,1730562.82,425736.86,839789.15,549844.69,245562.93,44381.53,conventional,2016,GreatLakes
36,2016-04-17,0.98,4154218.26,441314.08,2322236.11,508030.41,882637.66,603191.07,210717.86,68728.73,conventional,2016,GreatLakes
35,2017-04-30,1.38,3584134.9,633332.25,1431880.81,277355.63,1241566.21,797304.37,407221.12,37040.72,conventional,2017,GreatLakes
