data/a836d206-e31f-42a1-abcf-12303fbde651_hf_nateraw_avocado-prices.csv
Unnamed: 0,Date,AveragePrice,Total Volume,4046,4225,4770,Total Bags,Small Bags,Large Bags,XLarge Bags,type,year,region
50,2017-01-15,0.98,42695.84,3851.49,4314.91,8.19,34521.25,310.38,34210.87,0.0,organic,2017,Portland
2,2018-03-11,1.72,26924.36,1338.53,7520.53,0.0,18065.3,1900.73,16164.57,0.0,organic,2018,Portland
52,2017-01-01,0.99,31827.5,4842.14,3008.78,0.0,23976.58,173.02,23803.56,0.0,organic,2017,Portland
48,2017-01-29,0.99,35700.1,3147.45,4138.38,1.63,28412.64,849.74,27562.9,0.0,organic,2017,Portland
18,2015-08-23,2.21,17148.39,3696.01,12224.75,1.64,1225.99,0.0,1225.99,0.0,organic,2015,Portland
26,2015-06-28,1.53,41116.32,7314.21,33780.38,21.73,0.0,0.0,0.0,0.0,organic,2015,Portland
27,2016-06-19,1.23,49843.09,7923.86,26690.89,18.5,15209.84,1979.12,13230.72,0.0,organic,2016,Portland
14,2016-09-18,1.46,24816.08,4166.39,3430.99,0.0,17218.7,9866.38,7352.32,0.0,organic,2016,Portland
24,2017-07-16,2.33,28189.28,3130.81,8104.86,5.04,16948.57,275.55,16673.02,0.0,organic,2017,Portland
24,2016-07-10,1.66,27248.92,5420.57,11123.92,19.77,10684.66,130.33,10554.33,0.0,organic,2016,Portland
10,2016-10-16,1.4,26243.63,3780.79,4114.77,4.99,18343.08,2640.17,15702.91,0.0,organic,2016,Portland
37,2015-04-12,1.32,63498.04,8217.36,41945.37,11.27,13324.04,0.0,13324.04,0.0,organic,2015,Portland
9,2018-01-21,1.8,25108.84,3170.73,3086.95,10.07,18841.09,1279.19,17489.16,72.74,organic,2018,Portland
30,2015-05-31,1.5,41728.28,7282.84,34362.43,1.67,81.34,0.0,81.34,0.0,organic,2015,Portland
13,2016-09-25,1.57,15562.86,2981.79,2886.82,0.0,9694.25,4026.13,5668.12,0.0,organic,2016,Portland
28,2016-06-12,1.67,25140.3,6921.86,15536.84,15.11,2666.49,273.21,2393.28,0.0,organic,2016,Portland
25,2015-07-05,1.93,24954.8,8938.08,14928.33,3.33,1085.06,0.0,1085.06,0.0,organic,2015,Portland
33,2017-05-14,1.3,48275.47,5546.5,3638.93,8.47,39081.57,352.47,38729.1,0.0,organic,2017,Portland
46,2015-02-08,1.23,57669.71,16202.53,32480.02,6.22,8980.94,710.0,8270.94,0.0,organic,2015,Portland
16,2017-09-10,2.84,14781.24,182.73,1918.62,6.53,12673.36,1401.92,11193.49,77.95,organic,2017,Portland
32,2015-05-17,1.68,30795.99,13615.68,14195.22,0.0,2985.09,0.0,2985.09,0.0,organic,2015,Portland
26,2017-07-02,1.93,35248.52,6316.51,10620.11,5.02,18306.88,315.73,17991.15,0.0,organic,2017,Portland
40,2016-03-20,0.87,96171.26,1402.83,26703.78,0.0,68064.65,257.53,67807.12,0.0,organic,2016,Portland
49,2016-01-17,1.22,29446.62,1345.36,11419.3,0.0,16681.96,27.85,16654.11,0.0,organic,2016,Portland
21,2017-08-06,2.14,27316.23,8822.05,3672.5,18.46,14803.22,2466.44,12336.78,0.0,organic,2017,Portland
3,2016-12-04,1.46,26063.62,3404.28,4487.52,9.9,18161.92,232.94,17928.98,0.0,organic,2016,Portland
4,2016-11-27,1.39,26868.47,2771.15,3371.02,8.24,20718.06,129.82,20588.24,0.0,organic,2016,Portland
13,2015-09-27,1.72,18034.01,1045.73,10525.36,3.3,6459.62,0.0,6459.62,0.0,organic,2015,Portland
9,2017-10-29,2.49,17335.77,2011.28,2499.56,0.0,12824.93,1483.24,11325.08,16.61,organic,2017,Portland
44,2017-02-26,1.23,30803.34,3411.42,5012.15,25.84,22353.93,516.54,21837.39,0.0,organic,2017,Portland
27,2016-06-19,0.97,293340.02,162451.07,39328.87,267.67,91292.41,70450.55,16416.86,4425.0,conventional,2016,NewOrleansMobile
2,2017-12-17,1.03,251753.79,151885.76,18381.27,1505.0,79981.76,68849.84,10321.92,810.0,conventional,2017,NewOrleansMobile
23,2015-07-19,0.98,258559.32,167068.14,8930.71,11720.44,70840.03,62702.44,8131.55,6.04,conventional,2015,NewOrleansMobile
14,2016-09-18,1.18,244913.97,126047.18,32908.26,447.79,85510.74,58161.71,16384.03,10965.0,conventional,2016,NewOrleansMobile
24,2017-07-16,1.32,232912.36,120631.11,29406.15,39.0,82836.1,64601.65,9641.12,8593.33,conventional,2017,NewOrleansMobile
41,2017-03-19,1.32,231348.89,130993.69,32649.16,284.06,67421.98,51297.4,9849.58,6275.0,conventional,2017,NewOrleansMobile
29,2017-06-11,1.32,312695.0,187011.15,31940.35,188.0,93555.5,76637.93,8992.57,7925.0,conventional,2017,NewOrleansMobile
14,2015-09-20,1.0,224017.47,135003.95,24187.24,1608.76,63217.52,56901.55,6309.86,6.11,conventional,2015,NewOrleansMobile
12,2017-10-08,1.34,328829.92,207980.89,24630.11,31.1,96187.82,82449.13,13738.69,0.0,conventional,2017,NewOrleansMobile
3,2017-12-10,1.06,251601.16,144316.93,21840.9,1803.0,83640.33,71291.13,11513.64,835.56,conventional,2017,NewOrleansMobile
30,2017-06-04,1.38,256543.43,158511.61,25352.42,298.0,72381.4,53362.71,5313.69,13705.0,conventional,2017,NewOrleansMobile
19,2016-08-14,1.11,265537.57,148300.05,48204.73,189.86,68842.93,52182.75,14285.18,2375.0,conventional,2016,NewOrleansMobile
10,2017-10-22,1.26,269443.25,159833.64,24349.84,1576.11,83683.66,73112.43,10571.23,0.0,conventional,2017,NewOrleansMobile
20,2015-08-09,1.0,272464.74,171948.43,10121.42,11932.03,78462.86,71332.39,7130.47,0.0,conventional,2015,NewOrleansMobile
39,2017-04-02,1.37,243155.13,137881.46,33317.61,192.06,71764.0,53763.94,9845.06,8155.0,conventional,2017,NewOrleansMobile
18,2016-08-21,1.04,314573.49,187528.23,43283.16,305.0,83457.1,61315.63,12616.47,9525.0,conventional,2016,NewOrleansMobile
9,2016-10-23,1.44,203438.23,102352.79,30817.32,245.0,70023.12,50403.63,15594.49,4025.0,conventional,2016,NewOrleansMobile
38,2016-04-03,0.89,316709.44,183584.86,29117.49,4574.45,99432.64,80521.66,18910.98,0.0,conventional,2016,NewOrleansMobile
23,2016-07-17,1.09,284925.7,141466.9,40877.52,271.3,102309.98,86821.17,13213.81,2275.0,conventional,2016,NewOrleansMobile
21,2015-08-02,1.04,248670.72,157656.04,8025.5,11763.0,71226.18,66186.24,5015.77,24.17,conventional,2015,NewOrleansMobile
24,2016-07-10,1.06,291978.06,149481.91,41307.31,335.0,100853.84,79378.63,10060.49,11414.72,conventional,2016,NewOrleansMobile
43,2016-02-28,0.8,320342.69,173568.42,35255.98,991.5,110526.79,84691.42,25835.37,0.0,conventional,2016,NewOrleansMobile
41,2016-03-13,0.91,304057.64,160965.45,38522.85,455.16,104114.18,80240.98,23873.2,0.0,conventional,2016,NewOrleansMobile
39,2016-03-27,0.94,263581.97,138523.24,31627.14,1281.63,92149.96,79866.18,12283.78,0.0,conventional,2016,NewOrleansMobile
42,2017-03-12,1.32,239083.77,145739.86,25219.09,271.03,67853.79,51341.55,9832.24,6680.0,conventional,2017,NewOrleansMobile
52,2017-01-01,0.81,318672.94,175385.65,42839.67,242.0,100205.62,68817.75,24039.54,7348.33,conventional,2017,NewOrleansMobile
35,2016-04-24,0.87,295498.57,150931.36,33965.14,3088.13,107513.94,77956.93,29557.01,0.0,conventional,2016,NewOrleansMobile
13,2017-10-01,1.72,227535.41,132184.69,21112.28,9.0,74229.44,61436.17,12793.27,0.0,conventional,2017,NewOrleansMobile
42,2016-03-06,0.97,267953.78,150786.3,27025.48,565.65,89576.35,74664.71,14911.64,0.0,conventional,2016,NewOrleansMobile
33,2015-05-10,1.05,256291.77,176480.19,7959.95,321.0,71530.63,67176.21,4354.42,0.0,conventional,2015,NewOrleansMobile
9,2015-10-25,1.01,191180.56,117736.07,17516.63,646.78,55281.08,51959.11,3321.97,0.0,conventional,2015,NewOrleansMobile
35,2017-04-30,1.32,301447.98,193112.77,28592.77,251.05,79491.39,60607.72,10988.67,7895.0,conventional,2017,NewOrleansMobile
51,2016-01-03,0.86,274498.01,159513.2,40902.35,352.6,73729.86,65954.52,7775.34,0.0,conventional,2016,NewOrleansMobile
10,2016-10-16,1.36,55053.59,1344.18,31561.93,21.67,22125.81,22125.81,0.0,0.0,conventional,2016,Syracuse
25,2016-07-03,1.37,85205.46,1970.63,47537.91,1.25,35695.67,32830.67,0.0,2865.0,conventional,2016,Syracuse
5,2016-11-20,1.61,38598.98,814.68,27876.91,1.0,9906.39,9906.39,0.0,0.0,conventional,2016,Syracuse
14,2016-09-18,1.46,55922.25,2411.13,36168.63,15.99,17326.5,17070.94,255.56,0.0,conventional,2016,Syracuse
23,2017-07-23,1.38,68030.78,1193.19,40041.52,249.55,26546.52,24946.32,760.2,840.0,conventional,2017,Syracuse
20,2017-08-13,1.45,78489.49,995.24,49060.0,95.43,28338.82,26760.87,504.62,1073.33,conventional,2017,Syracuse
27,2017-06-25,1.48,58174.88,1578.3,44074.2,113.25,12409.13,9107.87,2081.26,1220.0,conventional,2017,Syracuse
13,2017-10-01,1.58,47034.13,8960.94,26794.59,26.53,11252.07,7107.08,4144.99,0.0,conventional,2017,Syracuse
17,2016-08-28,1.38,71711.83,5939.38,45349.71,16.1,20406.64,19306.64,0.0,1100.0,conventional,2016,Syracuse
51,2017-01-08,1.43,67353.38,1221.37,41382.49,11.79,24737.73,24733.29,4.44,0.0,conventional,2017,Syracuse
11,2017-10-15,1.57,43715.52,9713.37,25427.16,63.06,8511.93,6112.95,2398.98,0.0,conventional,2017,Syracuse
9,2017-10-29,1.46,53621.45,4026.13,30151.64,29.82,19413.86,5103.83,14310.03,0.0,conventional,2017,Syracuse
21,2015-08-02,1.48,41000.44,722.58,26661.77,219.89,13396.2,13396.2,0.0,0.0,conventional,2015,Syracuse
22,2016-07-24,1.5,56952.09,1940.69,35492.01,19.95,19499.44,16609.44,0.0,2890.0,conventional,2016,Syracuse
23,2015-07-19,1.38,59427.83,593.22,34449.87,1027.97,23356.77,23356.77,0.0,0.0,conventional,2015,Syracuse
5,2015-11-22,1.38,39100.45,846.69,22314.4,34.38,15904.98,15904.98,0.0,0.0,conventional,2015,Syracuse
37,2015-04-12,1.36,46828.88,670.17,21961.57,26.37,24170.77,23944.66,226.11,0.0,conventional,2015,Syracuse
30,2016-05-29,1.36,82173.8,1259.66,52293.06,435.86,28185.22,27875.22,0.0,310.0,conventional,2016,Syracuse
18,2016-08-21,1.44,58497.96,2904.27,37191.51,19.23,18382.95,17427.95,0.0,955.0,conventional,2016,Syracuse
3,2018-03-04,1.1,89700.27,7365.24,50900.41,81.18,31353.44,9960.15,21393.29,0.0,conventional,2018,Syracuse
28,2017-06-18,1.54,61468.49,1407.87,43878.97,350.22,15831.43,13074.87,1366.56,1390.0,conventional,2017,Syracuse
22,2015-07-26,1.23,59947.27,878.02,41541.46,334.92,17192.87,17192.87,0.0,0.0,conventional,2015,Syracuse
28,2015-06-14,1.35,65184.56,547.63,27340.54,2737.16,34559.23,34559.23,0.0,0.0,conventional,2015,Syracuse
1,2016-12-18,1.42,42029.51,770.8,28068.62,5.0,13185.09,12270.19,908.23,6.67,conventional,2016,Syracuse
25,2015-07-05,1.45,68922.42,797.75,35080.61,3980.63,29063.43,28845.65,217.78,0.0,conventional,2015,Syracuse
9,2018-01-21,1.45,84994.86,3424.37,55184.65,81.92,26303.92,11894.14,14409.78,0.0,conventional,2018,Syracuse
5,2017-11-26,1.29,44800.0,2027.0,25986.0,37.0,16750.0,13893.0,2858.0,0.0,conventional,2017,Syracuse
15,2017-09-17,1.38,62352.95,3606.84,36375.29,17.24,22353.58,17869.41,4337.5,146.67,conventional,2017,Syracuse
24,2015-07-12,1.25,75144.87,577.45,43147.8,2809.38,28610.24,28512.46,97.78,0.0,conventional,2015,Syracuse
27,2017-06-25,1.56,65066.62,3136.16,19656.54,112.27,42161.65,18213.76,23947.89,0.0,organic,2017,Plains
7,2015-11-08,1.73,32097.19,4531.87,14489.94,328.59,12746.79,8602.73,4144.06,0.0,organic,2015,Plains
41,2016-03-13,1.54,41060.75,4494.19,19232.48,2392.43,14941.65,6083.37,8858.28,0.0,organic,2016,Plains
35,2017-04-30,1.8,69732.89,2391.99,29776.85,1470.12,36093.93,19268.73,16825.2,0.0,organic,2017,Plains
39,2016-03-27,1.45,47440.66,6443.92,19972.56,2998.54,18025.64,5362.6,12663.04,0.0,organic,2016,Plains
37,2017-04-16,1.59,85609.54,5166.93,24157.5,1783.22,54501.89,29033.98,25467.91,0.0,organic,2017,Plains
25,2017-07-09,1.62,63609.57,2420.11,23093.17,61.27,38035.02,18331.46,19703.56,0.0,organic,2017,Plains
51,2017-01-08,1.67,56310.43,4527.73,18578.92,5649.58,27554.2,21617.03,5937.17,0.0,organic,2017,Plains
12,2016-10-02,1.76,47384.06,2804.71,18186.33,649.6,25743.42,13418.55,12324.87,0.0,organic,2016,Plains
27,2015-06-21,1.88,37004.14,5625.74,21939.19,60.75,9378.46,7204.04,2174.42,0.0,organic,2015,Plains
28,2015-06-14,1.79,33795.51,4749.1,20882.01,41.97,8122.43,5857.07,2265.36,0.0,organic,2015,Plains
26,2017-07-02,1.55,59145.56,1399.43,20993.46,54.01,36698.66,17049.24,19649.42,0.0,organic,2017,Plains
5,2015-11-22,1.69,28577.15,4477.93,13302.64,40.44,10756.14,5955.98,4800.16,0.0,organic,2015,Plains
39,2017-04-02,1.55,81276.27,5032.45,22665.95,855.1,52722.77,21004.95,31717.82,0.0,organic,2017,Plains
19,2016-08-14,1.82,53866.63,5829.03,22762.76,4411.5,20863.34,10714.01,10149.33,0.0,organic,2016,Plains
29,2016-06-05,1.68,54947.33,5202.16,26660.75,3345.5,19738.92,14844.01,4894.91,0.0,organic,2016,Plains
50,2016-01-10,1.63,41956.88,5395.24,14899.65,3836.61,17825.38,11957.58,5867.8,0.0,organic,2016,Plains
30,2015-05-31,1.93,31775.42,4847.34,17449.33,53.66,9425.09,7198.51,2226.58,0.0,organic,2015,Plains
52,2017-01-01,1.62,47042.21,4547.17,15245.73,1366.36,25882.95,17253.74,8629.21,0.0,organic,2017,Plains
13,2017-10-01,2.09,60186.09,1616.73,15507.7,1134.3,41901.3,32057.02,9844.28,0.0,organic,2017,Plains
19,2015-08-16,1.88,32159.33,5368.34,15506.11,35.65,11249.23,9695.15,1554.08,0.0,organic,2015,Plains
8,2018-01-28,1.64,56920.22,2711.12,14479.56,0.0,39729.54,27818.91,11910.63,0.0,organic,2018,Plains
2,2018-03-11,1.55,72624.66,4912.54,19192.2,7.35,48512.57,37059.78,11452.79,0.0,organic,2018,Plains
3,2018-03-04,1.55,74156.41,4937.37,18295.18,0.0,50923.86,35751.36,15172.5,0.0,organic,2018,Plains
17,2016-08-28,1.67,54112.35,5905.64,22226.82,309.42,25670.47,9529.41,16141.06,0.0,organic,2016,Plains
43,2016-02-28,1.39,51756.47,5743.88,20482.8,6482.18,19047.61,8049.71,10997.9,0.0,organic,2016,Plains
36,2017-04-23,1.67,70584.97,4057.02,23962.95,307.19,42257.81,26018.54,16239.27,0.0,organic,2017,Plains
42,2015-03-08,1.68,33434.23,3482.6,12593.96,13.73,17343.94,15943.23,1400.71,0.0,organic,2015,Plains
4,2017-12-03,1.76,47265.24,2087.77,14952.84,24.23,30200.4,18480.79,11719.61,0.0,organic,2017,Plains
0,2017-12-31,1.63,62228.22,3018.47,15029.08,38.91,44141.76,32311.88,11829.88,0.0,organic,2017,Plains
44,2017-02-26,1.39,76034.02,6058.09,24558.45,1293.32,44124.16,20679.02,23445.14,0.0,organic,2017,Plains
3,2017-12-10,1.7,54723.29,1965.71,15750.0,9.73,36976.92,25074.28,11902.64,0.0,organic,2017,Plains
13,2016-09-25,1.87,44993.62,4312.89,19596.71,1090.56,19993.46,11441.45,8552.01,0.0,organic,2016,Plains
47,2016-01-31,1.55,40874.22,3229.22,17774.39,1427.09,18443.52,9100.27,9343.25,0.0,organic,2016,Plains
21,2017-08-06,1.8,68525.6,2462.31,18938.49,31.05,47093.75,34485.91,12607.84,0.0,organic,2017,Plains
48,2017-01-29,1.55,49505.09,4305.53,16857.63,935.56,27406.37,16105.53,11300.84,0.0,organic,2017,Plains
18,2016-08-21,1.8,51545.86,7264.64,21638.51,525.6,22117.11,12589.18,9527.93,0.0,organic,2016,Plains
14,2015-09-20,1.85,30393.35,3928.04,15101.88,45.84,11317.59,8824.73,2492.86,0.0,organic,2015,Plains
11,2018-01-07,1.72,61712.85,2216.22,18281.23,17.08,41198.32,30082.97,11112.64,2.71,organic,2018,Plains
1,2015-12-20,1.69,29471.57,3393.9,12896.24,3386.0,9795.43,4937.52,4857.91,0.0,organic,2015,Plains
13,2015-09-27,1.15,192478.26,30410.27,108385.85,294.6,53387.54,51731.16,1656.38,0.0,conventional,2015,HarrisburgScranton
52,2017-01-01,1.35,235430.29,41800.77,136109.66,420.83,57099.03,52817.14,4281.89,0.0,conventional,2017,HarrisburgScranton
12,2016-10-02,1.4,214726.86,42262.02,106682.04,191.99,65590.81,64688.8,902.01,0.0,conventional,2016,HarrisburgScranton
0,2015-12-27,1.16,173645.55,22694.58,98629.2,149.11,52172.66,51396.6,776.06,0.0,conventional,2015,HarrisburgScranton
35,2016-04-24,1.09,283535.19,50495.46,157366.58,235.32,75437.83,74325.2,1112.63,0.0,conventional,2016,HarrisburgScranton
29,2015-06-07,1.21,265638.42,40587.95,138950.26,675.56,85424.65,81417.34,3219.51,787.8,conventional,2015,HarrisburgScranton
9,2015-10-25,1.11,183276.68,27595.5,101618.92,185.61,53876.65,52569.78,1306.87,0.0,conventional,2015,HarrisburgScranton
43,2015-03-01,1.07,230913.14,28899.98,134019.55,614.07,67379.54,65870.9,1508.64,0.0,conventional,2015,HarrisburgScranton
17,2016-08-28,1.32,269377.79,45946.25,114244.06,1086.91,108100.57,102788.68,2348.73,2963.16,conventional,2016,HarrisburgScranton
27,2017-06-25,1.46,222447.25,40132.56,121032.8,92.67,61189.22,52906.18,2108.04,6175.0,conventional,2017,HarrisburgScranton
39,2016-03-27,1.15,247389.76,35550.74,135847.91,156.57,75834.54,74484.74,1349.8,0.0,conventional,2016,HarrisburgScranton
49,2015-01-18,1.24,182604.68,30928.18,85410.46,535.87,65730.17,64180.88,1549.29,0.0,conventional,2015,HarrisburgScranton
28,2017-06-18,1.5,238389.11,45186.48,131057.91,86.44,62058.28,55129.91,2569.76,4358.61,conventional,2017,HarrisburgScranton
5,2016-11-20,1.37,191755.51,29191.47,91102.95,117.32,71343.77,70656.64,687.13,0.0,conventional,2016,HarrisburgScranton
35,2017-04-30,1.48,268831.64,54369.02,135977.0,123.86,78361.76,76015.77,2179.32,166.67,conventional,2017,HarrisburgScranton
41,2016-03-13,1.13,256785.76,35473.08,148078.39,202.18,73032.11,71738.99,1293.12,0.0,conventional,2016,HarrisburgScranton
31,2016-05-22,1.12,257598.79,40865.69,124677.68,182.79,91872.63,90017.38,775.25,1080.0,conventional,2016,HarrisburgScranton
47,2017-02-05,1.14,348380.9,117876.11,153442.16,4525.24,72537.39,67100.41,5107.7,329.28,conventional,2017,HarrisburgScranton
44,2015-02-22,1.2,191040.19,32241.22,83702.91,506.96,74589.1,73386.08,1203.02,0.0,conventional,2015,HarrisburgScranton
24,2017-07-16,1.38,224434.92,42951.31,120360.02,131.85,60991.74,53141.81,3621.04,4228.89,conventional,2017,HarrisburgScranton
38,2017-04-09,1.48,251676.02,47837.77,121350.21,124.82,82363.22,78470.9,3892.32,0.0,conventional,2017,HarrisburgScranton
40,2015-03-22,1.08,219149.75,28701.47,129731.5,481.59,60235.19,57777.32,2457.87,0.0,conventional,2015,HarrisburgScranton
17,2017-09-03,1.53,212828.72,39153.66,117858.62,49.9,55766.54,52253.48,599.73,2913.33,conventional,2017,HarrisburgScranton
42,2015-03-08,1.15,192277.92,38517.23,75750.79,334.13,77675.77,75825.42,1850.35,0.0,conventional,2015,HarrisburgScranton
1,2016-12-18,1.21,210917.45,25826.37,133480.1,208.63,51402.35,50217.77,1184.58,0.0,conventional,2016,HarrisburgScranton
20,2015-08-09,1.07,247575.06,40320.2,149595.95,510.58,57148.33,56333.05,815.28,0.0,conventional,2015,HarrisburgScranton
