data/a836d206-e31f-42a1-abcf-12303fbde651_hf_nateraw_avocado-prices.csv
Unnamed: 0,Date,AveragePrice,Total Volume,4046,4225,4770,Total Bags,Small Bags,Large Bags,XLarge Bags,type,year,region
37,2017-04-16,1.74,68194.97,189.55,63660.83,0.0,4344.59,4344.59,0.0,0.0,organic,2017,Chicago
7,2015-11-08,1.59,26247.16,643.23,24713.93,0.0,890.0,890.0,0.0,0.0,organic,2015,Chicago
41,2017-03-19,1.68,45989.07,1720.14,40737.11,0.0,3531.82,3527.38,4.44,0.0,organic,2017,Chicago
48,2017-01-29,1.51,44735.4,87.33,40554.73,0.0,4093.34,4088.9,4.44,0.0,organic,2017,Chicago
17,2017-09-03,2.05,20131.27,107.44,11896.8,0.0,8127.03,8127.03,0.0,0.0,organic,2017,Chicago
21,2015-08-02,1.59,27490.93,614.02,26526.91,0.0,350.0,350.0,0.0,0.0,organic,2015,Chicago
17,2016-08-28,2.09,27637.06,699.1,25426.29,0.0,1511.67,1511.67,0.0,0.0,organic,2016,Chicago
7,2017-11-12,2.06,32924.34,24.78,25147.1,0.0,7752.46,7733.57,18.89,0.0,organic,2017,Chicago
39,2015-03-29,1.66,15545.06,119.66,14605.4,0.0,820.0,820.0,0.0,0.0,organic,2015,Chicago
29,2017-06-11,1.96,44859.81,68.64,42911.11,0.0,1880.06,1880.06,0.0,0.0,organic,2017,Chicago
28,2016-06-12,1.53,40535.05,162.25,38677.24,0.0,1695.56,1695.56,0.0,0.0,organic,2016,Chicago
25,2017-07-09,1.99,34529.39,101.56,33439.5,0.0,988.33,988.33,0.0,0.0,organic,2017,Chicago
9,2016-10-23,2.2,28740.94,84.24,25376.14,0.0,3280.56,3276.12,4.44,0.0,organic,2016,Chicago
31,2015-05-24,1.86,20871.17,552.15,19632.59,0.0,686.43,680.0,6.43,0.0,organic,2015,Chicago
14,2015-09-20,1.6,26935.23,1188.26,25203.64,0.0,543.33,543.33,0.0,0.0,organic,2015,Chicago
8,2015-11-01,1.6,24450.48,936.9,23373.58,0.0,140.0,140.0,0.0,0.0,organic,2015,Chicago
11,2015-10-11,1.69,19520.71,933.6,18480.44,0.0,106.67,106.67,0.0,0.0,organic,2015,Chicago
52,2017-01-01,1.34,36915.87,36.67,34076.57,0.0,2802.63,2802.63,0.0,0.0,organic,2017,Chicago
43,2016-02-28,1.6,34164.85,918.49,32243.52,0.0,1002.84,1002.84,0.0,0.0,organic,2016,Chicago
4,2016-11-27,2.3,20020.98,57.34,16648.36,0.0,3315.28,3315.28,0.0,0.0,organic,2016,Chicago
21,2016-07-31,2.11,28969.34,80.77,27361.91,0.0,1526.66,1526.66,0.0,0.0,organic,2016,Chicago
36,2016-04-17,1.55,25405.66,97.85,24629.54,0.0,678.27,678.27,0.0,0.0,organic,2016,Chicago
36,2017-04-23,1.67,50574.88,144.02,46354.05,0.0,4076.81,4072.37,4.44,0.0,organic,2017,Chicago
29,2016-06-05,1.24,42580.14,105.86,41327.69,0.0,1146.59,1146.59,0.0,0.0,organic,2016,Chicago
29,2015-06-07,1.85,19636.24,857.74,18325.17,0.0,453.33,453.33,0.0,0.0,organic,2015,Chicago
7,2016-11-06,2.24,28818.87,38.61,24966.93,0.0,3813.33,3813.33,0.0,0.0,organic,2016,Chicago
22,2017-07-30,1.9,39043.11,93.55,31700.84,0.0,7248.72,7248.72,0.0,0.0,organic,2017,Chicago
13,2016-09-25,2.05,26730.61,93.75,24273.38,0.0,2363.48,2363.48,0.0,0.0,organic,2016,Chicago
48,2016-01-24,1.62,25004.87,976.46,23728.41,0.0,300.0,300.0,0.0,0.0,organic,2016,Chicago
2,2015-12-13,1.59,24059.71,876.48,23109.9,0.0,73.33,73.33,0.0,0.0,organic,2015,Chicago
3,2016-12-04,1.71,35156.8,87.48,31941.41,0.0,3127.91,3127.91,0.0,0.0,organic,2016,Chicago
31,2017-05-28,1.93,48877.42,61.8,43856.32,0.0,4959.3,4959.3,0.0,0.0,organic,2017,Chicago
37,2016-04-10,1.68,35474.03,70.12,35212.51,0.0,191.4,191.4,0.0,0.0,organic,2016,Chicago
1,2015-12-20,1.58,22452.3,730.65,21574.99,0.0,146.66,143.33,3.33,0.0,organic,2015,Chicago
51,2015-01-04,1.49,17723.17,1189.35,15628.27,0.0,905.55,905.55,0.0,0.0,organic,2015,Chicago
27,2016-06-19,1.53,37650.61,122.15,35503.46,0.0,2025.0,2025.0,0.0,0.0,organic,2016,Chicago
33,2016-05-08,0.95,3850645.65,711397.32,2144351.44,94749.11,900147.78,768301.04,126429.41,5417.33,conventional,2016,Midsouth
3,2015-12-06,1.0,2233138.01,507201.58,1154808.22,133316.89,437811.32,377999.41,57793.89,2018.02,conventional,2015,Midsouth
28,2016-06-12,1.15,3122351.17,677443.53,1422914.0,229464.95,792528.69,711257.87,50027.88,31242.94,conventional,2016,Midsouth
31,2017-05-28,1.38,3380161.63,750399.45,1352784.05,35153.44,1241824.69,1002083.8,230580.56,9160.33,conventional,2017,Midsouth
9,2018-01-21,1.13,4022549.75,834676.76,1528592.15,23691.17,1635589.67,1400848.71,232308.25,2432.71,conventional,2018,Midsouth
7,2018-02-04,0.96,5286412.87,1259113.31,1697962.55,30102.36,2299234.65,2012145.29,280722.16,6367.2,conventional,2018,Midsouth
1,2015-12-20,1.05,2044020.93,446433.13,1024405.09,96387.48,476795.23,434534.42,38523.1,3737.71,conventional,2015,Midsouth
7,2016-11-06,1.54,2077507.41,569735.76,697011.92,122472.4,688287.33,588028.35,99508.98,750.0,conventional,2016,Midsouth
34,2016-05-01,0.99,3536333.98,708526.79,1861915.25,89464.87,876427.07,742694.07,131751.36,1981.64,conventional,2016,Midsouth
28,2015-06-14,1.09,3173051.42,653441.16,1484200.81,206159.51,829249.94,786795.07,40769.55,1685.32,conventional,2015,Midsouth
36,2015-04-19,1.18,2711008.32,654378.33,1125460.56,190006.01,741163.42,701805.76,37167.77,2189.89,conventional,2015,Midsouth
40,2017-03-26,1.33,3162600.85,673395.8,1328645.97,33096.36,1127462.72,988523.65,135004.05,3935.02,conventional,2017,Midsouth
1,2016-12-18,1.16,2242221.26,491941.19,999958.67,36485.49,713835.91,611023.76,98743.78,4068.37,conventional,2016,Midsouth
28,2017-06-18,1.34,3032871.22,600416.38,1348477.92,28997.27,1054979.65,909822.8,107064.11,38092.74,conventional,2017,Midsouth
38,2015-04-05,1.19,2519677.31,617567.29,1066608.5,183653.85,651847.67,607923.59,42910.27,1013.81,conventional,2015,Midsouth
33,2017-05-14,1.31,3047596.25,721743.92,1036404.83,30170.73,1259276.77,1104012.3,148638.5,6625.97,conventional,2017,Midsouth
10,2015-10-18,1.05,2783170.15,555583.11,1537196.96,215608.69,474781.39,423533.77,50778.19,469.43,conventional,2015,Midsouth
40,2016-03-20,1.05,3198477.41,617677.39,1715343.39,98398.87,767057.76,672333.85,91600.75,3123.16,conventional,2016,Midsouth
5,2017-11-26,1.33,2200251.0,488106.0,903101.0,15350.0,793694.0,663097.0,128990.0,1607.0,conventional,2017,Midsouth
36,2017-04-23,1.4,3060395.83,617149.84,1225887.12,31534.53,1185824.34,1044588.96,136072.44,5162.94,conventional,2017,Midsouth
27,2016-06-19,1.16,3304967.62,674982.83,1530425.54,230513.77,869045.48,750464.94,81187.92,37392.62,conventional,2016,Midsouth
36,2016-04-17,1.06,3029003.02,544932.88,1613809.61,97349.53,772911.0,692332.57,75800.03,4778.4,conventional,2016,Midsouth
2,2016-12-11,1.15,2339977.39,574106.6,862587.29,39178.61,864104.89,700661.19,158716.0,4727.7,conventional,2016,Midsouth
34,2015-05-03,1.07,3410467.52,793989.95,1557507.45,364283.54,694686.58,624533.81,68904.63,1248.14,conventional,2015,Midsouth
25,2016-07-03,1.15,3393696.45,653109.17,1523684.65,213314.73,1003587.9,827533.73,98647.47,77406.7,conventional,2016,Midsouth
21,2016-07-31,1.35,2787002.19,612846.55,1247700.03,127238.92,799216.69,705609.86,74747.99,18858.84,conventional,2016,Midsouth
47,2015-02-01,0.99,3668037.65,888523.17,1798504.77,388259.15,592750.56,464442.27,125798.21,2510.08,conventional,2015,Midsouth
10,2018-01-14,1.28,3537243.04,793349.35,1435754.49,27610.81,1280528.39,1025338.52,251804.63,3385.24,conventional,2018,Midsouth
37,2016-04-10,1.05,2836884.82,589785.48,1349757.59,79794.87,817546.88,703737.29,112614.44,1195.15,conventional,2016,Midsouth
26,2017-07-02,1.26,3218961.84,663114.75,1257956.68,30426.63,1267463.78,1026992.74,187005.45,53465.59,conventional,2017,Midsouth
8,2015-11-01,1.08,2511760.36,549089.55,1188242.89,260946.16,513481.76,429082.15,81904.3,2495.31,conventional,2015,Midsouth
35,2017-04-30,1.38,3291328.16,771445.46,1301500.7,32879.9,1185502.1,1038439.12,142458.63,4604.35,conventional,2017,Midsouth
17,2017-09-03,1.54,2561783.52,512114.91,1135717.01,24649.0,889302.6,747801.46,116289.45,25211.69,conventional,2017,Midsouth
17,2016-08-28,1.3,2799097.68,745329.31,1165119.09,67370.64,821278.64,738431.65,65178.37,17668.62,conventional,2016,Midsouth
2,2015-12-13,1.03,2193142.82,515063.58,1060753.67,113979.43,503346.14,445274.87,57239.73,831.54,conventional,2015,Midsouth
37,2017-04-16,0.87,1517178.55,756530.97,289149.09,4244.38,467254.11,463181.54,3860.39,212.18,conventional,2017,DallasFtWorth
46,2016-02-07,0.71,1515264.27,766439.13,410258.37,143875.64,194691.13,155052.63,20895.02,18743.48,conventional,2016,DallasFtWorth
19,2015-08-16,0.88,1122668.33,718594.72,287298.98,7090.26,109684.37,100806.9,8864.44,13.03,conventional,2015,DallasFtWorth
18,2017-08-27,1.13,1090966.44,631381.37,186107.13,1463.79,272014.15,192595.16,78351.76,1067.23,conventional,2017,DallasFtWorth
6,2015-11-15,0.71,1040439.71,642897.96,263132.27,10305.52,124103.96,109552.23,14527.64,24.09,conventional,2015,DallasFtWorth
38,2015-04-05,0.77,1324348.89,802917.65,387745.54,13592.62,120093.08,105522.18,13748.75,822.15,conventional,2015,DallasFtWorth
5,2015-11-22,0.78,885067.49,494872.79,264820.58,9913.68,115460.44,102317.99,13138.76,3.69,conventional,2015,DallasFtWorth
21,2015-08-02,0.87,1067498.21,705846.27,253860.7,4688.24,103103.0,91893.62,11209.38,0.0,conventional,2015,DallasFtWorth
50,2015-01-11,0.76,1128693.04,680572.11,348535.22,11900.83,87684.88,67857.83,19801.95,25.1,conventional,2015,DallasFtWorth
28,2017-06-18,0.9,1441940.59,734956.89,307811.08,4290.6,394882.02,391342.54,3444.02,95.46,conventional,2017,DallasFtWorth
20,2016-08-07,0.83,1244080.92,711725.98,241321.5,3385.24,287648.2,269821.55,14711.9,3114.75,conventional,2016,DallasFtWorth
3,2015-12-06,0.74,1054849.97,514160.41,412692.22,8533.47,119463.87,108772.12,10525.27,166.48,conventional,2015,DallasFtWorth
22,2016-07-24,0.94,1188812.12,651630.85,228112.66,4388.77,304679.84,281847.87,14107.32,8724.65,conventional,2016,DallasFtWorth
2,2016-12-11,0.69,1121306.38,643580.23,188669.07,3182.11,285874.97,279258.26,2393.13,4223.58,conventional,2016,DallasFtWorth
16,2017-09-10,1.2,997274.92,569828.24,167025.65,1360.98,259060.05,179460.8,79463.0,136.25,conventional,2017,DallasFtWorth
50,2017-01-15,0.7,1389716.89,750093.63,313392.54,2775.58,323455.14,319826.47,3521.23,107.44,conventional,2017,DallasFtWorth
7,2015-11-08,0.8,977717.36,563069.05,278244.62,33026.94,103376.75,92853.6,10364.96,158.19,conventional,2015,DallasFtWorth
47,2015-02-01,0.68,1391089.32,786166.9,495262.11,18855.32,90804.99,79314.06,11474.72,16.21,conventional,2015,DallasFtWorth
30,2016-05-29,0.77,1354696.91,682737.6,292600.25,58729.32,320629.74,301233.11,10985.08,8411.55,conventional,2016,DallasFtWorth
2,2015-12-13,0.79,980891.18,476178.99,319789.56,62436.8,122485.83,114978.22,7472.99,34.62,conventional,2015,DallasFtWorth
40,2016-03-20,0.74,1347884.14,620848.72,317080.41,134806.08,275148.93,254808.07,20317.54,23.32,conventional,2016,DallasFtWorth
26,2015-06-28,0.77,1203553.98,760374.24,302577.78,7191.26,133410.7,125900.09,7499.76,10.85,conventional,2015,DallasFtWorth
45,2017-02-19,0.76,1177312.94,501922.03,272758.35,48080.5,354552.06,317473.84,37019.15,59.07,conventional,2017,DallasFtWorth
9,2018-01-21,0.85,1437239.09,728035.0,216211.98,6291.83,486700.28,410340.65,76287.17,72.46,conventional,2018,DallasFtWorth
33,2015-05-10,0.75,1298826.19,817727.07,357330.3,7803.87,115964.95,107302.84,8644.44,17.67,conventional,2015,DallasFtWorth
38,2017-04-09,0.9,1337046.52,710379.21,275048.24,8443.24,343175.83,338910.14,4079.0,186.69,conventional,2017,DallasFtWorth
28,2017-06-18,1.68,215628.86,37443.94,48934.78,159.38,129090.76,31850.15,97240.61,0.0,organic,2017,West
11,2018-01-07,1.48,297190.6,34734.97,62967.74,157.77,199330.12,103761.55,95544.39,24.18,organic,2018,West
22,2017-07-30,2.1,180688.88,35365.17,51355.3,701.35,93267.06,60487.85,32779.21,0.0,organic,2017,West
33,2015-05-10,1.47,233387.28,103400.77,77718.2,126.96,52141.35,10767.06,41374.29,0.0,organic,2015,West
49,2017-01-22,1.2,208810.31,32006.16,45982.34,70.4,130751.41,45987.98,84763.43,0.0,organic,2017,West
45,2016-02-14,1.07,292307.61,27729.22,74888.46,133.74,189556.19,25453.95,164102.24,0.0,organic,2016,West
41,2017-03-19,1.24,274558.89,38225.62,50707.86,64.73,185560.68,106162.68,79398.0,0.0,organic,2017,West
52,2017-01-01,1.19,189700.7,20783.06,35758.45,36.46,133122.73,33998.5,99124.23,0.0,organic,2017,West
32,2015-05-17,1.49,229340.78,106530.27,76060.75,59.03,46690.73,12622.36,34068.37,0.0,organic,2015,West
14,2017-09-24,2.4,111321.19,17650.08,22295.44,42.34,71333.33,40018.26,31209.23,105.84,organic,2017,West
19,2017-08-20,2.46,139145.2,19612.76,39964.08,89.75,79478.61,50741.24,28728.57,8.8,organic,2017,West
27,2017-06-25,1.93,188845.44,30258.04,67981.62,110.31,90495.47,30115.47,60380.0,0.0,organic,2017,West
24,2016-07-10,1.54,226554.8,47697.0,78885.22,81.91,99890.67,60450.95,39439.72,0.0,organic,2016,West
20,2016-08-07,1.7,177284.38,49438.88,53061.67,94.46,74689.37,39122.15,35567.22,0.0,organic,2016,West
11,2015-10-11,1.66,143146.85,27827.61,57061.73,56.28,58201.23,2437.78,55763.45,0.0,organic,2015,West
51,2015-01-04,1.4,187548.3,70313.71,72942.11,24.3,44268.18,10023.72,34244.46,0.0,organic,2015,West
46,2015-02-08,1.4,246616.27,64858.54,116792.77,65.38,64899.58,17633.33,47266.25,0.0,organic,2015,West
42,2016-03-06,0.96,356224.38,35600.89,76142.32,121.22,244359.95,97380.11,146979.84,0.0,organic,2016,West
9,2018-01-21,1.83,189317.99,27049.44,33561.32,439.47,128267.76,76091.99,51947.5,228.27,organic,2018,West
26,2017-07-02,1.88,212196.16,45612.22,67692.06,162.23,98729.65,34000.74,64728.91,0.0,organic,2017,West
42,2015-03-08,1.37,330353.76,119664.32,178258.33,176.53,32254.58,14940.27,17314.31,0.0,organic,2015,West
35,2015-04-26,1.27,389892.07,183001.34,163634.35,524.42,42731.96,9833.16,32898.8,0.0,organic,2015,West
19,2016-08-14,1.75,176385.1,44064.59,63383.04,117.36,68820.11,51024.36,17795.75,0.0,organic,2016,West
11,2016-10-09,1.68,126192.84,30116.28,33882.82,189.03,62004.71,29570.26,32434.45,0.0,organic,2016,West
4,2018-02-25,1.49,301985.61,34200.18,49139.34,85.58,218560.51,99989.62,118314.77,256.12,organic,2018,West
38,2016-04-03,1.27,226558.02,35134.68,77837.8,115.48,113470.06,44860.97,68609.09,0.0,organic,2016,West
39,2017-04-02,0.98,402676.23,34093.33,58330.53,207.85,310044.52,155701.41,154343.11,0.0,organic,2017,West
30,2017-06-04,1.19,98460.27,42302.58,3757.52,7950.05,44450.12,44427.36,11.47,11.29,conventional,2017,Boise
11,2015-10-11,0.94,80904.19,26114.19,33415.88,7604.48,13769.64,13543.47,185.46,40.71,conventional,2015,Boise
27,2015-06-21,1.06,81397.07,52790.21,15444.74,5875.85,7286.27,7021.56,0.0,264.71,conventional,2015,Boise
44,2016-02-21,0.74,93951.14,37807.51,9084.55,4890.81,42168.27,42111.91,50.05,6.31,conventional,2016,Boise
7,2017-11-12,1.23,81827.0,37876.0,2047.0,4630.0,37274.0,32441.0,4811.0,21.0,conventional,2017,Boise
45,2015-02-15,1.14,61221.98,41547.87,7840.31,6492.94,5340.86,3647.52,1693.34,0.0,conventional,2015,Boise
29,2017-06-11,1.21,92547.42,40250.67,2998.49,8103.35,41194.91,41167.77,19.07,8.07,conventional,2017,Boise
0,2015-12-27,0.97,62909.69,30482.25,2971.94,5894.4,23561.1,23520.19,5.69,35.22,conventional,2015,Boise
47,2017-02-05,0.9,136090.67,36808.59,11333.87,23346.13,64602.08,61439.09,3116.04,46.95,conventional,2017,Boise
3,2015-12-06,0.71,95295.34,35590.98,12526.5,4086.26,43091.6,42734.53,0.0,357.07,conventional,2015,Boise
32,2015-05-17,0.96,77987.53,61319.66,7393.99,2919.87,6354.01,6345.82,0.0,8.19,conventional,2015,Boise
48,2016-01-24,0.9,58434.39,18003.36,4208.29,4714.06,31508.68,29874.81,1614.91,18.96,conventional,2016,Boise
0,2017-12-31,1.13,79646.97,38196.44,1706.22,6263.0,33481.31,28764.84,4676.67,39.8,conventional,2017,Boise
3,2018-03-04,1.22,91070.8,44454.46,1835.89,10101.52,34678.93,26585.16,8061.36,32.41,conventional,2018,Boise
39,2017-04-02,1.2,94905.4,41043.29,3616.58,9919.67,40325.86,40187.35,115.56,22.95,conventional,2017,Boise
32,2017-05-21,1.29,86532.91,35312.23,3430.4,10330.63,37459.65,37442.6,8.8,8.25,conventional,2017,Boise
20,2016-08-07,0.76,70711.46,32775.33,2002.12,2.53,35931.48,35664.27,246.66,20.55,conventional,2016,Boise
18,2017-08-27,1.3,93803.53,45399.28,2514.25,6033.78,39856.22,35502.76,4335.74,17.72,conventional,2017,Boise
46,2016-02-07,0.82,123715.17,42825.57,14822.29,17989.29,48078.02,47555.74,452.82,69.46,conventional,2016,Boise
8,2016-10-30,1.34,59788.57,25832.98,3018.08,7311.55,23625.96,22909.91,622.44,93.61,conventional,2016,Boise
3,2016-12-04,1.01,72471.63,34194.72,2996.3,3771.85,31508.76,31278.13,217.75,12.88,conventional,2016,Boise
38,2015-04-05,1.09,76704.46,57339.81,9060.49,3790.38,6513.78,6510.61,0.0,3.17,conventional,2015,Boise
18,2015-08-23,1.05,70773.76,44059.22,14861.33,4433.12,7420.09,7420.09,0.0,0.0,conventional,2015,Boise
12,2016-10-02,0.9,106259.51,27542.88,8194.14,7082.7,63439.79,55975.11,7430.88,33.8,conventional,2016,Boise
40,2017-03-26,1.16,95292.56,43566.18,4140.76,8899.3,38686.32,38139.14,517.97,29.21,conventional,2017,Boise
2,2018-03-11,1.26,80611.01,28399.47,2279.82,12280.5,37651.22,28668.38,8931.77,51.07,conventional,2018,Boise
17,2017-09-03,1.68,64354.65,30130.01,3171.02,6522.54,24531.08,18158.21,6319.14,53.73,conventional,2017,Boise
12,2015-10-04,1.12,59496.33,35154.43,10821.85,7551.63,5968.42,5462.15,504.65,1.62,conventional,2015,Boise
16,2016-09-04,1.01,79683.06,37233.67,2055.59,7067.38,33326.42,31599.81,1718.65,7.96,conventional,2016,Boise
40,2015-03-22,1.17,61419.11,44227.33,6589.77,7290.24,3311.77,3311.77,0.0,0.0,conventional,2015,Boise
34,2015-05-03,1.0,85466.99,66880.12,7942.34,4289.72,6354.81,6349.93,0.0,4.88,conventional,2015,Boise
3,2017-12-10,1.08,85496.29,53165.53,1936.25,4746.44,25648.07,19630.21,5945.47,72.39,conventional,2017,Boise
48,2017-01-29,0.93,105132.82,35677.85,6532.78,9559.2,53362.99,36294.3,17043.36,25.33,conventional,2017,Boise
