data/a836d206-e31f-42a1-abcf-12303fbde651_hf_nateraw_avocado-prices.csv
Unnamed: 0,Date,AveragePrice,Total Volume,4046,4225,4770,Total Bags,Small Bags,Large Bags,XLarge Bags,type,year,region
7,2017-11-12,1.01,6182298.0,2154560.0,1537208.0,80539.0,2409991.0,1269325.0,1132967.0,7699.0,conventional,2017,West
20,2017-08-13,1.34,5304873.15,1837007.78,1348037.98,97902.68,2021924.71,975913.29,1035878.35,10133.07,conventional,2017,West
5,2017-11-26,1.18,4182730.0,1677367.0,1002610.0,79478.0,1423276.0,817296.0,595877.0,10103.0,conventional,2017,West
42,2016-03-06,0.8,6903293.0,2817152.63,1691666.04,171164.48,2223309.85,1665446.71,556980.31,882.83,conventional,2016,West
48,2017-01-29,0.85,7561590.72,2695457.93,1426577.31,128003.65,3311551.83,2241712.64,1065787.79,4051.4,conventional,2017,West
36,2016-04-17,0.77,7592473.98,2283526.35,2074920.94,168334.55,3065692.14,1944100.53,1112775.44,8816.17,conventional,2016,West
13,2017-10-01,1.57,4014477.31,1366983.48,1178504.57,43433.94,1425555.32,824834.62,598437.91,2282.79,conventional,2017,West
39,2016-03-27,0.78,7081399.02,2701807.88,1651027.14,190076.1,2538487.9,1771851.21,765592.73,1043.96,conventional,2016,West
30,2015-05-31,0.93,5874982.36,3094129.71,1835735.0,129139.05,815978.6,665541.84,150400.52,36.24,conventional,2015,West
38,2015-04-05,0.95,5929718.67,3132031.4,2022524.08,93055.21,682107.98,544939.22,135414.81,1753.95,conventional,2015,West
6,2016-11-13,1.18,4864099.95,1740717.89,1032253.37,107496.5,1983632.19,1238998.31,742515.09,2118.79,conventional,2016,West
9,2018-01-21,1.04,7053820.12,2218365.17,1811849.78,106001.28,2917603.89,1196963.03,1707643.76,12997.1,conventional,2018,West
51,2016-01-03,0.73,7707711.9,2204871.45,2638893.24,156194.56,2707752.65,1383713.06,1320163.95,3875.64,conventional,2016,West
7,2015-11-08,0.88,5094837.54,2204338.57,1668416.99,107753.58,1114328.4,770544.02,341544.79,2239.59,conventional,2015,West
9,2016-10-23,1.17,4760018.22,1301893.54,1138468.74,116102.67,2203553.27,1441557.14,758232.29,3763.84,conventional,2016,West
45,2015-02-15,0.98,5026688.71,2483265.25,1840716.14,91125.41,611581.91,542973.12,68521.88,86.91,conventional,2015,West
11,2017-10-15,1.43,4413876.67,1523418.35,1405450.5,49958.58,1435049.24,848946.77,584104.47,1998.0,conventional,2017,West
28,2016-06-12,0.92,6216040.13,2213963.72,1516386.11,162974.69,2322715.61,1528937.12,787095.9,6682.59,conventional,2016,West
39,2015-03-29,0.93,5719898.26,2978534.92,2012384.12,89701.26,639277.96,508576.86,130691.45,9.65,conventional,2015,West
15,2017-09-17,1.53,4181226.81,1582315.47,1095433.56,47072.46,1456405.32,863081.25,591149.15,2174.92,conventional,2017,West
9,2017-10-29,1.23,5130982.78,1612273.73,1432411.64,88098.88,1998198.53,1043034.52,950954.44,4209.57,conventional,2017,West
15,2016-09-11,0.96,6097779.55,2364733.51,1265510.82,102419.92,2365115.3,1494929.03,867612.77,2573.5,conventional,2016,West
19,2017-08-20,1.3,5653429.62,1886625.76,1346579.44,101128.66,2319095.76,1219038.28,1090563.92,9493.56,conventional,2017,West
11,2016-10-09,1.13,5374797.25,1941978.26,1006693.14,98555.04,2327570.81,1433086.08,893082.67,1402.06,conventional,2016,West
31,2016-05-22,0.83,6642111.52,2319082.35,1642958.82,150382.82,2529687.53,1385581.32,1139276.54,4829.67,conventional,2016,West
20,2015-08-09,1.01,5531488.2,2368531.2,2068854.19,135407.7,958695.11,667604.38,291065.47,25.26,conventional,2015,West
8,2015-11-01,0.9,5024858.14,1815066.15,1937479.91,132883.59,1139428.49,717110.41,421675.08,643.0,conventional,2015,West
5,2015-11-22,0.92,4481990.34,1549012.12,1588339.47,118170.98,1226467.77,730580.48,494585.14,1302.15,conventional,2015,West
30,2017-06-04,1.07,6927745.15,2425106.14,1176272.52,157620.26,3168746.23,2078712.99,1085987.41,4045.83,conventional,2017,West
33,2017-05-14,1.01,7143624.99,2613704.06,1377670.83,132186.47,3020063.63,2092575.26,923467.38,4020.99,conventional,2017,West
34,2017-05-07,0.94,8545908.75,3444218.04,1721747.13,140174.32,3239769.26,2148672.62,1085028.72,6067.92,conventional,2017,West
44,2017-02-26,0.86,6928736.97,2178473.36,1444476.86,130710.99,3175075.76,1944844.66,1227429.31,2801.79,conventional,2017,West
45,2016-02-14,0.78,6774726.47,2645973.11,1680248.49,155260.97,2293243.9,1225073.29,1064255.94,3914.67,conventional,2016,West
24,2016-07-10,1.01,6487362.71,2293685.5,1475916.77,111309.46,2606450.98,1823295.07,762671.3,20484.61,conventional,2016,West
1,2017-12-24,1.1,5116876.57,1773530.98,1202037.28,89973.68,2051334.63,1124779.76,915774.05,10780.82,conventional,2017,West
26,2016-06-26,0.87,6862241.03,2645564.44,1532440.38,135483.56,2548752.65,1853714.65,687801.75,7236.25,conventional,2016,West
35,2015-04-26,0.9,6013312.36,3163353.08,2021745.62,79259.0,748954.66,614556.77,133326.4,1071.49,conventional,2015,West
28,2017-06-18,1.02,7187200.64,2511913.67,1422660.4,123827.42,3128799.15,1938407.82,1187663.27,2728.06,conventional,2017,West
6,2016-11-13,1.48,268388.51,11996.05,211327.03,2651.04,42414.39,42414.39,0.0,0.0,conventional,2016,NorthernNewEngland
24,2016-07-10,1.06,569327.81,134476.2,339263.01,10102.89,85485.71,77486.39,4.32,7995.0,conventional,2016,NorthernNewEngland
23,2016-07-17,1.37,412386.17,75192.37,228099.87,7593.24,101500.69,94129.58,0.0,7371.11,conventional,2016,NorthernNewEngland
26,2015-06-28,1.14,452801.32,2582.77,282587.99,15156.27,152474.29,152425.4,48.89,0.0,conventional,2015,NorthernNewEngland
39,2015-03-29,1.07,412639.2,2452.76,372165.06,57.27,37964.11,37036.33,927.78,0.0,conventional,2015,NorthernNewEngland
11,2016-10-09,1.4,305506.51,14886.34,239615.02,2844.21,48160.94,48160.94,0.0,0.0,conventional,2016,NorthernNewEngland
6,2017-11-19,1.36,311603.0,8451.0,230533.0,1285.0,71335.0,16744.0,54591.0,0.0,conventional,2017,NorthernNewEngland
31,2016-05-22,1.02,433251.71,2888.48,280360.37,64720.71,85282.15,82259.75,7.4,3015.0,conventional,2016,NorthernNewEngland
50,2017-01-15,1.25,421262.96,13397.71,330248.49,6370.03,71246.73,71246.73,0.0,0.0,conventional,2017,NorthernNewEngland
23,2015-07-19,1.03,594451.88,3108.09,522040.27,6851.58,62451.94,62434.86,17.08,0.0,conventional,2015,NorthernNewEngland
23,2017-07-23,1.38,464876.48,7288.33,387463.06,6472.03,63653.06,10484.64,49641.75,3526.67,conventional,2017,NorthernNewEngland
29,2017-06-11,1.62,406486.08,9491.92,326672.5,2468.8,67852.86,26940.61,37008.92,3903.33,conventional,2017,NorthernNewEngland
43,2015-03-01,1.05,355677.99,2266.45,310490.26,41.26,42880.02,42880.02,0.0,0.0,conventional,2015,NorthernNewEngland
33,2016-05-08,0.97,546838.34,3368.77,370026.96,55130.63,118311.98,118297.2,14.78,0.0,conventional,2016,NorthernNewEngland
42,2016-03-06,1.08,405931.49,4140.63,303581.5,26686.24,71523.12,71471.61,51.51,0.0,conventional,2016,NorthernNewEngland
9,2018-01-21,1.33,577116.22,11506.29,492832.55,3776.0,69001.38,27451.21,41550.17,0.0,conventional,2018,NorthernNewEngland
3,2015-12-06,1.11,303058.29,3320.11,261503.41,94.18,38140.59,38140.59,0.0,0.0,conventional,2015,NorthernNewEngland
36,2016-04-17,1.12,399074.14,2033.75,303891.64,29548.55,63600.2,63501.61,33.31,65.28,conventional,2016,NorthernNewEngland
41,2017-03-19,1.43,380612.68,7926.17,267013.2,2512.28,103161.03,45010.58,58150.45,0.0,conventional,2017,NorthernNewEngland
17,2017-09-03,1.88,288210.32,24015.11,215287.21,1644.8,47263.2,16764.03,28132.5,2366.67,conventional,2017,NorthernNewEngland
40,2016-03-20,1.14,414604.35,3204.62,325110.15,25614.84,60674.74,60671.05,3.69,0.0,conventional,2016,NorthernNewEngland
9,2015-10-25,1.08,313881.26,2599.46,268057.07,158.24,43066.49,42475.38,591.11,0.0,conventional,2015,NorthernNewEngland
16,2016-09-04,1.38,374902.91,83711.04,209147.77,6202.12,75841.98,75401.98,0.0,440.0,conventional,2016,NorthernNewEngland
45,2016-02-14,0.99,456439.67,4686.98,316152.87,41374.9,94224.92,91688.51,2536.41,0.0,conventional,2016,NorthernNewEngland
20,2016-08-07,1.41,457429.1,113313.11,241098.25,5883.79,97133.95,96888.95,0.0,245.0,conventional,2016,NorthernNewEngland
8,2015-11-01,1.07,350260.55,3271.4,281498.53,209.48,65281.14,65081.14,200.0,0.0,conventional,2015,NorthernNewEngland
0,2016-12-25,1.24,325634.21,12140.61,257987.85,2878.28,52627.47,52623.03,4.44,0.0,conventional,2016,NorthernNewEngland
45,2017-02-19,1.37,375322.2,8811.46,295892.82,3364.17,67253.75,67249.95,3.8,0.0,conventional,2017,NorthernNewEngland
18,2015-08-23,1.18,400101.77,2487.19,338130.6,608.29,58875.69,58875.69,0.0,0.0,conventional,2015,NorthernNewEngland
16,2017-09-10,1.74,312541.08,23481.64,229059.76,1536.7,58462.98,19750.58,36065.73,2646.67,conventional,2017,NorthernNewEngland
27,2015-06-21,1.18,425885.58,2279.37,300069.61,14779.66,108756.94,108756.94,0.0,0.0,conventional,2015,NorthernNewEngland
34,2016-05-01,1.02,628512.14,2527.39,538037.63,37533.31,50413.81,50354.09,0.0,59.72,conventional,2016,NorthernNewEngland
21,2015-08-02,1.25,417082.92,2279.1,347110.01,1637.61,66056.2,66056.2,0.0,0.0,conventional,2015,NorthernNewEngland
27,2016-06-19,1.26,485945.76,53199.36,322695.72,27247.57,82803.11,80128.11,0.0,2675.0,conventional,2016,NorthernNewEngland
12,2017-10-08,1.61,267322.07,13747.51,203354.1,1304.64,48915.82,14987.09,33928.73,0.0,conventional,2017,NorthernNewEngland
17,2015-08-30,1.45,25122.55,5988.79,4070.46,24.06,15039.24,676.06,14363.18,0.0,organic,2015,Denver
6,2016-11-13,1.29,24113.8,8091.95,1338.55,12.7,14670.6,1493.33,13177.27,0.0,organic,2016,Denver
36,2017-04-23,0.9,62384.23,12793.11,2126.24,69.71,47395.17,47195.08,200.09,0.0,organic,2017,Denver
10,2018-01-14,1.53,36501.82,8395.91,839.11,53.61,27213.19,25789.59,1423.6,0.0,organic,2018,Denver
11,2017-10-15,1.55,38937.28,11990.11,1114.77,85.48,25746.92,24092.69,1654.23,0.0,organic,2017,Denver
44,2015-02-22,1.4,24794.39,4987.23,6082.18,28.78,13696.2,1180.0,12516.2,0.0,organic,2015,Denver
12,2015-10-04,1.25,28692.21,1368.83,5986.74,30.75,21305.89,739.33,20566.56,0.0,organic,2015,Denver
14,2015-09-20,1.36,25808.98,6109.72,3509.31,13.7,16176.25,356.67,15819.58,0.0,organic,2015,Denver
35,2015-04-26,1.03,125507.76,75842.24,37729.4,268.3,11667.82,1966.49,9701.33,0.0,organic,2015,Denver
7,2016-11-06,1.74,13748.96,11564.81,1279.38,24.27,880.5,2.57,877.93,0.0,organic,2016,Denver
7,2015-11-08,1.14,55351.03,37447.75,9325.92,36.0,8541.36,500.0,8041.36,0.0,organic,2015,Denver
48,2015-01-25,1.33,22502.5,4271.13,8412.17,584.78,9234.42,1202.57,8031.85,0.0,organic,2015,Denver
49,2015-01-18,1.1,42234.91,5475.13,32538.95,42.01,4178.82,992.64,3186.18,0.0,organic,2015,Denver
28,2017-06-18,1.25,28462.96,8640.24,2043.28,54.52,17724.92,7228.37,10496.55,0.0,organic,2017,Denver
8,2017-11-05,2.05,15794.46,4139.0,411.73,35.75,11207.98,11030.88,177.1,0.0,organic,2017,Denver
16,2017-09-10,2.06,23548.78,6045.36,524.69,38.87,16939.86,16816.35,123.51,0.0,organic,2017,Denver
38,2016-04-03,1.15,27248.91,6435.15,2257.4,15.61,18540.75,11673.65,6867.1,0.0,organic,2016,Denver
47,2016-01-31,0.95,55371.0,6587.57,6336.15,40.64,42406.64,14951.47,27455.17,0.0,organic,2016,Denver
33,2017-05-14,0.74,162499.64,22355.83,7368.08,139.39,132636.34,91421.75,41214.59,0.0,organic,2017,Denver
27,2016-06-19,1.52,24524.24,20528.3,3777.61,100.4,117.93,83.67,34.26,0.0,organic,2016,Denver
26,2016-06-26,1.52,19132.38,14921.84,4022.39,76.5,111.65,94.98,16.67,0.0,organic,2016,Denver
33,2016-05-08,0.7,50559.21,14280.12,6750.13,51.92,29477.04,5921.36,23555.68,0.0,organic,2016,Denver
42,2016-03-06,0.66,121329.26,10700.89,10988.09,59.64,99580.64,41656.67,57923.97,0.0,organic,2016,Denver
22,2015-07-26,1.43,28284.23,9085.94,2619.52,21.94,16556.83,248.46,16308.37,0.0,organic,2015,Denver
31,2016-05-22,0.92,49143.63,25268.6,1852.73,33.92,21988.38,21660.14,328.24,0.0,organic,2016,Denver
13,2016-09-25,1.72,12327.94,9350.55,1694.55,8.12,1274.72,1191.6,83.12,0.0,organic,2016,Denver
1,2017-12-24,1.61,29466.81,6227.29,528.01,30.11,22681.4,22304.32,377.08,0.0,organic,2017,Denver
37,2015-04-12,1.42,23701.5,6189.81,4728.75,20.72,12762.22,450.0,12312.22,0.0,organic,2015,Denver
21,2017-08-06,1.95,19766.0,9900.68,1086.26,46.34,8732.72,8703.01,29.71,0.0,organic,2017,Denver
13,2017-10-01,1.93,10632.88,3685.08,235.65,11.49,6700.66,6690.16,10.5,0.0,organic,2017,Denver
27,2015-06-21,1.43,31954.94,9953.25,2917.93,21.75,19062.01,740.07,18321.94,0.0,organic,2015,Denver
19,2017-08-20,2.11,17338.59,5178.4,520.11,40.88,11599.2,11414.96,184.24,0.0,organic,2017,Denver
16,2016-09-04,1.15,25026.47,8810.53,2263.32,275.18,13677.44,11408.72,2268.72,0.0,organic,2016,Denver
7,2017-11-12,1.99,16859.85,4294.35,411.81,20.71,12132.98,12014.56,118.42,0.0,organic,2017,Denver
49,2016-01-17,1.15,22059.78,6052.49,3670.46,23.12,12313.71,1737.61,10576.1,0.0,organic,2016,Denver
35,2017-04-30,1.24,42857.03,24513.67,3402.45,97.18,14843.73,14722.9,120.83,0.0,organic,2017,Denver
51,2017-01-08,0.8,39403.42,8720.61,1639.28,53.69,28989.84,3473.4,25516.44,0.0,organic,2017,Denver
29,2016-06-05,1.32,21698.87,12810.26,3097.96,21.51,5769.14,5681.6,87.54,0.0,organic,2016,Denver
35,2016-04-24,0.74,229646.05,62551.8,37420.77,124.69,129548.79,121358.4,8190.39,0.0,organic,2016,Denver
42,2015-03-08,1.09,70858.71,34792.41,26156.12,45.91,9864.27,2923.33,6940.94,0.0,organic,2015,Denver
39,2016-03-27,1.24,30425.9,8689.45,2179.12,25.57,19531.76,659.66,18872.1,0.0,organic,2016,Denver
17,2016-08-28,1.47,11417.18,5597.07,1246.64,286.4,4287.07,3165.42,1121.65,0.0,organic,2016,Denver
33,2015-05-10,1.23,46949.06,19400.27,8573.27,45.43,18930.09,3274.03,15656.06,0.0,organic,2015,Denver
50,2015-01-11,1.28,30682.77,8855.89,15070.85,24.8,6731.23,1699.95,5031.28,0.0,organic,2015,Denver
2,2015-12-13,1.53,5677.68,1494.58,2748.69,0.0,1434.41,196.67,1237.74,0.0,organic,2015,Detroit
26,2016-06-26,1.26,18307.22,716.67,8879.63,0.0,8710.92,1000.2,7710.72,0.0,organic,2016,Detroit
33,2017-05-14,1.76,10857.83,531.77,5473.59,0.0,4852.47,1319.32,3533.15,0.0,organic,2017,Detroit
51,2017-01-08,1.74,8156.07,751.53,5747.86,0.0,1656.68,973.89,682.79,0.0,organic,2017,Detroit
16,2016-09-04,1.03,20778.46,657.1,7977.82,0.0,12143.54,748.81,11394.73,0.0,organic,2016,Detroit
34,2015-05-03,1.37,10694.75,518.26,7336.27,0.0,2840.22,580.0,2260.22,0.0,organic,2015,Detroit
21,2017-08-06,1.68,16059.55,572.57,3106.62,0.0,12380.36,10690.06,1690.3,0.0,organic,2017,Detroit
42,2015-03-08,1.83,8433.78,517.12,6512.03,0.0,1404.63,1140.0,264.63,0.0,organic,2015,Detroit
45,2017-02-19,0.57,38386.57,822.08,5987.89,0.0,31576.6,1150.99,30425.61,0.0,organic,2017,Detroit
35,2015-04-26,1.63,8147.68,430.95,6139.36,0.0,1577.37,616.67,960.7,0.0,organic,2015,Detroit
1,2015-12-20,1.8,4973.92,1421.84,3078.38,0.0,473.7,376.67,97.03,0.0,organic,2015,Detroit
29,2016-06-05,0.73,38685.43,665.57,9719.56,0.0,28300.3,948.33,27351.97,0.0,organic,2016,Detroit
49,2017-01-22,0.77,19452.17,645.63,4104.58,0.0,14701.96,1331.38,13370.58,0.0,organic,2017,Detroit
9,2018-01-21,1.41,22121.43,826.25,3379.62,0.0,17890.6,11215.49,6675.11,0.0,organic,2018,Detroit
46,2015-02-08,1.86,6499.18,509.02,4643.12,0.0,1347.04,913.33,433.71,0.0,organic,2015,Detroit
7,2018-02-04,1.32,17541.66,580.19,2434.85,0.0,14480.83,13820.72,660.11,0.0,organic,2018,Detroit
3,2017-12-10,1.39,13710.63,435.76,2561.62,0.0,10540.47,9555.71,984.76,0.0,organic,2017,Detroit
15,2015-09-13,1.81,8304.32,1800.82,5478.4,0.0,1025.1,366.67,658.43,0.0,organic,2015,Detroit
3,2016-12-04,1.36,12252.47,529.77,4890.87,0.0,6831.83,6310.2,521.63,0.0,organic,2016,Detroit
28,2016-06-12,1.25,19250.46,822.13,8482.74,0.0,9945.59,1020.0,8925.59,0.0,organic,2016,Detroit
15,2016-09-11,0.93,23933.59,1160.5,7929.35,0.0,14843.74,1302.39,13541.35,0.0,organic,2016,Detroit
1,2016-12-18,1.5,8350.41,835.32,5733.54,0.0,1781.55,611.42,1170.13,0.0,organic,2016,Detroit
28,2015-06-14,1.37,10756.77,623.62,7968.37,0.0,2164.78,1271.84,892.94,0.0,organic,2015,Detroit
8,2016-10-30,1.77,13787.12,687.53,10103.65,0.0,2995.94,826.9,2169.04,0.0,organic,2016,Detroit
11,2017-10-15,1.69,20776.71,468.5,3770.8,0.0,16510.2,14535.56,1974.64,0.0,organic,2017,Detroit
5,2017-11-26,1.43,16341.09,367.39,2814.71,0.0,13046.39,11436.44,1609.95,0.0,organic,2017,Detroit
46,2016-02-07,1.33,10472.65,1808.94,5778.2,0.0,2885.51,406.67,2478.84,0.0,organic,2016,Detroit
20,2017-08-13,1.54,14499.51,515.41,3457.64,0.0,10526.46,10115.55,410.91,0.0,organic,2017,Detroit
27,2016-06-19,1.03,24427.82,879.07,9121.58,0.0,14427.17,880.0,13547.17,0.0,organic,2016,Detroit
27,2017-06-25,1.39,13598.83,478.09,2992.04,0.0,10128.7,544.59,9584.11,0.0,organic,2017,Detroit
52,2017-01-01,1.77,7545.82,593.56,6565.28,0.0,386.98,280.0,106.98,0.0,organic,2017,Detroit
22,2016-07-24,1.54,16285.84,969.22,9420.9,0.0,5895.72,690.15,5205.57,0.0,organic,2016,Detroit
1,2017-12-24,1.37,18289.06,389.59,2494.02,0.0,15321.76,12812.55,2509.21,0.0,organic,2017,Detroit
45,2015-02-15,1.82,7038.51,434.7,5742.58,0.0,861.23,293.33,567.9,0.0,organic,2015,Detroit
38,2016-04-03,1.27,10988.01,597.82,6688.79,0.0,3701.4,760.0,2941.4,0.0,organic,2016,Detroit
