data/a836d206-e31f-42a1-abcf-12303fbde651_hf_nateraw_avocado-prices.csv
Unnamed: 0,Date,AveragePrice,Total Volume,4046,4225,4770,Total Bags,Small Bags,Large Bags,XLarge Bags,type,year,region
10,2015-10-18,1.52,1696.6,20.5,1442.52,0.0,233.58,0.0,233.58,0.0,organic,2015,Louisville
17,2015-08-30,1.44,2648.03,58.75,1634.78,0.0,954.5,273.34,681.16,0.0,organic,2015,Louisville
42,2016-03-06,0.96,3033.63,23.01,1555.04,0.0,1455.58,70.0,1385.58,0.0,organic,2016,Louisville
22,2015-07-26,1.03,2995.57,0.0,1295.04,0.0,1700.53,40.0,1660.53,0.0,organic,2015,Louisville
23,2016-07-17,1.26,2918.73,6.67,1366.68,0.0,1545.38,210.0,1335.38,0.0,organic,2016,Louisville
47,2016-01-31,1.55,1293.69,6.12,781.54,0.0,506.03,186.67,319.36,0.0,organic,2016,Louisville
0,2017-12-31,1.16,5828.21,1.27,755.49,0.0,5071.45,3623.32,1448.13,0.0,organic,2017,Louisville
26,2016-06-26,1.24,3244.63,0.0,1754.77,0.0,1489.86,123.33,1366.53,0.0,organic,2016,Louisville
38,2015-04-05,1.59,1517.39,4.82,896.16,0.0,616.41,330.0,286.41,0.0,organic,2015,Louisville
39,2017-04-02,1.38,3166.23,0.0,1676.19,0.0,1490.04,390.0,1100.04,0.0,organic,2017,Louisville
25,2015-07-05,1.49,2117.32,0.0,1260.34,0.0,856.98,246.67,610.31,0.0,organic,2015,Louisville
11,2017-10-15,1.88,3665.19,2.59,1120.58,0.0,2542.02,1647.11,894.91,0.0,organic,2017,Louisville
35,2017-04-30,1.4,5166.23,0.0,1639.61,0.0,3526.62,234.45,3292.17,0.0,organic,2017,Louisville
48,2015-01-25,1.68,1201.46,3.57,740.48,0.0,457.41,216.67,240.74,0.0,organic,2015,Louisville
38,2017-04-09,1.91,2026.06,0.0,1553.23,0.0,472.83,325.56,147.27,0.0,organic,2017,Louisville
22,2017-07-30,1.56,4666.42,0.0,1153.38,0.0,3513.04,1403.33,2109.71,0.0,organic,2017,Louisville
3,2016-12-04,1.28,2391.74,4.0,997.83,0.0,1389.91,396.67,993.24,0.0,organic,2016,Louisville
13,2017-10-01,2.29,3102.3,0.0,999.73,0.0,2102.57,1289.23,813.34,0.0,organic,2017,Louisville
29,2016-06-05,1.19,3028.17,0.0,1339.64,0.0,1688.53,111.23,1577.3,0.0,organic,2016,Louisville
6,2017-11-19,1.62,2317.4,9.09,901.48,0.0,1406.83,1070.55,336.28,0.0,organic,2017,Louisville
19,2017-08-20,1.86,3115.79,0.0,1114.13,0.0,2001.66,971.97,1029.69,0.0,organic,2017,Louisville
34,2016-05-01,1.35,2389.94,4.98,1190.05,0.0,1194.91,324.22,870.69,0.0,organic,2016,Louisville
2,2018-03-11,1.35,5905.79,1.3,1528.74,0.0,4375.75,2099.42,2276.33,0.0,organic,2018,Louisville
29,2015-06-07,1.24,2299.74,14.16,972.02,0.0,1313.56,437.41,876.15,0.0,organic,2015,Louisville
32,2017-05-21,1.29,4745.15,0.0,1200.84,0.0,3544.31,577.77,2966.54,0.0,organic,2017,Louisville
7,2015-11-08,1.68,1272.64,43.28,894.97,0.0,334.39,153.33,181.06,0.0,organic,2015,Louisville
1,2016-12-18,1.23,2237.49,2.53,928.65,0.0,1306.31,433.33,872.98,0.0,organic,2016,Louisville
28,2016-06-12,1.31,3592.49,0.0,2215.36,0.0,1377.13,160.0,1217.13,0.0,organic,2016,Louisville
48,2016-01-24,1.49,1929.38,24.57,1229.56,0.0,675.25,216.67,458.58,0.0,organic,2016,Louisville
4,2015-11-29,1.19,1491.28,34.6,805.09,0.0,651.59,0.0,651.59,0.0,organic,2015,Louisville
32,2015-05-17,1.44,2132.11,2.46,1335.83,0.0,793.82,458.25,335.57,0.0,organic,2015,Louisville
2,2016-12-11,1.16,1887.69,0.0,710.07,0.0,1177.62,363.34,814.28,0.0,organic,2016,Louisville
16,2017-09-10,2.0,3517.63,2.58,948.75,0.0,2566.3,1066.09,1500.21,0.0,organic,2017,Louisville
41,2016-03-13,1.08,3691.76,0.0,1890.63,0.0,1801.13,200.0,1601.13,0.0,organic,2016,Louisville
33,2016-05-08,1.47,1825.53,1.25,1161.26,0.0,663.02,115.48,547.54,0.0,organic,2016,Louisville
37,2015-04-12,1.42,1294.45,8.84,799.87,0.0,485.74,263.35,222.39,0.0,organic,2015,Louisville
44,2017-02-26,0.77,5481.89,12.0,1257.03,0.0,4212.86,402.22,3810.64,0.0,organic,2017,Louisville
29,2017-06-11,1.0,6507.2,0.0,1633.09,0.0,4874.11,50.0,4824.11,0.0,organic,2017,Louisville
49,2017-01-22,1.31,2097.61,0.0,1006.17,0.0,1091.44,536.66,554.78,0.0,organic,2017,Louisville
50,2017-01-15,1.6,1959.1,13.85,1318.58,0.0,626.67,626.67,0.0,0.0,organic,2017,Louisville
34,2015-05-03,1.38,2038.99,1.22,829.5,0.0,1208.27,463.33,744.94,0.0,organic,2015,Louisville
35,2015-04-26,1.67,1764.81,1.22,1045.34,0.0,718.25,373.33,344.92,0.0,organic,2015,Louisville
14,2017-09-24,2.21,4156.59,2.59,1074.42,0.0,3079.58,1064.51,2015.07,0.0,organic,2017,Louisville
37,2016-04-10,1.41,1886.22,4.9,1398.03,0.0,483.29,123.33,359.96,0.0,organic,2016,Louisville
49,2016-01-17,0.94,788935.31,155213.14,203618.21,8794.85,421309.11,418854.59,2393.53,60.99,conventional,2016,Seattle
16,2017-09-10,2.07,388099.41,83635.01,140863.68,713.75,162886.97,93344.69,68261.26,1281.02,conventional,2017,Seattle
26,2017-07-02,1.21,682920.51,125597.17,179521.36,840.48,376961.5,376182.03,56.47,723.0,conventional,2017,Seattle
5,2015-11-22,1.07,426337.91,111896.12,155494.84,9372.34,149574.61,149358.02,0.0,216.59,conventional,2015,Seattle
24,2016-07-10,1.11,628610.41,103864.49,163811.75,6528.3,354405.87,354205.83,146.27,53.77,conventional,2016,Seattle
32,2016-05-15,0.83,844349.33,87749.32,218295.82,12759.69,525544.5,523711.87,1383.28,449.35,conventional,2016,Seattle
49,2015-01-18,1.2,463472.52,160898.14,223145.82,11177.67,68250.89,67519.53,720.65,10.71,conventional,2015,Seattle
31,2017-05-28,1.19,729001.29,128463.84,191777.16,763.26,407997.03,407840.36,57.37,99.3,conventional,2017,Seattle
52,2017-01-01,0.84,822000.04,79598.76,267691.37,705.61,474004.3,469004.72,4461.1,538.48,conventional,2017,Seattle
23,2015-07-19,1.25,491653.57,197532.38,192075.86,11882.66,90162.67,90074.05,88.62,0.0,conventional,2015,Seattle
34,2016-05-01,0.82,858037.45,91136.13,271005.05,11463.75,484432.52,458041.08,25900.73,490.71,conventional,2016,Seattle
20,2017-08-13,1.81,438236.06,108558.45,159897.73,558.27,169221.61,104087.06,64712.1,422.45,conventional,2017,Seattle
1,2017-12-24,1.46,394845.19,95687.95,123764.9,653.49,174738.85,120140.61,54232.27,365.97,conventional,2017,Seattle
0,2016-12-25,1.17,475143.56,64749.6,143841.64,205.26,266347.06,265938.42,156.02,252.62,conventional,2016,Seattle
2,2015-12-13,1.05,454428.03,114813.13,156347.74,9650.5,173616.66,173537.66,35.61,43.39,conventional,2015,Seattle
24,2017-07-16,1.68,473361.62,122341.72,165493.94,762.56,184763.4,107734.09,76671.75,357.56,conventional,2017,Seattle
42,2016-03-06,0.88,782395.12,101164.1,203599.2,8332.9,469298.92,468419.0,515.93,363.99,conventional,2016,Seattle
11,2017-10-15,1.74,411343.55,85159.49,168426.55,10887.91,146869.6,98698.38,47512.48,658.74,conventional,2017,Seattle
4,2018-02-25,1.22,636462.47,86796.33,173328.81,710.13,375627.2,113771.59,260807.35,1048.26,conventional,2018,Seattle
2,2018-03-11,1.42,514742.18,96728.68,134993.6,920.6,282099.3,165320.5,116481.78,297.02,conventional,2018,Seattle
44,2015-02-22,1.11,552036.54,106012.21,353201.96,10013.75,82808.62,82779.56,0.0,29.06,conventional,2015,Seattle
26,2016-06-26,1.03,638550.37,91565.19,174576.32,12225.64,360183.22,359260.77,313.9,608.55,conventional,2016,Seattle
42,2017-03-12,0.91,846864.87,106731.77,212055.16,584.72,527493.22,507284.81,19483.58,724.83,conventional,2017,Seattle
17,2017-09-03,1.94,409075.07,83934.95,146966.08,604.17,177569.87,113635.3,62704.47,1230.1,conventional,2017,Seattle
17,2015-08-30,1.18,446850.83,171694.14,150815.43,12204.13,112137.13,112127.34,1.48,8.31,conventional,2015,Seattle
9,2016-10-23,1.12,619599.06,69252.3,212504.79,483.3,337358.67,335967.69,319.79,1071.19,conventional,2016,Seattle
12,2015-10-04,1.06,513268.88,103495.71,281914.21,11368.07,116490.89,115646.75,0.0,844.14,conventional,2015,Seattle
38,2016-04-03,0.86,793187.83,111241.96,191068.36,9773.45,481104.06,480649.01,107.33,347.72,conventional,2016,Seattle
4,2016-11-27,1.45,383268.86,44831.05,120317.61,388.68,217731.52,217343.07,182.8,205.65,conventional,2016,Seattle
48,2015-01-25,1.26,420124.11,118569.87,228985.5,11119.33,61449.41,61054.23,370.74,24.44,conventional,2015,Seattle
21,2016-07-31,1.12,595856.48,93422.28,157723.11,2598.83,342112.26,341834.97,241.87,35.42,conventional,2016,Seattle
7,2018-02-04,1.04,909127.6,189717.79,289707.88,853.2,428848.73,115360.8,312387.51,1100.42,conventional,2018,Seattle
36,2015-04-19,1.13,570030.63,130765.93,324680.31,10877.06,103707.33,103533.21,161.1,13.02,conventional,2015,Seattle
25,2016-07-03,1.1,663580.48,101636.27,179739.71,10770.71,371433.79,371093.38,225.23,115.18,conventional,2016,Seattle
39,2017-04-02,1.18,618377.56,103029.89,176357.55,319.02,338671.1,338015.92,310.82,344.36,conventional,2017,Seattle
25,2015-07-05,1.35,582037.07,201350.06,263046.88,16266.67,101373.46,95899.37,5462.4,11.69,conventional,2015,Seattle
16,2015-09-06,1.17,459793.66,167782.09,155468.95,12346.64,124195.98,124129.03,61.97,4.98,conventional,2015,Seattle
22,2015-07-26,1.2,232204.85,50568.58,52944.26,41446.55,87245.46,87050.05,195.41,0.0,conventional,2015,RaleighGreensboro
19,2015-08-16,1.23,241120.74,50360.32,59216.72,47919.71,83623.99,83231.2,392.79,0.0,conventional,2015,RaleighGreensboro
32,2017-05-21,1.39,312273.14,87350.21,110400.31,6949.54,107573.08,104411.01,3162.07,0.0,conventional,2017,RaleighGreensboro
20,2016-08-07,1.31,280543.19,64077.54,115112.98,25307.84,76044.83,71564.1,3510.45,970.28,conventional,2016,RaleighGreensboro
28,2015-06-14,1.11,286814.82,60157.22,95409.49,41274.25,89973.86,89685.43,288.43,0.0,conventional,2015,RaleighGreensboro
41,2016-03-13,1.08,303779.53,65417.48,142777.21,20693.96,74890.88,73420.12,1470.76,0.0,conventional,2016,RaleighGreensboro
38,2016-04-03,1.13,262808.03,60612.1,113708.37,14035.04,74452.52,73697.13,755.39,0.0,conventional,2016,RaleighGreensboro
34,2017-05-07,1.33,375498.03,103481.72,124384.84,9620.92,138010.55,134892.78,3117.77,0.0,conventional,2017,RaleighGreensboro
43,2017-03-05,1.32,282098.34,65892.0,114010.71,10062.04,92133.59,90822.06,1311.53,0.0,conventional,2017,RaleighGreensboro
11,2017-10-15,1.63,243992.86,72524.24,89294.26,5003.35,77171.01,71183.69,5987.32,0.0,conventional,2017,RaleighGreensboro
17,2016-08-28,1.29,281758.14,88767.63,100303.08,13156.44,79530.99,77895.51,434.09,1201.39,conventional,2016,RaleighGreensboro
50,2016-01-10,0.99,257990.11,42069.78,120386.44,29658.58,65875.31,64396.12,1479.19,0.0,conventional,2016,RaleighGreensboro
33,2015-05-10,1.11,267655.62,76699.18,60772.22,37794.41,92389.81,91891.14,498.67,0.0,conventional,2015,RaleighGreensboro
16,2015-09-06,1.04,301641.21,56439.41,83271.26,77352.73,84577.81,83519.16,1058.65,0.0,conventional,2015,RaleighGreensboro
32,2015-05-17,1.16,264908.94,77565.86,64994.1,41158.83,81190.15,80610.84,579.31,0.0,conventional,2015,RaleighGreensboro
23,2016-07-17,1.28,279442.6,47084.06,109983.48,29372.59,93002.47,82748.32,685.82,9568.33,conventional,2016,RaleighGreensboro
48,2015-01-25,1.16,233277.19,61158.75,59374.75,36067.46,76676.23,63206.25,13469.98,0.0,conventional,2015,RaleighGreensboro
18,2016-08-21,1.29,279090.94,67590.68,102580.71,21071.46,87848.09,87548.68,299.41,0.0,conventional,2016,RaleighGreensboro
41,2017-03-19,1.39,280949.58,67152.77,117247.84,6082.76,90466.21,89175.8,1290.41,0.0,conventional,2017,RaleighGreensboro
0,2017-12-31,0.92,419590.58,90432.19,134861.05,5994.91,188302.43,178330.99,9970.33,1.11,conventional,2017,RaleighGreensboro
34,2015-05-03,1.01,335464.54,70984.75,108604.01,80829.91,75045.87,73838.89,1147.26,59.72,conventional,2015,RaleighGreensboro
44,2017-02-26,1.21,329592.25,75319.8,154834.96,11165.32,88272.17,86960.95,1311.22,0.0,conventional,2017,RaleighGreensboro
39,2016-03-27,1.14,260487.14,44251.14,129664.47,15425.72,71145.81,70533.29,612.52,0.0,conventional,2016,RaleighGreensboro
30,2017-06-04,1.43,303913.24,85319.88,110335.08,7020.17,101238.11,95259.58,2878.53,3100.0,conventional,2017,RaleighGreensboro
9,2015-10-25,1.22,199222.68,52737.98,50170.35,50086.92,46227.43,44925.95,1301.48,0.0,conventional,2015,RaleighGreensboro
6,2017-11-19,1.36,247612.0,72444.0,79451.0,3778.0,91940.0,89013.0,2925.0,2.0,conventional,2017,RaleighGreensboro
7,2017-11-12,1.4,254131.0,77868.0,80926.0,4326.0,91011.0,88458.0,2553.0,0.0,conventional,2017,RaleighGreensboro
37,2016-04-10,1.09,274246.43,62706.78,112390.31,16301.47,82847.87,81149.04,1688.94,9.89,conventional,2016,RaleighGreensboro
25,2017-07-09,1.25,309542.11,92214.73,91091.46,5985.39,120250.53,113413.21,1835.65,5001.67,conventional,2017,RaleighGreensboro
24,2015-07-12,1.19,247167.15,38293.85,78845.11,42204.73,87823.46,86455.56,1367.9,0.0,conventional,2015,RaleighGreensboro
3,2015-12-06,0.97,210379.48,54037.25,84518.32,26500.57,45323.34,45120.91,202.43,0.0,conventional,2015,RaleighGreensboro
3,2018-03-04,1.28,330201.25,88012.88,101227.44,5793.79,135167.14,128111.5,7055.64,0.0,conventional,2018,RaleighGreensboro
8,2015-11-01,1.59,75586.78,7785.24,54952.19,261.3,12588.05,5592.13,6995.92,0.0,organic,2015,GreatLakes
1,2017-12-24,1.5,170025.26,3530.25,45287.61,0.0,121004.11,98594.58,22409.53,0.0,organic,2017,GreatLakes
17,2016-08-28,1.29,151771.49,7010.98,66489.42,9.54,78261.55,11614.2,66647.35,0.0,organic,2016,GreatLakes
4,2015-11-29,1.61,59169.17,6464.54,46706.82,0.0,5997.81,3485.76,2512.05,0.0,organic,2015,GreatLakes
0,2016-12-25,1.48,95184.06,3993.87,63263.0,0.0,27927.19,22279.91,5647.28,0.0,organic,2016,GreatLakes
8,2018-01-28,1.42,200318.01,4791.32,53866.78,0.0,141507.43,101734.66,39772.77,0.0,organic,2018,GreatLakes
34,2017-05-07,1.74,146983.33,3712.17,80827.19,1.64,62442.33,21373.63,41068.7,0.0,organic,2017,GreatLakes
42,2015-03-08,1.6,74152.81,3590.18,46265.47,10.54,24286.62,20700.55,3586.07,0.0,organic,2015,GreatLakes
9,2016-10-23,1.43,139337.29,4248.0,62788.25,0.0,72301.04,19601.23,52699.81,0.0,organic,2016,GreatLakes
10,2015-10-18,1.6,75238.38,9125.57,50799.97,0.0,15312.84,6138.54,9174.3,0.0,organic,2015,GreatLakes
19,2016-08-14,1.67,116220.19,6686.26,68598.93,6.35,40928.65,14160.18,26768.47,0.0,organic,2016,GreatLakes
36,2017-04-23,1.71,134773.11,3619.94,81050.43,9.87,50092.87,35704.48,14388.39,0.0,organic,2017,GreatLakes
15,2016-09-11,1.43,135309.51,5698.83,68041.16,0.0,61569.52,16797.32,44772.2,0.0,organic,2016,GreatLakes
39,2017-04-02,1.51,179232.9,4631.4,90013.63,0.0,84587.87,30833.38,53754.49,0.0,organic,2017,GreatLakes
48,2017-01-29,1.35,129565.39,4443.31,72888.67,0.0,52233.41,24074.61,28158.8,0.0,organic,2017,GreatLakes
40,2016-03-20,1.24,131022.13,3227.12,75092.85,6.13,52696.03,11483.08,41212.95,0.0,organic,2016,GreatLakes
42,2016-03-06,1.42,98803.23,5683.54,77089.66,0.0,16030.03,6346.81,9683.22,0.0,organic,2016,GreatLakes
3,2017-12-10,1.49,148882.83,3001.05,51148.46,0.0,94204.9,82525.77,11679.13,0.0,organic,2017,GreatLakes
43,2015-03-01,1.69,61260.09,3154.34,43284.57,0.0,14821.18,13128.9,1692.28,0.0,organic,2015,GreatLakes
9,2018-01-21,1.41,235021.5,5114.24,53205.28,0.0,176491.02,89986.79,86504.23,0.0,organic,2018,GreatLakes
19,2017-08-20,1.6,133248.29,3356.9,26728.65,4.85,102918.29,83092.11,19826.18,0.0,organic,2017,GreatLakes
50,2017-01-15,1.7,103487.72,4370.03,67260.09,0.0,31857.6,25703.71,6153.89,0.0,organic,2017,GreatLakes
25,2016-07-03,1.22,110335.56,3912.39,57062.77,3.22,49357.18,17772.03,31585.15,0.0,organic,2016,GreatLakes
1,2015-12-20,1.55,62669.16,7341.18,45409.35,6.23,9912.4,4761.67,5150.73,0.0,organic,2015,GreatLakes
6,2016-11-13,1.58,123515.34,4040.88,58221.76,0.0,61252.7,21907.65,39345.05,0.0,organic,2016,GreatLakes
16,2017-09-10,1.82,148357.84,3861.68,42215.34,0.0,102115.35,81205.15,20910.2,0.0,organic,2017,GreatLakes
24,2015-07-12,1.4,88179.72,2857.11,56288.88,0.0,29033.73,5550.17,23483.56,0.0,organic,2015,GreatLakes
31,2015-05-24,1.66,79844.57,4379.87,61338.68,0.0,14126.02,9484.68,4641.34,0.0,organic,2015,GreatLakes
14,2017-09-24,1.89,179687.73,3756.3,48823.74,0.0,126611.68,84494.08,42117.6,0.0,organic,2017,GreatLakes
44,2017-02-26,0.94,253169.88,4551.23,80014.82,0.0,168603.83,31222.06,137381.77,0.0,organic,2017,GreatLakes
44,2016-02-21,1.38,100551.65,11109.56,62267.01,0.0,27175.08,10529.77,16645.31,0.0,organic,2016,GreatLakes
35,2016-04-24,1.28,150140.95,4611.56,87073.08,44.08,58412.23,19471.08,38941.15,0.0,organic,2016,GreatLakes
13,2016-09-25,1.51,130290.41,4824.69,59772.24,0.0,65693.48,20049.9,45643.58,0.0,organic,2016,GreatLakes
38,2016-04-03,1.45,103615.27,2913.03,73156.63,0.0,27545.61,9613.29,17932.32,0.0,organic,2016,GreatLakes
22,2015-07-26,1.5,87348.95,3971.27,63468.5,0.0,19909.18,4387.73,15521.45,0.0,organic,2015,GreatLakes
45,2016-02-14,1.34,100217.44,9506.17,61569.33,0.0,29141.94,9377.96,19763.98,0.0,organic,2016,GreatLakes
