data/a836d206-e31f-42a1-abcf-12303fbde651_hf_nateraw_avocado-prices.csv
Unnamed: 0,Date,AveragePrice,Total Volume,4046,4225,4770,Total Bags,Small Bags,Large Bags,XLarge Bags,type,year,region
39,2016-03-27,1.15,93607.68,1246.72,53507.55,1504.71,37348.7,20111.13,17237.57,0.0,conventional,2016,Pittsburgh
28,2016-06-12,1.41,102412.83,3377.4,56238.3,1171.89,41625.24,28750.83,11099.41,1775.0,conventional,2016,Pittsburgh
28,2017-06-18,1.29,119743.9,47857.66,32486.05,1543.23,37856.96,27652.92,8201.54,2002.5,conventional,2017,Pittsburgh
6,2018-02-11,1.22,116882.18,33543.27,21090.24,1094.97,61153.7,37660.14,23490.23,3.33,conventional,2018,Pittsburgh
8,2018-01-28,1.23,119606.35,37562.68,19312.87,1415.85,61314.95,42492.34,18822.61,0.0,conventional,2018,Pittsburgh
2,2017-12-17,1.01,141895.38,66813.07,29425.92,2193.61,43462.78,30505.58,12957.2,0.0,conventional,2017,Pittsburgh
32,2016-05-15,0.87,165733.74,1504.36,113018.31,2930.76,48280.31,16500.86,31690.56,88.89,conventional,2016,Pittsburgh
29,2015-06-07,1.33,84556.54,1734.03,43816.5,1482.9,37523.11,28434.19,9081.46,7.46,conventional,2015,Pittsburgh
4,2017-12-03,1.18,93898.0,36640.0,20642.0,1451.0,35165.0,27782.0,7383.0,0.0,conventional,2017,Pittsburgh
7,2016-11-06,1.25,92657.44,24892.26,27433.78,1137.26,39194.14,34250.04,4944.1,0.0,conventional,2016,Pittsburgh
2,2018-03-11,1.23,134625.32,40798.11,15527.17,1089.04,77211.0,48023.13,29181.2,6.67,conventional,2018,Pittsburgh
31,2015-05-24,1.01,181169.72,2157.12,117543.69,3203.21,58265.7,26280.32,31985.38,0.0,conventional,2015,Pittsburgh
31,2017-05-28,1.32,143674.94,60061.87,29709.54,1890.54,52012.99,44354.41,7658.58,0.0,conventional,2017,Pittsburgh
51,2015-01-04,1.52,54956.8,3013.04,35456.88,1561.7,14925.18,11264.8,3660.38,0.0,conventional,2015,Pittsburgh
34,2016-05-01,0.92,169483.29,1981.15,114448.24,2935.24,50118.66,35865.31,14253.35,0.0,conventional,2016,Pittsburgh
13,2015-09-27,1.11,91558.77,815.05,62972.23,1852.47,25919.02,14361.09,11557.93,0.0,conventional,2015,Pittsburgh
26,2016-06-26,1.39,110772.26,1415.16,59568.48,1294.29,48494.33,32965.11,13454.22,2075.0,conventional,2016,Pittsburgh
50,2015-01-11,1.54,54644.32,1491.88,33759.12,1325.17,18068.15,12165.94,5902.21,0.0,conventional,2015,Pittsburgh
17,2015-08-30,1.37,74510.02,1493.6,40727.85,3632.29,28656.28,20079.07,8573.41,3.8,conventional,2015,Pittsburgh
16,2016-09-04,1.23,93887.78,18723.14,37833.25,1349.45,35981.94,34860.32,902.45,219.17,conventional,2016,Pittsburgh
42,2017-03-12,1.34,108624.25,37402.73,29383.0,1358.94,40479.58,33537.77,6941.81,0.0,conventional,2017,Pittsburgh
17,2017-09-03,1.31,104937.39,43246.31,27966.76,1880.37,31843.95,23478.54,6839.85,1525.56,conventional,2017,Pittsburgh
36,2016-04-17,1.17,107271.68,1300.27,64912.62,1800.73,39258.06,27639.25,11618.81,0.0,conventional,2016,Pittsburgh
41,2016-03-13,1.17,91112.78,1630.95,52730.06,1333.25,35418.52,26767.2,8651.32,0.0,conventional,2016,Pittsburgh
19,2016-08-14,1.42,93415.78,1543.89,52111.73,1001.96,38758.2,29043.13,8460.07,1255.0,conventional,2016,Pittsburgh
35,2017-04-30,1.05,205559.96,101894.13,53722.34,3641.61,46301.88,31302.01,14958.2,41.67,conventional,2017,Pittsburgh
50,2017-01-15,1.08,168143.15,74537.1,47948.29,3405.2,42252.56,29876.42,12376.14,0.0,conventional,2017,Pittsburgh
12,2017-10-08,1.6,84870.68,35817.02,10330.12,1240.8,37482.74,29940.23,7542.51,0.0,conventional,2017,Pittsburgh
9,2016-10-23,1.3,90368.85,25223.29,26247.81,1185.68,37712.07,32229.69,5482.38,0.0,conventional,2016,Pittsburgh
49,2016-01-17,1.22,94971.15,1565.32,56551.43,1254.56,35599.84,23178.32,12421.52,0.0,conventional,2016,Pittsburgh
6,2016-11-13,1.26,86306.22,22929.76,26629.2,1041.38,35705.88,31047.93,4657.95,0.0,conventional,2016,Pittsburgh
32,2017-05-21,1.02,207645.24,105432.3,48642.87,3875.28,49694.79,34916.3,14778.49,0.0,conventional,2017,Pittsburgh
5,2015-11-22,1.3,63345.59,1584.89,42392.76,1119.61,18248.33,12552.12,5696.21,0.0,conventional,2015,Pittsburgh
49,2015-01-18,1.47,59312.07,2147.08,36730.4,1075.26,19359.33,12321.55,7037.78,0.0,conventional,2015,Pittsburgh
21,2016-07-31,1.42,94553.4,1433.04,52790.96,943.41,39385.99,27719.86,10802.41,863.72,conventional,2016,Pittsburgh
47,2016-01-31,1.22,88551.72,2259.16,61619.09,1456.3,23217.17,17454.05,5763.12,0.0,conventional,2016,Pittsburgh
26,2015-06-28,1.2,111690.04,1548.14,62790.32,3823.55,43528.03,31542.36,11981.88,3.79,conventional,2015,Pittsburgh
15,2015-09-13,1.16,74962.45,1340.03,43000.49,998.6,29623.33,21080.82,8542.51,0.0,conventional,2015,Pittsburgh
5,2016-11-20,1.27,85227.73,21811.65,24291.5,1050.73,38073.85,33341.58,4732.27,0.0,conventional,2016,Pittsburgh
22,2017-07-30,1.74,214612.36,5868.8,30074.75,259.43,178409.38,153830.81,24578.57,0.0,organic,2017,Northeast
6,2018-02-11,1.69,233976.66,10690.15,28304.93,798.88,194182.7,175554.11,18628.59,0.0,organic,2018,Northeast
25,2016-07-03,1.86,152428.41,6218.3,33938.57,1960.35,110311.19,98420.14,11891.05,0.0,organic,2016,Northeast
27,2016-06-19,1.9,116678.91,4676.97,25454.23,332.09,86215.62,75420.09,10795.53,0.0,organic,2016,Northeast
5,2016-11-20,1.93,119375.15,13475.67,40040.38,185.9,65673.2,64603.48,1069.72,0.0,organic,2016,Northeast
44,2016-02-21,1.77,87442.77,6874.34,18295.13,1275.22,60998.08,36591.35,24406.73,0.0,organic,2016,Northeast
15,2016-09-11,1.95,165386.89,12483.37,42591.1,429.8,109882.62,108494.91,1387.71,0.0,organic,2016,Northeast
51,2015-01-04,1.88,48280.46,4476.73,22389.09,23.15,21391.49,21379.79,11.7,0.0,organic,2015,Northeast
50,2017-01-15,1.94,134840.81,9284.34,31877.36,128.08,93551.03,91994.71,1556.32,0.0,organic,2017,Northeast
6,2016-11-13,2.13,82987.85,6112.25,27856.49,111.26,48907.85,48445.6,462.25,0.0,organic,2016,Northeast
32,2015-05-17,1.92,68435.46,4444.73,20525.36,119.96,43345.41,43257.15,88.26,0.0,organic,2015,Northeast
28,2017-06-18,1.98,307563.37,45284.06,123914.52,265.91,138098.88,124213.2,13885.68,0.0,organic,2017,Northeast
17,2016-08-28,1.84,71636.65,4850.25,24189.84,1136.25,41460.31,41025.5,434.81,0.0,organic,2016,Northeast
17,2017-09-03,1.92,223548.33,15489.31,42399.85,207.82,165451.35,157440.62,8010.73,0.0,organic,2017,Northeast
9,2016-10-23,1.7,57081.84,3797.54,9176.22,43.5,44064.58,43496.72,567.86,0.0,organic,2016,Northeast
49,2017-01-22,1.93,135079.52,10781.15,31238.0,886.21,92174.16,91298.2,875.96,0.0,organic,2017,Northeast
47,2017-02-05,1.81,160843.63,11663.51,37623.06,244.75,111312.31,101921.32,9390.99,0.0,organic,2017,Northeast
45,2017-02-19,1.43,592952.35,127051.75,363472.25,322.56,102105.79,91672.29,10433.5,0.0,organic,2017,Northeast
7,2017-11-12,1.81,231677.48,11004.36,27532.26,161.34,192979.52,176295.77,16683.75,0.0,organic,2017,Northeast
15,2017-09-17,1.74,238274.56,9146.68,34141.63,44.41,194941.84,193019.04,1922.8,0.0,organic,2017,Northeast
1,2016-12-18,1.94,113583.14,14615.66,33603.36,164.23,65199.89,63812.2,1387.69,0.0,organic,2016,Northeast
25,2015-07-05,2.09,45881.11,3575.37,18758.96,132.4,23414.38,23393.23,21.15,0.0,organic,2015,Northeast
27,2015-06-21,2.12,48785.22,5390.54,20200.25,1166.45,22027.98,21513.69,514.29,0.0,organic,2015,Northeast
32,2017-05-21,2.15,186553.95,10974.59,44591.68,1425.74,129561.94,120158.47,9403.47,0.0,organic,2017,Northeast
21,2017-08-06,1.74,216000.77,6369.3,31343.15,143.23,178145.09,152573.08,25572.01,0.0,organic,2017,Northeast
11,2018-01-07,1.75,264448.77,11605.47,35898.69,55.76,216888.85,205469.1,11419.75,0.0,organic,2018,Northeast
37,2015-04-12,1.81,69377.2,6165.15,22584.41,27.38,40600.26,40303.57,296.69,0.0,organic,2015,Northeast
23,2015-07-19,2.07,47878.48,3613.49,20743.86,93.68,23427.45,23396.97,30.48,0.0,organic,2015,Northeast
30,2015-05-31,1.89,63807.3,5614.59,21199.65,704.73,36288.33,36137.11,151.22,0.0,organic,2015,Northeast
31,2016-05-22,1.58,1581.74,564.95,5.8,0.0,1010.99,1007.66,3.33,0.0,organic,2016,NewOrleansMobile
49,2015-01-18,0.98,4739.17,256.53,2.64,0.0,4480.0,4480.0,0.0,0.0,organic,2015,NewOrleansMobile
51,2016-01-03,1.52,2906.1,755.24,2.95,0.0,2147.91,2147.91,0.0,0.0,organic,2016,NewOrleansMobile
1,2016-12-18,1.43,2560.46,77.12,0.0,0.0,2483.34,1755.41,727.93,0.0,organic,2016,NewOrleansMobile
21,2017-08-06,1.18,6994.5,128.76,71.31,0.0,6794.43,6781.1,13.33,0.0,organic,2017,NewOrleansMobile
40,2015-03-22,1.56,2568.19,428.01,30.18,0.0,2110.0,2110.0,0.0,0.0,organic,2015,NewOrleansMobile
48,2016-01-24,1.34,3903.11,502.84,0.0,0.0,3400.27,3400.27,0.0,0.0,organic,2016,NewOrleansMobile
41,2016-03-13,1.27,4261.47,617.29,24.21,0.0,3619.97,3619.97,0.0,0.0,organic,2016,NewOrleansMobile
3,2018-03-04,1.39,7466.34,521.04,142.08,0.0,6803.22,6275.55,527.67,0.0,organic,2018,NewOrleansMobile
14,2016-09-18,1.4,3088.88,191.13,0.0,0.0,2897.75,1481.31,1416.44,0.0,organic,2016,NewOrleansMobile
13,2016-09-25,1.5,3382.35,147.67,0.0,0.0,3234.68,2107.71,1126.97,0.0,organic,2016,NewOrleansMobile
26,2017-07-02,1.89,2700.26,183.02,838.35,0.0,1678.89,1662.22,16.67,0.0,organic,2017,NewOrleansMobile
31,2015-05-24,1.61,1654.85,434.29,16.56,0.0,1204.0,1204.0,0.0,0.0,organic,2015,NewOrleansMobile
34,2016-05-01,1.44,5262.04,824.56,29.24,0.0,4408.24,4391.57,16.67,0.0,organic,2016,NewOrleansMobile
47,2016-01-31,1.43,3211.24,623.49,18.16,0.0,2569.59,2569.59,0.0,0.0,organic,2016,NewOrleansMobile
36,2016-04-17,1.45,3885.61,655.5,8.88,0.0,3221.23,3221.23,0.0,0.0,organic,2016,NewOrleansMobile
11,2017-10-15,1.55,2172.93,252.53,100.4,0.0,1820.0,1816.67,3.33,0.0,organic,2017,NewOrleansMobile
46,2015-02-08,1.53,3532.67,392.0,50.67,0.0,3090.0,3090.0,0.0,0.0,organic,2015,NewOrleansMobile
9,2017-10-29,1.7,6088.13,89.32,154.0,0.0,5844.81,5561.11,283.7,0.0,organic,2017,NewOrleansMobile
15,2015-09-13,1.62,2353.2,310.87,107.29,0.0,1935.04,1935.04,0.0,0.0,organic,2015,NewOrleansMobile
42,2016-03-06,1.37,2612.54,493.68,6.06,0.0,2112.8,2112.8,0.0,0.0,organic,2016,NewOrleansMobile
39,2016-03-27,1.26,3468.78,516.41,9.02,0.0,2943.35,2943.35,0.0,0.0,organic,2016,NewOrleansMobile
11,2016-10-09,1.91,994.05,311.56,2.91,0.0,679.58,659.58,20.0,0.0,organic,2016,NewOrleansMobile
2,2015-12-13,1.6,1529.16,424.7,0.0,0.0,1104.46,1104.46,0.0,0.0,organic,2015,NewOrleansMobile
3,2017-12-10,1.4,5488.94,141.27,47.66,0.0,5300.01,5293.34,6.67,0.0,organic,2017,NewOrleansMobile
27,2017-06-25,1.91,1282.64,64.99,472.65,0.0,745.0,738.34,6.66,0.0,organic,2017,NewOrleansMobile
10,2018-01-14,1.42,7130.97,158.28,101.58,0.0,6871.11,6847.77,23.34,0.0,organic,2018,NewOrleansMobile
47,2017-02-05,1.35,3381.82,326.31,6.26,0.0,3049.25,1874.51,1174.74,0.0,organic,2017,NewOrleansMobile
6,2016-11-13,1.51,5038.15,99.79,0.0,0.0,4938.36,3940.83,997.53,0.0,organic,2016,NewOrleansMobile
25,2015-07-05,1.58,2228.5,349.11,62.73,0.0,1816.66,1816.66,0.0,0.0,organic,2015,NewOrleansMobile
10,2017-10-22,1.6,3456.59,83.45,125.29,0.0,3247.85,3234.45,13.4,0.0,organic,2017,NewOrleansMobile
7,2015-11-08,0.76,661405.9,445281.03,123745.68,11968.0,80411.19,79009.15,1402.04,0.0,conventional,2015,WestTexNewMexico
39,2015-03-29,0.74,908323.3,595240.91,199938.3,18570.6,94573.49,88599.82,5973.67,0.0,conventional,2015,WestTexNewMexico
26,2017-07-02,0.86,1023584.42,541032.2,87497.9,10276.33,384777.99,168553.29,216224.7,0.0,conventional,2017,WestTexNewMexico
29,2017-06-11,0.83,1090267.81,638208.69,88563.14,10519.07,352976.91,165191.61,187785.3,0.0,conventional,2017,WestTexNewMexico
26,2016-06-26,0.8,1028845.61,558419.63,101284.45,23127.35,346014.18,243993.8,95170.94,6849.44,conventional,2016,WestTexNewMexico
13,2016-09-25,1.07,598623.24,334016.4,61710.24,14663.85,188232.75,117476.89,70580.86,175.0,conventional,2016,WestTexNewMexico
41,2017-03-19,0.84,914181.01,550156.27,60673.98,18046.15,285304.61,122778.9,162525.71,0.0,conventional,2017,WestTexNewMexico
38,2016-04-03,0.73,776232.98,552528.04,80391.33,29032.63,114280.98,82969.77,31311.21,0.0,conventional,2016,WestTexNewMexico
27,2015-06-21,0.74,948942.53,601318.24,158997.23,13455.47,175171.59,148132.78,27038.81,0.0,conventional,2015,WestTexNewMexico
13,2015-09-27,0.79,714977.26,255897.91,376232.89,12988.42,69858.04,68312.62,1545.42,0.0,conventional,2015,WestTexNewMexico
3,2017-12-10,0.86,751137.79,384349.01,133201.98,5774.97,227811.83,104486.24,123222.25,103.34,conventional,2017,WestTexNewMexico
31,2016-05-22,0.8,857842.32,497605.2,111206.4,50440.46,198590.26,97204.01,93102.92,8283.33,conventional,2016,WestTexNewMexico
20,2017-08-13,0.95,867284.03,479443.63,113710.28,12037.45,262092.67,110195.24,151506.32,391.11,conventional,2017,WestTexNewMexico
44,2016-02-21,0.7,840912.75,531994.93,140944.9,27799.93,140172.99,88186.62,50489.7,1496.67,conventional,2016,WestTexNewMexico
31,2017-05-28,0.91,1042737.97,586236.26,88983.48,15734.13,351784.1,139601.56,212182.54,0.0,conventional,2017,WestTexNewMexico
4,2018-02-25,0.88,895671.55,431217.01,171532.79,10590.75,282331.0,125973.31,147040.26,9317.43,conventional,2018,WestTexNewMexico
22,2015-07-26,0.81,777883.03,542663.64,96112.02,25086.72,114020.65,97555.49,16465.16,0.0,conventional,2015,WestTexNewMexico
3,2015-12-06,0.74,623231.77,398871.12,133434.18,21088.12,69838.35,68233.56,1604.79,0.0,conventional,2015,WestTexNewMexico
17,2017-09-03,1.14,666775.1,448083.06,71179.45,6037.95,141474.64,95618.57,45849.4,6.67,conventional,2017,WestTexNewMexico
35,2015-04-26,0.74,899632.66,596342.41,174560.73,14468.89,114260.63,80697.34,33563.29,0.0,conventional,2015,WestTexNewMexico
3,2016-12-04,0.85,699171.51,353339.84,66386.39,10869.1,268576.18,105842.68,162657.94,75.56,conventional,2016,WestTexNewMexico
14,2017-09-24,1.22,584045.7,363596.75,99990.28,415.7,120042.97,68799.49,51236.81,6.67,conventional,2017,WestTexNewMexico
45,2016-02-14,0.7,963046.73,621734.73,151510.22,30289.17,159512.61,89653.91,56745.36,13113.34,conventional,2016,WestTexNewMexico
4,2015-11-29,0.81,519028.45,335446.83,103635.94,11463.06,68482.62,67264.73,1217.89,0.0,conventional,2015,WestTexNewMexico
21,2015-08-02,0.79,795371.51,573107.42,94633.45,13662.27,113968.37,95673.46,18294.91,0.0,conventional,2015,WestTexNewMexico
23,2016-07-17,0.95,802834.4,449793.85,85497.73,16431.19,251111.63,178906.87,68996.71,3208.05,conventional,2016,WestTexNewMexico
49,2015-01-18,0.8,729795.72,516446.41,128438.87,12473.14,72437.3,71564.22,873.08,0.0,conventional,2015,WestTexNewMexico
37,2016-04-10,0.77,897755.55,567763.55,128899.01,32940.56,168152.43,97395.82,70756.61,0.0,conventional,2016,WestTexNewMexico
5,2017-11-26,0.91,623094.0,354268.0,104956.0,5465.0,158405.0,74684.0,83606.0,114.0,conventional,2017,WestTexNewMexico
4,2017-12-03,0.85,799879.0,359419.0,224516.0,6690.0,209254.0,70520.0,138586.0,148.0,conventional,2017,WestTexNewMexico
40,2017-03-26,0.84,910903.81,533119.84,65918.97,17073.66,294791.34,139768.43,155022.91,0.0,conventional,2017,WestTexNewMexico
0,2016-12-25,0.73,867992.74,484143.84,69977.4,15998.99,297872.51,130112.09,167620.42,140.0,conventional,2016,WestTexNewMexico
35,2017-04-30,0.81,978289.98,550326.03,85308.08,11068.06,331587.81,125278.55,206309.26,0.0,conventional,2017,WestTexNewMexico
9,2017-10-29,1.02,660019.25,340028.02,169026.98,4847.21,146117.04,65993.2,80063.84,60.0,conventional,2017,WestTexNewMexico
11,2015-10-11,0.89,638486.47,268061.13,258518.68,31027.33,80879.33,79841.99,1037.34,0.0,conventional,2015,WestTexNewMexico
7,2017-11-12,0.93,759126.0,375798.0,165578.0,9438.0,208312.0,67655.0,140060.0,597.0,conventional,2017,WestTexNewMexico
