data/a836d206-e31f-42a1-abcf-12303fbde651_hf_nateraw_avocado-prices.csv
Unnamed: 0,Date,AveragePrice,Total Volume,4046,4225,4770,Total Bags,Small Bags,Large Bags,XLarge Bags,type,year,region
24,2015-07-12,1.27,1338282.24,22742.33,956051.1,5130.14,354358.67,306199.58,47542.37,616.72,conventional,2015,NewYork
13,2015-09-27,1.16,1201066.41,15448.68,941112.78,983.6,243521.35,185973.17,57548.18,0.0,conventional,2015,NewYork
17,2017-09-03,1.8,1077993.21,72172.99,630743.85,517.88,374558.49,360305.76,9201.62,5051.11,conventional,2017,NewYork
4,2018-02-25,1.3,1615325.14,76602.52,841320.18,852.11,696550.33,632625.27,61658.39,2266.67,conventional,2018,NewYork
4,2017-12-03,1.41,1191930.0,42352.0,652690.0,580.0,496308.0,466132.0,30177.0,0.0,conventional,2017,NewYork
26,2015-06-28,1.36,1284789.44,17714.92,917010.98,3347.48,346716.06,266450.36,80224.13,41.57,conventional,2015,NewYork
24,2016-07-10,1.51,1266199.75,15424.35,700324.85,38821.41,511629.14,423617.35,84322.87,3688.92,conventional,2016,NewYork
39,2015-03-29,1.36,1183815.23,21780.45,882071.76,1812.92,278150.1,216859.46,61290.64,0.0,conventional,2015,NewYork
44,2016-02-21,1.21,1315177.5,15028.05,930110.1,3071.33,366968.02,323061.15,43906.87,0.0,conventional,2016,NewYork
20,2015-08-09,1.1,1563915.04,23326.28,1290583.13,976.16,249029.47,218715.85,30313.62,0.0,conventional,2015,NewYork
43,2015-03-01,1.18,1338129.89,19919.91,1025372.06,2849.43,289988.49,228539.44,61449.05,0.0,conventional,2015,NewYork
36,2017-04-23,1.68,1247609.13,45532.93,838408.44,2853.1,360814.66,312758.39,41885.07,6171.2,conventional,2017,NewYork
38,2017-04-09,1.75,1277721.97,37746.37,775729.89,2839.8,461405.91,407168.08,51164.8,3073.03,conventional,2017,NewYork
4,2015-11-29,1.16,999169.64,13652.41,814571.57,863.58,170082.08,139508.76,30573.32,0.0,conventional,2015,NewYork
33,2016-05-08,0.77,2740587.86,26384.21,2283465.22,21633.51,409104.92,349589.72,59095.76,419.44,conventional,2016,NewYork
26,2017-07-02,1.72,1304560.72,56685.05,733184.24,3145.41,511546.02,270378.6,223986.86,17180.56,conventional,2017,NewYork
32,2016-05-15,1.14,1706730.17,17964.49,1274098.3,16601.36,398066.02,343885.47,52450.52,1730.03,conventional,2016,NewYork
23,2015-07-19,1.37,1251919.24,20811.41,923816.05,2324.14,304967.64,256581.76,48382.38,3.5,conventional,2015,NewYork
17,2016-08-28,1.58,1212399.97,19257.01,715527.43,37849.93,439765.6,378940.19,57956.65,2868.76,conventional,2016,NewYork
37,2016-04-10,1.09,987897.9,19209.79,588026.18,2136.66,378525.27,337797.27,38411.25,2316.75,conventional,2016,NewYork
5,2015-11-22,1.14,1111803.12,15004.7,905344.06,1227.89,190226.47,156660.8,33558.6,7.07,conventional,2015,NewYork
7,2017-11-12,1.52,1122350.0,51661.0,667319.0,710.0,402660.0,369347.0,33312.0,0.0,conventional,2017,NewYork
42,2016-03-06,1.24,1455656.4,18107.83,1074827.27,2066.31,360654.99,317977.04,42677.95,0.0,conventional,2016,NewYork
9,2016-10-23,1.95,807564.93,11212.72,512038.46,2086.69,282227.06,275967.53,5009.53,1250.0,conventional,2016,NewYork
27,2015-06-21,1.28,1667026.11,18711.02,1312242.38,5159.36,330913.35,287710.54,43147.53,55.28,conventional,2015,NewYork
34,2016-05-01,1.22,1536109.56,16424.04,1106990.04,11518.08,401177.4,321936.31,79106.38,134.71,conventional,2016,NewYork
5,2016-11-20,1.59,1093097.04,16970.61,732069.33,2999.16,341057.94,303438.25,35803.02,1816.67,conventional,2016,NewYork
45,2016-02-14,1.09,1806980.64,23786.18,1388157.42,1219.98,393817.06,326948.56,66868.5,0.0,conventional,2016,NewYork
29,2017-06-11,1.74,1374185.78,54293.79,753430.43,3000.9,563460.66,322838.07,233754.81,6867.78,conventional,2017,NewYork
22,2017-07-30,1.52,1306226.34,63098.74,856414.09,3849.65,382863.86,362404.9,17642.09,2816.87,conventional,2017,NewYork
2,2016-12-11,1.32,1163696.14,10994.77,793989.54,5247.11,353464.72,247566.16,104392.33,1506.23,conventional,2016,NewYork
9,2017-10-29,1.57,1217806.97,74423.5,788262.18,779.34,354341.95,330959.23,23366.81,15.91,conventional,2017,NewYork
11,2018-01-07,1.67,1287480.31,39884.07,866953.05,573.69,380069.5,348249.49,31820.01,0.0,conventional,2018,NewYork
3,2017-12-10,1.14,2390308.58,48483.07,1906061.15,1561.82,434202.54,411052.38,23130.51,19.65,conventional,2017,NewYork
34,2015-05-03,1.32,1679103.39,23447.41,1317970.18,4554.01,333131.79,257688.23,74835.23,608.33,conventional,2015,NewYork
1,2015-12-20,1.23,1139347.98,13998.35,867406.68,803.83,257139.12,212615.2,44523.92,0.0,conventional,2015,NewYork
47,2016-01-31,1.02,1615465.33,18769.06,1284268.92,1383.65,311043.7,269851.19,41190.34,2.17,conventional,2016,NewYork
1,2018-03-18,1.43,1564859.63,73760.49,911098.28,612.78,579388.08,552433.16,24302.69,2652.23,conventional,2018,NewYork
50,2016-01-10,1.29,37193.3,649.31,16547.56,6.67,19989.76,48.94,19940.82,0.0,organic,2016,Seattle
11,2017-10-15,2.69,25512.65,1121.98,9881.49,25.43,14483.75,1049.37,13434.38,0.0,organic,2017,Seattle
18,2017-08-27,2.96,26845.68,1134.59,11055.6,12.57,14642.92,1079.26,13563.66,0.0,organic,2017,Seattle
16,2017-09-10,2.87,27205.13,1051.52,10952.09,8.82,15192.7,1109.64,14018.66,64.4,organic,2017,Seattle
24,2016-07-10,1.8,37406.41,1364.66,25562.94,40.41,10438.4,277.67,10160.73,0.0,organic,2016,Seattle
4,2015-11-29,2.06,17765.82,647.06,13403.0,34.69,3681.07,31.44,3649.63,0.0,organic,2015,Seattle
8,2016-10-30,2.73,13588.39,794.44,11345.97,23.56,1424.42,600.6,823.82,0.0,organic,2016,Seattle
41,2015-03-15,1.8,26717.98,8978.82,17520.57,15.16,203.43,0.0,203.43,0.0,organic,2015,Seattle
17,2016-08-28,2.24,18871.59,5595.5,12638.28,31.08,606.73,532.98,73.75,0.0,organic,2016,Seattle
27,2015-06-21,1.75,38093.47,8727.72,29192.23,91.29,82.23,0.0,82.23,0.0,organic,2015,Seattle
36,2015-04-19,1.76,36734.87,9788.52,24647.6,72.91,2225.84,0.0,2225.84,0.0,organic,2015,Seattle
37,2015-04-12,1.59,61024.8,8715.25,48802.16,45.41,3461.98,2.52,3459.46,0.0,organic,2015,Seattle
21,2015-08-02,2.04,26756.69,8531.33,14816.24,55.81,3353.31,0.0,3353.31,0.0,organic,2015,Seattle
13,2017-10-01,2.86,25718.23,770.12,9708.8,7.6,15231.71,1062.22,14155.42,14.07,organic,2017,Seattle
41,2016-03-13,1.18,51451.83,409.24,15023.6,41.84,35977.15,10152.23,25824.92,0.0,organic,2016,Seattle
37,2016-04-10,0.89,112486.22,608.37,27403.46,10.49,84463.9,5360.97,79102.93,0.0,organic,2016,Seattle
49,2015-01-18,1.45,44616.23,6222.73,30224.67,7.34,8161.49,216.67,7944.82,0.0,organic,2015,Seattle
39,2016-03-27,1.55,36606.53,454.87,20878.24,5.23,15268.19,443.54,14824.65,0.0,organic,2016,Seattle
6,2016-11-13,2.28,28907.25,541.62,18490.5,41.96,9833.17,801.11,9032.06,0.0,organic,2016,Seattle
3,2016-12-04,1.45,38898.52,442.32,10207.77,15.7,28232.73,534.52,27698.21,0.0,organic,2016,Seattle
5,2016-11-20,1.59,40278.71,385.45,10855.78,3.92,29033.56,735.87,28297.69,0.0,organic,2016,Seattle
43,2016-02-28,1.46,37727.89,800.13,26050.81,44.6,10832.35,2036.03,8796.32,0.0,organic,2016,Seattle
27,2017-06-25,2.65,31895.13,1739.77,21572.4,46.96,8536.0,290.0,8246.0,0.0,organic,2017,Seattle
48,2017-01-29,1.22,45744.02,636.48,10502.66,58.27,34546.61,1544.23,33002.38,0.0,organic,2017,Seattle
11,2016-10-09,1.73,23673.82,689.95,9161.72,0.0,13822.15,4318.59,9503.56,0.0,organic,2016,Seattle
0,2015-12-27,1.51,21378.66,610.22,13103.85,4.01,7660.58,80.12,7580.46,0.0,organic,2015,Seattle
1,2016-12-18,1.08,46216.41,373.65,10784.3,1.31,35057.15,443.67,34613.48,0.0,organic,2016,Seattle
11,2015-10-11,1.75,26750.05,4297.16,13215.71,11.98,9225.2,2.96,9222.24,0.0,organic,2015,Seattle
1,2018-03-18,1.83,45893.2,1490.12,15816.48,32.34,28554.26,2763.22,25662.29,128.75,organic,2018,Seattle
21,2017-08-06,2.58,29977.08,1335.08,13120.04,36.29,15485.67,1685.57,13800.1,0.0,organic,2017,Seattle
49,2016-01-17,1.26,42107.7,560.56,15954.79,6.67,25585.68,163.14,25422.54,0.0,organic,2016,Seattle
36,2017-04-23,1.39,56242.52,1787.17,12544.82,4.07,41906.46,495.17,41411.29,0.0,organic,2017,Seattle
8,2018-01-28,1.99,35988.0,954.77,11558.54,32.0,23442.69,1487.79,21867.48,87.42,organic,2018,Seattle
30,2016-05-29,1.62,39722.85,625.03,30792.23,27.93,8277.66,478.03,7799.63,0.0,organic,2016,Seattle
9,2017-10-29,2.43,26592.14,1118.1,11280.32,16.56,14177.16,1095.88,13069.96,11.32,organic,2017,Seattle
38,2016-04-03,1.25,21630.01,1640.08,13036.06,0.0,6953.87,3636.46,3317.41,0.0,organic,2016,SanDiego
19,2015-08-16,1.82,9064.11,2762.8,5555.73,0.0,745.58,745.58,0.0,0.0,organic,2015,SanDiego
10,2017-10-22,2.15,13012.35,951.67,6964.44,0.0,5096.24,5096.24,0.0,0.0,organic,2017,SanDiego
46,2015-02-08,1.29,15054.25,13016.65,926.02,0.0,1111.58,1111.58,0.0,0.0,organic,2015,SanDiego
37,2015-04-12,1.49,10665.71,3994.59,6126.03,0.0,545.09,545.09,0.0,0.0,organic,2015,SanDiego
17,2015-08-30,1.88,9085.45,1986.05,6676.52,0.0,422.88,422.88,0.0,0.0,organic,2015,SanDiego
15,2016-09-11,1.59,18422.92,2500.57,13057.42,0.0,2864.93,1950.17,914.76,0.0,organic,2016,SanDiego
20,2015-08-09,1.82,8902.03,2628.99,5592.09,0.0,680.95,680.95,0.0,0.0,organic,2015,SanDiego
8,2017-11-05,1.6,16452.21,761.73,10819.54,0.0,4870.94,4870.94,0.0,0.0,organic,2017,SanDiego
24,2016-07-10,1.43,20997.51,2752.28,8317.59,0.0,9927.64,9927.64,0.0,0.0,organic,2016,SanDiego
3,2016-12-04,2.06,9419.21,1464.73,6546.16,0.0,1408.32,540.0,868.32,0.0,organic,2016,SanDiego
0,2015-12-27,1.62,8704.72,1834.72,5181.54,0.0,1688.46,472.88,1215.58,0.0,organic,2015,SanDiego
45,2016-02-14,1.42,14114.3,667.06,9489.39,7.99,3949.86,670.13,3279.73,0.0,organic,2016,SanDiego
36,2016-04-17,1.29,16158.77,1367.99,8462.25,6.32,6322.21,6287.11,35.1,0.0,organic,2016,SanDiego
22,2016-07-24,1.69,17192.77,2125.18,9589.68,3.3,5474.61,2202.85,3271.76,0.0,organic,2016,SanDiego
21,2015-08-02,1.86,10242.52,2569.77,7080.66,0.0,592.09,592.09,0.0,0.0,organic,2015,SanDiego
6,2015-11-15,1.68,8438.39,1537.41,6399.23,0.0,501.75,430.1,71.65,0.0,organic,2015,SanDiego
1,2018-03-18,1.75,18371.03,836.22,10877.69,0.0,6657.12,6657.12,0.0,0.0,organic,2018,SanDiego
25,2015-07-05,1.55,16352.08,3011.64,12801.71,0.0,538.73,538.73,0.0,0.0,organic,2015,SanDiego
0,2017-12-31,2.0,14150.95,2721.78,7973.65,0.0,3455.52,3455.52,0.0,0.0,organic,2017,SanDiego
1,2016-12-18,1.63,12212.22,829.17,9348.28,52.46,1982.31,403.33,1578.98,0.0,organic,2016,SanDiego
41,2015-03-15,1.49,8349.37,7690.44,315.77,0.0,343.16,343.16,0.0,0.0,organic,2015,SanDiego
22,2017-07-30,2.37,12594.87,819.66,6870.21,0.0,4905.0,4871.67,33.33,0.0,organic,2017,SanDiego
14,2016-09-18,2.15,10274.36,1289.86,8195.56,0.0,788.94,756.43,32.51,0.0,organic,2016,SanDiego
21,2017-08-06,2.37,12981.7,1047.77,6973.51,0.0,4960.42,4960.42,0.0,0.0,organic,2017,SanDiego
2,2016-12-11,1.49,14513.56,1070.01,9924.91,4.76,3513.88,526.67,2987.21,0.0,organic,2016,SanDiego
3,2015-12-06,1.83,5564.87,1256.25,3763.92,0.0,544.7,541.37,3.33,0.0,organic,2015,SanDiego
11,2018-01-07,2.06,16746.82,5150.82,9366.31,0.0,2229.69,2229.69,0.0,0.0,organic,2018,SanDiego
25,2017-07-09,1.91,19248.28,1037.82,10325.37,0.0,7885.09,7885.09,0.0,0.0,organic,2017,SanDiego
8,2015-11-01,1.64,9456.39,1478.71,7160.95,0.0,816.73,775.12,41.61,0.0,organic,2015,SanDiego
26,2015-06-28,1.55,12946.65,2398.15,10206.13,0.0,342.37,342.37,0.0,0.0,organic,2015,SanDiego
3,2018-03-04,1.65,24614.51,1558.03,10118.36,0.0,12938.12,12934.79,3.33,0.0,organic,2018,SanDiego
23,2017-07-23,2.31,13629.65,784.86,8530.78,0.0,4314.01,4310.68,3.33,0.0,organic,2017,SanDiego
9,2017-10-29,2.13,12179.45,863.06,6224.07,0.0,5092.32,5092.32,0.0,0.0,organic,2017,SanDiego
13,2015-09-27,1.7,8898.69,2858.56,5619.88,0.0,420.25,420.25,0.0,0.0,organic,2015,SanDiego
13,2016-09-25,2.35,9831.47,734.45,8359.4,0.0,737.62,737.62,0.0,0.0,organic,2016,SanDiego
50,2017-01-15,1.82,11578.42,2529.2,7637.66,0.0,1411.56,993.41,418.15,0.0,organic,2017,SanDiego
8,2018-01-28,1.91,17579.47,1145.64,8284.41,0.0,8149.42,8149.42,0.0,0.0,organic,2018,SanDiego
49,2015-01-18,1.29,14473.73,12300.47,580.15,0.0,1593.11,1593.11,0.0,0.0,organic,2015,SanDiego
48,2017-01-29,1.21,18191.46,1477.75,8949.53,4.86,7759.32,3304.61,4454.71,0.0,organic,2017,SanDiego
32,2017-05-21,2.05,15451.08,853.03,9892.77,1.65,4703.63,4700.0,3.63,0.0,organic,2017,SanDiego
16,2015-09-06,1.85,9341.22,2333.68,6614.63,0.0,392.91,392.91,0.0,0.0,organic,2015,SanDiego
18,2017-08-27,2.57,11138.48,1397.94,7309.89,0.0,2430.65,2427.32,3.33,0.0,organic,2017,SanDiego
45,2015-02-15,1.49,12775.39,11531.38,555.56,0.0,688.45,688.45,0.0,0.0,organic,2015,SanDiego
42,2016-03-06,1.21,18148.41,1836.96,8499.93,0.0,7811.52,7772.41,39.11,0.0,organic,2016,SanDiego
21,2016-07-31,1.16,340176.41,133525.93,51178.25,23139.38,132332.85,122542.75,5808.23,3981.87,conventional,2016,Detroit
30,2016-05-29,1.04,348557.33,127403.87,45533.0,38082.17,137538.29,122656.94,4439.52,10441.83,conventional,2016,Detroit
4,2016-11-27,1.18,262530.31,86557.85,47554.19,4974.63,123443.64,121146.63,2289.93,7.08,conventional,2016,Detroit
47,2015-02-01,0.92,539750.77,205775.28,136119.82,127173.89,70681.78,54003.36,688.47,15989.95,conventional,2015,Detroit
0,2018-03-25,1.15,477637.43,82568.15,72460.6,62078.52,260530.16,211303.55,21812.97,27413.64,conventional,2018,Detroit
41,2015-03-15,1.13,254974.87,107980.24,31613.46,48302.85,67078.32,62158.56,1375.92,3543.84,conventional,2015,Detroit
8,2016-10-30,1.4,193940.78,75576.83,41553.71,4805.57,72004.67,70936.81,1058.93,8.93,conventional,2016,Detroit
38,2017-04-09,1.51,284715.12,64658.67,48429.11,33629.99,137997.35,123525.69,3833.22,10638.44,conventional,2017,Detroit
17,2015-08-30,0.96,422762.9,177827.49,75478.01,100520.31,68937.09,52515.07,1066.62,15355.4,conventional,2015,Detroit
3,2018-03-04,1.18,400047.47,89601.76,41375.29,26105.84,242964.58,216775.85,13655.21,12533.52,conventional,2018,Detroit
47,2017-02-05,0.65,797699.81,214826.74,228906.58,25712.14,328254.35,321790.97,6374.7,88.68,conventional,2017,Detroit
25,2017-07-09,0.99,502774.82,119584.9,56064.04,43719.76,283406.12,232206.09,28983.01,22217.02,conventional,2017,Detroit
38,2015-04-05,1.11,295385.41,113210.53,62859.83,49925.6,69389.45,65997.82,1999.07,1392.56,conventional,2015,Detroit
10,2016-10-16,1.26,256744.34,83560.9,51486.24,6767.11,114930.09,112344.57,2581.96,3.56,conventional,2016,Detroit
3,2016-12-04,0.81,545216.52,156549.99,173437.9,22752.47,192476.16,188722.8,3634.98,118.38,conventional,2016,Detroit
37,2015-04-12,1.02,271182.01,96441.78,24663.5,43008.11,107068.62,101770.1,2451.53,2846.99,conventional,2015,Detroit
12,2017-10-08,1.94,208300.17,55417.49,17297.6,18345.32,117239.76,98662.02,10865.94,7711.8,conventional,2017,Detroit
31,2016-05-22,1.07,303330.62,118921.39,40268.68,35077.81,109062.74,94755.66,4350.37,9956.71,conventional,2016,Detroit
11,2018-01-07,0.92,512142.96,164665.38,81248.88,23315.8,242912.9,195595.55,45090.53,2226.82,conventional,2018,Detroit
39,2017-04-02,1.48,288639.34,65914.28,45497.47,33828.6,143398.99,131639.74,3178.06,8581.19,conventional,2017,Detroit
8,2017-11-05,1.0,426643.42,154127.34,42917.02,7701.33,221897.73,204821.66,16602.19,473.88,conventional,2017,Detroit
46,2017-02-12,0.74,475602.7,148920.01,87966.44,9992.23,228724.02,212979.31,14028.85,1715.86,conventional,2017,Detroit
16,2017-09-10,1.8,251097.79,60774.27,32685.75,23392.18,134245.59,113843.97,9150.17,11251.45,conventional,2017,Detroit
7,2018-02-04,0.67,880540.45,167512.7,287359.89,60027.97,365639.89,266930.49,89516.48,9192.92,conventional,2018,Detroit
40,2015-03-22,0.97,455372.43,138397.72,109057.9,144745.74,63171.07,44419.39,754.44,17997.24,conventional,2015,Detroit
33,2017-05-14,1.03,445350.61,110697.8,44186.84,40589.56,249876.41,225833.42,13583.47,10459.52,conventional,2017,Detroit
