data/a836d206-e31f-42a1-abcf-12303fbde651_hf_nateraw_avocado-prices.csv
Unnamed: 0,Date,AveragePrice,Total Volume,4046,4225,4770,Total Bags,Small Bags,Large Bags,XLarge Bags,type,year,region
16,2016-09-04,1.33,204963.95,58888.34,56699.56,18659.47,70716.58,62373.15,7805.93,537.5,conventional,2016,Charlotte
0,2017-12-31,0.93,346356.5,60766.53,108930.41,6349.26,170310.3,162934.08,7369.55,6.67,conventional,2017,Charlotte
12,2016-10-02,1.48,178410.82,46364.75,52893.38,16736.92,62415.77,53332.61,8258.16,825.0,conventional,2016,Charlotte
17,2015-08-30,1.2,179026.88,33511.97,41700.97,38130.29,65683.65,63371.06,2312.59,0.0,conventional,2015,Charlotte
42,2015-03-08,1.25,159386.69,29980.15,39244.64,36249.61,53912.29,52537.96,1374.33,0.0,conventional,2015,Charlotte
30,2015-05-31,1.19,194630.86,45688.14,43259.91,44529.73,61153.08,58990.8,2162.28,0.0,conventional,2015,Charlotte
21,2015-08-02,1.24,179321.9,30200.32,48686.77,39734.9,60699.91,58627.67,2072.24,0.0,conventional,2015,Charlotte
25,2016-07-03,1.2,233543.59,45220.67,72710.08,40378.07,75234.77,64809.58,8290.19,2135.0,conventional,2016,Charlotte
4,2016-11-27,1.54,131453.85,38976.01,34346.09,8265.03,49866.72,44005.31,5861.41,0.0,conventional,2016,Charlotte
5,2017-11-26,1.4,170412.0,45363.0,56764.0,3742.0,64544.0,61925.0,2619.0,0.0,conventional,2017,Charlotte
7,2015-11-08,1.03,164322.04,30860.74,54456.01,49282.25,29723.04,28076.04,1647.0,0.0,conventional,2015,Charlotte
20,2016-08-07,1.43,196381.45,48639.95,64124.89,24178.25,59438.36,55636.32,3787.04,15.0,conventional,2016,Charlotte
6,2017-11-19,1.4,179011.0,47542.0,59312.0,3820.0,68336.0,65221.0,3115.0,0.0,conventional,2017,Charlotte
48,2016-01-24,0.92,207961.33,13436.84,110261.96,30644.07,53618.46,42136.65,11481.81,0.0,conventional,2016,Charlotte
2,2017-12-17,1.26,189529.04,58017.31,56564.52,3658.03,71289.18,66708.48,4580.7,0.0,conventional,2017,Charlotte
15,2015-09-13,1.19,171077.53,30122.92,41616.87,36469.43,62868.31,56910.24,5958.07,0.0,conventional,2015,Charlotte
29,2017-06-11,1.38,224288.57,50865.51,86113.51,6816.9,80492.65,69740.45,5812.2,4940.0,conventional,2017,Charlotte
16,2015-09-06,1.01,227728.43,35126.74,62187.49,64372.34,66041.86,59197.7,6844.16,0.0,conventional,2015,Charlotte
36,2017-04-23,1.5,220970.07,48220.74,78264.66,7619.22,86865.45,81393.87,5471.58,0.0,conventional,2017,Charlotte
30,2017-06-04,1.49,226422.86,59349.56,86778.91,7005.98,73288.41,65629.28,6092.46,1566.67,conventional,2017,Charlotte
46,2017-02-12,1.25,206762.31,58973.85,74076.16,8886.98,64825.32,59465.37,5142.17,217.78,conventional,2017,Charlotte
18,2015-08-23,1.15,203298.37,32280.63,50475.57,41677.6,78864.57,76846.13,2018.44,0.0,conventional,2015,Charlotte
10,2016-10-16,1.39,190846.01,57529.11,56366.66,17531.78,59418.46,48823.53,10354.65,240.28,conventional,2016,Charlotte
38,2015-04-05,1.19,177919.28,43112.4,40448.49,36210.12,58148.27,56450.56,1599.1,98.61,conventional,2015,Charlotte
5,2015-11-22,1.0,133618.33,30028.69,53644.97,24221.58,25723.09,22228.47,3494.62,0.0,conventional,2015,Charlotte
33,2017-05-14,1.41,224626.96,52616.28,77142.23,6721.88,88146.57,83151.81,4994.76,0.0,conventional,2017,Charlotte
26,2015-06-28,1.17,193654.01,23693.74,58162.31,42044.35,69753.61,67989.08,1764.53,0.0,conventional,2015,Charlotte
9,2016-10-23,1.52,167741.27,54981.9,39749.81,20290.31,52719.25,47060.46,5658.79,0.0,conventional,2016,Charlotte
31,2015-05-24,1.2,212527.72,43628.72,59207.62,46014.43,63676.95,59663.25,4013.7,0.0,conventional,2015,Charlotte
10,2017-10-22,1.64,168237.31,44543.75,65040.05,4652.86,54000.65,50704.73,3295.92,0.0,conventional,2017,Charlotte
42,2017-03-12,1.55,207026.03,48009.39,87659.78,8252.21,63104.65,58990.64,4114.01,0.0,conventional,2017,Charlotte
29,2015-06-07,1.15,199980.3,43524.21,45226.73,38578.8,72650.56,69123.57,3526.99,0.0,conventional,2015,Charlotte
41,2016-03-13,1.05,236131.07,39325.69,111943.87,22961.75,61899.76,50889.7,11010.06,0.0,conventional,2016,Charlotte
46,2015-02-08,1.17,150139.38,31509.41,35566.91,31778.73,51284.33,41921.3,9363.03,0.0,conventional,2015,Charlotte
26,2016-06-26,1.28,200520.74,36686.02,68054.14,39268.75,56511.83,52290.98,3210.85,1010.0,conventional,2016,Charlotte
25,2017-07-09,0.99,267296.7,101167.78,35679.18,109.54,130340.2,105530.95,22029.25,2780.0,conventional,2017,Nashville
21,2015-08-02,1.08,151807.11,87160.08,19863.22,9366.36,35417.45,30724.37,4552.23,140.85,conventional,2015,Nashville
8,2017-11-05,1.02,229240.49,144908.02,8243.13,354.53,75734.81,63826.67,11123.57,784.57,conventional,2017,Nashville
13,2016-09-25,1.16,174768.99,79738.2,20581.3,188.24,74261.25,59330.89,14930.36,0.0,conventional,2016,Nashville
51,2016-01-03,0.98,185316.35,131286.47,11153.76,7695.24,35180.88,26143.71,9037.17,0.0,conventional,2016,Nashville
20,2017-08-13,1.05,268655.66,124290.96,38810.91,91.21,105462.58,87901.11,16066.8,1494.67,conventional,2017,Nashville
40,2015-03-22,1.01,173980.22,122204.32,9195.02,13155.99,29424.89,22501.23,6833.78,89.88,conventional,2015,Nashville
10,2015-10-18,0.91,182647.96,114107.69,29076.74,6047.46,33416.07,23996.08,9419.99,0.0,conventional,2015,Nashville
0,2016-12-25,0.93,166486.05,63236.61,18070.01,66.44,85112.99,67429.01,16683.98,1000.0,conventional,2016,Nashville
42,2016-03-06,0.97,159755.26,87362.97,20762.36,5969.9,45660.03,29901.71,15758.32,0.0,conventional,2016,Nashville
37,2017-04-16,1.09,230566.12,111412.23,9801.87,135.7,109216.32,102366.17,5170.15,1680.0,conventional,2017,Nashville
6,2015-11-15,1.04,124671.4,77510.5,11869.33,5903.53,29388.04,24126.65,5261.39,0.0,conventional,2015,Nashville
44,2017-02-26,0.88,216226.59,121849.81,13162.21,71.22,81143.35,72019.67,8088.68,1035.0,conventional,2017,Nashville
0,2018-03-25,0.95,306280.52,125788.54,10713.8,334.61,169443.57,136737.44,30406.07,2300.06,conventional,2018,Nashville
26,2015-06-28,1.06,159981.66,90881.66,19436.14,8297.63,41366.23,36900.28,3662.58,803.37,conventional,2015,Nashville
34,2017-05-07,0.84,368796.8,169743.69,12217.82,189.96,186645.33,163451.19,21424.14,1770.0,conventional,2017,Nashville
49,2017-01-22,0.87,251189.52,112820.57,30481.58,81.46,107805.91,82914.32,24413.26,478.33,conventional,2017,Nashville
22,2017-07-30,1.14,217774.89,106460.13,29771.49,52.14,81491.13,65555.61,14827.94,1107.58,conventional,2017,Nashville
1,2015-12-20,0.99,127373.56,87309.07,7415.81,4356.81,28291.87,23562.1,4722.17,7.6,conventional,2015,Nashville
3,2018-03-04,1.03,243867.72,117403.93,10736.39,403.16,115324.24,82516.9,30595.68,2211.66,conventional,2018,Nashville
25,2015-07-05,0.97,201797.82,121473.02,25125.21,10804.25,44395.34,35733.99,8482.0,179.35,conventional,2015,Nashville
0,2015-12-27,0.96,123669.89,79508.7,8706.29,4748.08,30706.82,23563.06,7140.43,3.33,conventional,2015,Nashville
47,2017-02-05,0.68,377719.7,182395.78,43116.96,149.64,152057.32,131344.95,20622.37,90.0,conventional,2017,Nashville
8,2016-10-30,1.18,151715.9,65786.54,17343.11,165.83,68420.42,54539.04,12436.38,1445.0,conventional,2016,Nashville
41,2016-03-13,0.87,188478.21,91631.74,32085.32,5965.84,58795.31,27726.02,31069.29,0.0,conventional,2016,Nashville
31,2017-05-28,0.97,282671.14,149461.62,7592.89,149.22,125467.41,85799.73,37474.7,2192.98,conventional,2017,Nashville
3,2017-12-10,0.9,239587.94,123093.48,7029.89,199.82,109264.75,94522.11,13872.64,870.0,conventional,2017,Nashville
47,2015-02-01,0.94,221471.45,160834.57,13445.84,17578.18,29612.86,23898.35,5714.51,0.0,conventional,2015,Nashville
12,2016-10-02,1.15,172755.25,76163.23,15615.55,85.74,80890.73,63579.82,17310.91,0.0,conventional,2016,Nashville
10,2017-10-22,1.41,167135.85,97915.36,9503.17,252.39,59464.93,49860.59,9599.22,5.12,conventional,2017,Nashville
31,2016-05-22,0.92,204128.5,115616.52,18839.88,712.61,68959.49,56097.72,11396.65,1465.12,conventional,2016,Nashville
27,2015-06-21,0.96,188762.81,111226.04,17917.39,8103.01,51516.37,41015.0,9725.53,775.84,conventional,2015,Nashville
20,2017-08-13,1.85,129688.16,2791.66,38100.0,837.16,87959.34,85427.32,2532.02,0.0,organic,2017,Midsouth
1,2015-12-20,1.71,43696.22,2258.69,27086.7,2382.98,11967.85,9205.1,2762.75,0.0,organic,2015,Midsouth
35,2016-04-24,1.5,104046.63,3821.26,49622.46,2134.91,48468.0,36585.43,11882.57,0.0,organic,2016,Midsouth
29,2015-06-07,1.47,84677.56,7938.82,33492.63,4478.81,38767.3,21779.26,16988.04,0.0,organic,2015,Midsouth
7,2017-11-12,1.82,131020.52,2436.31,32888.12,627.22,95065.94,89571.58,5494.36,0.0,organic,2017,Midsouth
15,2016-09-11,1.5,140233.78,2524.78,45647.58,2429.03,89632.39,55646.68,33985.71,0.0,organic,2016,Midsouth
11,2017-10-15,1.84,174355.0,2928.11,35554.07,556.45,135316.37,127686.14,7630.23,0.0,organic,2017,Midsouth
43,2015-03-01,1.61,62339.44,9303.87,29547.34,4471.19,19017.04,16977.16,2039.88,0.0,organic,2015,Midsouth
9,2015-10-25,1.7,55916.99,2906.9,33178.27,4270.62,15561.2,12052.62,3508.58,0.0,organic,2015,Midsouth
2,2017-12-17,1.66,129898.85,2761.68,34831.02,640.04,91666.11,80649.5,11016.61,0.0,organic,2017,Midsouth
31,2015-05-24,1.37,107181.78,9466.95,54218.49,5347.87,38148.47,22674.58,15473.89,0.0,organic,2015,Midsouth
48,2017-01-29,1.54,95499.48,3428.23,45235.31,2048.59,44787.35,33303.24,11484.11,0.0,organic,2017,Midsouth
27,2017-06-25,1.75,125035.1,2567.52,50700.82,1147.57,70619.19,38193.8,32425.39,0.0,organic,2017,Midsouth
38,2015-04-05,1.65,68150.51,10574.96,31229.73,4688.87,21656.95,17759.54,3897.41,0.0,organic,2015,Midsouth
1,2017-12-24,1.67,131240.16,2543.96,33564.26,712.1,94419.84,86520.12,7899.72,0.0,organic,2017,Midsouth
18,2015-08-23,1.7,74965.16,6396.33,38841.85,4122.53,25604.45,19831.56,5772.89,0.0,organic,2015,Midsouth
37,2017-04-16,1.68,132011.04,4340.81,57599.11,2526.06,67545.06,39490.55,28054.51,0.0,organic,2017,Midsouth
48,2016-01-24,1.54,72219.0,2773.18,31751.72,2076.27,35617.83,18577.2,17040.63,0.0,organic,2016,Midsouth
34,2017-05-07,1.96,111062.12,2964.11,48570.73,1704.61,57822.67,35661.6,22161.07,0.0,organic,2017,Midsouth
22,2015-07-26,1.52,67600.74,5543.66,36107.8,3438.23,22511.05,8545.51,13965.54,0.0,organic,2015,Midsouth
34,2015-05-03,1.34,102916.4,9430.59,47953.23,7065.04,38467.54,23337.15,15130.39,0.0,organic,2015,Midsouth
23,2015-07-19,1.51,69690.43,3753.91,33297.71,3790.49,28848.32,14626.61,14221.71,0.0,organic,2015,Midsouth
3,2017-12-10,1.61,140885.3,3274.32,33387.67,675.89,103547.42,97646.59,5900.83,0.0,organic,2017,Midsouth
23,2017-07-23,1.57,176562.15,2368.63,49706.22,1106.94,123369.31,103897.97,19471.34,0.0,organic,2017,Midsouth
44,2015-02-22,1.4,75957.01,15459.67,35943.26,4053.24,20500.84,18497.02,2003.82,0.0,organic,2015,Midsouth
33,2015-05-10,1.28,107735.95,9453.83,49525.46,5246.3,43510.36,20888.16,22622.2,0.0,organic,2015,Midsouth
18,2017-08-27,2.17,141033.09,6349.61,41161.57,688.15,92833.76,81240.44,11593.32,0.0,organic,2017,Midsouth
11,2018-01-07,1.22,283583.37,3107.8,47355.55,861.38,232258.64,223671.12,8587.52,0.0,organic,2018,Midsouth
20,2016-08-07,1.49,134739.2,3361.9,61854.47,5109.87,64412.96,33686.14,30726.82,0.0,organic,2016,Midsouth
18,2015-08-23,2.11,1553.92,315.82,1027.34,9.34,201.42,0.0,201.42,0.0,organic,2015,Spokane
9,2018-01-21,1.76,4532.08,227.35,1340.5,0.0,2964.23,745.55,2216.3,2.38,organic,2018,Spokane
4,2018-02-25,1.64,4720.69,269.06,1496.26,0.0,2955.37,747.5,2207.87,0.0,organic,2018,Spokane
51,2016-01-03,1.69,2401.84,75.14,1380.5,0.0,946.2,0.0,946.2,0.0,organic,2016,Spokane
28,2015-06-14,1.88,3099.58,911.46,2160.38,0.0,27.74,0.0,27.74,0.0,organic,2015,Spokane
46,2015-02-08,1.43,5788.14,1103.65,3973.9,1.82,708.77,223.33,485.44,0.0,organic,2015,Spokane
42,2015-03-08,1.55,4836.49,1044.52,3523.26,1.82,266.89,0.0,266.89,0.0,organic,2015,Spokane
3,2015-12-06,2.09,1153.0,56.94,972.98,0.0,123.08,0.0,123.08,0.0,organic,2015,Spokane
42,2017-03-12,1.19,5020.91,169.93,1599.48,11.68,3239.82,30.0,3209.82,0.0,organic,2017,Spokane
33,2015-05-10,1.76,3166.83,900.37,1925.8,0.0,340.66,0.0,340.66,0.0,organic,2015,Spokane
16,2016-09-04,1.93,2088.07,645.19,996.54,0.0,446.34,22.53,423.81,0.0,organic,2016,Spokane
15,2016-09-11,1.53,3194.19,837.77,386.27,0.0,1970.15,638.38,1331.77,0.0,organic,2016,Spokane
6,2017-11-19,2.2,2838.6,184.35,1208.98,0.0,1445.27,367.77,1034.63,42.87,organic,2017,Spokane
11,2017-10-15,2.55,2819.91,103.65,1021.68,2.12,1692.46,566.66,1125.8,0.0,organic,2017,Spokane
51,2015-01-04,1.3,5782.7,723.29,4221.15,0.0,838.26,223.33,614.93,0.0,organic,2015,Spokane
19,2017-08-20,2.76,2232.94,214.41,1025.11,0.0,993.42,303.66,689.76,0.0,organic,2017,Spokane
52,2017-01-01,1.21,2869.96,69.23,745.26,0.0,2055.47,7.92,2047.55,0.0,organic,2017,Spokane
9,2015-10-25,1.99,1405.75,220.69,810.37,0.0,374.69,0.0,374.69,0.0,organic,2015,Spokane
6,2015-11-15,1.71,1807.99,85.3,1059.08,0.0,663.61,70.0,593.61,0.0,organic,2015,Spokane
4,2016-11-27,1.33,3169.8,38.57,645.56,0.0,2485.67,23.68,2461.99,0.0,organic,2016,Spokane
30,2015-05-31,1.55,4539.36,860.47,3616.2,1.89,60.8,0.0,60.8,0.0,organic,2015,Spokane
1,2015-12-20,1.56,1711.63,42.41,1048.06,0.0,621.16,0.0,621.16,0.0,organic,2015,Spokane
27,2016-06-19,1.75,2952.0,348.81,2595.61,0.0,7.58,7.58,0.0,0.0,organic,2016,Spokane
31,2017-05-28,1.48,5870.75,349.55,1639.55,16.65,3865.0,66.66,3798.34,0.0,organic,2017,Spokane
40,2016-03-20,1.08,4726.65,88.02,1757.48,0.0,2881.15,441.53,2439.62,0.0,organic,2016,Spokane
50,2015-01-11,1.38,4780.87,1159.37,3192.62,1.83,427.05,140.0,287.05,0.0,organic,2015,Spokane
45,2015-02-15,1.51,4449.11,1630.04,2660.43,0.0,158.64,30.0,128.64,0.0,organic,2015,Spokane
11,2016-10-09,2.26,1792.53,123.09,853.68,192.57,623.19,123.53,499.66,0.0,organic,2016,Spokane
36,2015-04-19,1.69,4029.03,1570.21,2153.19,0.0,305.63,0.0,305.63,0.0,organic,2015,Spokane
21,2017-08-06,2.45,3628.33,272.73,1678.34,0.0,1677.26,572.35,1104.91,0.0,organic,2017,Spokane
37,2015-04-12,1.58,6356.7,837.43,5183.14,0.0,336.13,106.12,230.01,0.0,organic,2015,Spokane
25,2015-07-05,1.85,3162.45,799.67,2362.78,0.0,0.0,0.0,0.0,0.0,organic,2015,Spokane
42,2016-03-06,1.31,3669.4,78.16,2007.44,5.72,1578.08,0.0,1578.08,0.0,organic,2016,Spokane
35,2017-04-30,1.72,4577.29,219.18,1582.71,27.4,2748.0,20.0,2728.0,0.0,organic,2017,Spokane
30,2016-05-29,1.64,2979.01,117.12,2253.12,0.0,608.77,0.0,608.77,0.0,organic,2016,Spokane
45,2016-02-14,0.98,5990.65,64.99,1798.79,0.0,4126.87,146.55,3980.32,0.0,organic,2016,Spokane
0,2016-12-25,0.89,5333.76,24.44,1081.6,0.0,4227.72,23.76,4203.96,0.0,organic,2016,Spokane
33,2017-05-14,1.56,5224.55,430.77,1195.66,25.22,3572.9,103.37,3469.53,0.0,organic,2017,Spokane
