data/a836d206-e31f-42a1-abcf-12303fbde651_hf_nateraw_avocado-prices.csv
Unnamed: 0,Date,AveragePrice,Total Volume,4046,4225,4770,Total Bags,Small Bags,Large Bags,XLarge Bags,type,year,region
30,2016-05-29,1.63,4110.96,2183.27,164.4,9.96,1753.33,1753.33,0.0,0.0,organic,2016,Jacksonville
8,2017-11-05,2.04,4224.3,115.85,890.62,2.41,3215.42,1938.89,1276.53,0.0,organic,2017,Jacksonville
27,2015-06-21,1.92,1989.25,1551.97,114.32,10.39,312.57,310.0,2.57,0.0,organic,2015,Jacksonville
42,2016-03-06,1.83,2650.6,1984.85,111.88,17.21,536.66,533.33,3.33,0.0,organic,2016,Jacksonville
17,2017-09-03,2.42,3200.72,195.87,675.34,4.81,2324.7,2289.98,34.72,0.0,organic,2017,Jacksonville
46,2016-02-07,1.7,2292.78,1370.93,59.67,12.18,850.0,850.0,0.0,0.0,organic,2016,Jacksonville
45,2015-02-15,1.82,1758.64,1079.86,45.39,16.72,616.67,616.67,0.0,0.0,organic,2015,Jacksonville
33,2016-05-08,1.7,3174.26,1850.51,155.45,4.97,1163.33,1163.33,0.0,0.0,organic,2016,Jacksonville
18,2016-08-21,2.0,3378.48,1860.99,108.09,9.4,1400.0,1370.0,30.0,0.0,organic,2016,Jacksonville
7,2017-11-12,1.89,2438.21,66.6,547.37,2.42,1821.82,1792.22,29.6,0.0,organic,2017,Jacksonville
32,2017-05-21,2.07,5056.03,1260.8,146.98,8.72,3639.53,3252.01,387.52,0.0,organic,2017,Jacksonville
24,2016-07-10,1.68,3843.3,1452.19,79.88,8.35,2302.88,2302.88,0.0,0.0,organic,2016,Jacksonville
11,2015-10-11,2.11,2605.97,1536.09,43.53,26.35,1000.0,1000.0,0.0,0.0,organic,2015,Jacksonville
2,2017-12-17,1.61,2498.65,48.7,519.43,2.5,1928.02,1901.37,26.65,0.0,organic,2017,Jacksonville
5,2015-11-22,1.9,1640.06,1257.57,41.57,24.25,316.67,316.67,0.0,0.0,organic,2015,Jacksonville
12,2017-10-08,2.31,1841.09,54.21,463.78,8.43,1314.67,1314.67,0.0,0.0,organic,2017,Jacksonville
33,2015-05-10,1.81,2281.85,1296.22,45.46,33.5,906.67,906.67,0.0,0.0,organic,2015,Jacksonville
38,2015-04-05,1.81,1885.9,1209.53,64.62,48.77,562.98,557.56,5.42,0.0,organic,2015,Jacksonville
9,2016-10-23,1.4,2998.64,352.97,95.3,1.18,2549.19,0.0,2549.19,0.0,organic,2016,Jacksonville
11,2017-10-15,2.55,1421.74,60.21,546.72,4.82,809.99,806.66,3.33,0.0,organic,2017,Jacksonville
42,2015-03-08,1.81,2221.57,1300.23,53.2,18.14,850.0,850.0,0.0,0.0,organic,2015,Jacksonville
20,2016-08-07,2.01,4141.49,2307.13,134.95,62.74,1636.67,1620.0,16.67,0.0,organic,2016,Jacksonville
35,2016-04-24,1.64,3650.65,1906.63,95.77,14.92,1633.33,1633.33,0.0,0.0,organic,2016,Jacksonville
8,2018-01-28,2.01,5704.39,160.85,1076.66,6.49,4460.39,1776.66,2683.73,0.0,organic,2018,Jacksonville
23,2017-07-23,2.04,1971.67,121.1,583.91,0.0,1266.66,1266.66,0.0,0.0,organic,2017,Jacksonville
31,2016-05-22,1.66,3862.88,2130.3,142.19,13.72,1576.67,1576.67,0.0,0.0,organic,2016,Jacksonville
11,2016-10-09,1.98,2187.6,1278.95,60.28,1.18,847.19,180.0,667.19,0.0,organic,2016,Jacksonville
51,2016-01-03,1.51,5893.02,4852.89,163.43,16.7,860.0,860.0,0.0,0.0,organic,2016,Jacksonville
25,2017-07-09,2.06,2988.47,166.12,1342.09,3.59,1476.67,1476.67,0.0,0.0,organic,2017,Jacksonville
14,2016-09-18,1.36,5115.54,690.53,77.79,3.54,4343.68,713.33,3630.35,0.0,organic,2016,Jacksonville
43,2015-03-01,1.75,2076.28,1007.45,30.16,25.34,1013.33,1013.33,0.0,0.0,organic,2015,Jacksonville
4,2017-12-03,1.8,2407.14,85.7,576.66,2.45,1742.33,1448.88,293.45,0.0,organic,2017,Jacksonville
30,2015-05-31,1.83,2053.94,1343.65,17.59,22.28,670.42,670.42,0.0,0.0,organic,2015,Jacksonville
46,2015-02-08,1.71,2242.67,892.03,63.04,14.27,1273.33,1273.33,0.0,0.0,organic,2015,Jacksonville
19,2016-08-14,2.1,3471.82,2096.45,184.98,23.72,1166.67,1156.67,10.0,0.0,organic,2016,Jacksonville
44,2016-02-21,1.76,2679.98,1793.68,76.87,6.1,803.33,803.33,0.0,0.0,organic,2016,Jacksonville
4,2015-11-29,1.87,1303.04,925.68,32.44,11.59,333.33,333.33,0.0,0.0,organic,2015,Jacksonville
43,2016-02-28,1.8,2362.13,1675.73,82.21,20.86,583.33,583.33,0.0,0.0,organic,2016,Jacksonville
0,2018-03-25,1.75,5518.73,171.22,806.65,3.93,4536.93,2944.89,1592.04,0.0,organic,2018,Jacksonville
45,2016-02-14,1.73,2550.87,1696.11,51.32,13.44,790.0,790.0,0.0,0.0,organic,2016,Jacksonville
39,2017-04-02,0.82,4767.59,17.05,676.67,0.0,4073.87,300.0,3773.87,0.0,organic,2017,Boise
48,2017-01-29,1.06,3212.37,15.2,452.12,0.0,2745.05,623.74,2121.31,0.0,organic,2017,Boise
0,2016-12-25,0.77,6098.96,3.0,610.89,0.0,5485.07,862.73,4622.34,0.0,organic,2016,Boise
14,2017-09-24,2.64,1411.83,63.68,535.14,0.0,813.01,75.19,737.82,0.0,organic,2017,Boise
24,2017-07-16,2.26,2647.32,74.38,680.06,0.0,1892.88,440.28,1452.6,0.0,organic,2017,Boise
8,2018-01-28,1.78,2419.64,52.42,580.64,0.0,1786.58,294.66,1490.43,1.49,organic,2018,Boise
48,2016-01-24,1.77,1117.32,12.64,497.95,0.0,606.73,183.34,423.39,0.0,organic,2016,Boise
38,2017-04-09,1.18,3514.61,17.11,526.49,0.0,2971.01,370.0,2601.01,0.0,organic,2017,Boise
9,2017-10-29,2.34,1962.54,51.96,511.36,0.0,1399.22,382.29,1016.93,0.0,organic,2017,Boise
50,2017-01-15,1.06,3071.87,0.0,457.07,0.0,2614.8,508.41,2106.39,0.0,organic,2017,Boise
6,2017-11-19,1.85,1863.13,55.94,538.92,0.0,1268.27,46.42,1221.85,0.0,organic,2017,Boise
3,2015-12-06,1.36,1286.83,11.75,533.55,0.0,741.53,73.33,668.2,0.0,organic,2015,Boise
15,2016-09-11,1.29,3537.86,0.0,620.16,0.0,2917.7,1238.62,1679.08,0.0,organic,2016,Boise
34,2016-05-01,0.92,2440.13,0.0,496.28,0.0,1943.85,176.67,1767.18,0.0,organic,2016,Boise
13,2017-10-01,2.79,1373.11,58.19,473.62,0.0,841.3,40.17,801.13,0.0,organic,2017,Boise
24,2015-07-12,2.05,1454.28,7.73,1091.29,0.0,355.26,230.0,125.26,0.0,organic,2015,Boise
28,2017-06-18,1.55,3263.02,48.02,744.9,0.0,2470.1,473.75,1996.35,0.0,organic,2017,Boise
2,2015-12-13,0.87,4054.49,26.21,738.96,2.58,3286.74,1147.38,2139.36,0.0,organic,2015,Boise
28,2015-06-14,2.18,1402.21,19.66,1161.32,0.0,221.23,206.67,14.56,0.0,organic,2015,Boise
15,2017-09-17,2.65,1491.87,67.41,563.56,0.0,860.9,152.33,707.07,1.5,organic,2017,Boise
6,2015-11-15,1.78,881.14,17.27,538.4,0.0,325.47,140.0,185.47,0.0,organic,2015,Boise
19,2015-08-16,1.69,2649.76,5.12,1894.81,0.0,749.83,86.67,663.16,0.0,organic,2015,Boise
3,2017-12-10,1.76,2237.32,52.94,566.03,0.0,1618.35,463.07,1155.28,0.0,organic,2017,Boise
4,2016-11-27,1.38,2458.62,0.0,296.35,0.0,2162.27,598.45,1563.82,0.0,organic,2016,Boise
18,2016-08-21,1.64,2485.38,0.0,1042.7,0.0,1442.68,378.42,1064.26,0.0,organic,2016,Boise
47,2017-02-05,0.95,3143.96,20.03,321.73,0.0,2802.2,679.58,2122.62,0.0,organic,2017,Boise
1,2017-12-24,1.44,3029.24,60.22,650.35,0.0,2318.67,388.73,1929.94,0.0,organic,2017,Boise
40,2015-03-22,1.51,3570.83,1.25,3429.16,0.0,140.42,50.0,90.42,0.0,organic,2015,Boise
10,2017-10-22,2.41,1631.8,41.07,543.46,0.0,1047.27,127.12,915.59,4.56,organic,2017,Boise
49,2015-01-18,1.44,2973.94,8.83,2513.36,0.0,451.75,143.33,308.42,0.0,organic,2015,Boise
19,2017-08-20,2.62,1661.6,107.75,622.57,0.0,931.28,90.24,841.04,0.0,organic,2017,Boise
50,2015-01-11,1.44,2378.68,0.0,1923.4,0.0,455.28,170.0,285.28,0.0,organic,2015,Boise
13,2016-09-25,1.39,2156.51,3.0,414.32,0.0,1739.19,545.5,1193.69,0.0,organic,2016,Boise
2,2017-12-17,1.79,1797.04,28.34,552.03,0.0,1216.67,264.39,952.28,0.0,organic,2017,Boise
33,2016-05-08,1.11,2481.5,0.0,835.48,0.0,1646.02,273.33,1372.69,0.0,organic,2016,Boise
2,2018-03-11,1.8,3447.36,98.9,926.28,0.0,2422.18,664.03,1758.15,0.0,organic,2018,Boise
15,2016-09-11,1.51,1699.25,59.65,107.66,0.0,1531.94,1529.29,2.65,0.0,organic,2016,BuffaloRochester
24,2016-07-10,1.8,5061.84,118.66,169.83,0.0,4773.35,2552.99,2220.36,0.0,organic,2016,BuffaloRochester
19,2015-08-16,1.89,716.29,46.05,154.22,0.0,516.02,516.02,0.0,0.0,organic,2015,BuffaloRochester
0,2017-12-31,1.15,10568.46,176.5,82.85,0.0,10309.11,5004.55,5304.56,0.0,organic,2017,BuffaloRochester
30,2016-05-29,1.64,7055.5,33.37,1055.87,0.0,5966.26,1972.69,3993.57,0.0,organic,2016,BuffaloRochester
7,2016-11-06,1.56,1186.44,12.03,144.41,0.0,1030.0,1030.0,0.0,0.0,organic,2016,BuffaloRochester
46,2016-02-07,2.11,5017.67,0.0,223.49,0.0,4794.18,854.05,3940.13,0.0,organic,2016,BuffaloRochester
0,2015-12-27,1.47,5043.15,0.0,166.37,0.0,4876.78,2751.87,2124.91,0.0,organic,2015,BuffaloRochester
11,2018-01-07,1.17,9115.92,283.13,90.07,0.0,8742.72,4250.19,4492.53,0.0,organic,2018,BuffaloRochester
21,2017-08-06,1.34,12705.61,0.0,311.73,0.0,12393.88,3181.99,9211.89,0.0,organic,2017,BuffaloRochester
15,2017-09-17,1.47,7698.45,274.35,139.9,0.0,7284.2,6095.36,1188.84,0.0,organic,2017,BuffaloRochester
6,2017-11-19,1.42,7519.34,256.84,68.85,0.0,7193.65,3938.44,3255.21,0.0,organic,2017,BuffaloRochester
5,2017-11-26,1.26,5280.35,216.85,57.94,0.0,5005.56,4509.48,496.08,0.0,organic,2017,BuffaloRochester
4,2015-11-29,1.6,2261.52,16.57,129.95,0.0,2115.0,2096.59,18.41,0.0,organic,2015,BuffaloRochester
1,2018-03-18,1.17,16113.35,558.54,106.27,0.0,15448.54,4270.87,11177.67,0.0,organic,2018,BuffaloRochester
16,2016-09-04,1.53,5688.2,83.54,195.72,0.0,5408.94,5408.94,0.0,0.0,organic,2016,BuffaloRochester
4,2018-02-25,1.27,11398.35,761.52,168.93,0.0,10467.9,2567.55,7900.35,0.0,organic,2018,BuffaloRochester
22,2015-07-26,1.87,3413.88,80.0,154.75,0.0,3179.13,3176.48,2.65,0.0,organic,2015,BuffaloRochester
51,2017-01-08,1.73,3247.37,13.4,175.02,0.0,3058.95,2000.75,1058.2,0.0,organic,2017,BuffaloRochester
17,2016-08-28,1.54,2908.99,23.87,329.34,0.0,2555.78,2552.45,3.33,0.0,organic,2016,BuffaloRochester
22,2017-07-30,1.44,10708.99,9.99,451.17,0.0,10247.83,1433.47,8814.36,0.0,organic,2017,BuffaloRochester
19,2017-08-20,1.46,8235.56,74.71,227.91,0.0,7932.94,2469.77,5463.17,0.0,organic,2017,BuffaloRochester
12,2015-10-04,1.55,3447.03,29.73,177.18,0.0,3240.12,3240.12,0.0,0.0,organic,2015,BuffaloRochester
2,2017-12-17,1.15,10784.73,196.04,131.48,0.0,10457.21,3560.34,6896.87,0.0,organic,2017,BuffaloRochester
45,2015-02-15,1.65,1269.74,12.86,123.93,0.0,1132.95,1132.95,0.0,0.0,organic,2015,BuffaloRochester
0,2018-03-25,1.03,38203.98,241.71,425.31,0.0,37536.96,25743.24,11793.72,0.0,organic,2018,BuffaloRochester
19,2016-08-14,1.55,1693.25,20.33,217.67,0.0,1455.25,1455.25,0.0,0.0,organic,2016,BuffaloRochester
41,2017-03-19,1.73,141712.21,1749.65,70210.67,23436.73,46315.16,30574.0,6156.07,9585.09,conventional,2017,GrandRapids
32,2015-05-17,0.97,277502.12,5515.43,202939.01,12421.42,56626.26,52456.3,3991.49,178.47,conventional,2015,GrandRapids
49,2016-01-17,1.05,172166.36,3810.41,106814.67,5407.0,56134.28,52363.98,2469.87,1300.43,conventional,2016,GrandRapids
40,2015-03-22,0.91,311876.75,1930.32,231211.7,19097.99,59636.74,57118.41,2105.9,412.43,conventional,2015,GrandRapids
35,2015-04-26,1.09,189609.49,4480.46,105590.91,6421.76,73116.36,68758.56,4305.08,52.72,conventional,2015,GrandRapids
40,2017-03-26,1.71,149479.58,1890.37,71916.37,25542.69,50130.15,32426.3,6541.93,11161.92,conventional,2017,GrandRapids
13,2016-09-25,1.55,137599.07,2757.72,75047.32,4714.89,55079.14,47569.38,7490.85,18.91,conventional,2016,GrandRapids
36,2016-04-17,0.89,332191.52,1877.71,256399.93,8605.75,65308.13,58861.1,6229.98,217.05,conventional,2016,GrandRapids
47,2015-02-01,0.94,309471.69,1621.68,240215.65,19211.54,48422.82,43899.75,4377.27,145.8,conventional,2015,GrandRapids
24,2015-07-12,1.19,153112.84,4663.59,66045.81,9833.58,72569.86,66368.31,4901.72,1299.83,conventional,2015,GrandRapids
9,2015-10-25,1.14,134921.44,3899.73,86434.9,9431.21,35155.6,30487.72,3036.22,1631.66,conventional,2015,GrandRapids
6,2018-02-11,1.4,167604.6,3619.4,80530.3,42489.31,40965.59,25201.76,2735.5,13028.33,conventional,2018,GrandRapids
10,2016-10-16,1.63,117842.82,1510.9,69625.5,3811.2,42895.22,38573.86,4300.71,20.65,conventional,2016,GrandRapids
20,2017-08-13,1.7,125212.99,3912.7,48945.22,30208.75,42146.32,29466.86,3459.77,9219.69,conventional,2017,GrandRapids
44,2015-02-22,1.31,129295.86,1593.4,69934.93,4894.78,52872.75,48858.06,3767.48,247.21,conventional,2015,GrandRapids
31,2016-05-22,1.31,151840.62,1949.63,84537.07,4986.35,60367.57,50741.23,7308.23,2318.11,conventional,2016,GrandRapids
33,2017-05-14,1.87,151273.21,1659.83,68015.22,33883.15,47715.01,35585.87,6715.5,5413.64,conventional,2017,GrandRapids
23,2017-07-23,1.68,136088.12,2240.69,56572.58,33294.94,43979.91,29974.73,4228.93,9776.25,conventional,2017,GrandRapids
7,2016-11-06,1.67,100001.45,1858.84,58869.42,2785.71,36487.48,34753.44,1713.3,20.74,conventional,2016,GrandRapids
10,2018-01-14,1.63,132716.65,2444.54,60928.74,30487.47,38855.9,27912.73,1824.11,9119.06,conventional,2018,GrandRapids
19,2017-08-20,1.7,124908.76,2503.59,47876.89,29038.08,45490.2,30576.74,5002.47,9910.99,conventional,2017,GrandRapids
38,2015-04-05,1.22,157721.54,4487.21,92044.84,5487.61,55701.88,50462.56,5165.79,73.53,conventional,2015,GrandRapids
28,2015-06-14,1.07,197387.76,4446.1,116392.81,4934.17,71614.68,67207.35,4401.93,5.4,conventional,2015,GrandRapids
15,2015-09-13,0.95,219380.93,4113.5,143018.46,20439.94,51809.03,43865.37,2851.68,5091.98,conventional,2015,GrandRapids
33,2016-05-08,1.04,272057.12,1949.46,201017.01,5353.11,63737.54,56652.84,6645.68,439.02,conventional,2016,GrandRapids
3,2016-12-04,0.92,263904.24,1092.97,189101.7,9125.63,64583.94,61980.87,2547.12,55.95,conventional,2016,GrandRapids
12,2015-10-04,0.99,160322.48,3241.7,102316.58,18103.36,36660.84,29446.94,2198.98,5014.92,conventional,2015,GrandRapids
44,2016-02-21,1.16,142681.62,3581.34,93603.59,4067.71,41428.98,36166.24,5150.74,112.0,conventional,2016,GrandRapids
42,2016-03-06,0.91,259568.21,1974.52,191952.31,7752.62,57888.76,54011.93,3633.73,243.1,conventional,2016,GrandRapids
7,2015-11-08,0.93,198257.69,3970.87,149876.75,7556.57,36853.5,34956.27,1819.27,77.96,conventional,2015,GrandRapids
2,2018-03-11,1.43,191286.89,3195.61,75173.54,55327.24,57590.5,32676.64,8368.93,16544.93,conventional,2018,GrandRapids
10,2017-10-22,1.96,97132.42,2538.84,37656.26,21937.7,34999.62,27100.47,2690.37,5208.78,conventional,2017,GrandRapids
45,2017-02-19,1.42,141775.8,1224.48,80219.4,17743.37,42588.55,28012.65,4266.37,10309.53,conventional,2017,GrandRapids
31,2015-05-24,1.3,158917.21,7888.33,74169.01,3111.69,73748.18,69048.81,4663.55,35.82,conventional,2015,GrandRapids
28,2015-06-14,1.38,51786.11,35863.0,5766.06,0.0,10157.05,10083.7,73.35,0.0,organic,2015,SouthCentral
27,2015-06-21,1.4,54782.92,36431.79,6686.54,0.0,11664.59,11426.87,237.72,0.0,organic,2015,SouthCentral
40,2016-03-20,1.23,79411.38,27908.44,6978.58,11.26,44513.1,35287.48,9225.62,0.0,organic,2016,SouthCentral
36,2015-04-19,1.39,66454.5,44632.62,5565.23,31.07,16225.58,15914.33,311.25,0.0,organic,2015,SouthCentral
8,2018-01-28,1.42,137453.79,29301.71,4418.91,0.0,103733.17,98629.14,5104.03,0.0,organic,2018,SouthCentral
41,2015-03-15,1.38,66049.13,38409.71,6529.22,0.0,21110.2,20733.33,376.87,0.0,organic,2015,SouthCentral
9,2017-10-29,1.73,105902.71,20556.39,2692.5,0.0,82653.82,80872.33,1781.49,0.0,organic,2017,SouthCentral
38,2016-04-03,1.22,86545.27,28336.55,5964.03,2.83,52241.86,41885.1,10356.76,0.0,organic,2016,SouthCentral
45,2016-02-14,1.31,75226.48,25976.29,6077.93,0.0,43172.26,33318.79,9853.47,0.0,organic,2016,SouthCentral
50,2017-01-15,1.06,109017.25,22335.2,6350.11,0.0,80331.94,78546.46,1785.48,0.0,organic,2017,SouthCentral
3,2016-12-04,1.21,100639.79,26102.51,2981.43,8.77,71547.08,70185.18,1361.9,0.0,organic,2016,SouthCentral
19,2016-08-14,0.98,278711.99,76071.17,5041.32,0.0,197599.5,189805.15,7794.35,0.0,organic,2016,SouthCentral
28,2016-06-12,1.11,120789.79,40677.24,7936.51,359.3,71816.74,63793.15,8023.59,0.0,organic,2016,SouthCentral
29,2015-06-07,1.37,49534.9,34890.42,5388.51,0.0,9255.97,8464.03,791.94,0.0,organic,2015,SouthCentral
44,2015-02-22,1.37,81291.05,43057.55,6627.71,0.0,31605.79,31043.33,562.46,0.0,organic,2015,SouthCentral
20,2015-08-09,1.42,79568.82,43853.21,8143.8,0.0,27571.81,27327.57,244.24,0.0,organic,2015,SouthCentral
24,2017-07-16,1.46,144301.93,31546.7,5690.47,0.0,107064.76,105059.9,2004.86,0.0,organic,2017,SouthCentral
4,2018-02-25,1.41,126906.61,20045.22,4781.58,0.0,102079.81,87202.79,14877.02,0.0,organic,2018,SouthCentral
12,2015-10-04,1.55,59719.09,24325.44,5205.26,0.0,30188.39,29923.22,265.17,0.0,organic,2015,SouthCentral
27,2017-06-25,1.36,130227.23,48461.43,6365.33,0.0,75400.47,69874.51,5525.96,0.0,organic,2017,SouthCentral
4,2015-11-29,1.47,48739.53,21480.33,3491.54,0.0,23767.66,21567.32,2200.34,0.0,organic,2015,SouthCentral
38,2015-04-05,1.4,76942.46,39792.84,8032.39,768.15,28349.08,28046.67,302.41,0.0,organic,2015,SouthCentral
18,2017-08-27,1.81,125183.67,36270.97,4496.79,0.0,84415.91,82658.23,1757.68,0.0,organic,2017,SouthCentral
26,2017-07-02,1.17,169099.91,41073.19,5504.69,0.0,122522.03,118293.26,4228.77,0.0,organic,2017,SouthCentral
11,2018-01-07,1.41,126323.33,25296.77,3848.62,3.0,97174.94,90151.57,7023.37,0.0,organic,2018,SouthCentral
44,2017-02-26,0.99,171145.0,34520.03,6936.39,0.0,129688.58,117252.31,12436.27,0.0,organic,2017,SouthCentral
17,2015-08-30,1.33,75913.85,42626.84,5041.59,0.0,28245.42,25411.12,2834.3,0.0,organic,2015,SouthCentral
34,2016-05-01,1.13,113305.24,26730.12,12090.39,6307.41,68177.32,57465.21,10712.11,0.0,organic,2016,SouthCentral
