data/a836d206-e31f-42a1-abcf-12303fbde651_hf_nateraw_avocado-prices.csv
Unnamed: 0,Date,AveragePrice,Total Volume,4046,4225,4770,Total Bags,Small Bags,Large Bags,XLarge Bags,type,year,region
3,2017-12-10,1.07,474539.47,157173.69,266189.47,910.41,50265.9,45079.72,526.67,4659.51,conventional,2017,Sacramento
12,2015-10-04,1.1,377192.1,70755.56,259002.51,12312.13,35121.9,35121.9,0.0,0.0,conventional,2015,Sacramento
46,2016-02-07,0.91,796524.48,259382.37,419044.57,34235.86,83861.68,83768.44,55.36,37.88,conventional,2016,Sacramento
28,2015-06-14,1.22,431791.38,149611.03,209926.36,13867.94,58386.05,58386.05,0.0,0.0,conventional,2015,Sacramento
27,2015-06-21,1.27,422723.91,137206.11,215068.66,14700.4,55748.74,55744.3,4.44,0.0,conventional,2015,Sacramento
31,2015-05-24,1.26,403793.79,110289.47,232223.44,12830.34,48450.54,48450.54,0.0,0.0,conventional,2015,Sacramento
5,2015-11-22,1.06,354986.48,83984.24,218912.41,12684.6,39405.23,39405.23,0.0,0.0,conventional,2015,Sacramento
34,2017-05-07,1.4,560446.85,157076.63,348134.91,1707.32,53527.99,49645.28,567.71,3315.0,conventional,2017,Sacramento
44,2015-02-22,1.14,405013.16,137425.32,216791.05,11561.59,39235.2,39235.2,0.0,0.0,conventional,2015,Sacramento
42,2015-03-08,1.12,415147.69,152131.35,199610.67,13402.92,50002.75,50002.75,0.0,0.0,conventional,2015,Sacramento
29,2017-06-11,1.55,440572.26,164987.61,210729.68,9745.09,55109.88,50595.08,601.47,3913.33,conventional,2017,Sacramento
10,2017-10-22,1.58,337225.47,93869.48,204224.61,851.79,38279.59,37630.79,468.16,180.64,conventional,2017,Sacramento
5,2017-11-26,1.45,304942.0,98689.0,153842.0,1205.0,51206.0,44903.0,467.0,5836.0,conventional,2017,Sacramento
31,2016-05-22,1.1,488201.43,156352.97,253576.99,20549.75,57721.72,55547.83,0.0,2173.89,conventional,2016,Sacramento
6,2016-11-13,1.62,277735.11,93242.35,144958.18,1255.02,38279.56,38273.66,5.9,0.0,conventional,2016,Sacramento
7,2015-11-08,1.14,357132.53,118696.55,185189.82,11093.06,42153.1,42153.1,0.0,0.0,conventional,2015,Sacramento
26,2016-06-26,1.25,464446.2,147821.55,228939.76,20249.04,67435.85,66812.24,0.0,623.61,conventional,2016,Sacramento
8,2016-10-30,1.79,238699.3,97713.53,118831.23,1177.31,20977.23,20196.46,435.77,345.0,conventional,2016,Sacramento
15,2015-09-13,1.24,384192.52,101189.96,220364.77,15102.86,47534.93,47530.56,4.37,0.0,conventional,2015,Sacramento
4,2015-11-29,0.99,347406.9,80757.92,216851.97,13205.04,36591.97,36574.73,0.0,17.24,conventional,2015,Sacramento
4,2017-12-03,1.17,427791.0,132009.0,238373.0,779.0,56630.0,52589.0,502.0,3539.0,conventional,2017,Sacramento
10,2018-01-14,1.31,504269.23,144109.69,299605.5,1249.15,59304.89,52486.47,754.65,6063.77,conventional,2018,Sacramento
48,2015-01-25,1.19,360027.65,101289.29,210411.75,9507.42,38819.19,38819.19,0.0,0.0,conventional,2015,Sacramento
17,2017-09-03,1.79,358168.59,122718.22,194468.27,1544.42,39437.68,39031.61,91.47,314.6,conventional,2017,Sacramento
27,2017-06-25,1.5,492249.41,166509.01,261622.93,9937.63,54179.84,52113.51,561.33,1505.0,conventional,2017,Sacramento
14,2017-09-24,1.7,314818.19,89050.27,187831.17,962.78,36973.97,34708.41,2069.24,196.32,conventional,2017,Sacramento
38,2015-04-05,1.23,404333.75,120613.18,214547.09,15099.24,54074.24,54049.06,25.18,0.0,conventional,2015,Sacramento
23,2016-07-17,1.31,471698.22,150251.55,237468.05,16900.69,67077.93,67069.07,8.86,0.0,conventional,2016,Sacramento
38,2016-04-03,1.05,488547.76,128563.45,284764.63,21875.92,53343.76,53306.03,37.73,0.0,conventional,2016,Sacramento
10,2015-10-18,1.28,326458.27,94529.6,175181.76,12783.14,43963.77,43963.77,0.0,0.0,conventional,2015,Sacramento
29,2015-06-07,1.18,435087.17,143063.59,224039.06,14288.77,53695.75,53695.75,0.0,0.0,conventional,2015,Sacramento
11,2015-10-11,1.29,355472.28,85276.49,211955.75,13141.51,45098.53,45098.53,0.0,0.0,conventional,2015,Sacramento
3,2016-12-04,1.29,315955.99,110569.37,156812.81,1306.3,47267.51,45560.08,382.43,1325.0,conventional,2016,Sacramento
25,2015-07-05,1.26,550810.62,161220.26,305122.62,17131.92,67335.82,67335.82,0.0,0.0,conventional,2015,Sacramento
31,2017-05-28,1.55,481635.83,161377.98,265045.66,1129.2,54082.99,51629.16,373.83,2080.0,conventional,2017,Sacramento
7,2018-02-04,0.56,2381742.59,952746.89,300383.28,7990.32,1120622.1,1010539.42,109978.24,104.44,conventional,2018,Houston
38,2015-04-05,0.83,1249645.2,608887.6,496479.07,4878.2,139400.33,132586.15,6814.18,0.0,conventional,2015,Houston
49,2016-01-17,0.83,1071138.98,447913.43,369479.18,116440.7,137305.67,82818.41,50110.59,4376.67,conventional,2016,Houston
42,2015-03-08,0.78,1166055.83,507328.95,517669.77,5321.52,135735.59,60498.92,75236.67,0.0,conventional,2015,Houston
44,2015-02-22,0.82,978807.74,520034.92,346617.64,6532.39,105622.79,73227.41,32395.38,0.0,conventional,2015,Houston
5,2016-11-20,0.99,827345.76,466960.66,202860.35,4070.15,153454.6,58525.46,94915.81,13.33,conventional,2016,Houston
16,2017-09-10,1.1,1138315.8,606027.02,165584.72,2452.1,364251.96,259297.35,104954.61,0.0,conventional,2017,Houston
36,2017-04-23,0.68,1776220.69,665435.93,352920.48,5646.02,752218.26,224693.22,527525.04,0.0,conventional,2017,Houston
35,2015-04-26,0.79,1082231.89,689172.94,295785.8,5527.28,91745.87,58557.13,33188.74,0.0,conventional,2015,Houston
6,2018-02-11,0.58,1870874.72,801390.67,156458.96,4407.32,908617.77,747968.17,160355.16,294.44,conventional,2018,Houston
12,2015-10-04,0.82,1019283.99,411727.49,435388.05,43558.15,128610.3,59751.0,68859.3,0.0,conventional,2015,Houston
38,2017-04-09,0.81,1244695.02,684059.72,272460.29,7690.78,280484.23,204288.42,76195.81,0.0,conventional,2017,Houston
27,2017-06-25,0.82,1352318.9,569850.04,285476.88,2928.68,494063.3,188282.06,305777.91,3.33,conventional,2017,Houston
35,2017-04-30,0.72,1832450.4,576270.01,451254.61,10440.51,794485.27,164674.25,629791.58,19.44,conventional,2017,Houston
51,2016-01-03,0.78,1061566.78,356962.48,454200.44,113069.09,137334.77,87330.27,49677.83,326.67,conventional,2016,Houston
16,2015-09-06,0.89,1090493.39,460377.08,495487.54,6230.7,128398.07,63724.96,64673.11,0.0,conventional,2015,Houston
38,2016-04-03,0.72,1256919.1,684633.13,264272.37,181951.34,126062.26,56499.5,66016.09,3546.67,conventional,2016,Houston
50,2015-01-11,0.78,1062071.65,463272.52,441785.8,4094.47,152918.86,126995.76,25923.1,0.0,conventional,2015,Houston
1,2016-12-18,0.63,1212933.22,576578.21,258779.48,2885.86,374689.67,155393.61,219296.06,0.0,conventional,2016,Houston
13,2015-09-27,0.86,968988.09,383218.43,458982.9,16780.9,110005.86,61098.51,48907.35,0.0,conventional,2015,Houston
49,2017-01-22,0.68,1119168.1,798585.87,170357.81,4719.74,145504.68,79246.83,66254.52,3.33,conventional,2017,Houston
10,2018-01-14,0.95,1316347.07,548774.22,292561.6,6066.33,468944.92,355573.55,113294.7,76.67,conventional,2018,Houston
15,2016-09-11,0.76,1217346.73,729949.45,188318.97,2466.22,296612.09,216413.98,79968.11,230.0,conventional,2016,Houston
12,2017-10-08,1.29,1042700.75,491561.89,146966.38,1449.29,402723.19,320849.72,81873.47,0.0,conventional,2017,Houston
36,2016-04-17,0.69,1310677.68,782313.51,191432.45,153134.81,183796.91,119863.49,57278.42,6655.0,conventional,2016,Houston
19,2017-08-20,1.01,1096227.54,458024.37,216584.11,1575.76,420043.3,230159.82,189883.48,0.0,conventional,2017,Houston
40,2015-03-22,0.8,1036663.77,514614.47,393974.61,5199.15,122875.54,71977.68,50897.86,0.0,conventional,2015,Houston
6,2016-11-13,1.05,828866.8,431731.62,231630.38,4850.4,160654.4,61276.87,99274.75,102.78,conventional,2016,Houston
29,2017-06-11,0.89,1240308.02,627610.5,201534.03,5451.76,405711.73,200221.42,205490.31,0.0,conventional,2017,Houston
8,2015-11-01,0.77,1007805.74,395945.0,365506.02,111263.81,135090.91,56198.27,78892.64,0.0,conventional,2015,Houston
18,2017-08-27,1.16,1109914.22,510226.8,195358.46,1867.94,402461.02,293696.79,108227.56,536.67,conventional,2017,Houston
41,2017-03-19,1.11,2737872.14,965781.76,422615.12,89296.88,1260178.38,1209897.81,2474.78,47805.79,conventional,2017,LosAngeles
35,2015-04-26,1.02,2355703.98,1567937.53,427885.78,62487.28,297393.39,280321.62,15427.14,1644.63,conventional,2015,LosAngeles
49,2016-01-17,0.76,2952576.85,804573.11,854485.91,84389.3,1209128.53,1079975.41,111405.86,17747.26,conventional,2016,LosAngeles
28,2015-06-14,0.79,3689140.93,2747257.69,497878.86,69556.02,374448.36,357012.13,14619.41,2816.82,conventional,2015,LosAngeles
38,2015-04-05,1.01,2603114.56,1753452.57,490701.38,73965.36,284995.25,245998.59,36929.22,2067.44,conventional,2015,LosAngeles
26,2017-07-02,1.07,3507155.74,1521073.33,497356.53,104452.24,1384273.64,1337890.74,411.72,45971.18,conventional,2017,LosAngeles
47,2015-02-01,0.74,4031949.04,2770656.27,854673.24,64439.7,342179.83,308754.64,31108.07,2317.12,conventional,2015,LosAngeles
12,2015-10-04,0.98,2278629.09,798046.49,1120569.37,86683.25,273329.98,251924.68,17899.44,3505.86,conventional,2015,LosAngeles
39,2017-04-02,0.98,3100355.01,975079.42,428361.34,95594.45,1601319.8,1542667.95,11742.19,46909.66,conventional,2017,LosAngeles
20,2016-08-07,1.0,3094362.21,1137248.03,632756.21,67934.57,1256423.4,1158711.73,63574.75,34136.92,conventional,2016,LosAngeles
1,2015-12-20,0.85,2149872.45,870581.1,396515.66,96111.9,786663.79,681332.22,94921.87,10409.7,conventional,2015,LosAngeles
43,2015-03-01,0.75,3094278.93,2145439.03,592196.29,61863.94,294779.67,269524.6,23570.43,1684.64,conventional,2015,LosAngeles
51,2015-01-04,0.85,2682159.95,1837999.65,524430.47,64225.78,255504.05,215571.8,36981.72,2950.53,conventional,2015,LosAngeles
18,2016-08-21,0.93,3086167.04,1264167.99,480926.04,57962.68,1283110.33,1204789.47,43207.72,35113.14,conventional,2016,LosAngeles
28,2016-06-12,0.83,3248769.26,1439519.4,529969.99,105646.55,1173633.32,1064384.25,84760.03,24489.04,conventional,2016,LosAngeles
30,2016-05-29,0.83,3203935.53,1214455.87,691108.91,113180.16,1185190.59,1038686.31,119446.72,27057.56,conventional,2016,LosAngeles
50,2015-01-11,0.85,2713699.6,1786326.65,617233.39,58892.91,251246.65,222971.68,25111.74,3163.23,conventional,2015,LosAngeles
46,2016-02-07,0.58,4982700.11,1262681.15,1447533.8,98684.4,2173800.76,1911608.83,245385.02,16806.91,conventional,2016,LosAngeles
38,2016-04-03,0.82,2793982.31,865503.72,683860.21,101584.86,1143033.52,980989.7,145602.15,16441.67,conventional,2016,LosAngeles
22,2016-07-24,1.01,3033328.67,1163035.43,629930.18,83979.91,1156383.15,1073915.16,60000.52,22467.47,conventional,2016,LosAngeles
23,2017-07-23,1.38,2484918.32,1266618.54,407573.08,99404.46,711322.24,652958.02,12421.66,45942.56,conventional,2017,LosAngeles
13,2017-10-01,1.77,1697028.59,725653.31,335816.39,78098.02,557460.87,510568.78,17512.89,29379.2,conventional,2017,LosAngeles
34,2015-05-03,0.78,4015563.02,2914047.44,670161.4,61569.48,369784.7,356360.42,11566.37,1857.91,conventional,2015,LosAngeles
36,2015-04-19,0.93,2901188.07,2029025.26,487491.5,58423.48,326247.83,279355.95,45364.01,1527.87,conventional,2015,LosAngeles
23,2015-07-19,1.02,2614726.11,1801294.72,417289.56,89206.49,306935.34,290890.18,13264.37,2780.79,conventional,2015,LosAngeles
25,2015-07-05,0.96,3435374.51,2373501.16,564583.23,99097.11,398193.01,377663.89,17234.66,3294.46,conventional,2015,LosAngeles
11,2017-10-15,1.67,1779831.36,741758.67,385402.67,94134.88,558535.14,509468.27,15849.71,33217.16,conventional,2017,LosAngeles
13,2016-09-25,1.0,3007073.27,1328968.75,468792.85,62737.86,1146573.81,1087085.53,34496.65,24991.63,conventional,2016,LosAngeles
3,2017-12-10,1.07,2404221.58,1024592.52,396712.41,62000.95,920915.7,868361.67,16284.72,36269.31,conventional,2017,LosAngeles
11,2018-01-07,1.04,2725856.44,1275098.12,354221.03,91230.73,1005306.56,940327.03,18317.46,46662.07,conventional,2018,LosAngeles
29,2016-06-05,1.49,5639.69,840.97,200.55,6.74,4591.43,4576.45,14.98,0.0,organic,2016,Pittsburgh
39,2015-03-29,1.41,2274.19,748.72,181.45,0.0,1344.02,1344.02,0.0,0.0,organic,2015,Pittsburgh
51,2017-01-08,1.45,8985.72,901.71,23.73,0.0,8060.28,7578.16,482.12,0.0,organic,2017,Pittsburgh
5,2015-11-22,1.54,1158.22,386.76,214.88,0.0,556.58,248.27,308.31,0.0,organic,2015,Pittsburgh
21,2016-07-31,1.49,6155.8,844.08,245.9,3.35,5062.47,5062.47,0.0,0.0,organic,2016,Pittsburgh
22,2016-07-24,1.46,5495.34,657.46,163.95,0.0,4673.93,4666.96,6.97,0.0,organic,2016,Pittsburgh
18,2015-08-23,1.66,1973.39,749.11,61.43,0.0,1162.85,1083.22,79.63,0.0,organic,2015,Pittsburgh
10,2017-10-22,1.43,11539.28,1240.6,10.63,0.0,10288.05,10281.38,6.67,0.0,organic,2017,Pittsburgh
13,2016-09-25,1.53,8814.22,1032.78,128.66,0.0,7652.78,7151.55,501.23,0.0,organic,2016,Pittsburgh
47,2015-02-01,1.77,1427.11,760.33,74.32,0.0,592.46,585.38,7.08,0.0,organic,2015,Pittsburgh
14,2015-09-20,1.44,1513.77,668.25,61.75,0.0,783.77,223.44,560.33,0.0,organic,2015,Pittsburgh
40,2015-03-22,1.47,2059.01,842.7,91.73,0.0,1124.58,1122.85,1.73,0.0,organic,2015,Pittsburgh
38,2015-04-05,1.35,2808.98,726.93,208.38,0.0,1873.67,1668.65,205.02,0.0,organic,2015,Pittsburgh
16,2017-09-10,1.48,9267.69,1076.06,21.1,0.0,8170.53,8167.2,3.33,0.0,organic,2017,Pittsburgh
17,2016-08-28,1.52,4650.34,713.43,225.29,0.0,3711.62,3503.01,208.61,0.0,organic,2016,Pittsburgh
44,2015-02-22,1.71,1860.35,889.62,56.29,0.0,914.44,518.36,396.08,0.0,organic,2015,Pittsburgh
2,2018-03-11,1.41,14486.33,986.55,19.71,0.0,13480.07,13476.74,3.33,0.0,organic,2018,Pittsburgh
8,2017-11-05,1.43,11678.95,1191.23,12.41,0.0,10475.31,10463.09,12.22,0.0,organic,2017,Pittsburgh
31,2016-05-22,1.42,1978.61,378.44,149.65,31.59,1418.93,1418.93,0.0,0.0,organic,2016,Pittsburgh
27,2017-06-25,1.54,2406.34,165.75,0.0,0.0,2240.59,2226.75,13.84,0.0,organic,2017,Pittsburgh
26,2017-07-02,1.58,8002.38,865.57,36.1,0.0,7100.71,7094.05,6.66,0.0,organic,2017,Pittsburgh
25,2015-07-05,1.83,1383.67,751.58,204.51,0.0,427.58,423.79,3.79,0.0,organic,2015,Pittsburgh
29,2015-06-07,1.57,1726.96,687.05,20.14,0.0,1019.77,911.62,108.15,0.0,organic,2015,Pittsburgh
2,2017-12-17,1.37,9321.92,935.25,5.12,0.0,8381.55,8378.22,3.33,0.0,organic,2017,Pittsburgh
44,2016-02-21,1.33,1256.47,314.49,32.43,0.0,909.55,614.42,295.13,0.0,organic,2016,Pittsburgh
0,2015-12-27,1.5,749.03,199.16,29.63,0.0,520.24,450.74,69.5,0.0,organic,2015,Pittsburgh
10,2016-10-16,1.53,9213.3,968.87,133.4,0.0,8111.03,7685.88,425.15,0.0,organic,2016,Pittsburgh
42,2017-03-12,1.45,9954.06,783.84,13.6,3.4,9153.22,8571.34,581.88,0.0,organic,2017,Pittsburgh
6,2016-11-13,1.53,7864.22,873.29,7.04,0.0,6983.89,6548.0,435.89,0.0,organic,2016,Pittsburgh
30,2015-05-31,1.51,2154.53,839.69,30.05,0.0,1284.79,1106.72,178.07,0.0,organic,2015,Pittsburgh
3,2017-12-10,1.39,9389.3,923.14,34.45,0.0,8431.71,8431.71,0.0,0.0,organic,2017,Pittsburgh
34,2015-05-03,1.49,1889.99,624.2,39.22,0.0,1226.57,995.08,231.49,0.0,organic,2015,Pittsburgh
13,2017-10-01,1.4,11819.12,969.51,35.45,0.0,10814.16,10814.16,0.0,0.0,organic,2017,Pittsburgh
