data/a836d206-e31f-42a1-abcf-12303fbde651_hf_nateraw_avocado-prices.csv
Unnamed: 0,Date,AveragePrice,Total Volume,4046,4225,4770,Total Bags,Small Bags,Large Bags,XLarge Bags,type,year,region
27,2015-06-21,1.16,730826.79,184206.21,405469.62,12854.03,128296.93,83581.46,44715.47,0.0,conventional,2015,Denver
9,2018-01-21,1.16,872673.39,147297.68,233968.98,14834.26,476572.47,101867.53,374703.83,1.11,conventional,2018,Denver
12,2016-10-02,1.18,677071.87,124504.59,172835.74,16447.85,363283.69,76212.51,287071.18,0.0,conventional,2016,Denver
8,2017-11-05,1.07,934570.7,122060.91,320967.57,8617.99,482924.23,89816.96,393106.16,1.11,conventional,2017,Denver
49,2017-01-22,1.03,906838.4,149313.21,268029.66,13355.19,476140.34,326361.97,149643.69,134.68,conventional,2017,Denver
0,2015-12-27,0.98,625475.1,93034.2,246747.13,19103.69,266590.08,38620.02,227884.21,85.85,conventional,2015,Denver
7,2016-11-06,1.31,533947.5,110497.67,148423.26,18858.61,256167.96,81361.39,174689.45,117.12,conventional,2016,Denver
28,2016-06-12,0.96,819664.78,179533.58,242834.17,19838.57,377458.46,91438.85,284376.91,1642.7,conventional,2016,Denver
30,2015-05-31,1.26,600377.94,127747.5,365471.2,18725.02,88434.22,52816.05,35618.17,0.0,conventional,2015,Denver
17,2015-08-30,1.14,721703.83,119849.97,421032.49,19353.95,161467.42,43991.55,117475.87,0.0,conventional,2015,Denver
46,2017-02-12,0.96,821592.06,204917.87,291657.99,14706.94,310309.26,109877.59,200109.45,322.22,conventional,2017,Denver
39,2015-03-29,1.11,627546.3,160679.31,371990.15,4760.21,90116.63,55936.09,34180.54,0.0,conventional,2015,Denver
6,2017-11-19,1.13,701022.0,132242.0,196662.0,15425.0,356693.0,97734.0,258959.0,0.0,conventional,2017,Denver
41,2016-03-13,0.83,824792.73,158016.76,261685.82,33866.06,371224.09,50279.53,320943.18,1.38,conventional,2016,Denver
40,2015-03-22,1.15,603112.11,131881.99,380284.5,8461.12,82484.5,47368.3,35116.2,0.0,conventional,2015,Denver
40,2016-03-20,0.73,1005859.79,138938.88,360370.27,10950.53,495600.11,46784.27,448815.84,0.0,conventional,2016,Denver
52,2017-01-01,0.8,959368.84,138364.14,336467.73,12664.38,471872.59,310280.15,161495.22,97.22,conventional,2017,Denver
42,2016-03-06,0.98,671667.78,145893.9,242906.02,18706.34,264161.52,47418.17,216743.35,0.0,conventional,2016,Denver
3,2016-12-04,0.91,855989.02,129940.92,277374.59,11512.69,437160.82,141279.5,295881.32,0.0,conventional,2016,Denver
8,2015-11-01,0.82,831994.43,140330.11,446007.8,8551.05,237105.47,41633.91,195471.56,0.0,conventional,2015,Denver
5,2015-11-22,0.85,724865.72,100047.56,323796.5,18215.73,282805.93,31358.6,251447.33,0.0,conventional,2015,Denver
35,2017-04-30,1.33,703503.26,145242.61,162526.92,23984.08,371749.65,176258.22,195491.43,0.0,conventional,2017,Denver
22,2017-07-30,1.19,787191.53,145887.05,313773.34,12960.79,314570.35,80821.91,233748.44,0.0,conventional,2017,Denver
44,2017-02-26,1.15,782244.57,139037.76,237453.81,15021.65,390731.35,214059.39,176671.96,0.0,conventional,2017,Denver
18,2017-08-27,1.1,896083.2,122874.44,379022.88,10439.85,383746.03,99069.57,281790.9,2885.56,conventional,2017,Denver
9,2017-10-29,1.2,783939.18,130556.48,226576.7,10872.4,415933.6,92309.2,323624.4,0.0,conventional,2017,Denver
17,2017-09-03,1.5,588489.26,122402.66,165312.08,13836.18,286938.34,108570.93,176544.08,1823.33,conventional,2017,Denver
33,2017-05-14,1.23,781305.34,166017.34,223913.99,18080.9,373293.11,215216.26,158076.85,0.0,conventional,2017,Denver
19,2015-08-16,1.17,648148.15,157630.43,348863.51,18154.64,123499.57,46710.57,76789.0,0.0,conventional,2015,Denver
7,2017-11-12,1.03,847836.0,137872.0,269918.0,8942.0,431105.0,102535.0,328570.0,0.0,conventional,2017,Denver
36,2015-04-19,1.08,797021.22,129744.18,544167.43,6231.67,116877.94,44279.02,72598.92,0.0,conventional,2015,Denver
48,2016-01-24,0.6,1195521.28,25727.06,404617.2,15454.69,749722.33,43669.49,706052.84,0.0,conventional,2016,Denver
11,2017-10-15,1.57,537139.26,126304.77,158787.1,711.14,251336.25,98271.86,153064.39,0.0,conventional,2017,Denver
11,2015-10-11,0.9,775976.51,108538.74,432102.05,18840.69,216495.03,40462.27,176032.76,0.0,conventional,2015,Denver
51,2015-01-04,0.99,668086.0,117454.09,429518.41,5553.6,115559.9,67894.33,47661.52,4.05,conventional,2015,Denver
4,2015-11-29,1.12,429109.64,85241.45,179982.42,14146.28,149739.49,31920.41,117819.08,0.0,conventional,2015,Denver
33,2016-05-08,0.8,1113912.58,181354.77,427697.05,13291.11,491569.65,73293.05,416966.26,1310.34,conventional,2016,Denver
34,2017-05-07,1.13,904098.6,147250.97,357127.75,17250.83,382469.05,272024.11,110311.61,133.33,conventional,2017,Denver
49,2016-01-17,0.66,1245174.24,118599.67,403009.94,31009.77,692554.86,43026.58,649528.28,0.0,conventional,2016,Denver
51,2017-01-08,0.92,844689.96,169103.67,249167.67,16470.81,409947.81,247424.23,162523.58,0.0,conventional,2017,Denver
28,2016-06-12,1.85,9058.23,938.76,4044.17,0.0,4075.3,3296.9,778.4,0.0,organic,2016,Philadelphia
30,2015-05-31,1.86,5461.83,508.05,1828.02,3.83,3121.93,3121.93,0.0,0.0,organic,2015,Philadelphia
8,2016-10-30,2.39,6531.71,1020.47,3824.37,0.0,1686.87,1633.31,53.56,0.0,organic,2016,Philadelphia
17,2016-08-28,2.06,6321.4,573.3,3403.23,22.57,2322.3,2289.1,33.2,0.0,organic,2016,Philadelphia
29,2015-06-07,1.94,5043.08,608.81,1221.46,14.31,3198.5,3198.5,0.0,0.0,organic,2015,Philadelphia
19,2016-08-14,2.06,6968.81,863.2,3718.14,15.52,2371.95,2239.5,132.45,0.0,organic,2016,Philadelphia
8,2015-11-01,2.06,2371.09,503.42,1619.84,10.89,236.94,89.98,146.96,0.0,organic,2015,Philadelphia
28,2017-06-18,1.89,29588.66,8254.77,14019.73,11.83,7302.33,7014.14,288.19,0.0,organic,2017,Philadelphia
25,2016-07-03,2.16,10437.32,1027.88,4846.32,15.16,4547.96,3592.18,955.78,0.0,organic,2016,Philadelphia
30,2016-05-29,2.07,10738.68,622.97,3962.86,5.06,6147.79,5229.58,918.21,0.0,organic,2016,Philadelphia
19,2015-08-16,2.06,3885.79,431.13,2067.63,30.13,1356.9,1356.9,0.0,0.0,organic,2015,Philadelphia
20,2016-08-07,2.04,9269.42,729.49,3821.28,3.83,4714.82,4646.5,68.32,0.0,organic,2016,Philadelphia
11,2018-01-07,1.69,27971.66,1954.92,3857.27,0.0,22159.47,22155.03,4.44,0.0,organic,2018,Philadelphia
27,2016-06-19,2.19,10778.24,594.97,4220.84,0.0,5962.43,5110.25,852.18,0.0,organic,2016,Philadelphia
2,2015-12-13,1.79,7292.08,256.6,1559.27,952.44,4523.77,1098.51,3425.26,0.0,organic,2015,Philadelphia
34,2015-05-03,1.85,5737.78,247.58,1531.18,18.86,3940.16,3940.16,0.0,0.0,organic,2015,Philadelphia
37,2015-04-12,1.73,5957.21,677.37,1892.8,7.88,3379.16,3379.16,0.0,0.0,organic,2015,Philadelphia
27,2015-06-21,2.05,3782.07,405.51,1534.94,27.99,1813.63,1813.63,0.0,0.0,organic,2015,Philadelphia
47,2016-01-31,1.53,11396.43,438.65,1843.31,18.4,9096.07,230.01,8866.06,0.0,organic,2016,Philadelphia
49,2017-01-22,2.0,10199.77,1524.38,3321.89,13.78,5339.72,5279.57,60.15,0.0,organic,2017,Philadelphia
50,2015-01-11,1.63,6715.18,428.55,1809.47,4.83,4472.33,4465.66,6.67,0.0,organic,2015,Philadelphia
51,2016-01-03,1.53,8788.89,150.18,1457.84,0.0,7180.87,169.85,7011.02,0.0,organic,2016,Philadelphia
15,2015-09-13,1.95,4303.93,312.56,1865.32,48.94,2077.11,2071.25,5.86,0.0,organic,2015,Philadelphia
42,2017-03-12,2.33,14160.84,2593.91,5686.31,15.17,5865.45,5865.45,0.0,0.0,organic,2017,Philadelphia
32,2015-05-17,1.85,5578.04,293.24,1605.75,11.3,3667.75,3667.75,0.0,0.0,organic,2015,Philadelphia
51,2017-01-08,2.04,10230.13,1445.86,3282.72,8.16,5493.39,5425.61,67.78,0.0,organic,2017,Philadelphia
28,2015-06-14,1.84,6353.19,534.82,2127.85,7.81,3682.71,3682.71,0.0,0.0,organic,2015,Philadelphia
25,2015-07-05,2.03,3075.46,318.9,1596.46,12.91,1147.19,1147.19,0.0,0.0,organic,2015,Philadelphia
39,2017-04-02,1.88,23939.58,7379.43,10469.59,7.13,6083.43,6059.69,23.74,0.0,organic,2017,Philadelphia
10,2015-10-18,1.74,3665.62,230.01,1600.51,15.55,1819.55,111.28,1708.27,0.0,organic,2015,Philadelphia
30,2015-05-31,1.03,33720159.09,15503613.33,11599634.02,903908.35,5713003.39,4967231.63,726046.25,19725.51,conventional,2015,TotalUS
4,2015-11-29,0.99,22617999.38,8094803.56,9003178.41,731008.41,4789009.0,3901953.04,856560.34,30495.62,conventional,2015,TotalUS
5,2018-02-18,1.08,36709887.49,13262751.42,10491918.44,552969.73,12402247.9,9023351.68,3151157.42,227738.8,conventional,2018,TotalUS
15,2016-09-11,1.08,34126730.95,12962762.94,10380438.09,512160.27,10271369.65,8199580.75,2016484.84,55304.06,conventional,2016,TotalUS
3,2016-12-04,1.0,31621221.9,11043350.9,9908982.97,428009.84,10240878.19,7187022.58,2988504.98,65350.63,conventional,2016,TotalUS
50,2017-01-15,0.98,38295488.31,12936858.36,12625665.39,579346.52,12153618.04,9445622.04,2638918.48,69077.52,conventional,2017,TotalUS
1,2016-12-18,0.96,29583882.61,9394065.91,10339168.2,427872.42,9422776.08,6970320.34,2358443.96,94011.78,conventional,2016,TotalUS
11,2015-10-11,1.0,29216198.15,8828340.53,13326573.45,1614282.73,5447001.44,4153477.6,1221305.29,72218.55,conventional,2015,TotalUS
8,2017-11-05,1.19,32051594.24,11042128.27,9774987.75,400250.97,10834227.25,7470394.42,3275463.49,88369.34,conventional,2017,TotalUS
17,2015-08-30,1.07,29761638.48,11650976.87,11995960.83,1060352.53,5054348.25,4316352.47,685816.37,52179.41,conventional,2015,TotalUS
20,2017-08-13,1.33,32817254.13,10952703.84,11154310.29,624963.41,10085276.59,6687661.77,3118889.17,278725.65,conventional,2017,TotalUS
24,2015-07-12,1.07,31660031.68,12384449.4,12403360.2,980361.75,5891860.33,5067198.34,796786.14,27875.85,conventional,2015,TotalUS
2,2018-03-11,1.09,40449603.12,14089091.05,10758039.45,707578.82,14894893.8,11392828.89,3229556.62,272508.29,conventional,2018,TotalUS
21,2017-08-06,1.33,32529920.23,11292580.44,10988313.58,665312.55,9583713.66,6889925.78,2376269.93,317517.95,conventional,2017,TotalUS
47,2016-01-31,0.93,34721249.92,11098088.49,13278053.61,1643703.17,8701404.65,6684515.27,1823889.58,192999.8,conventional,2016,TotalUS
39,2016-03-27,0.94,35930195.92,11249198.4,12745266.73,1880231.38,10055499.41,7745105.36,2228007.91,82386.14,conventional,2016,TotalUS
16,2016-09-04,1.04,37130688.91,14643465.52,11083513.46,540680.89,10863029.04,8555283.68,2214419.29,93326.07,conventional,2016,TotalUS
1,2018-03-18,1.05,41386314.12,13707389.51,11061051.69,645380.85,15972492.07,11712807.19,3988101.74,271583.14,conventional,2018,TotalUS
0,2017-12-31,0.98,38267341.61,13109617.49,13197460.59,644837.54,11315425.99,8092355.2,3098373.91,124696.88,conventional,2017,TotalUS
36,2016-04-17,0.9,37467885.19,11954487.56,12896366.58,1896149.5,10720881.55,8128710.21,2467001.94,125169.4,conventional,2016,TotalUS
13,2016-09-25,1.22,30305112.89,10548061.13,9255913.78,492604.3,10008533.68,7440444.59,2476400.79,91688.3,conventional,2016,TotalUS
17,2017-09-03,1.57,26808410.65,9775062.87,8565265.61,541902.88,7926179.29,5851814.47,1855970.25,218394.57,conventional,2017,TotalUS
4,2016-11-27,1.21,22923062.65,7891487.94,7337341.77,344475.9,7349757.04,5691266.56,1609867.2,48623.28,conventional,2016,TotalUS
50,2015-01-11,1.01,29063542.75,11544810.53,12134773.38,866574.66,4517384.18,3783261.16,718333.87,15789.15,conventional,2015,TotalUS
11,2017-10-15,1.58,25031589.09,8769357.86,8534404.17,392119.12,7335707.94,5387869.35,1893510.99,54327.6,conventional,2017,TotalUS
13,2017-10-01,1.64,24610645.21,8342407.59,8354516.32,384794.18,7528927.12,5513111.7,1954129.38,61686.04,conventional,2017,TotalUS
9,2017-10-29,1.29,30237911.23,10596902.91,9803569.58,424755.66,9412683.08,6602082.25,2747519.87,63080.96,conventional,2017,TotalUS
0,2018-03-25,1.03,43409835.75,14130799.1,12125711.42,758801.12,16394524.11,12540327.19,3544729.39,309467.53,conventional,2018,TotalUS
41,2016-03-13,0.93,36374516.14,11661687.44,13104887.66,1800065.57,9807875.47,7231162.6,2521123.87,55589.0,conventional,2016,TotalUS
19,2015-08-16,1.05,31936856.18,12680252.48,12998327.25,1143364.58,5114911.87,4342839.06,703542.1,68530.71,conventional,2015,TotalUS
18,2017-08-27,1.47,28785279.75,10735709.61,8587105.6,517541.94,8944922.6,6592504.0,2117565.5,234853.1,conventional,2017,TotalUS
27,2016-06-19,1.02,38489936.14,13488851.61,12842698.33,1642735.63,10515650.57,8223280.88,1975350.75,317018.94,conventional,2016,TotalUS
30,2016-05-29,0.94,40019075.24,13682611.21,13829591.06,1583495.93,10923377.04,8085657.41,2657598.78,180120.85,conventional,2016,TotalUS
49,2017-01-22,0.94,42140393.39,14254150.46,14212881.66,908616.41,12764744.86,9462853.82,3231019.56,70871.48,conventional,2017,TotalUS
40,2016-03-20,0.93,36335483.78,11134390.98,13727453.57,1773088.87,9700550.36,7248857.68,2374053.89,77638.79,conventional,2016,TotalUS
25,2016-07-03,1.06,39993186.04,12508937.27,13315901.42,1761343.08,12407004.27,9967538.34,1887772.28,551693.65,conventional,2016,TotalUS
41,2017-03-19,1.25,31595125.23,10975689.78,9622711.73,638217.85,10358505.87,8202242.37,2000176.08,156087.42,conventional,2017,TotalUS
42,2016-03-06,0.95,35064506.04,11824154.63,12196587.24,1686475.33,9357288.84,7502570.03,1747903.69,106815.12,conventional,2016,TotalUS
6,2016-11-13,1.36,24075126.49,8235135.43,7759608.21,477520.95,7602861.9,5602593.66,1957163.93,43104.31,conventional,2016,TotalUS
6,2015-11-15,0.92,28597756.27,9907981.27,11699787.51,815641.54,6174345.95,4854619.04,1283546.73,36180.18,conventional,2015,TotalUS
18,2015-08-23,1.08,29699845.61,11283021.31,12551529.7,909284.22,4956010.38,4318010.6,612362.43,25637.35,conventional,2015,TotalUS
51,2015-01-04,0.94,461607.33,244152.26,165299.33,15302.75,36852.99,30884.29,5595.0,373.7,conventional,2015,SanDiego
37,2016-04-10,0.84,589694.67,190244.17,158653.72,21394.47,219402.31,175064.61,44337.7,0.0,conventional,2016,SanDiego
34,2016-05-01,0.68,679213.01,221162.07,221265.53,23602.94,213182.47,57334.52,155614.62,233.33,conventional,2016,SanDiego
11,2015-10-11,0.93,492276.73,202263.25,234833.71,17638.39,37541.38,35490.61,2050.77,0.0,conventional,2015,SanDiego
11,2017-10-15,1.67,322915.64,101926.07,136483.97,20792.45,63713.15,59356.15,4357.0,0.0,conventional,2017,SanDiego
47,2015-02-01,0.85,692276.13,357235.87,277723.14,15691.23,41625.89,36622.51,4738.29,265.09,conventional,2015,SanDiego
18,2017-08-27,1.79,356447.96,143124.9,120383.98,19739.14,73199.94,67689.01,4535.81,975.12,conventional,2017,SanDiego
22,2017-07-30,1.48,444013.66,174486.03,137655.83,21223.58,110648.22,101946.55,6750.08,1951.59,conventional,2017,SanDiego
30,2015-05-31,0.9,569414.76,358147.99,153680.36,14150.62,43435.79,39195.38,4240.41,0.0,conventional,2015,SanDiego
35,2017-04-30,1.18,498381.64,166863.56,136882.96,26022.53,168612.59,166655.47,128.23,1828.89,conventional,2017,SanDiego
44,2016-02-21,0.86,592197.58,165757.19,159025.48,19779.65,247635.26,206855.6,40779.66,0.0,conventional,2016,SanDiego
45,2017-02-19,0.97,497333.98,164517.95,156159.47,17240.95,159415.61,154010.94,5009.67,395.0,conventional,2017,SanDiego
21,2017-08-06,1.34,476535.85,191792.73,140575.29,21769.92,122397.91,113356.35,6642.56,2399.0,conventional,2017,SanDiego
1,2018-03-18,0.92,643491.07,159346.7,256098.92,13404.8,214640.65,201973.65,9993.67,2673.33,conventional,2018,SanDiego
41,2016-03-13,0.84,567953.21,151219.73,139500.87,23806.29,253426.32,203378.55,50047.77,0.0,conventional,2016,SanDiego
26,2015-06-28,1.02,495309.23,295023.15,142348.73,15418.32,42519.03,37940.93,4578.1,0.0,conventional,2015,SanDiego
26,2017-07-02,1.23,584480.72,200562.02,165727.23,23222.54,194968.93,191413.75,47.57,3507.61,conventional,2017,SanDiego
28,2015-06-14,0.87,630746.82,403551.43,165020.73,14478.75,47695.91,43522.9,4173.01,0.0,conventional,2015,SanDiego
22,2015-07-26,1.1,495344.27,279280.58,161574.35,16605.49,37883.85,36718.01,1165.84,0.0,conventional,2015,SanDiego
25,2016-07-03,1.04,613005.97,182471.65,186674.1,29141.44,214718.78,192454.33,20162.58,2101.87,conventional,2016,SanDiego
24,2015-07-12,1.1,490312.63,251056.27,182844.55,14524.67,41887.14,38417.55,3469.59,0.0,conventional,2015,SanDiego
51,2017-01-08,0.96,582835.25,146165.17,222743.67,15301.4,198625.01,161975.42,36309.59,340.0,conventional,2017,SanDiego
44,2015-02-22,0.92,516149.11,301983.87,151869.53,14484.65,47811.06,42234.77,5543.66,32.63,conventional,2015,SanDiego
25,2015-07-05,1.05,587740.55,328818.07,187820.87,18794.71,52306.9,46816.59,5490.31,0.0,conventional,2015,SanDiego
6,2016-11-13,1.37,353828.79,120524.26,126173.1,18445.16,88686.27,74992.87,13258.4,435.0,conventional,2016,SanDiego
32,2016-05-15,0.86,553706.74,196229.51,169362.37,19467.77,168647.09,133555.36,35091.73,0.0,conventional,2016,SanDiego
