data/a836d206-e31f-42a1-abcf-12303fbde651_hf_nateraw_avocado-prices.csv
Unnamed: 0,Date,AveragePrice,Total Volume,4046,4225,4770,Total Bags,Small Bags,Large Bags,XLarge Bags,type,year,region
11,2017-10-15,1.99,72393.25,1416.56,16951.37,118.81,53906.51,49798.36,4108.15,0.0,organic,2017,Southeast
3,2017-12-10,1.48,79396.08,907.78,12906.41,91.79,65490.1,58892.94,6597.16,0.0,organic,2017,Southeast
20,2017-08-13,1.85,76353.2,2129.87,17537.18,183.1,56503.05,56394.33,108.72,0.0,organic,2017,Southeast
7,2015-11-08,1.73,32091.23,10423.56,6052.24,620.92,14994.51,14059.58,934.93,0.0,organic,2015,Southeast
29,2015-06-07,1.75,30089.62,13382.84,5784.58,776.94,10145.26,8480.4,1664.86,0.0,organic,2015,Southeast
29,2016-06-05,1.31,66438.8,15346.73,12348.32,498.96,38244.79,29937.29,8307.5,0.0,organic,2016,Southeast
23,2016-07-17,1.45,71665.65,15952.32,12582.02,1043.27,42088.04,27168.06,14919.98,0.0,organic,2016,Southeast
48,2015-01-25,1.81,23809.3,9855.11,3187.02,612.99,10154.18,9640.0,514.18,0.0,organic,2015,Southeast
27,2015-06-21,1.88,25842.76,11964.63,7758.68,832.22,5287.23,4198.25,1088.98,0.0,organic,2015,Southeast
17,2016-08-28,1.41,68341.93,8134.62,14259.48,625.61,45322.22,27669.13,17653.09,0.0,organic,2016,Southeast
5,2018-02-18,1.5,103546.73,1973.3,19701.21,100.93,81771.29,70925.9,10845.39,0.0,organic,2018,Southeast
13,2017-10-01,2.29,83783.04,2020.76,18485.31,135.54,63141.43,52500.31,10641.12,0.0,organic,2017,Southeast
23,2017-07-23,1.72,78813.04,1465.16,21646.39,186.22,55515.27,47328.82,8186.45,0.0,organic,2017,Southeast
34,2017-05-07,1.58,69763.54,6765.64,19700.9,180.72,43116.28,12489.88,30626.4,0.0,organic,2017,Southeast
26,2016-06-26,1.31,71367.79,20353.71,13495.03,848.58,36670.47,22878.16,13792.31,0.0,organic,2016,Southeast
20,2016-08-07,1.39,84966.16,13026.73,17547.61,1150.44,53241.38,27465.39,25775.99,0.0,organic,2016,Southeast
34,2015-05-03,1.7,30991.09,13621.95,6638.11,1077.87,9653.16,9247.13,406.03,0.0,organic,2015,Southeast
12,2015-10-04,1.84,31299.72,9535.47,8541.06,722.63,12500.56,10505.17,1995.39,0.0,organic,2015,Southeast
36,2015-04-19,1.69,34095.71,11389.9,9302.64,879.8,12523.37,12329.29,194.08,0.0,organic,2015,Southeast
39,2015-03-29,1.84,29745.23,14076.38,7149.66,865.07,7654.12,7384.28,269.84,0.0,organic,2015,Southeast
24,2017-07-16,1.78,70097.22,1230.72,21752.43,156.17,46957.9,40900.26,6057.64,0.0,organic,2017,Southeast
15,2016-09-11,1.5,67246.01,7453.03,14078.39,439.29,45275.3,30666.03,14609.27,0.0,organic,2016,Southeast
8,2017-11-05,1.8,89263.65,1631.92,17868.58,138.66,69624.49,57092.21,12532.28,0.0,organic,2017,Southeast
1,2015-12-20,1.8,25412.6,11041.17,5879.54,516.51,7975.38,7873.16,102.22,0.0,organic,2015,Southeast
30,2015-05-31,1.81,29247.9,12021.01,6624.46,808.5,9793.93,8480.37,1313.56,0.0,organic,2015,Southeast
0,2017-12-31,1.4,92000.75,1052.21,15703.49,169.38,75075.67,69576.29,5499.38,0.0,organic,2017,Southeast
22,2015-07-26,1.67,33855.61,9842.79,6913.97,673.36,16425.49,13022.52,3402.97,0.0,organic,2015,Southeast
47,2015-02-01,1.6,35085.7,8698.27,9368.82,804.65,16213.96,14673.34,1540.62,0.0,organic,2015,Southeast
37,2017-04-16,1.78,60348.45,10404.69,19431.24,358.76,30153.76,9641.86,20511.9,0.0,organic,2017,Southeast
32,2017-05-21,1.67,87299.49,11348.27,19091.4,257.81,56602.01,29557.75,27044.26,0.0,organic,2017,Southeast
24,2015-07-12,1.72,37288.73,7724.96,6548.52,809.8,22205.45,18521.62,3683.83,0.0,organic,2015,Southeast
5,2016-11-20,1.58,61264.14,4165.72,9695.14,419.65,46983.63,25312.29,21671.34,0.0,organic,2016,Southeast
15,2017-09-17,2.33,71648.47,2089.25,17722.64,103.36,51733.22,33649.14,18084.08,0.0,organic,2017,Southeast
33,2016-05-08,1.53,52129.42,14799.32,10278.09,401.59,26650.42,22526.26,4124.16,0.0,organic,2016,Southeast
10,2017-10-22,1.91,90426.45,1696.37,17846.02,107.66,70776.4,57692.92,13083.48,0.0,organic,2017,Southeast
37,2016-04-10,1.44,54667.44,16629.6,11242.96,507.98,26286.9,25822.92,463.98,0.0,organic,2016,Southeast
38,2017-04-09,1.34,85742.82,9260.67,17981.54,412.84,58087.77,11973.99,46113.78,0.0,organic,2017,Southeast
19,2016-08-14,1.63,70790.98,13080.44,14578.13,820.66,42311.75,34013.16,8298.59,0.0,organic,2016,Southeast
5,2015-11-22,1.81,23612.0,9892.99,6161.04,574.58,6983.39,6649.37,334.02,0.0,organic,2015,Southeast
51,2016-01-03,1.32,86759.88,39315.96,8067.87,579.95,38796.1,19654.52,19141.58,0.0,organic,2016,Southeast
23,2015-07-19,1.53,35667.73,7915.19,6778.13,733.63,20240.78,14690.68,5550.1,0.0,organic,2015,Southeast
20,2017-08-13,1.89,640354.46,64033.75,355733.16,135484.85,85102.7,72282.38,8346.94,4473.38,conventional,2017,Chicago
19,2015-08-16,1.16,817690.89,19193.94,609692.45,104997.44,83807.06,80018.54,3447.81,340.71,conventional,2015,Chicago
21,2015-08-02,1.27,761027.42,21607.12,559825.17,97419.33,82175.8,79197.97,2476.3,501.53,conventional,2015,Chicago
35,2016-04-24,1.08,879308.05,34134.42,592370.7,151281.44,101521.49,96823.55,4684.93,13.01,conventional,2016,Chicago
12,2016-10-02,1.83,509215.79,37926.13,311085.71,90495.41,69708.54,58004.41,530.52,11173.61,conventional,2016,Chicago
45,2016-02-14,1.0,803120.71,45558.04,501188.76,131202.78,125171.13,106296.76,18322.72,551.65,conventional,2016,Chicago
16,2016-09-04,1.6,670453.42,77981.63,415924.58,91323.75,85223.46,82376.72,2320.05,526.69,conventional,2016,Chicago
32,2017-05-21,1.64,764241.14,67698.15,496380.19,123099.28,77063.52,67000.24,2740.06,7323.22,conventional,2017,Chicago
15,2015-09-13,1.19,775671.49,17172.26,546965.49,128619.66,82914.08,78368.45,3809.54,736.09,conventional,2015,Chicago
44,2017-02-26,1.61,674827.05,52553.89,442525.98,110938.64,68808.54,62915.36,1403.34,4489.84,conventional,2017,Chicago
8,2017-11-05,1.77,538967.37,96105.5,284220.43,81793.52,76847.92,73426.03,3406.65,15.24,conventional,2017,Chicago
32,2016-05-15,1.04,930403.37,49039.58,609294.15,157984.71,114084.93,108571.35,4797.75,715.83,conventional,2016,Chicago
4,2018-02-25,1.51,794925.31,74465.63,452448.67,131640.53,136370.48,91023.86,44466.75,879.87,conventional,2018,Chicago
6,2016-11-13,1.82,436710.91,34384.62,265006.85,73021.81,64297.63,63465.65,593.89,238.09,conventional,2016,Chicago
2,2018-03-11,1.54,830421.03,95041.64,454041.33,142564.1,138773.96,100438.58,37184.96,1150.42,conventional,2018,Chicago
39,2016-03-27,0.9,865585.06,33748.25,600796.46,131467.33,99573.02,95288.6,4221.71,62.71,conventional,2016,Chicago
42,2016-03-06,1.13,809325.93,35309.42,557026.92,129160.06,87829.53,85606.7,2222.83,0.0,conventional,2016,Chicago
45,2015-02-15,1.17,726401.24,29711.82,488591.6,110446.6,97651.22,92518.95,5112.69,19.58,conventional,2015,Chicago
47,2015-02-01,0.91,1133491.66,50783.91,824745.44,164884.41,93077.9,89516.93,3448.62,112.35,conventional,2015,Chicago
19,2016-08-14,1.67,626086.69,49617.0,371087.23,102966.19,102416.27,99833.21,2139.33,443.73,conventional,2016,Chicago
33,2015-05-10,1.23,835938.63,55587.31,545784.15,141250.98,93316.19,88847.94,4468.25,0.0,conventional,2015,Chicago
36,2015-04-19,1.24,832529.06,52850.1,594214.84,93303.25,92160.87,89276.61,2780.32,103.94,conventional,2015,Chicago
49,2017-01-22,1.21,845065.66,120093.41,497235.79,136328.96,91407.5,83227.7,1680.17,6499.63,conventional,2017,Chicago
4,2015-11-29,1.11,602481.22,42851.47,422479.32,74988.97,62161.46,61862.57,298.89,0.0,conventional,2015,Chicago
8,2015-11-01,1.0,807041.46,69420.04,562214.56,106536.92,68869.94,68447.93,422.01,0.0,conventional,2015,Chicago
15,2016-09-11,1.67,635036.01,80472.32,355228.95,99520.95,99813.79,97150.37,2084.68,578.74,conventional,2016,Chicago
14,2016-09-18,1.7,600389.56,74368.62,340540.46,97900.81,87579.67,80619.11,802.22,6158.34,conventional,2016,Chicago
29,2016-06-05,1.2,885602.82,31728.98,606701.67,145606.57,101565.6,96845.23,3216.39,1503.98,conventional,2016,Chicago
41,2016-03-13,1.0,823796.56,39540.49,569733.57,125901.94,88620.56,86428.9,2191.66,0.0,conventional,2016,Chicago
0,2018-03-25,1.36,908202.13,142681.06,463136.28,174975.75,127409.04,103579.41,22467.04,1362.59,conventional,2018,Chicago
51,2015-01-04,1.11,783068.03,30270.26,550752.19,124506.1,77539.48,72888.46,4651.02,0.0,conventional,2015,Chicago
25,2016-07-03,1.23,974278.32,55651.48,584813.49,184518.62,149294.73,143295.47,378.93,5620.33,conventional,2016,Chicago
38,2017-04-09,1.65,699592.47,70040.01,454691.92,102227.68,72632.86,63362.77,2625.56,6644.53,conventional,2017,Chicago
40,2017-03-26,1.64,656875.03,60039.23,432870.45,101928.61,62036.74,56904.92,1563.34,3568.48,conventional,2017,Chicago
32,2015-05-17,1.23,817870.17,54087.8,569043.02,109205.15,85534.2,82689.93,2813.47,30.8,conventional,2015,Chicago
48,2017-01-29,1.1,830499.38,86213.34,511365.64,135946.07,96974.33,85615.7,1691.15,9667.48,conventional,2017,Chicago
3,2016-12-04,1.27,624751.15,90157.63,372929.38,94496.12,67168.02,64475.13,621.47,2071.42,conventional,2016,Chicago
36,2016-04-17,1.08,913421.8,47878.48,619840.15,137009.63,108693.54,101842.17,4806.9,2044.47,conventional,2016,Chicago
29,2017-06-11,1.6,807370.03,87526.68,514710.25,122729.21,82403.89,76117.78,1456.0,4830.11,conventional,2017,Chicago
6,2018-02-11,1.39,897178.36,131360.75,488374.4,154223.75,123219.46,85210.17,37063.73,945.56,conventional,2018,Chicago
35,2017-04-30,1.62,787324.19,81817.28,498579.75,125905.46,81021.7,72854.76,2421.11,5745.83,conventional,2017,Chicago
33,2017-05-14,1.6,792532.64,99653.4,470279.57,147524.4,75075.27,68906.93,2127.03,4041.31,conventional,2017,Chicago
38,2015-04-05,1.27,751812.42,38641.17,530946.92,90801.53,91422.8,87170.22,3422.83,829.75,conventional,2015,Chicago
39,2015-03-29,1.0,93802.08,2639.24,64264.48,1117.0,25781.36,22498.91,3113.19,169.26,conventional,2015,Louisville
36,2016-04-17,0.92,95475.44,2120.86,55695.58,9698.99,27960.01,12091.67,13959.35,1908.99,conventional,2016,Louisville
9,2016-10-23,1.23,75593.36,1616.09,37427.37,314.87,36235.03,10839.29,25395.74,0.0,conventional,2016,Louisville
26,2016-06-26,1.06,98077.6,2762.38,56614.79,3534.27,35166.16,16663.76,15457.04,3045.36,conventional,2016,Louisville
40,2017-03-26,1.11,100036.14,2435.42,46979.43,163.77,50457.52,18244.87,32209.26,3.39,conventional,2017,Louisville
8,2017-11-05,1.18,86085.33,3045.35,37125.6,120.44,45793.94,13435.51,32355.55,2.88,conventional,2017,Louisville
33,2015-05-10,1.1,85446.43,2278.4,60221.59,606.53,22339.91,9533.88,12740.14,65.89,conventional,2015,Louisville
47,2015-02-01,0.9,125504.98,5378.31,83854.56,5155.25,31116.86,8618.05,21296.75,1202.06,conventional,2015,Louisville
4,2016-11-27,1.26,57765.51,1047.06,26662.61,141.29,29914.55,10325.65,19588.9,0.0,conventional,2016,Louisville
22,2016-07-24,1.19,95001.32,2352.49,57404.0,1995.85,33248.98,15345.04,15463.98,2439.96,conventional,2016,Louisville
21,2016-07-31,1.24,86030.88,2355.37,53669.84,1144.87,28860.8,13632.0,13603.6,1625.2,conventional,2016,Louisville
31,2016-05-22,0.91,113794.41,2002.85,77719.29,2243.57,31828.7,13628.45,17376.34,823.91,conventional,2016,Louisville
10,2018-01-14,1.15,121812.81,12826.43,44061.69,168.9,64755.79,32059.16,32693.81,2.82,conventional,2018,Louisville
7,2016-11-06,1.27,70881.52,1606.9,34663.27,236.33,34375.02,9517.5,24857.52,0.0,conventional,2016,Louisville
15,2016-09-11,1.21,90086.4,3359.11,51733.48,634.74,34359.07,13618.85,20735.22,5.0,conventional,2016,Louisville
4,2017-12-03,1.11,108947.0,2489.0,52286.0,530.0,53643.0,9238.0,44403.0,1.0,conventional,2017,Louisville
51,2015-01-04,0.92,101162.98,1991.63,75090.16,283.88,23797.31,7769.36,16027.95,0.0,conventional,2015,Louisville
7,2017-11-12,1.14,100811.0,3181.0,43510.0,86.0,54034.0,11788.0,42246.0,0.0,conventional,2017,Louisville
12,2017-10-08,1.98,52865.97,4093.28,17191.2,71.23,31510.26,11687.9,19822.36,0.0,conventional,2017,Louisville
52,2017-01-01,0.77,110696.17,1692.13,60441.72,643.88,47918.44,12573.63,35198.14,146.67,conventional,2017,Louisville
9,2015-10-25,1.06,64602.5,2031.83,36450.26,4127.43,21992.98,11226.36,9879.33,887.29,conventional,2015,Louisville
3,2018-03-04,1.15,97173.74,22840.56,23137.75,219.31,50976.12,32351.06,17796.4,828.66,conventional,2018,Louisville
8,2015-11-01,0.89,103768.67,3443.02,60544.64,5446.36,34334.65,11070.08,21945.2,1319.37,conventional,2015,Louisville
14,2016-09-18,1.26,87633.41,2114.94,48962.95,565.29,35990.23,13498.21,22492.02,0.0,conventional,2016,Louisville
15,2017-09-17,1.73,68830.07,2265.55,31173.61,79.54,35311.37,14322.14,20969.23,20.0,conventional,2017,Louisville
8,2016-10-30,1.28,70137.79,1769.84,35446.19,162.17,32759.59,7816.19,24943.4,0.0,conventional,2016,Louisville
16,2017-09-10,1.65,78604.92,2337.33,34553.13,91.41,41623.05,15816.03,25440.35,366.67,conventional,2017,Louisville
43,2017-03-05,0.99,101061.01,1914.78,49340.2,183.87,49622.16,12670.72,36951.44,0.0,conventional,2017,Louisville
5,2018-02-18,1.06,101522.07,21211.55,21287.42,197.27,58825.83,33930.79,24059.49,835.55,conventional,2018,Louisville
27,2017-06-25,0.97,114003.27,2137.42,43420.23,203.5,68242.12,20546.42,47643.48,52.22,conventional,2017,Louisville
42,2017-03-12,1.18,85005.19,2122.02,42103.02,159.61,40620.54,14085.25,26520.4,14.89,conventional,2017,Louisville
25,2017-07-09,1.01,124946.18,2696.41,45861.16,209.51,76179.1,22207.37,53245.65,726.08,conventional,2017,Louisville
35,2015-04-26,1.21,65742.4,2070.06,42192.26,2780.63,18699.45,9812.43,8286.28,600.74,conventional,2015,Louisville
11,2017-10-15,1.79,60616.52,3403.65,25005.3,68.1,32139.47,12700.01,19439.46,0.0,conventional,2017,Louisville
21,2015-08-02,0.93,91136.65,2141.86,59505.29,3666.88,25822.62,11522.64,13604.5,695.48,conventional,2015,Louisville
19,2015-08-16,1.09,78926.9,5051.31,45325.78,7750.34,20799.47,11076.0,7718.56,2004.91,conventional,2015,Louisville
32,2016-05-15,0.86,106278.64,2286.09,62308.98,6837.7,34845.87,12021.77,20894.39,1929.71,conventional,2016,Louisville
1,2015-12-20,1.77,3240.71,572.06,1280.97,344.25,1043.43,1033.02,10.41,0.0,organic,2015,SouthCarolina
4,2016-11-27,1.77,7063.85,316.98,2281.53,185.48,4279.86,3086.57,1193.29,0.0,organic,2016,SouthCarolina
21,2017-08-06,1.74,11964.74,205.93,3665.23,135.34,7958.24,7694.74,263.5,0.0,organic,2017,SouthCarolina
39,2017-04-02,1.5,10286.24,502.88,5423.91,218.18,4141.27,964.96,3176.31,0.0,organic,2017,SouthCarolina
37,2017-04-16,1.69,7761.81,645.02,5275.47,253.45,1587.87,255.87,1332.0,0.0,organic,2017,SouthCarolina
7,2015-11-08,1.74,4719.1,638.13,1186.2,422.64,2472.13,2429.32,42.81,0.0,organic,2015,SouthCarolina
43,2017-03-05,0.99,17212.92,796.72,3353.02,211.52,12851.66,4300.38,8551.28,0.0,organic,2017,SouthCarolina
38,2015-04-05,1.97,3601.21,581.39,1475.46,517.88,1026.48,944.14,82.34,0.0,organic,2015,SouthCarolina
16,2015-09-06,2.0,4032.41,541.49,1732.31,545.05,1213.56,1166.16,47.4,0.0,organic,2015,SouthCarolina
41,2015-03-15,1.5,5224.18,516.14,2676.3,568.85,1462.89,823.33,639.56,0.0,organic,2015,SouthCarolina
35,2015-04-26,2.02,3545.7,684.84,1269.42,485.55,1105.89,1022.68,83.21,0.0,organic,2015,SouthCarolina
42,2015-03-08,1.53,4954.18,498.38,2462.31,536.83,1456.66,1109.39,347.27,0.0,organic,2015,SouthCarolina
40,2016-03-20,1.36,7098.91,714.51,1976.73,323.65,4084.02,3922.98,161.04,0.0,organic,2016,SouthCarolina
1,2016-12-18,1.5,7408.4,280.88,2148.75,219.66,4759.11,3481.51,1277.6,0.0,organic,2016,SouthCarolina
28,2017-06-18,1.72,13816.79,235.14,5136.73,132.12,8312.8,6835.95,1476.85,0.0,organic,2017,SouthCarolina
36,2017-04-23,1.97,6587.58,964.45,4213.41,200.04,1209.68,173.84,1035.84,0.0,organic,2017,SouthCarolina
42,2016-03-06,1.56,5255.59,716.32,1990.61,254.86,2293.8,2267.22,26.58,0.0,organic,2016,SouthCarolina
3,2017-12-10,1.42,13083.41,84.05,2990.27,70.89,9938.2,9440.67,497.53,0.0,organic,2017,SouthCarolina
8,2016-10-30,1.73,8600.52,392.92,3718.26,417.02,4072.32,2907.25,1165.07,0.0,organic,2016,SouthCarolina
5,2018-02-18,1.43,15443.91,145.58,4665.8,78.05,10554.48,9900.82,653.66,0.0,organic,2018,SouthCarolina
14,2016-09-18,1.66,9465.99,479.32,3496.18,354.07,5136.42,3837.2,1299.22,0.0,organic,2016,SouthCarolina
40,2015-03-22,1.77,4156.05,610.35,1876.4,528.23,1141.07,1041.5,99.57,0.0,organic,2015,SouthCarolina
12,2016-10-02,1.87,8341.95,761.23,3710.83,378.8,3491.09,3318.47,172.62,0.0,organic,2016,SouthCarolina
7,2016-11-06,1.67,10649.94,405.62,2900.88,362.16,6981.28,4928.77,2052.51,0.0,organic,2016,SouthCarolina
43,2015-03-01,1.52,4830.76,466.91,2571.07,530.63,1262.15,870.0,392.15,0.0,organic,2015,SouthCarolina
0,2015-12-27,1.71,3617.71,561.54,1202.97,306.62,1546.58,1516.55,30.03,0.0,organic,2015,SouthCarolina
15,2016-09-11,1.6,12458.37,757.79,3868.48,309.62,7522.48,6648.44,874.04,0.0,organic,2016,SouthCarolina
4,2017-12-03,1.49,12670.32,79.51,3753.83,98.72,8738.26,8449.86,288.4,0.0,organic,2017,SouthCarolina
32,2016-05-15,1.48,9990.1,752.91,2472.08,271.64,6493.47,6020.41,473.06,0.0,organic,2016,SouthCarolina
26,2015-06-28,1.9,3772.87,686.65,1498.15,548.6,1039.47,719.34,320.13,0.0,organic,2015,SouthCarolina
