data/a836d206-e31f-42a1-abcf-12303fbde651_hf_nateraw_avocado-prices.csv
Unnamed: 0,Date,AveragePrice,Total Volume,4046,4225,4770,Total Bags,Small Bags,Large Bags,XLarge Bags,type,year,region
37,2016-04-10,1.5,13624.67,3.8,276.42,0.0,13344.45,13344.45,0.0,0.0,organic,2016,NorthernNewEngland
13,2016-09-25,1.51,14401.06,2.45,320.87,0.0,14077.74,14077.74,0.0,0.0,organic,2016,NorthernNewEngland
48,2017-01-29,1.84,12789.12,3.82,333.23,0.0,12452.07,12452.07,0.0,0.0,organic,2017,NorthernNewEngland
49,2015-01-18,1.88,7618.91,0.0,569.28,0.0,7049.63,7049.63,0.0,0.0,organic,2015,NorthernNewEngland
36,2015-04-19,1.88,7468.8,3.38,643.91,0.0,6821.51,6821.51,0.0,0.0,organic,2015,NorthernNewEngland
52,2017-01-01,1.91,9214.09,6.23,130.87,0.0,9076.99,9076.99,0.0,0.0,organic,2017,NorthernNewEngland
21,2016-07-31,1.1,4845.69,0.0,214.28,0.0,4631.41,4631.41,0.0,0.0,organic,2016,NorthernNewEngland
33,2016-05-08,1.63,11801.47,0.0,298.93,0.0,11502.54,11502.54,0.0,0.0,organic,2016,NorthernNewEngland
14,2015-09-20,1.96,6799.27,30.44,656.38,0.0,6112.45,6112.45,0.0,0.0,organic,2015,NorthernNewEngland
9,2015-10-25,1.61,7858.07,8.31,84.27,0.0,7765.49,7765.49,0.0,0.0,organic,2015,NorthernNewEngland
42,2016-03-06,1.68,10184.27,8.83,442.78,0.0,9732.66,9732.66,0.0,0.0,organic,2016,NorthernNewEngland
8,2016-10-30,1.65,7404.92,1.21,180.56,0.0,7223.15,7223.15,0.0,0.0,organic,2016,NorthernNewEngland
34,2016-05-01,1.62,11626.48,0.0,128.33,0.0,11498.15,11498.15,0.0,0.0,organic,2016,NorthernNewEngland
41,2016-03-13,1.63,10985.53,5.05,222.41,0.0,10758.07,10758.07,0.0,0.0,organic,2016,NorthernNewEngland
11,2015-10-11,1.61,8749.6,6.0,68.35,0.0,8675.25,8675.25,0.0,0.0,organic,2015,NorthernNewEngland
2,2018-03-11,1.64,18202.54,3.0,342.18,0.0,17857.36,17807.36,50.0,0.0,organic,2018,NorthernNewEngland
18,2016-08-21,1.43,11826.44,2.54,240.06,0.0,11583.84,11583.84,0.0,0.0,organic,2016,NorthernNewEngland
19,2016-08-14,1.4,8519.17,1.28,310.54,0.0,8207.35,8207.35,0.0,0.0,organic,2016,NorthernNewEngland
15,2015-09-13,1.93,7465.69,18.38,687.37,0.0,6759.94,6759.94,0.0,0.0,organic,2015,NorthernNewEngland
18,2015-08-23,1.91,9116.19,18.81,769.98,0.0,8327.4,8327.4,0.0,0.0,organic,2015,NorthernNewEngland
22,2015-07-26,1.95,7510.46,94.34,1065.74,0.0,6350.38,6313.71,36.67,0.0,organic,2015,NorthernNewEngland
6,2015-11-15,1.57,9930.12,8.3,187.41,0.0,9734.41,9731.08,3.33,0.0,organic,2015,NorthernNewEngland
33,2015-05-10,1.91,7575.34,41.86,819.84,0.0,6713.64,6713.64,0.0,0.0,organic,2015,NorthernNewEngland
30,2016-05-29,1.19,4901.16,2.54,353.15,0.0,4545.47,4545.47,0.0,0.0,organic,2016,NorthernNewEngland
46,2017-02-12,1.8,13474.78,2.56,325.75,0.0,13146.47,13146.47,0.0,0.0,organic,2017,NorthernNewEngland
0,2017-12-31,1.76,20129.5,0.0,200.68,0.0,19928.82,19925.49,3.33,0.0,organic,2017,NorthernNewEngland
48,2015-01-25,1.9,6757.39,0.0,593.56,0.0,6163.83,6163.83,0.0,0.0,organic,2015,NorthernNewEngland
51,2015-01-04,1.83,7301.3,6.81,630.24,0.0,6664.25,6664.25,0.0,0.0,organic,2015,NorthernNewEngland
16,2016-09-04,1.58,13039.44,1.0,231.39,0.0,12807.05,12807.05,0.0,0.0,organic,2016,NorthernNewEngland
40,2016-03-20,1.67,11336.93,5.06,423.79,0.0,10908.08,10908.08,0.0,0.0,organic,2016,NorthernNewEngland
47,2016-01-31,1.65,9140.79,2.48,154.07,0.0,8984.24,8984.24,0.0,0.0,organic,2016,NorthernNewEngland
15,2016-09-11,1.65,17561.31,6.18,270.9,0.0,17284.23,17284.23,0.0,0.0,organic,2016,NorthernNewEngland
49,2016-01-17,1.55,10459.56,6.15,248.53,0.0,10204.88,10204.88,0.0,0.0,organic,2016,NorthernNewEngland
32,2016-05-15,1.22,5778.15,0.0,220.55,0.0,5557.6,5557.6,0.0,0.0,organic,2016,NorthernNewEngland
44,2015-02-22,1.82,6267.8,6.76,873.74,0.0,5387.3,5387.3,0.0,0.0,organic,2015,NorthernNewEngland
17,2015-08-30,1.92,8005.96,3.72,675.06,0.0,7327.18,7327.18,0.0,0.0,organic,2015,NorthernNewEngland
23,2016-07-17,1.47,12521.46,0.0,199.58,0.0,12321.88,12321.88,0.0,0.0,organic,2016,NorthernNewEngland
36,2016-04-17,1.6,12342.22,0.0,263.91,0.0,12078.31,12078.31,0.0,0.0,organic,2016,NorthernNewEngland
27,2015-06-21,1.93,8028.95,37.26,722.78,0.0,7268.91,7268.91,0.0,0.0,organic,2015,NorthernNewEngland
39,2016-03-27,1.61,12855.46,11.39,307.53,0.0,12536.54,12536.54,0.0,0.0,organic,2016,NorthernNewEngland
33,2017-05-14,1.4,26964.27,10.3,614.37,0.0,26339.6,26339.6,0.0,0.0,organic,2017,NorthernNewEngland
25,2015-07-05,1.95,10419.6,6.33,1080.43,0.0,9332.84,9332.84,0.0,0.0,organic,2015,NorthernNewEngland
26,2016-06-26,1.07,367778.6,150191.51,90300.07,18403.06,108883.96,90996.76,17790.53,96.67,conventional,2016,SouthCarolina
19,2017-08-20,1.4,348843.91,158452.34,70864.82,2138.0,117388.75,84288.4,28388.92,4711.43,conventional,2017,SouthCarolina
47,2016-01-31,1.01,312455.27,159088.93,88740.6,9166.73,55459.01,38452.05,17006.96,0.0,conventional,2016,SouthCarolina
3,2015-12-06,1.03,233274.4,130410.85,47118.94,9427.71,46316.9,40092.42,6203.8,20.68,conventional,2015,SouthCarolina
51,2016-01-03,1.03,319228.46,195469.55,64802.02,10726.18,48230.71,39155.81,9074.9,0.0,conventional,2016,SouthCarolina
32,2017-05-21,1.38,363333.32,163512.19,72321.42,2900.6,124599.11,91713.47,27830.64,5055.0,conventional,2017,SouthCarolina
24,2016-07-10,1.08,389300.41,168421.0,87043.24,21153.33,112682.84,89946.17,22731.67,5.0,conventional,2016,SouthCarolina
27,2017-06-25,1.17,406520.66,190192.84,75673.79,2127.54,138526.49,87432.27,43444.22,7650.0,conventional,2017,SouthCarolina
22,2015-07-26,1.11,327629.87,160050.21,63162.91,18771.89,85644.86,80982.38,4662.48,0.0,conventional,2015,SouthCarolina
5,2016-11-20,1.34,246915.39,105060.77,37789.02,4949.78,99115.82,65248.27,33444.22,423.33,conventional,2016,SouthCarolina
49,2015-01-18,1.15,276205.95,160256.58,44019.64,14954.1,56975.63,35311.93,21663.7,0.0,conventional,2015,SouthCarolina
9,2016-10-23,1.4,260446.46,128648.8,52740.63,6749.46,72307.57,42484.87,29822.7,0.0,conventional,2016,SouthCarolina
33,2016-05-08,0.82,504149.45,216508.21,132765.13,6506.62,148369.49,95500.81,52832.8,35.88,conventional,2016,SouthCarolina
42,2017-03-12,1.4,325834.91,135698.2,76260.31,2778.64,111097.76,79135.68,31292.08,670.0,conventional,2017,SouthCarolina
12,2016-10-02,1.3,301001.94,128824.7,66171.5,7203.61,98802.13,63691.6,34973.03,137.5,conventional,2016,SouthCarolina
52,2017-01-01,1.0,402162.87,166822.96,105262.07,5223.2,124854.64,57344.89,67509.75,0.0,conventional,2017,SouthCarolina
42,2015-03-08,1.14,289679.91,173429.19,39009.78,14400.7,62840.24,58373.46,4466.78,0.0,conventional,2015,SouthCarolina
44,2015-02-22,1.02,332918.7,193228.98,45809.76,23875.57,70004.39,64068.23,5936.16,0.0,conventional,2015,SouthCarolina
48,2017-01-29,1.11,395411.39,174671.54,85091.43,3175.63,132472.79,91776.59,40642.03,54.17,conventional,2017,SouthCarolina
21,2017-08-06,1.37,336237.92,128394.5,85339.68,1997.32,120506.42,89592.68,25937.07,4976.67,conventional,2017,SouthCarolina
31,2016-05-22,1.04,343576.29,135034.4,98568.31,6909.7,103063.88,59371.64,40067.82,3624.42,conventional,2016,SouthCarolina
9,2015-10-25,1.11,223607.39,107103.78,46792.32,17192.49,52518.8,43924.89,8593.91,0.0,conventional,2015,SouthCarolina
10,2017-10-22,1.57,275350.6,130878.22,56508.94,2299.62,85663.82,63298.32,22359.95,5.55,conventional,2017,SouthCarolina
28,2017-06-18,1.3,356093.51,159850.81,74051.6,2187.84,120003.26,81818.12,23600.14,14585.0,conventional,2017,SouthCarolina
34,2017-05-07,1.19,531412.4,256780.48,92639.78,3231.21,178760.93,120193.78,54591.21,3975.94,conventional,2017,SouthCarolina
22,2016-07-24,1.18,336673.77,143275.08,81763.6,15147.97,96487.12,71699.09,22356.92,2431.11,conventional,2016,SouthCarolina
35,2016-04-24,0.93,420066.9,151185.27,146951.42,6258.02,115672.19,61890.01,53782.18,0.0,conventional,2016,SouthCarolina
8,2018-01-28,1.22,435490.6,209197.71,72212.81,3511.52,150568.56,109267.86,38526.25,2774.45,conventional,2018,SouthCarolina
33,2017-05-14,1.34,367894.37,163820.54,65765.91,2816.91,135491.01,103782.12,27148.13,4560.76,conventional,2017,SouthCarolina
25,2017-07-09,1.24,380517.93,171133.29,76166.58,2472.14,130745.92,94038.84,26927.08,9780.0,conventional,2017,SouthCarolina
10,2015-10-18,1.12,226246.39,105221.4,55038.8,16616.9,49369.29,40996.42,8372.87,0.0,conventional,2015,SouthCarolina
51,2015-01-04,1.01,309024.22,180977.06,46253.49,12923.45,68870.22,52556.0,16314.22,0.0,conventional,2015,SouthCarolina
18,2015-08-23,1.09,310381.51,139531.8,64117.55,17089.65,89642.51,84625.03,5017.48,0.0,conventional,2015,SouthCarolina
5,2018-02-18,1.2,396970.44,173173.18,65055.84,3355.35,155386.07,115741.19,35864.29,3780.59,conventional,2018,SouthCarolina
28,2016-06-12,1.04,357902.32,161172.25,80778.03,19782.06,96169.98,73085.52,17292.79,5791.67,conventional,2016,SouthCarolina
11,2016-10-09,1.32,262764.71,109192.13,56453.75,4235.9,92882.93,57335.43,35547.5,0.0,conventional,2016,SouthCarolina
47,2016-01-31,1.04,437490.64,290451.27,58974.21,412.16,87653.0,54822.3,32830.7,0.0,conventional,2016,Atlanta
8,2015-11-01,0.99,419088.74,290457.5,62980.07,252.79,65398.38,39460.77,25929.39,8.22,conventional,2015,Atlanta
5,2018-02-18,1.04,538448.01,229255.93,30082.73,1325.82,277783.53,198897.13,76224.45,2661.95,conventional,2018,Atlanta
11,2018-01-07,0.98,713915.8,364463.12,47869.41,1459.65,300123.62,217644.43,78287.66,4191.53,conventional,2018,Atlanta
22,2015-07-26,1.08,437377.75,335372.02,44087.07,708.0,57210.66,45114.22,12096.44,0.0,conventional,2015,Atlanta
8,2016-10-30,1.26,408314.87,162367.8,69366.17,160.28,176420.62,94305.34,82115.28,0.0,conventional,2016,Atlanta
17,2015-08-30,1.15,382972.72,275818.27,44839.12,1034.09,61281.24,47138.07,14112.5,30.67,conventional,2015,Atlanta
1,2018-03-18,0.95,730449.69,323507.79,36770.0,1828.28,368343.62,267740.12,97851.46,2752.04,conventional,2018,Atlanta
34,2016-05-01,0.77,735635.49,241665.17,211776.98,54.42,282138.92,64801.33,217337.59,0.0,conventional,2016,Atlanta
35,2017-04-30,1.17,595539.82,304668.94,74961.15,240.51,215669.22,131644.64,75877.47,8147.11,conventional,2017,Atlanta
23,2016-07-17,1.01,474063.61,202638.65,82942.03,164.21,188318.72,108732.19,78958.75,627.78,conventional,2016,Atlanta
20,2017-08-13,1.37,534058.7,251178.4,62180.62,64.99,220634.69,148972.21,66092.48,5570.0,conventional,2017,Atlanta
27,2016-06-19,0.78,692767.07,361697.69,96388.12,264.12,234417.14,148946.46,84045.68,1425.0,conventional,2016,Atlanta
6,2018-02-11,0.87,723928.38,349354.58,39349.47,1608.23,333616.1,241870.49,89401.42,2344.19,conventional,2018,Atlanta
51,2015-01-04,1.0,435021.49,364302.39,23821.16,82.15,46815.79,16707.15,30108.64,0.0,conventional,2015,Atlanta
13,2015-09-27,1.07,370321.17,262107.44,61870.63,680.8,45662.3,20533.87,25125.65,2.78,conventional,2015,Atlanta
36,2015-04-19,1.12,430966.34,368709.65,18040.85,873.24,43342.6,29661.72,13680.88,0.0,conventional,2015,Atlanta
41,2017-03-19,1.25,460990.81,215046.31,50085.35,147.93,195711.22,120153.69,72091.97,3465.56,conventional,2017,Atlanta
10,2018-01-14,1.1,670766.04,298975.97,60229.21,1604.9,309955.96,171508.47,134436.39,4011.1,conventional,2018,Atlanta
24,2017-07-16,1.2,582068.66,301471.59,63898.41,100.9,216597.76,154627.41,55794.73,6175.62,conventional,2017,Atlanta
46,2017-02-12,0.79,666871.06,355571.08,77241.13,325.51,233733.34,176286.09,56911.14,536.11,conventional,2017,Atlanta
33,2017-05-14,1.18,568923.79,265556.05,49122.87,3491.08,250753.79,171471.84,69708.44,9573.51,conventional,2017,Atlanta
28,2017-06-18,1.2,492836.43,269328.71,49177.93,145.33,174184.46,94081.93,69712.53,10390.0,conventional,2017,Atlanta
13,2017-10-01,1.55,421235.13,222683.91,45065.96,366.89,153118.37,101913.35,51196.55,8.47,conventional,2017,Atlanta
31,2016-05-22,0.79,585351.77,206761.15,110884.32,174.9,267531.4,91575.69,171020.72,4934.99,conventional,2016,Atlanta
15,2017-09-17,1.59,392935.2,204374.88,47135.66,92.68,141331.98,90750.39,50425.52,156.07,conventional,2017,Atlanta
2,2016-12-11,1.06,422026.71,186343.72,56200.04,171.64,179311.31,112574.78,66736.53,0.0,conventional,2016,Atlanta
8,2017-11-05,1.08,567572.7,275749.63,32494.72,1124.72,258203.63,189677.82,66802.08,1723.73,conventional,2017,Atlanta
18,2017-08-27,1.49,458036.12,230031.71,48132.94,99.72,179771.75,116586.74,56679.85,6505.16,conventional,2017,Atlanta
23,2017-07-23,1.17,141148.36,36513.08,40395.65,320.79,63918.84,58375.34,3505.26,2038.24,conventional,2017,Roanoke
29,2017-06-11,1.16,155040.89,31085.3,50163.3,93.77,73698.52,70183.05,610.47,2905.0,conventional,2017,Roanoke
17,2017-09-03,1.45,115506.15,27598.89,37446.95,91.48,50368.83,43969.06,5061.79,1337.98,conventional,2017,Roanoke
19,2017-08-20,1.41,123267.26,28139.26,35074.05,64.13,59989.82,52792.92,5474.94,1721.96,conventional,2017,Roanoke
2,2017-12-17,1.08,124002.08,29951.42,31312.81,85.19,62652.66,56079.52,6554.89,18.25,conventional,2017,Roanoke
26,2017-07-02,1.13,156098.42,29008.07,44059.61,88.93,82941.81,75455.52,4063.51,3422.78,conventional,2017,Roanoke
0,2015-12-27,0.96,98584.92,33255.5,31680.16,152.86,33496.4,32877.16,0.0,619.24,conventional,2015,Roanoke
4,2015-11-29,1.03,73733.96,24165.84,30145.95,114.57,19307.6,19307.6,0.0,0.0,conventional,2015,Roanoke
22,2017-07-30,1.29,123476.6,25323.09,41333.21,182.21,56638.09,49647.52,5730.57,1260.0,conventional,2017,Roanoke
4,2016-11-27,1.31,82819.13,23710.29,23786.95,86.27,35235.62,34948.95,286.67,0.0,conventional,2016,Roanoke
19,2016-08-14,1.04,145313.85,42321.57,41576.7,89.14,61326.44,57870.22,3331.22,125.0,conventional,2016,Roanoke
15,2015-09-13,0.99,147617.68,69411.99,49831.29,180.33,28194.07,28181.85,12.22,0.0,conventional,2015,Roanoke
12,2015-10-04,1.04,114487.07,51177.03,38394.24,126.92,24788.88,24788.88,0.0,0.0,conventional,2015,Roanoke
3,2015-12-06,1.01,99519.99,41191.54,35662.29,100.43,22565.73,22565.73,0.0,0.0,conventional,2015,Roanoke
21,2015-08-02,1.04,122568.69,48105.03,45920.97,92.49,28450.2,28450.2,0.0,0.0,conventional,2015,Roanoke
1,2015-12-20,1.0,88183.03,27512.58,31883.26,116.69,28670.5,27888.28,8.89,773.33,conventional,2015,Roanoke
26,2015-06-28,1.04,131276.21,50052.8,43905.58,68.94,37248.89,37248.89,0.0,0.0,conventional,2015,Roanoke
32,2015-05-17,1.08,135281.35,55106.27,46302.99,68.28,33803.81,32381.59,1422.22,0.0,conventional,2015,Roanoke
36,2016-04-17,0.93,150910.0,38226.66,59221.75,100.98,53360.61,51084.2,2273.38,3.03,conventional,2016,Roanoke
27,2015-06-21,1.05,135895.47,51621.94,47601.83,73.18,36598.52,36598.52,0.0,0.0,conventional,2015,Roanoke
43,2015-03-01,1.11,110991.01,45568.34,38348.5,79.57,26994.6,26965.71,28.89,0.0,conventional,2015,Roanoke
6,2018-02-11,0.85,207658.32,54069.78,44325.77,286.59,108976.18,87195.47,21390.71,390.0,conventional,2018,Roanoke
1,2016-12-18,1.15,93106.8,29593.9,26460.78,125.18,36926.94,35874.46,1052.48,0.0,conventional,2016,Roanoke
35,2015-04-26,1.09,137885.58,63041.96,47028.39,81.83,27733.4,27733.4,0.0,0.0,conventional,2015,Roanoke
24,2015-07-12,1.06,128054.41,50647.98,42235.42,740.63,34430.38,34430.38,0.0,0.0,conventional,2015,Roanoke
6,2016-11-13,1.41,98075.02,36639.68,25755.75,133.09,35546.5,35306.5,240.0,0.0,conventional,2016,Roanoke
25,2017-07-09,1.11,157797.53,29283.77,43863.9,232.79,84417.07,78578.39,2538.68,3300.0,conventional,2017,Roanoke
20,2017-08-13,1.38,109713.0,26240.62,40274.6,137.22,43060.56,36751.94,4721.95,1586.67,conventional,2017,Roanoke
40,2017-03-26,1.21,146817.49,29493.31,47162.94,70.51,70090.73,69195.18,895.55,0.0,conventional,2017,Roanoke
44,2017-02-26,1.13,153568.21,33526.51,62461.07,176.82,57403.81,56665.14,738.67,0.0,conventional,2017,Roanoke
21,2016-07-31,1.07,143067.18,44288.47,43886.04,92.05,54800.62,49803.99,4396.63,600.0,conventional,2016,Roanoke
12,2017-10-08,1.66,87278.58,26135.12,16257.01,73.31,44813.14,38450.63,6362.51,0.0,conventional,2017,Roanoke
24,2016-07-10,1.01,158961.77,46152.7,54601.35,140.66,58067.06,47150.09,5153.64,5763.33,conventional,2016,Roanoke
17,2016-08-28,1.03,155029.38,48406.18,43349.65,108.8,63164.75,59304.96,1999.79,1860.0,conventional,2016,Roanoke
48,2015-01-25,1.15,123070.18,48244.28,41412.29,103.6,33310.01,29161.12,4148.89,0.0,conventional,2015,Roanoke
38,2016-04-03,0.97,113028.45,37271.13,32720.2,169.65,42867.47,41615.1,1252.37,0.0,conventional,2016,Roanoke
25,2016-07-03,0.99,164583.69,42474.31,55215.66,153.08,66740.64,59666.75,1708.89,5365.0,conventional,2016,Roanoke
0,2017-12-31,0.81,194627.58,63533.54,44810.59,99.22,86184.23,64304.28,21865.75,14.2,conventional,2017,Roanoke
