data/a836d206-e31f-42a1-abcf-12303fbde651_hf_nateraw_avocado-prices.csv
Unnamed: 0,Date,AveragePrice,Total Volume,4046,4225,4770,Total Bags,Small Bags,Large Bags,XLarge Bags,type,year,region
38,2016-04-03,1.59,6681.85,1157.97,4117.09,0.0,1406.79,303.33,1103.46,0.0,organic,2016,Nashville
25,2017-07-09,1.49,6879.0,103.67,3658.81,0.0,3116.52,1833.89,1282.63,0.0,organic,2017,Nashville
5,2017-11-26,1.57,5631.95,50.44,1862.68,0.0,3718.83,2667.33,1051.5,0.0,organic,2017,Nashville
9,2017-10-29,1.76,7350.15,75.61,2571.96,0.0,4702.58,2957.01,1745.57,0.0,organic,2017,Nashville
7,2017-11-12,1.74,5833.9,58.43,1861.34,0.0,3914.13,2233.49,1680.64,0.0,organic,2017,Nashville
3,2016-12-04,0.83,8502.78,242.52,2547.81,0.0,5712.45,77.78,5634.67,0.0,organic,2016,Nashville
22,2015-07-26,1.15,9173.77,385.32,5220.51,0.0,3567.94,576.19,2991.75,0.0,organic,2015,Nashville
21,2017-08-06,1.54,8077.28,71.27,2677.74,0.0,5328.27,2337.43,2990.84,0.0,organic,2017,Nashville
14,2015-09-20,1.74,4181.32,424.12,3661.34,0.0,95.86,13.33,82.53,0.0,organic,2015,Nashville
24,2016-07-10,1.35,10013.26,728.76,5646.02,0.0,3638.48,137.63,3500.85,0.0,organic,2016,Nashville
18,2017-08-27,1.89,9333.46,120.56,2952.01,0.0,6260.89,3247.47,3013.42,0.0,organic,2017,Nashville
48,2017-01-29,1.41,3254.87,296.39,1977.1,0.0,981.38,78.33,903.05,0.0,organic,2017,Nashville
36,2017-04-23,1.43,7063.97,582.27,3204.62,0.0,3277.08,157.88,3119.2,0.0,organic,2017,Nashville
50,2015-01-11,1.92,2892.29,204.75,2168.33,80.56,438.65,435.54,3.11,0.0,organic,2015,Nashville
14,2017-09-24,2.24,8917.5,104.37,2500.14,0.0,6312.99,1601.56,4711.43,0.0,organic,2017,Nashville
10,2018-01-14,1.58,7618.85,47.32,2392.03,0.0,5179.5,3581.76,1597.74,0.0,organic,2018,Nashville
30,2017-06-04,1.14,10578.11,350.07,3197.16,0.0,7030.88,502.43,6528.45,0.0,organic,2017,Nashville
28,2016-06-12,1.31,11428.18,832.28,5730.39,0.0,4865.51,2030.0,2835.51,0.0,organic,2016,Nashville
38,2017-04-09,1.53,5340.95,572.93,2987.08,0.0,1780.94,1123.08,657.86,0.0,organic,2017,Nashville
23,2016-07-17,1.2,11534.1,891.11,4624.57,0.0,6018.42,350.09,5668.33,0.0,organic,2016,Nashville
7,2015-11-08,1.59,5305.71,585.42,3241.54,0.0,1478.75,1103.33,375.42,0.0,organic,2015,Nashville
0,2015-12-27,1.62,3895.76,501.13,2284.69,0.0,1109.94,840.0,269.94,0.0,organic,2015,Nashville
11,2015-10-11,1.55,4976.32,609.97,3428.69,0.0,937.66,296.67,640.99,0.0,organic,2015,Nashville
2,2016-12-11,1.02,5039.91,224.05,2060.34,0.0,2755.52,73.89,2681.63,0.0,organic,2016,Nashville
37,2017-04-16,1.14,8448.33,475.47,3049.63,0.0,4923.23,248.29,4674.94,0.0,organic,2017,Nashville
20,2016-08-07,1.19,13685.61,777.34,5234.61,0.0,7673.66,1804.44,5869.22,0.0,organic,2016,Nashville
9,2016-10-23,0.82,13219.08,282.64,3978.36,0.0,8958.08,58.33,8899.75,0.0,organic,2016,Nashville
15,2015-09-13,1.53,6742.51,409.09,4994.22,0.0,1339.2,638.66,700.54,0.0,organic,2015,Nashville
11,2016-10-09,0.68,16638.93,494.24,3792.05,0.0,12352.64,108.98,12243.66,0.0,organic,2016,Nashville
38,2015-04-05,1.66,5251.04,261.25,3354.35,116.49,1518.95,938.41,580.54,0.0,organic,2015,Nashville
3,2017-12-10,1.59,5477.32,19.21,1730.07,0.0,3728.04,2376.7,1351.34,0.0,organic,2017,Nashville
13,2016-09-25,1.72,4411.99,501.43,3532.36,0.0,378.2,33.89,344.31,0.0,organic,2016,Nashville
32,2015-05-17,1.55,6367.54,383.39,4720.92,0.0,1263.23,884.72,378.51,0.0,organic,2015,Nashville
39,2015-03-29,1.67,4455.04,334.3,2754.56,96.0,1270.18,580.0,690.18,0.0,organic,2015,Nashville
8,2018-01-28,1.63,6610.16,41.96,2301.94,0.0,4266.26,2704.59,1561.67,0.0,organic,2018,Nashville
35,2016-04-24,1.18,11773.05,895.92,4774.86,0.0,6102.27,1964.58,4137.69,0.0,organic,2016,Nashville
9,2015-10-25,1.69,5077.17,668.25,3697.25,0.0,711.67,643.33,68.34,0.0,organic,2015,Nashville
47,2016-01-31,0.92,285052.11,117236.18,87109.87,14509.71,66196.35,48986.42,17209.93,0.0,conventional,2016,LasVegas
51,2015-01-04,0.8,317861.35,134003.07,120628.37,4591.23,58638.68,58126.59,512.09,0.0,conventional,2015,LasVegas
24,2017-07-16,1.22,299858.79,131681.44,54114.55,6343.2,107719.6,36179.33,71540.27,0.0,conventional,2017,LasVegas
1,2018-03-18,1.17,311526.49,76056.35,92588.91,7007.47,135873.76,80016.52,55393.91,463.33,conventional,2018,LasVegas
11,2015-10-11,0.94,268709.29,62866.32,155590.5,13357.96,36894.51,33903.57,2990.94,0.0,conventional,2015,LasVegas
48,2016-01-24,1.08,158978.46,9727.38,81835.15,6141.39,61274.54,44326.23,16948.31,0.0,conventional,2016,LasVegas
32,2017-05-21,1.02,356922.23,117366.67,63083.52,8122.78,168349.26,48461.64,119887.62,0.0,conventional,2017,LasVegas
4,2018-02-25,1.05,352533.59,76253.45,109855.16,6642.99,159781.99,76321.56,82977.1,483.33,conventional,2018,LasVegas
11,2016-10-09,1.16,276030.7,121482.16,40083.06,5060.68,109404.8,66103.95,43300.85,0.0,conventional,2016,LasVegas
37,2015-04-12,0.76,369817.99,245368.93,69484.66,4229.89,50734.51,32104.77,18629.74,0.0,conventional,2015,LasVegas
19,2017-08-20,1.26,261684.23,109201.66,44715.5,7342.47,100424.6,34087.48,65960.46,376.66,conventional,2017,LasVegas
9,2017-10-29,1.29,243340.4,56224.61,94603.45,3515.0,88997.34,41859.63,46967.71,170.0,conventional,2017,LasVegas
8,2016-10-30,1.16,223089.05,79018.69,31778.97,7157.69,105133.7,42630.66,62503.04,0.0,conventional,2016,LasVegas
39,2017-04-02,1.04,329722.62,118797.68,41149.92,11317.61,158457.41,63726.92,94730.49,0.0,conventional,2017,LasVegas
13,2016-09-25,1.2,242299.74,98373.06,44921.8,5906.75,93098.13,51564.99,41533.14,0.0,conventional,2016,LasVegas
32,2015-05-17,0.95,279843.22,144311.49,84178.93,3609.37,47743.43,34337.21,13406.22,0.0,conventional,2015,LasVegas
41,2015-03-15,1.07,261650.41,112120.65,108345.08,5897.76,35286.92,34915.51,371.41,0.0,conventional,2015,LasVegas
10,2017-10-22,1.37,204094.51,61741.1,74165.15,682.14,67506.12,46482.24,21023.88,0.0,conventional,2017,LasVegas
4,2015-11-29,0.95,205476.61,88653.67,81160.21,5227.59,30435.14,29475.24,959.9,0.0,conventional,2015,LasVegas
18,2017-08-27,1.48,203947.9,107288.21,26219.44,6548.22,63892.03,39816.3,23140.17,935.56,conventional,2017,LasVegas
8,2017-11-05,1.12,321534.28,57828.06,121041.61,5037.21,137627.4,41685.93,95611.47,330.0,conventional,2017,LasVegas
40,2016-03-20,0.82,332283.27,127949.65,116701.74,13632.17,73999.71,36410.06,37589.65,0.0,conventional,2016,LasVegas
14,2016-09-18,1.12,278479.43,117939.47,57221.4,5318.75,97999.81,38957.13,59042.68,0.0,conventional,2016,LasVegas
28,2016-06-12,0.94,348022.24,146589.28,75379.07,18141.91,107911.98,62277.55,45519.15,115.28,conventional,2016,LasVegas
44,2015-02-22,1.16,242732.32,98669.04,103066.3,4731.85,36265.13,36112.87,152.26,0.0,conventional,2015,LasVegas
4,2017-12-03,1.01,315521.0,66925.0,127968.0,4488.0,116140.0,47447.0,68396.0,297.0,conventional,2017,LasVegas
23,2017-07-23,1.28,296887.44,114294.17,62879.45,6655.76,113058.06,46713.26,66328.13,16.67,conventional,2017,LasVegas
1,2017-12-24,1.24,234520.01,63831.1,66599.45,6232.61,97856.85,60969.97,36710.21,176.67,conventional,2017,LasVegas
50,2015-01-11,0.93,274481.48,126092.05,101653.19,9591.88,37144.36,36874.44,269.92,0.0,conventional,2015,LasVegas
51,2016-01-03,0.8,332971.8,103710.64,138142.95,15505.49,75612.72,36619.05,38993.67,0.0,conventional,2016,LasVegas
7,2016-11-06,1.2,225301.45,84137.66,29997.69,8196.41,102969.69,52182.56,50534.35,252.78,conventional,2016,LasVegas
45,2017-02-19,0.93,318600.59,135001.7,40837.72,6859.46,135901.71,65647.85,70253.86,0.0,conventional,2017,LasVegas
35,2017-04-30,1.37,200743.79,118005.58,22429.27,203.47,60105.47,59450.76,191.94,462.77,conventional,2017,StLouis
11,2017-10-15,1.75,125434.52,56251.73,17904.77,50.25,51227.77,41063.69,10136.37,27.71,conventional,2017,StLouis
50,2017-01-15,1.11,183270.4,71169.65,10367.87,63.07,101669.81,72670.03,28999.78,0.0,conventional,2017,StLouis
17,2017-09-03,1.69,155772.26,71468.66,15124.65,147.23,69031.72,53354.85,11043.68,4633.19,conventional,2017,StLouis
3,2017-12-10,1.18,156410.57,59840.03,6577.15,153.25,89840.14,61719.51,28120.63,0.0,conventional,2017,StLouis
11,2016-10-09,1.3,125599.65,49980.28,19770.43,125.39,55723.55,39013.44,16710.11,0.0,conventional,2016,StLouis
34,2016-05-01,0.79,256180.45,99574.26,10728.95,42.66,145834.58,126405.83,19398.2,30.55,conventional,2016,StLouis
24,2017-07-16,1.45,176564.58,77376.85,17792.83,217.5,81177.4,66888.6,11069.59,3219.21,conventional,2017,StLouis
30,2016-05-29,0.8,245482.03,71157.19,9858.5,210.8,164255.54,150822.59,13401.63,31.32,conventional,2016,StLouis
7,2018-02-04,0.9,322673.64,174119.26,7272.61,456.41,140825.36,114234.23,26591.13,0.0,conventional,2018,StLouis
13,2017-10-01,1.83,129576.56,53230.11,6365.22,139.39,69841.84,48257.51,21570.51,13.82,conventional,2017,StLouis
39,2015-03-29,1.21,198395.76,111921.69,39575.0,56.26,46842.81,46687.25,155.56,0.0,conventional,2015,StLouis
0,2017-12-31,1.14,192170.15,96909.29,6606.57,263.96,88390.33,67703.51,20686.82,0.0,conventional,2017,StLouis
27,2017-06-25,1.31,185418.99,76172.59,13284.98,121.52,95839.9,79384.95,15959.99,494.96,conventional,2017,StLouis
4,2015-11-29,1.16,129475.25,38130.41,26526.03,115.21,64703.6,57854.06,6840.66,8.88,conventional,2015,StLouis
35,2016-04-24,0.8,233320.58,65855.0,10636.81,10.97,156817.8,123839.46,32941.31,37.03,conventional,2016,StLouis
30,2017-06-04,1.28,211538.7,80655.86,13450.19,895.48,116537.17,90030.72,21035.3,5471.15,conventional,2017,StLouis
40,2016-03-20,0.88,195882.17,74088.91,11333.19,27.1,110432.97,73562.41,36866.22,4.34,conventional,2016,StLouis
13,2015-09-27,1.12,175958.11,99021.18,34231.9,62.01,42643.02,40596.31,2046.71,0.0,conventional,2015,StLouis
46,2017-02-12,0.99,153045.63,60850.47,12420.08,163.12,79611.96,79283.25,98.15,230.56,conventional,2017,StLouis
19,2016-08-14,0.91,230729.63,53920.63,22787.65,254.57,153766.78,137801.2,10454.24,5511.34,conventional,2016,StLouis
42,2017-03-12,1.36,102939.99,48343.63,10325.95,49.81,44220.6,43898.79,321.81,0.0,conventional,2017,StLouis
10,2015-10-18,1.26,143944.11,53413.73,34898.38,25.38,55606.62,51312.19,4287.69,6.74,conventional,2015,StLouis
14,2016-09-18,1.17,147517.96,46991.05,23066.01,58.64,77402.26,50958.87,26367.0,76.39,conventional,2016,StLouis
7,2015-11-08,1.18,148030.6,54277.81,29529.64,25.08,64198.07,59269.38,4928.69,0.0,conventional,2015,StLouis
25,2016-07-03,0.76,348135.49,65689.33,21478.32,467.21,260500.63,225966.72,21420.64,13113.27,conventional,2016,StLouis
29,2015-06-07,1.3,194667.64,92964.49,38450.22,41.86,63211.07,63206.71,0.0,4.36,conventional,2015,StLouis
32,2015-05-17,1.32,186936.02,96530.89,37553.09,37.3,52814.74,52814.74,0.0,0.0,conventional,2015,StLouis
15,2016-09-11,1.05,182676.07,97942.83,20573.17,32.1,64127.97,50774.93,13353.04,0.0,conventional,2016,StLouis
21,2015-08-02,1.26,184501.15,79291.85,43745.86,4.0,61459.44,61457.2,0.0,2.24,conventional,2015,StLouis
19,2015-08-16,0.88,290906.05,186669.12,44789.17,101.82,59345.94,59339.2,0.0,6.74,conventional,2015,StLouis
2,2015-12-13,1.67,3565.0,85.17,2009.89,194.01,1275.93,1213.84,62.09,0.0,organic,2015,RichmondNorfolk
30,2015-05-31,1.13,10092.91,232.65,6403.66,431.22,3025.38,1038.61,1986.77,0.0,organic,2015,RichmondNorfolk
20,2016-08-07,1.33,11384.29,180.17,4064.21,535.69,6604.22,2870.47,3733.75,0.0,organic,2016,RichmondNorfolk
39,2017-04-02,1.41,11559.75,783.17,4621.86,247.98,5906.74,3507.74,2399.0,0.0,organic,2017,RichmondNorfolk
33,2015-05-10,1.03,10726.99,348.51,6066.03,560.45,3752.0,1193.33,2558.67,0.0,organic,2015,RichmondNorfolk
42,2016-03-06,1.54,4091.44,240.75,2554.83,209.61,1086.25,1079.58,6.67,0.0,organic,2016,RichmondNorfolk
52,2017-01-01,1.62,4920.41,584.97,2230.14,209.54,1895.76,1895.76,0.0,0.0,organic,2017,RichmondNorfolk
26,2015-06-28,1.4,6163.88,136.01,3651.1,493.2,1883.57,776.67,1106.9,0.0,organic,2015,RichmondNorfolk
18,2016-08-21,1.56,9072.92,101.74,4189.33,363.87,4417.98,2669.12,1748.86,0.0,organic,2016,RichmondNorfolk
29,2016-06-05,0.95,11300.16,135.15,4707.45,240.14,6217.42,1741.4,4476.02,0.0,organic,2016,RichmondNorfolk
23,2017-07-23,1.45,17819.23,490.84,4973.46,117.18,12237.75,11553.5,684.25,0.0,organic,2017,RichmondNorfolk
26,2017-07-02,1.84,10106.75,649.11,4909.0,127.57,4421.07,3123.96,1297.11,0.0,organic,2017,RichmondNorfolk
15,2017-09-17,1.59,14824.51,336.19,2732.34,44.13,11711.85,10680.64,1031.21,0.0,organic,2017,RichmondNorfolk
24,2015-07-12,1.28,6873.18,119.94,3413.01,413.27,2926.96,486.67,2440.29,0.0,organic,2015,RichmondNorfolk
12,2017-10-08,1.56,16660.78,416.49,2475.61,67.47,13701.21,13577.23,123.98,0.0,organic,2017,RichmondNorfolk
44,2017-02-26,1.01,13878.02,721.23,3569.87,221.42,9365.5,3127.75,6237.75,0.0,organic,2017,RichmondNorfolk
1,2015-12-20,1.67,3999.44,66.16,2449.2,215.03,1269.05,1265.11,3.94,0.0,organic,2015,RichmondNorfolk
50,2015-01-11,1.66,2914.35,143.78,2060.44,270.92,439.21,412.81,26.4,0.0,organic,2015,RichmondNorfolk
22,2017-07-30,1.56,14439.15,623.91,4519.06,138.65,9157.53,8250.67,906.86,0.0,organic,2017,RichmondNorfolk
32,2017-05-21,1.52,11063.56,536.61,4072.81,205.25,6248.89,3079.19,3169.7,0.0,organic,2017,RichmondNorfolk
19,2015-08-16,1.68,5611.72,128.18,3804.14,436.52,1242.88,553.33,689.55,0.0,organic,2015,RichmondNorfolk
6,2015-11-15,1.65,3559.21,101.96,2225.93,300.45,930.87,640.0,290.87,0.0,organic,2015,RichmondNorfolk
7,2018-02-04,1.41,16592.21,352.86,3254.9,50.98,12933.47,12581.65,351.82,0.0,organic,2018,RichmondNorfolk
8,2017-11-05,1.64,10865.72,1262.85,2499.88,52.94,7050.05,6880.75,169.3,0.0,organic,2017,RichmondNorfolk
31,2016-05-22,1.03,11131.05,231.2,4605.85,232.4,6061.6,2186.4,3875.2,0.0,organic,2016,RichmondNorfolk
35,2016-04-24,1.41,8668.48,299.63,4036.64,174.99,4157.22,3520.3,636.92,0.0,organic,2016,RichmondNorfolk
29,2017-06-11,1.56,11925.84,666.26,4779.4,149.16,6331.02,3456.32,2874.7,0.0,organic,2017,RichmondNorfolk
23,2015-07-19,1.35,5879.03,84.51,3233.96,428.5,2132.06,296.67,1835.39,0.0,organic,2015,RichmondNorfolk
17,2015-08-30,1.8,5052.41,32.77,3282.68,393.19,1343.77,1006.67,337.1,0.0,organic,2015,RichmondNorfolk
28,2017-06-18,1.78,10408.49,709.84,4861.94,114.37,4722.34,3346.59,1375.75,0.0,organic,2017,RichmondNorfolk
9,2017-10-29,1.67,10158.08,327.71,2184.05,36.01,7610.31,7023.4,586.91,0.0,organic,2017,RichmondNorfolk
6,2016-11-13,1.61,7529.46,275.42,2721.84,217.94,4314.26,2456.8,1857.46,0.0,organic,2016,RichmondNorfolk
11,2015-10-11,1.31,5694.0,34.1,2522.36,422.63,2714.91,846.67,1868.24,0.0,organic,2015,RichmondNorfolk
21,2017-08-06,1.66,12743.98,513.56,3881.12,71.87,8277.43,7343.81,933.62,0.0,organic,2017,RichmondNorfolk
19,2017-08-20,1.93,12811.35,573.89,3458.89,59.59,8718.98,7254.65,1464.33,0.0,organic,2017,RichmondNorfolk
36,2015-04-19,1.26,8170.13,422.67,4874.84,474.62,2398.0,1910.0,488.0,0.0,organic,2015,RichmondNorfolk
43,2017-03-05,1.06,14497.7,635.96,3287.69,201.39,10372.66,4416.23,5956.43,0.0,organic,2017,RichmondNorfolk
44,2016-02-21,1.48,3525.02,140.98,1961.84,223.42,1198.78,998.29,200.49,0.0,organic,2016,RichmondNorfolk
