data/a836d206-e31f-42a1-abcf-12303fbde651_hf_nateraw_avocado-prices.csv
Unnamed: 0,Date,AveragePrice,Total Volume,4046,4225,4770,Total Bags,Small Bags,Large Bags,XLarge Bags,type,year,region
27,2017-06-25,0.92,6466429.64,3274928.07,1121983.76,16796.23,2052721.58,1518938.69,530616.8,3166.09,conventional,2017,SouthCentral
2,2018-03-11,0.89,6621293.03,3309218.1,926223.64,28752.6,2357098.69,1820819.54,472662.31,63616.84,conventional,2018,SouthCentral
8,2017-11-05,0.99,5798077.88,2770715.69,1154114.11,24089.18,1849158.9,1127480.34,716953.08,4725.48,conventional,2017,SouthCentral
9,2016-10-23,1.09,4477594.56,2043310.73,1016610.9,20588.09,1397084.84,1228547.91,140925.06,27611.87,conventional,2016,SouthCentral
26,2016-06-26,0.89,6046264.46,3148031.62,995499.7,425639.83,1477093.31,1226901.91,190503.41,59687.99,conventional,2016,SouthCentral
21,2017-08-06,1.03,5882728.51,3063985.05,1282288.49,18165.44,1518289.53,1037654.15,457240.12,23395.26,conventional,2017,SouthCentral
26,2017-07-02,0.92,6675892.1,3159081.46,1239433.34,25461.72,2251915.58,1790494.11,457729.03,3692.44,conventional,2017,SouthCentral
17,2016-08-28,0.84,5775721.7,3166009.65,1144644.7,17935.73,1447131.62,1259357.5,142470.58,45303.54,conventional,2016,SouthCentral
16,2017-09-10,1.22,4926555.69,2756276.03,771799.51,12730.06,1385750.09,1011681.68,365700.82,8367.59,conventional,2017,SouthCentral
25,2016-07-03,0.91,6494533.3,3114586.75,1226469.49,522836.75,1630640.31,1398829.45,124715.63,107095.23,conventional,2016,SouthCentral
0,2018-03-25,0.7,9010588.32,3999735.71,966589.5,30130.82,4014132.29,3398569.92,546409.74,69152.63,conventional,2018,SouthCentral
35,2016-04-24,0.7,6893900.54,3348754.08,1465437.6,564146.38,1515562.48,1161263.73,346494.76,7803.99,conventional,2016,SouthCentral
44,2015-02-22,0.85,5208272.73,3077730.66,1408136.41,81708.29,640697.37,529675.01,111022.36,0.0,conventional,2015,SouthCentral
7,2016-11-06,1.16,4214624.13,2443877.24,789647.7,16494.71,964604.48,771794.04,191200.76,1609.68,conventional,2016,SouthCentral
20,2016-08-07,0.93,5647940.41,3263106.78,1162455.32,24523.4,1197854.91,1035007.77,149412.38,13434.76,conventional,2016,SouthCentral
50,2016-01-10,0.84,5647635.02,2683172.73,1900834.74,263562.26,800065.29,656702.11,140938.24,2424.94,conventional,2016,SouthCentral
39,2016-03-27,0.77,6553308.82,3137633.27,1507245.05,660825.04,1247605.46,951743.56,288346.1,7515.8,conventional,2016,SouthCentral
25,2017-07-09,0.86,7194967.49,3208920.88,1183761.98,19559.17,2782725.46,2120458.99,656778.35,5488.12,conventional,2017,SouthCentral
30,2016-05-29,0.8,6239677.27,3270603.2,1322066.02,347794.01,1299214.04,1034533.11,229576.24,35104.69,conventional,2016,SouthCentral
12,2017-10-08,1.32,4735152.21,2484149.44,842457.24,6332.78,1402212.75,1011503.13,390140.39,569.23,conventional,2017,SouthCentral
17,2015-08-30,0.87,5200252.65,3171393.1,1387819.83,28997.59,612042.13,535065.38,76947.64,29.11,conventional,2015,SouthCentral
19,2015-08-16,0.89,5409823.02,3273624.13,1474652.79,35283.63,626262.47,536381.17,89808.28,73.02,conventional,2015,SouthCentral
0,2016-12-25,0.79,5630041.84,2676152.87,1320133.68,20052.89,1613702.4,1288631.84,301809.49,23261.07,conventional,2016,SouthCentral
5,2018-02-18,0.78,7057862.0,3904868.07,1066061.08,25700.92,2061231.93,1513446.56,496221.25,51564.12,conventional,2018,SouthCentral
50,2017-01-15,0.68,7103726.14,4335593.06,1264050.32,18959.07,1485123.69,1360058.7,110035.17,15029.82,conventional,2017,SouthCentral
31,2016-05-22,0.72,6680323.25,3128527.61,1539488.77,537748.12,1474558.75,1071647.44,348148.3,54763.01,conventional,2016,SouthCentral
7,2018-02-04,0.65,10323174.59,4772921.95,1623613.82,38521.35,3888117.47,3351508.25,508738.57,27870.65,conventional,2018,SouthCentral
38,2017-04-09,0.92,6183823.03,3415501.85,1234042.3,39098.99,1495179.89,1318526.89,152730.49,23922.51,conventional,2017,SouthCentral
31,2015-05-24,0.83,5903596.18,3794422.74,1434383.77,38143.15,636646.52,545155.31,91459.59,31.62,conventional,2015,SouthCentral
21,2015-08-02,0.9,5142335.64,3276776.23,1254704.28,24749.12,586106.01,492930.71,93162.67,12.63,conventional,2015,SouthCentral
25,2015-07-05,0.83,6380287.71,3835278.13,1639735.99,47955.04,857318.55,754238.62,103046.99,32.94,conventional,2015,SouthCentral
3,2015-12-06,0.76,4938526.47,2271088.12,1989750.87,38648.11,639039.37,496732.56,141970.0,336.81,conventional,2015,SouthCentral
2,2016-12-11,0.76,5031206.93,2633723.49,987150.16,18326.63,1392006.65,939911.81,435548.82,16546.02,conventional,2016,SouthCentral
18,2016-08-21,0.87,5682046.61,3137489.03,1105902.29,25630.41,1413024.88,1245189.33,153644.22,14191.33,conventional,2016,SouthCentral
16,2016-09-04,0.78,6802635.25,3749548.89,1321331.51,18544.3,1713210.55,1488491.11,188922.83,35796.61,conventional,2016,SouthCentral
41,2016-03-13,1.57,8599.69,219.32,276.6,18.01,8085.76,5850.63,2235.13,0.0,organic,2016,HarrisburgScranton
50,2017-01-15,1.88,8630.41,308.39,178.54,9.18,8134.3,8134.3,0.0,0.0,organic,2017,HarrisburgScranton
29,2017-06-11,2.27,12229.0,395.39,228.26,1254.41,10350.94,10298.77,52.17,0.0,organic,2017,HarrisburgScranton
45,2015-02-15,1.65,4701.71,49.13,261.1,16.03,4375.45,4375.45,0.0,0.0,organic,2015,HarrisburgScranton
32,2017-05-21,2.18,8942.44,274.75,237.52,9.12,8421.05,8421.05,0.0,0.0,organic,2017,HarrisburgScranton
44,2016-02-21,1.87,5950.64,150.33,264.13,23.92,5512.26,1915.54,3596.72,0.0,organic,2016,HarrisburgScranton
3,2018-03-04,1.43,18968.96,659.11,396.33,20.94,17892.58,17889.25,3.33,0.0,organic,2018,HarrisburgScranton
46,2015-02-08,1.67,3408.2,35.2,136.56,0.0,3236.44,3236.44,0.0,0.0,organic,2015,HarrisburgScranton
3,2017-12-10,1.41,20516.2,237.25,282.59,9.3,19987.06,19982.08,4.98,0.0,organic,2017,HarrisburgScranton
2,2017-12-17,1.46,16946.1,380.06,287.28,5.95,16272.81,16269.48,3.33,0.0,organic,2017,HarrisburgScranton
37,2017-04-16,1.99,11419.61,928.33,819.5,14.65,9657.13,9625.01,32.12,0.0,organic,2017,HarrisburgScranton
33,2016-05-08,1.6,6605.29,169.6,177.87,17.99,6239.83,5685.23,554.6,0.0,organic,2016,HarrisburgScranton
13,2016-09-25,1.91,6840.51,175.79,157.45,24.9,6482.37,6473.88,8.49,0.0,organic,2016,HarrisburgScranton
17,2017-09-03,1.72,16442.23,388.23,311.47,17.81,15724.72,15724.72,0.0,0.0,organic,2017,HarrisburgScranton
47,2016-01-31,1.49,8501.28,86.08,186.27,15.3,8213.63,718.76,7494.87,0.0,organic,2016,HarrisburgScranton
21,2016-07-31,1.68,5590.38,165.41,200.86,32.52,5191.59,5191.59,0.0,0.0,organic,2016,HarrisburgScranton
9,2015-10-25,1.79,1446.07,82.55,166.6,19.61,1177.31,490.21,687.1,0.0,organic,2015,HarrisburgScranton
19,2015-08-16,1.88,1721.57,101.04,156.68,7.65,1456.2,1456.2,0.0,0.0,organic,2015,HarrisburgScranton
34,2015-05-03,1.84,3547.22,38.69,132.65,0.0,3375.88,3375.88,0.0,0.0,organic,2015,HarrisburgScranton
13,2017-10-01,1.5,22744.08,259.99,164.27,6.71,22313.11,22313.11,0.0,0.0,organic,2017,HarrisburgScranton
11,2017-10-15,1.51,21547.51,252.22,166.17,11.8,21117.32,21109.08,8.24,0.0,organic,2017,HarrisburgScranton
39,2015-03-29,1.79,3705.26,48.19,204.38,0.0,3452.69,3452.69,0.0,0.0,organic,2015,HarrisburgScranton
19,2017-08-20,1.68,15105.0,634.38,206.66,23.45,14240.51,14240.51,0.0,0.0,organic,2017,HarrisburgScranton
51,2015-01-04,1.68,2896.72,161.68,206.96,0.0,2528.08,2528.08,0.0,0.0,organic,2015,HarrisburgScranton
5,2017-11-26,1.51,15356.02,212.81,235.13,10.19,14897.89,14897.89,0.0,0.0,organic,2017,HarrisburgScranton
4,2015-11-29,1.4,3109.42,78.81,199.95,11.9,2818.76,314.95,2503.81,0.0,organic,2015,HarrisburgScranton
3,2016-12-04,1.45,4668.39,306.82,50.0,0.0,4311.57,2263.33,2048.24,0.0,organic,2016,Tampa
27,2016-06-19,1.36,6441.8,1760.0,128.46,0.0,4553.34,4526.67,26.67,0.0,organic,2016,Tampa
47,2015-02-01,1.68,2109.19,762.21,20.31,0.0,1326.67,1326.67,0.0,0.0,organic,2015,Tampa
2,2017-12-17,1.58,5609.58,65.61,564.27,0.0,4979.7,4912.21,67.49,0.0,organic,2017,Tampa
33,2017-05-14,1.96,4946.02,2198.76,104.04,0.0,2643.22,2528.95,114.27,0.0,organic,2017,Tampa
3,2018-03-04,1.51,9851.33,223.68,839.86,0.0,8787.79,7327.76,1460.03,0.0,organic,2018,Tampa
30,2015-05-31,1.72,2091.42,943.29,5.85,0.0,1142.28,1142.28,0.0,0.0,organic,2015,Tampa
7,2018-02-04,1.32,7363.56,89.59,440.31,0.0,6833.66,6827.78,5.88,0.0,organic,2018,Tampa
19,2017-08-20,1.55,4048.43,31.71,57.83,0.0,3958.89,3952.22,6.67,0.0,organic,2017,Tampa
38,2016-04-03,1.37,5314.1,1777.75,65.22,0.0,3471.13,3471.13,0.0,0.0,organic,2016,Tampa
19,2015-08-16,1.5,1187.99,4.25,3.74,0.0,1180.0,1180.0,0.0,0.0,organic,2015,Tampa
32,2015-05-17,1.69,1916.43,982.96,3.52,0.0,929.95,929.95,0.0,0.0,organic,2015,Tampa
1,2018-03-18,1.5,10311.24,190.28,901.77,0.0,9219.19,7687.03,1532.16,0.0,organic,2018,Tampa
8,2017-11-05,1.95,6566.58,117.74,949.73,0.0,5499.11,4451.12,1047.99,0.0,organic,2017,Tampa
11,2017-10-15,2.7,3288.85,125.79,659.65,0.0,2503.41,1736.66,766.75,0.0,organic,2017,Tampa
46,2015-02-08,1.65,2953.53,883.0,7.2,0.0,2063.33,2063.33,0.0,0.0,organic,2015,Tampa
15,2016-09-11,1.35,4541.09,19.99,44.43,0.0,4476.67,4446.67,30.0,0.0,organic,2016,Tampa
8,2015-11-01,1.5,1541.99,8.66,0.0,0.0,1533.33,1530.0,3.33,0.0,organic,2015,Tampa
18,2016-08-21,1.36,4345.97,50.16,65.81,0.0,4230.0,4170.0,60.0,0.0,organic,2016,Tampa
25,2017-07-09,1.68,3943.55,44.2,188.68,0.0,3710.67,3703.89,6.78,0.0,organic,2017,Tampa
50,2016-01-10,1.6,3428.28,1487.74,16.13,0.0,1924.41,1770.0,154.41,0.0,organic,2016,Tampa
14,2016-09-18,1.35,3704.63,28.2,13.1,0.0,3663.33,3636.66,26.67,0.0,organic,2016,Tampa
38,2015-04-05,1.72,1998.39,922.43,5.96,0.0,1070.0,1070.0,0.0,0.0,organic,2015,Tampa
15,2017-09-17,1.78,1249.75,23.58,40.61,0.0,1185.56,1185.56,0.0,0.0,organic,2017,Tampa
39,2016-03-27,1.33,4340.06,1260.59,31.56,0.0,3047.91,3047.91,0.0,0.0,organic,2016,Tampa
21,2017-08-06,1.6,3054.66,31.97,64.92,0.0,2957.77,2951.1,6.67,0.0,organic,2017,Tampa
39,2017-04-02,1.93,5864.06,1493.44,74.28,0.0,4296.34,3517.43,778.91,0.0,organic,2017,Tampa
43,2017-03-05,2.61,3705.46,1712.14,127.26,0.0,1866.06,1367.78,498.28,0.0,organic,2017,Tampa
34,2015-05-03,1.34,3590.4,2342.36,17.7,0.0,1230.34,1230.34,0.0,0.0,organic,2015,Tampa
12,2015-10-04,1.47,1402.83,15.38,0.0,0.0,1387.45,1387.45,0.0,0.0,organic,2015,Tampa
31,2017-05-28,1.79,7101.2,1104.19,125.33,0.0,5871.68,4797.54,1074.14,0.0,organic,2017,Tampa
24,2016-07-10,1.44,8568.93,1771.15,195.18,0.0,6602.6,6592.6,10.0,0.0,organic,2016,Tampa
4,2017-12-03,1.61,4677.74,40.64,534.88,0.0,4102.22,4091.12,11.1,0.0,organic,2017,Tampa
51,2017-01-08,1.21,6520.7,285.78,50.14,0.0,6184.78,3836.67,2348.11,0.0,organic,2017,Tampa
5,2018-02-18,1.5,8534.53,131.47,781.0,0.0,7622.06,6452.23,1169.83,0.0,organic,2018,Tampa
22,2015-07-26,1.49,697.76,5.67,0.0,0.0,692.09,692.09,0.0,0.0,organic,2015,Tampa
17,2017-09-03,1.81,457862.0,10210.08,333916.08,1478.63,112257.21,83323.67,27043.54,1890.0,conventional,2017,Boston
1,2016-12-18,1.09,579577.33,6123.84,488107.01,7765.43,77581.05,76135.49,1445.56,0.0,conventional,2016,Boston
15,2017-09-17,1.58,462796.84,11826.63,323528.38,1322.39,126119.44,89622.85,36416.59,80.0,conventional,2017,Boston
22,2015-07-26,1.28,500233.69,4299.27,393281.62,1957.86,100694.94,100466.86,228.08,0.0,conventional,2015,Boston
13,2015-09-27,1.07,553307.04,5210.84,463079.81,289.49,84726.9,82123.56,2603.34,0.0,conventional,2015,Boston
4,2016-11-27,1.45,391257.01,4243.2,317090.39,3069.37,66854.05,66399.33,31.11,423.61,conventional,2016,Boston
19,2017-08-20,1.77,474982.44,6723.39,328845.89,1675.13,137738.03,90348.04,44267.77,3122.22,conventional,2017,Boston
41,2016-03-13,1.05,651211.44,5420.01,487268.37,46932.61,111590.45,111440.08,150.37,0.0,conventional,2016,Boston
31,2016-05-22,1.05,665086.17,4319.45,430580.52,81859.54,148326.66,146904.74,136.92,1285.0,conventional,2016,Boston
27,2015-06-21,1.24,543504.66,3582.45,404908.53,8899.2,126114.48,125821.15,293.33,0.0,conventional,2015,Boston
4,2015-11-29,1.19,350559.81,3609.25,272719.08,105.86,74125.62,73864.52,261.1,0.0,conventional,2015,Boston
32,2016-05-15,1.06,709563.16,5790.13,517840.35,63055.48,122877.2,122533.87,198.89,144.44,conventional,2016,Boston
15,2015-09-13,1.03,655682.95,5422.29,560792.23,353.77,89114.66,84843.55,4271.11,0.0,conventional,2015,Boston
46,2017-02-12,1.12,791126.41,83640.38,593329.02,11050.66,103106.35,97915.93,5190.42,0.0,conventional,2017,Boston
51,2017-01-08,1.09,730358.49,7543.51,605624.94,9300.68,107889.36,107796.03,93.33,0.0,conventional,2017,Boston
44,2015-02-22,1.23,355432.28,3232.68,251341.3,142.33,100715.97,100498.19,217.78,0.0,conventional,2015,Boston
16,2017-09-10,1.63,524513.26,10795.32,394645.36,1483.54,117589.04,97862.02,18127.02,1600.0,conventional,2017,Boston
8,2016-10-30,1.67,376500.91,5542.76,304461.49,3787.66,62709.0,62705.31,3.69,0.0,conventional,2016,Boston
7,2016-11-06,1.62,366175.49,4016.72,284809.54,3370.17,73979.06,73804.06,0.0,175.0,conventional,2016,Boston
6,2015-11-15,1.05,513738.98,5310.32,420936.8,139.71,87352.15,85604.19,1747.96,0.0,conventional,2015,Boston
45,2017-02-19,1.31,521125.33,27790.5,391316.37,5419.01,96599.45,88030.23,8569.22,0.0,conventional,2017,Boston
25,2015-07-05,1.27,582909.73,4743.46,418251.03,11053.82,148861.42,145982.99,2878.43,0.0,conventional,2015,Boston
0,2017-12-31,1.4,419696.59,9622.52,325398.02,2061.91,82614.14,65868.23,16745.91,0.0,conventional,2017,Boston
9,2015-10-25,1.02,534249.47,4005.39,430725.78,191.31,99326.99,94581.94,4745.05,0.0,conventional,2015,Boston
35,2016-04-24,1.07,626895.08,4157.76,446540.8,51958.73,124237.79,123011.98,152.2,1073.61,conventional,2016,Boston
45,2016-02-14,0.98,751656.56,7591.61,560259.15,58165.42,125640.38,123660.33,1980.05,0.0,conventional,2016,Boston
22,2016-07-24,1.52,509094.85,13099.78,343835.83,10965.64,141193.6,137804.71,11.11,3377.78,conventional,2016,Boston
52,2017-01-01,1.29,458830.49,4119.9,371223.34,3933.72,79553.53,79339.78,213.75,0.0,conventional,2017,Boston
12,2015-10-04,1.07,536479.42,5804.31,427358.64,277.56,103038.91,97207.43,5831.48,0.0,conventional,2015,Boston
8,2015-11-01,1.06,553096.84,4886.14,449532.49,170.29,98507.92,93443.08,5064.84,0.0,conventional,2015,Boston
42,2015-03-08,1.17,408403.96,3425.53,290512.65,78.96,114386.82,113811.26,575.56,0.0,conventional,2015,Boston
12,2016-10-02,1.59,459163.77,20871.74,340342.71,5003.77,92945.55,92945.55,0.0,0.0,conventional,2016,Boston
39,2015-03-29,1.82,753.78,0.0,126.65,0.0,627.13,627.13,0.0,0.0,organic,2015,Syracuse
19,2015-08-16,1.86,588.87,0.0,67.66,0.0,521.21,521.21,0.0,0.0,organic,2015,Syracuse
42,2015-03-08,1.6,1884.54,2.47,162.95,0.0,1719.12,1719.12,0.0,0.0,organic,2015,Syracuse
8,2016-10-30,1.73,667.95,4.91,57.64,0.0,605.4,605.4,0.0,0.0,organic,2016,Syracuse
28,2015-06-14,1.91,1365.23,1.24,163.78,0.0,1200.21,1200.21,0.0,0.0,organic,2015,Syracuse
37,2015-04-12,1.71,1742.87,0.0,47.91,0.0,1694.96,1694.96,0.0,0.0,organic,2015,Syracuse
21,2017-08-06,1.37,5742.08,0.0,114.91,0.0,5627.17,2087.51,3539.66,0.0,organic,2017,Syracuse
1,2017-12-24,1.21,5154.54,77.02,65.27,0.0,5012.25,4664.12,348.13,0.0,organic,2017,Syracuse
22,2017-07-30,1.44,4568.06,0.0,136.78,0.0,4431.28,1060.62,3370.66,0.0,organic,2017,Syracuse
36,2016-04-17,1.71,2326.56,0.0,145.04,0.0,2181.52,889.55,1291.97,0.0,organic,2016,Syracuse
22,2015-07-26,1.92,1069.67,55.0,96.67,0.0,918.0,911.33,6.67,0.0,organic,2015,Syracuse
8,2018-01-28,1.19,6393.58,30.09,128.49,0.0,6235.0,5670.94,564.06,0.0,organic,2018,Syracuse
9,2018-01-21,1.27,3159.8,92.12,73.17,0.0,2994.51,2117.69,876.82,0.0,organic,2018,Syracuse
44,2016-02-21,1.71,2389.56,0.0,68.66,0.0,2320.9,900.51,1420.39,0.0,organic,2016,Syracuse
40,2016-03-20,1.54,3134.02,0.0,142.95,0.0,2991.07,1678.97,1312.1,0.0,organic,2016,Syracuse
20,2015-08-09,1.66,1295.6,16.0,53.03,0.0,1226.57,1226.57,0.0,0.0,organic,2015,Syracuse
19,2016-08-14,1.53,1391.44,12.41,124.07,0.0,1254.96,1254.96,0.0,0.0,organic,2016,Syracuse
24,2017-07-16,1.35,5140.46,0.0,165.11,0.0,4975.35,3013.25,1962.1,0.0,organic,2017,Syracuse
31,2017-05-28,2.09,3299.38,0.0,198.97,0.0,3100.41,1083.38,2017.03,0.0,organic,2017,Syracuse
52,2017-01-01,1.7,1811.03,6.3,42.83,0.0,1761.9,1263.57,498.33,0.0,organic,2017,Syracuse
25,2016-07-03,1.68,2948.8,0.0,111.26,0.0,2837.54,1715.2,1122.34,0.0,organic,2016,Syracuse
28,2017-06-18,2.42,3405.58,0.0,144.6,0.0,3260.98,1100.84,2160.14,0.0,organic,2017,Syracuse
7,2015-11-08,1.6,1552.91,3.0,138.07,0.0,1411.84,1408.51,3.33,0.0,organic,2015,Syracuse
31,2016-05-22,1.45,3696.52,0.0,380.34,0.0,3316.18,2410.89,905.29,0.0,organic,2016,Syracuse
29,2017-06-11,2.37,3056.43,0.0,164.45,0.0,2891.98,1093.12,1798.86,0.0,organic,2017,Syracuse
37,2017-04-16,2.05,3200.29,0.0,177.01,0.0,3023.28,1159.85,1863.43,0.0,organic,2017,Syracuse
30,2017-06-04,2.23,3153.41,0.0,143.45,0.0,3009.96,1266.47,1743.49,0.0,organic,2017,Syracuse
5,2018-02-18,1.3,5092.83,310.36,84.43,0.0,4698.04,2136.41,2561.63,0.0,organic,2018,Syracuse
38,2016-04-03,1.46,2724.46,0.0,75.68,0.0,2648.78,1686.54,962.24,0.0,organic,2016,Syracuse
26,2017-07-02,2.44,2508.3,0.0,263.71,0.0,2244.59,745.47,1499.12,0.0,organic,2017,Syracuse
45,2016-02-14,1.96,1909.55,0.0,141.31,0.0,1768.24,1309.94,458.3,0.0,organic,2016,Syracuse
41,2016-03-13,1.66,2357.86,0.0,154.45,0.0,2203.41,889.72,1313.69,0.0,organic,2016,Syracuse
39,2017-04-02,1.96,1628.79,0.0,326.09,0.0,1302.7,961.13,341.57,0.0,organic,2017,Syracuse
42,2016-03-06,2.09,2090.95,0.0,225.45,0.0,1865.5,520.25,1345.25,0.0,organic,2016,Syracuse
6,2016-11-13,1.81,892.02,0.0,67.8,0.0,824.22,824.22,0.0,0.0,organic,2016,Syracuse
0,2015-12-27,1.54,1652.19,0.0,73.22,0.0,1578.97,1336.27,242.7,0.0,organic,2015,Syracuse
34,2017-05-07,2.11,4181.73,0.0,260.65,0.0,3921.08,1018.47,2902.61,0.0,organic,2017,Syracuse
44,2015-02-22,1.57,1926.71,3.71,50.55,0.0,1872.45,1872.45,0.0,0.0,organic,2015,Syracuse
8,2017-11-05,1.38,5329.36,76.51,38.25,0.0,5214.6,5041.26,173.34,0.0,organic,2017,Syracuse
16,2017-09-10,1.8,2095.4,85.58,65.73,0.0,1944.09,1118.06,826.03,0.0,organic,2017,Syracuse
