data/a836d206-e31f-42a1-abcf-12303fbde651_hf_nateraw_avocado-prices.csv
Unnamed: 0,Date,AveragePrice,Total Volume,4046,4225,4770,Total Bags,Small Bags,Large Bags,XLarge Bags,type,year,region
48,2017-01-29,1.04,5571.99,222.81,1495.17,0.0,3854.01,1209.49,2644.52,0.0,organic,2017,Indianapolis
0,2015-12-27,1.49,1726.25,207.04,1052.49,0.0,466.72,394.95,71.77,0.0,organic,2015,Indianapolis
30,2017-06-04,1.25,8668.35,152.13,1385.07,0.0,7131.15,1178.64,5952.51,0.0,organic,2017,Indianapolis
42,2015-03-08,1.69,2205.12,70.33,949.01,0.0,1185.78,1026.67,159.11,0.0,organic,2015,Indianapolis
33,2015-05-10,1.08,4169.57,110.38,845.07,0.0,3214.12,820.0,2394.12,0.0,organic,2015,Indianapolis
20,2017-08-13,1.41,8976.09,139.95,1290.13,0.0,7523.68,5339.72,2183.96,0.0,organic,2017,Indianapolis
0,2016-12-25,1.62,2583.94,114.51,1052.73,0.0,1416.7,1027.03,389.67,0.0,organic,2016,Indianapolis
1,2016-12-18,1.45,3202.84,110.89,1166.65,0.0,1925.3,704.82,1220.48,0.0,organic,2016,Indianapolis
9,2015-10-25,1.62,2147.79,227.83,1202.07,0.0,717.89,446.67,271.22,0.0,organic,2015,Indianapolis
8,2016-10-30,2.1,3125.55,150.44,1634.81,0.0,1340.3,1054.45,285.85,0.0,organic,2016,Indianapolis
40,2017-03-26,1.02,7706.59,107.76,1489.93,0.0,6108.9,1398.21,4710.69,0.0,organic,2017,Indianapolis
5,2016-11-20,1.59,3377.88,149.77,1228.83,0.0,1999.28,883.13,1116.15,0.0,organic,2016,Indianapolis
29,2016-06-05,1.25,3998.08,141.1,1769.38,0.0,2087.6,1003.89,1083.71,0.0,organic,2016,Indianapolis
28,2016-06-12,1.34,4358.39,183.1,1784.76,0.0,2390.53,1032.78,1357.75,0.0,organic,2016,Indianapolis
41,2015-03-15,1.78,1313.43,97.1,905.1,0.0,311.23,121.72,189.51,0.0,organic,2015,Indianapolis
23,2016-07-17,1.19,5015.85,440.56,1496.9,0.0,3078.39,1304.59,1773.8,0.0,organic,2016,Indianapolis
25,2016-07-03,1.39,4245.31,432.92,1678.17,0.0,2134.22,1171.51,962.71,0.0,organic,2016,Indianapolis
11,2017-10-15,1.57,10795.73,166.96,1439.7,0.0,9171.38,7466.67,1704.71,0.0,organic,2017,Indianapolis
1,2017-12-24,1.4,8639.49,184.79,1688.99,0.0,6753.22,5043.12,1710.1,0.0,organic,2017,Indianapolis
2,2017-12-17,1.38,8332.81,203.03,1370.79,0.0,6714.99,4720.6,1994.39,0.0,organic,2017,Indianapolis
22,2017-07-30,1.49,9743.5,91.93,1707.14,0.0,7917.13,3929.12,3988.01,0.0,organic,2017,Indianapolis
52,2017-01-01,1.76,1956.0,147.29,1025.37,0.0,783.34,614.99,168.35,0.0,organic,2017,Indianapolis
9,2016-10-23,1.58,3929.64,145.73,1419.02,0.0,2364.89,581.97,1782.92,0.0,organic,2016,Indianapolis
34,2017-05-07,1.7,4734.57,137.53,2384.2,0.0,2212.84,423.62,1789.22,0.0,organic,2017,Indianapolis
37,2016-04-10,1.15,3566.21,91.87,1291.12,0.0,2183.22,970.46,1212.76,0.0,organic,2016,Indianapolis
10,2015-10-18,1.46,2390.65,239.68,1072.14,0.0,1078.83,503.33,575.5,0.0,organic,2015,Indianapolis
11,2016-10-09,1.48,3479.15,133.02,1800.96,0.0,1545.17,677.65,867.52,0.0,organic,2016,Indianapolis
25,2015-07-05,1.11,2935.57,59.2,963.26,0.0,1913.11,470.0,1443.11,0.0,organic,2015,Indianapolis
25,2017-07-09,1.38,6897.96,74.91,1186.42,0.0,5636.63,374.39,5262.24,0.0,organic,2017,Indianapolis
12,2015-10-04,1.53,2167.25,128.29,1322.93,0.0,716.03,343.33,372.7,0.0,organic,2015,Indianapolis
37,2017-04-16,1.35,6451.24,226.81,1575.87,0.0,4648.56,1685.0,2963.56,0.0,organic,2017,Indianapolis
2,2018-03-11,1.22,15216.33,341.99,3553.23,0.0,11298.11,8448.16,2849.95,0.0,organic,2018,Indianapolis
4,2017-12-03,1.42,8244.23,186.51,1155.5,0.0,6891.74,5247.5,1644.24,0.0,organic,2017,Indianapolis
3,2015-12-06,1.31,2106.77,301.9,898.59,0.0,906.28,320.0,586.28,0.0,organic,2015,Indianapolis
16,2017-09-10,1.69,8687.85,136.58,1330.54,0.0,7212.8,4741.31,2471.49,0.0,organic,2017,Indianapolis
33,2017-05-14,1.65,4231.54,128.17,1389.05,0.0,2714.32,1694.89,1019.43,0.0,organic,2017,Indianapolis
35,2015-04-26,1.69,1798.92,75.88,1092.14,0.0,630.9,316.67,314.23,0.0,organic,2015,Indianapolis
41,2016-03-13,1.41,714002.3,192002.8,383557.6,52459.24,85982.66,85202.82,726.43,53.41,conventional,2016,SanFrancisco
28,2017-06-18,1.77,660386.27,202024.11,336284.13,16709.19,105368.84,100785.35,1133.49,3450.0,conventional,2017,SanFrancisco
13,2017-10-01,1.79,660452.07,106075.6,477519.16,3125.78,73731.53,72812.1,451.17,468.26,conventional,2017,SanFrancisco
16,2015-09-06,1.54,646810.2,154276.07,384033.22,30732.28,77768.63,76963.49,805.14,0.0,conventional,2015,SanFrancisco
39,2017-04-02,1.79,632537.9,180896.63,358599.04,5732.43,87309.8,85552.16,67.78,1689.86,conventional,2017,SanFrancisco
18,2015-08-23,1.59,610212.92,129106.61,380934.57,27089.79,73081.95,72131.45,950.5,0.0,conventional,2015,SanFrancisco
6,2015-11-15,0.99,775848.72,165884.02,517366.37,27969.25,64629.08,63811.01,780.0,38.07,conventional,2015,SanFrancisco
42,2017-03-12,1.8,620908.22,173434.03,354307.59,7050.37,86116.23,82363.32,407.28,3345.63,conventional,2017,SanFrancisco
4,2015-11-29,1.05,651638.6,102783.08,462966.47,31195.04,54694.01,53992.69,647.78,53.54,conventional,2015,SanFrancisco
18,2016-08-21,1.28,825338.15,311234.33,415962.15,24855.18,73286.49,70853.19,856.91,1576.39,conventional,2016,SanFrancisco
15,2016-09-11,1.43,862732.45,222298.01,533967.64,11292.83,95173.97,94338.95,691.96,143.06,conventional,2016,SanFrancisco
42,2015-03-08,1.16,830775.42,260192.19,442834.07,31289.15,96460.01,95539.75,803.34,116.92,conventional,2015,SanFrancisco
28,2015-06-14,1.51,696873.03,181175.51,403173.66,32092.36,80431.5,79360.05,1071.45,0.0,conventional,2015,SanFrancisco
17,2015-08-30,1.53,649891.92,177166.44,364371.17,28647.61,79706.7,78843.03,863.67,0.0,conventional,2015,SanFrancisco
3,2018-03-04,1.16,1051308.5,386100.25,426277.63,2512.69,236417.93,231913.11,1286.43,3218.39,conventional,2018,SanFrancisco
35,2016-04-24,1.0,1017425.89,313239.31,570669.6,55668.13,77848.85,76195.48,883.93,769.44,conventional,2016,SanFrancisco
34,2017-05-07,1.42,956829.89,212488.46,646869.71,6803.64,90668.08,86569.82,619.37,3478.89,conventional,2017,SanFrancisco
9,2015-10-25,1.55,561342.23,126498.63,334051.96,31358.89,69432.75,68582.18,812.22,38.35,conventional,2015,SanFrancisco
8,2015-11-01,0.97,869927.27,214932.11,563719.33,31481.92,59793.91,58929.19,845.56,19.16,conventional,2015,SanFrancisco
39,2015-03-29,1.3,742583.03,145294.94,460144.9,26459.6,110683.59,109753.43,930.16,0.0,conventional,2015,SanFrancisco
22,2017-07-30,1.3,897443.52,162330.88,657673.84,5039.65,72399.15,67138.82,930.33,4330.0,conventional,2017,SanFrancisco
8,2017-11-05,1.41,787625.8,261561.33,435912.81,3140.0,87011.66,84961.32,94.01,1956.33,conventional,2017,SanFrancisco
2,2017-12-17,1.4,674625.07,189827.12,374644.39,2099.61,108053.95,105441.28,50.58,2562.09,conventional,2017,SanFrancisco
20,2017-08-13,1.29,821395.74,164086.95,569847.08,9914.9,77546.81,72666.82,1062.21,3817.78,conventional,2017,SanFrancisco
39,2016-03-27,1.47,716020.43,167887.53,409135.78,46243.39,92753.73,91907.38,830.59,15.76,conventional,2016,SanFrancisco
1,2015-12-20,1.15,637091.48,173521.67,364622.31,33083.99,65863.51,65038.1,766.09,59.32,conventional,2015,SanFrancisco
30,2015-05-31,1.29,764114.39,192708.56,469208.86,26109.55,76087.42,75077.58,1009.84,0.0,conventional,2015,SanFrancisco
19,2016-08-14,1.03,1114834.28,266260.92,757100.85,31009.27,60463.24,58400.39,900.35,1162.5,conventional,2016,SanFrancisco
1,2016-12-18,1.22,643518.28,173909.85,401462.31,3063.29,65082.83,52370.05,11823.61,889.17,conventional,2016,SanFrancisco
31,2016-05-22,1.31,817923.28,247488.87,416811.55,70753.98,82868.88,80974.56,945.43,948.89,conventional,2016,SanFrancisco
0,2016-12-25,1.18,690027.33,164595.96,462872.97,2525.58,60032.82,52277.99,7459.83,295.0,conventional,2016,SanFrancisco
44,2016-02-21,1.15,799826.02,178438.97,509199.72,41240.25,70947.08,70255.21,663.8,28.07,conventional,2016,SanFrancisco
9,2017-10-29,1.56,716567.05,197107.52,428002.14,4543.85,86913.54,85850.59,44.0,1018.95,conventional,2017,SanFrancisco
40,2015-03-22,1.19,841723.81,136354.98,568189.47,30959.94,106219.42,105385.09,818.89,15.44,conventional,2015,SanFrancisco
48,2015-01-25,1.21,713523.24,127276.45,481792.41,21293.67,83160.71,82293.47,796.67,70.57,conventional,2015,SanFrancisco
17,2015-08-30,2.33,2641.01,88.92,2172.97,0.0,379.12,373.04,6.08,0.0,organic,2015,HartfordSpringfield
6,2016-11-13,2.68,5260.62,15.23,3074.13,20.77,2150.49,2142.8,7.69,0.0,organic,2016,HartfordSpringfield
43,2016-02-28,2.28,9372.36,88.62,5929.21,0.0,3354.53,3354.53,0.0,0.0,organic,2016,HartfordSpringfield
35,2017-04-30,2.25,18568.03,477.36,10235.91,15.13,7839.63,7839.63,0.0,0.0,organic,2017,HartfordSpringfield
8,2017-11-05,2.17,12289.27,26.7,3106.6,2.81,9153.16,9090.71,62.45,0.0,organic,2017,HartfordSpringfield
35,2016-04-24,2.24,10677.34,134.18,3140.18,1.33,7401.65,7324.71,76.94,0.0,organic,2016,HartfordSpringfield
11,2015-10-11,2.27,2819.11,97.26,2144.44,0.0,577.41,386.42,190.99,0.0,organic,2015,HartfordSpringfield
46,2016-02-07,2.32,7536.3,190.13,5285.63,13.48,2047.06,1900.23,146.83,0.0,organic,2016,HartfordSpringfield
15,2017-09-17,1.96,18572.79,68.7,4275.95,11.18,14216.96,14216.96,0.0,0.0,organic,2017,HartfordSpringfield
6,2015-11-15,2.23,2428.95,135.67,2079.43,0.0,213.85,201.54,12.31,0.0,organic,2015,HartfordSpringfield
9,2016-10-23,1.98,1494.63,65.87,897.05,1.38,530.33,472.82,57.51,0.0,organic,2016,HartfordSpringfield
23,2017-07-23,1.95,17461.66,97.2,4468.49,8.21,12887.76,12887.76,0.0,0.0,organic,2017,HartfordSpringfield
24,2016-07-10,2.33,9578.06,202.21,3689.57,1.36,5684.92,5684.92,0.0,0.0,organic,2016,HartfordSpringfield
4,2018-02-25,2.05,15721.06,213.6,7229.28,0.0,8278.18,8278.18,0.0,0.0,organic,2018,HartfordSpringfield
34,2016-05-01,2.4,13840.67,105.24,6947.38,0.0,6788.05,6560.1,227.95,0.0,organic,2016,HartfordSpringfield
29,2015-06-07,2.34,3478.25,276.38,2787.48,1.32,413.07,413.07,0.0,0.0,organic,2015,HartfordSpringfield
24,2017-07-16,1.94,15128.14,308.21,4236.13,1.38,10582.42,10582.42,0.0,0.0,organic,2017,HartfordSpringfield
21,2015-08-02,2.42,2676.3,82.67,2503.23,1.36,89.04,89.04,0.0,0.0,organic,2015,HartfordSpringfield
15,2015-09-13,2.36,2868.18,49.48,2509.01,2.75,306.94,306.94,0.0,0.0,organic,2015,HartfordSpringfield
45,2016-02-14,2.31,4968.79,149.4,3103.78,0.0,1715.61,1697.67,17.94,0.0,organic,2016,HartfordSpringfield
9,2018-01-21,2.12,12308.98,97.64,4096.79,1.39,8113.16,8079.06,34.1,0.0,organic,2018,HartfordSpringfield
13,2015-09-27,2.41,4559.35,53.88,4317.3,4.14,184.03,159.47,24.56,0.0,organic,2015,HartfordSpringfield
10,2017-10-22,1.53,21441.78,35.03,2862.72,1.41,18542.62,18475.42,67.2,0.0,organic,2017,HartfordSpringfield
20,2017-08-13,2.26,13330.73,83.87,4346.49,0.0,8900.37,8889.63,10.74,0.0,organic,2017,HartfordSpringfield
5,2015-11-22,2.31,2318.13,138.16,2079.91,1.38,98.68,83.07,15.61,0.0,organic,2015,HartfordSpringfield
30,2017-06-04,2.5,14985.11,340.2,6314.32,0.0,8330.59,8242.95,87.64,0.0,organic,2017,HartfordSpringfield
43,2017-03-05,2.17,13783.11,255.27,7325.0,4.19,6198.65,6179.25,19.4,0.0,organic,2017,HartfordSpringfield
16,2017-09-10,2.08,18016.66,87.47,3878.36,1.4,14049.43,14049.43,0.0,0.0,organic,2017,HartfordSpringfield
41,2017-03-19,2.04,24796.8,604.48,17563.18,45.65,6583.49,6460.53,122.96,0.0,organic,2017,HartfordSpringfield
12,2016-10-02,2.33,7328.91,61.79,3168.72,6.91,4091.49,3937.98,153.51,0.0,organic,2016,HartfordSpringfield
7,2017-11-12,2.09,12486.38,36.11,2880.01,1.41,9568.85,9531.31,37.54,0.0,organic,2017,HartfordSpringfield
5,2017-11-26,1.9,11541.99,31.69,2682.97,0.0,8827.33,8827.33,0.0,0.0,organic,2017,HartfordSpringfield
11,2018-01-07,2.03,15204.66,76.07,4721.42,1.4,10405.77,10405.77,0.0,0.0,organic,2018,HartfordSpringfield
2,2018-03-11,2.15,17722.27,147.46,8428.14,2.8,9143.87,9143.87,0.0,0.0,organic,2018,HartfordSpringfield
21,2016-07-31,2.19,5524.69,134.45,3695.32,1.36,1693.56,1693.56,0.0,0.0,organic,2016,HartfordSpringfield
2,2016-12-11,2.54,7514.4,19.71,3180.04,10.97,4303.68,4299.87,3.81,0.0,organic,2016,HartfordSpringfield
27,2017-06-25,2.61,12883.38,64.48,5815.43,16.46,6987.01,6987.01,0.0,0.0,organic,2017,HartfordSpringfield
49,2017-01-22,1.13,286641.35,94347.19,107935.3,6890.03,77468.83,75851.48,1617.35,0.0,conventional,2017,RichmondNorfolk
8,2015-11-01,1.0,212854.47,72020.73,93880.64,16391.8,30561.3,29676.86,884.44,0.0,conventional,2015,RichmondNorfolk
12,2015-10-04,1.04,200821.29,67267.71,91381.65,11357.4,30814.53,30425.15,389.38,0.0,conventional,2015,RichmondNorfolk
45,2015-02-15,1.13,207249.74,70877.95,77855.03,10942.01,47574.75,41738.23,5836.52,0.0,conventional,2015,RichmondNorfolk
48,2017-01-29,1.18,259671.38,87900.17,104490.09,3433.47,63847.65,62577.62,929.75,340.28,conventional,2017,RichmondNorfolk
46,2016-02-07,0.78,394461.41,145746.61,168148.89,11393.01,69172.9,65402.67,3770.23,0.0,conventional,2016,RichmondNorfolk
24,2017-07-16,1.17,267806.51,89083.09,79805.02,1830.85,97087.55,90560.26,2757.35,3769.94,conventional,2017,RichmondNorfolk
16,2015-09-06,0.98,252853.41,72054.13,112958.68,19484.71,48355.89,48304.3,48.89,2.7,conventional,2015,RichmondNorfolk
45,2017-02-19,1.18,241012.17,68120.76,90486.17,3142.36,79262.88,78087.14,1175.74,0.0,conventional,2017,RichmondNorfolk
9,2015-10-25,1.02,180316.1,68613.89,70131.72,13184.36,28386.13,27568.35,817.78,0.0,conventional,2015,RichmondNorfolk
19,2015-08-16,1.05,222696.44,70382.17,95071.56,12570.49,44672.22,44672.22,0.0,0.0,conventional,2015,RichmondNorfolk
4,2018-02-25,1.13,277107.48,75032.02,85267.7,1914.32,114893.44,98624.54,15568.9,700.0,conventional,2018,RichmondNorfolk
11,2018-01-07,1.03,300234.79,96040.45,94172.95,1657.28,108364.11,99730.22,8633.89,0.0,conventional,2018,RichmondNorfolk
41,2016-03-13,1.02,246110.88,53660.8,125742.51,6975.98,59731.59,59722.27,9.32,0.0,conventional,2016,RichmondNorfolk
10,2016-10-16,1.28,203089.29,75896.57,67555.19,4957.43,54680.1,53622.78,1057.32,0.0,conventional,2016,RichmondNorfolk
18,2015-08-23,1.04,232074.44,76650.45,96308.77,12155.66,46959.56,46959.56,0.0,0.0,conventional,2015,RichmondNorfolk
48,2016-01-24,0.97,272314.29,81685.72,131405.09,7716.74,51506.74,50993.41,513.33,0.0,conventional,2016,RichmondNorfolk
47,2016-01-31,0.98,222414.16,52910.51,115933.08,7356.2,46214.37,43577.03,2637.34,0.0,conventional,2016,RichmondNorfolk
24,2016-07-10,1.02,296610.12,87547.8,117236.14,12340.78,79485.4,69248.69,2121.71,8115.0,conventional,2016,RichmondNorfolk
31,2015-05-24,1.03,280240.7,91042.47,116589.43,13055.11,59553.69,56304.95,3246.13,2.61,conventional,2015,RichmondNorfolk
20,2017-08-13,1.35,214146.34,55347.03,81849.06,1853.27,75096.98,67332.72,4184.26,3580.0,conventional,2017,RichmondNorfolk
34,2017-05-07,1.12,365531.86,119254.23,102627.13,3870.59,139779.91,135956.54,2975.91,847.46,conventional,2017,RichmondNorfolk
9,2017-10-29,1.33,217679.03,53015.01,82269.66,1275.09,81119.27,78089.52,3026.42,3.33,conventional,2017,RichmondNorfolk
18,2017-08-27,1.38,215394.7,47758.49,75623.15,1559.71,90453.35,86399.49,3209.24,844.62,conventional,2017,RichmondNorfolk
30,2015-05-31,1.02,270601.09,102486.76,98090.75,11466.99,58556.59,53587.7,4968.89,0.0,conventional,2015,RichmondNorfolk
1,2015-12-20,0.99,158870.28,45598.33,73851.02,5425.25,33995.68,33982.55,5.25,7.88,conventional,2015,RichmondNorfolk
20,2016-08-07,1.1,266174.1,98312.66,93057.33,8281.61,66522.5,60015.34,4302.16,2205.0,conventional,2016,RichmondNorfolk
17,2015-08-30,1.06,213120.84,70639.52,86152.24,10562.29,45766.79,45766.79,0.0,0.0,conventional,2015,RichmondNorfolk
14,2016-09-18,1.18,238848.85,99451.59,78464.91,4204.51,56727.84,54657.32,2070.52,0.0,conventional,2016,RichmondNorfolk
7,2015-11-08,0.95,202831.97,83635.77,76222.46,12315.03,30658.71,29783.15,875.56,0.0,conventional,2015,RichmondNorfolk
