data/a836d206-e31f-42a1-abcf-12303fbde651_hf_nateraw_avocado-prices.csv
Unnamed: 0,Date,AveragePrice,Total Volume,4046,4225,4770,Total Bags,Small Bags,Large Bags,XLarge Bags,type,year,region
51,2017-01-08,1.4,522278.22,209904.22,121128.25,293.18,190952.57,85738.78,105206.85,6.94,conventional,2017,MiamiFtLauderdale
26,2015-06-28,1.21,443970.6,259852.13,79482.73,262.36,104373.38,76411.06,27962.32,0.0,conventional,2015,MiamiFtLauderdale
0,2018-03-25,1.37,698961.15,474642.82,53923.97,2049.21,168345.15,106478.51,61776.64,90.0,conventional,2018,MiamiFtLauderdale
4,2017-12-03,1.35,550215.0,358080.0,50526.0,9947.0,131661.0,75459.0,56202.0,0.0,conventional,2017,MiamiFtLauderdale
30,2017-06-04,1.49,687913.86,449727.4,85907.47,238.92,152040.07,84992.72,64412.35,2635.0,conventional,2017,MiamiFtLauderdale
3,2017-12-10,1.03,713866.0,484033.33,71985.61,6988.61,150858.45,75190.47,75667.98,0.0,conventional,2017,MiamiFtLauderdale
38,2017-04-09,1.54,494093.73,312737.23,74502.99,242.38,106611.13,66358.64,40164.99,87.5,conventional,2017,MiamiFtLauderdale
10,2016-10-16,1.28,537970.39,191040.91,158620.0,235.86,188073.62,42989.0,144763.79,320.83,conventional,2016,MiamiFtLauderdale
51,2016-01-03,1.13,502583.68,349992.75,44399.13,40.78,108151.02,64404.45,43746.57,0.0,conventional,2016,MiamiFtLauderdale
42,2015-03-08,1.3,356311.66,253963.7,32888.65,62.9,69396.41,47346.87,22049.54,0.0,conventional,2015,MiamiFtLauderdale
29,2017-06-11,1.48,696603.38,447672.96,88004.23,340.96,160585.23,73486.27,79488.96,7610.0,conventional,2017,MiamiFtLauderdale
44,2016-02-21,1.1,481704.97,244778.76,102684.81,78.3,134163.1,48792.84,85370.26,0.0,conventional,2016,MiamiFtLauderdale
52,2017-01-01,0.98,787406.1,309692.08,199635.67,540.23,277538.12,84253.42,193284.7,0.0,conventional,2017,MiamiFtLauderdale
7,2016-11-06,1.51,426159.64,176243.94,96964.16,232.81,152718.73,53017.4,99149.94,551.39,conventional,2016,MiamiFtLauderdale
47,2017-02-05,0.87,1254201.12,689710.71,281503.4,629.67,282357.34,102844.25,178368.65,1144.44,conventional,2017,MiamiFtLauderdale
50,2015-01-11,1.28,342796.99,242922.42,36043.54,38.69,63792.34,35069.71,28722.63,0.0,conventional,2015,MiamiFtLauderdale
42,2017-03-12,1.7,473865.59,286726.08,80308.24,280.65,106550.62,58637.13,47913.49,0.0,conventional,2017,MiamiFtLauderdale
8,2016-10-30,1.57,403657.05,169008.34,98080.05,247.52,136321.14,41406.6,94572.87,341.67,conventional,2016,MiamiFtLauderdale
13,2015-09-27,1.31,318048.12,200219.37,57857.02,40.63,59931.1,35358.56,24572.54,0.0,conventional,2015,MiamiFtLauderdale
35,2015-04-26,1.25,476017.06,341780.74,41476.06,120.02,92640.24,63701.43,28442.98,495.83,conventional,2015,MiamiFtLauderdale
23,2015-07-19,0.96,626841.5,436603.6,96849.49,98.68,93289.73,55330.18,37959.55,0.0,conventional,2015,MiamiFtLauderdale
19,2017-08-20,1.7,468514.7,317677.27,56349.59,184.51,94303.33,34142.86,54596.03,5564.44,conventional,2017,MiamiFtLauderdale
33,2015-05-10,1.28,435547.13,315524.39,37151.03,58.42,82813.29,60376.64,22436.65,0.0,conventional,2015,MiamiFtLauderdale
13,2017-10-01,2.04,399836.65,254127.88,48863.68,187.25,96657.84,54423.36,42234.48,0.0,conventional,2017,MiamiFtLauderdale
32,2016-05-15,0.88,889357.25,408466.47,227686.36,223.52,252980.9,64835.66,185705.24,2440.0,conventional,2016,MiamiFtLauderdale
36,2017-04-23,1.51,556944.14,333198.36,78525.35,143.43,145077.0,81699.04,63377.96,0.0,conventional,2017,MiamiFtLauderdale
11,2016-10-09,1.49,410181.24,153136.21,112103.55,169.71,144771.77,50604.58,94167.19,0.0,conventional,2016,MiamiFtLauderdale
6,2017-11-19,1.23,642013.0,418092.0,65920.0,2026.0,155975.0,80040.0,75936.0,0.0,conventional,2017,MiamiFtLauderdale
29,2017-06-11,2.04,2719.24,21.33,248.87,0.0,2449.04,2449.04,0.0,0.0,organic,2017,Albany
8,2018-01-28,1.32,6987.56,433.66,374.96,0.0,6178.94,6178.94,0.0,0.0,organic,2018,Albany
4,2015-11-29,1.94,831.69,0.0,94.73,0.0,736.96,736.96,0.0,0.0,organic,2015,Albany
0,2015-12-27,1.83,989.55,8.16,88.59,0.0,892.8,892.8,0.0,0.0,organic,2015,Albany
47,2015-02-01,1.83,1228.51,33.12,99.36,0.0,1096.03,1096.03,0.0,0.0,organic,2015,Albany
14,2017-09-24,1.42,3627.18,56.82,95.31,0.0,3475.05,3475.05,0.0,0.0,organic,2017,Albany
28,2017-06-18,2.03,3185.1,366.52,266.88,0.0,2551.7,2551.7,0.0,0.0,organic,2017,Albany
12,2015-10-04,1.98,1145.88,5.74,165.26,0.0,974.88,964.68,10.2,0.0,organic,2015,Albany
2,2016-12-11,1.9,1886.63,42.26,156.72,0.0,1687.65,1687.65,0.0,0.0,organic,2016,Albany
30,2017-06-04,1.63,3771.39,54.47,352.85,0.0,3364.07,3364.07,0.0,0.0,organic,2017,Albany
7,2015-11-08,1.88,1332.27,20.08,351.4,0.0,960.79,960.79,0.0,0.0,organic,2015,Albany
7,2017-11-12,1.71,2664.62,0.0,245.71,0.0,2418.91,2418.91,0.0,0.0,organic,2017,Albany
16,2017-09-10,1.78,3139.84,45.5,196.27,0.0,2898.07,2894.74,3.33,0.0,organic,2017,Albany
27,2016-06-19,1.45,974.27,10.6,149.57,0.0,814.1,814.1,0.0,0.0,organic,2016,Albany
41,2017-03-19,1.87,2763.38,503.14,175.98,0.0,2084.26,2084.26,0.0,0.0,organic,2017,Albany
5,2015-11-22,1.94,858.83,13.84,84.18,0.0,760.81,755.69,5.12,0.0,organic,2015,Albany
1,2018-03-18,1.66,3154.45,275.89,297.96,0.0,2580.6,2577.27,3.33,0.0,organic,2018,Albany
16,2016-09-04,1.73,2194.77,52.26,181.76,0.0,1960.75,1960.75,0.0,0.0,organic,2016,Albany
39,2015-03-29,1.93,1082.44,24.75,173.26,0.0,884.43,884.43,0.0,0.0,organic,2015,Albany
51,2015-01-04,1.79,1373.95,57.42,153.88,0.0,1162.65,1162.65,0.0,0.0,organic,2015,Albany
13,2017-10-01,1.59,3423.95,31.2,150.24,0.0,3242.51,3242.51,0.0,0.0,organic,2017,Albany
32,2015-05-17,1.87,1881.08,19.51,213.43,0.0,1648.14,1648.14,0.0,0.0,organic,2015,Albany
15,2015-09-13,1.99,902.5,13.86,105.13,0.0,783.51,783.51,0.0,0.0,organic,2015,Albany
17,2017-09-03,2.0,2022.0,112.42,254.49,0.0,1655.09,1655.09,0.0,0.0,organic,2017,Albany
3,2015-12-06,1.84,1158.42,90.29,104.18,0.0,963.95,948.52,15.43,0.0,organic,2015,Albany
20,2017-08-13,1.9,2259.92,42.86,207.29,0.0,2009.77,2009.77,0.0,0.0,organic,2017,Albany
5,2016-11-20,1.93,1862.7,122.63,197.39,0.0,1542.68,1542.68,0.0,0.0,organic,2016,Albany
20,2016-08-07,1.67,1545.79,54.24,206.36,0.0,1285.19,1285.19,0.0,0.0,organic,2016,Albany
48,2017-01-29,1.86,1795.81,32.53,123.14,0.0,1640.14,1640.14,0.0,0.0,organic,2017,Albany
22,2017-07-30,1.67,2503.82,55.26,92.99,0.0,2355.57,2355.57,0.0,0.0,organic,2017,Albany
8,2015-11-01,1.88,1021.68,11.47,137.58,0.0,872.63,872.63,0.0,0.0,organic,2015,Albany
34,2017-05-07,1.79,2897.23,89.53,315.14,0.0,2492.56,2492.56,0.0,0.0,organic,2017,Albany
49,2016-01-17,1.67,1496.73,66.63,430.17,0.0,999.93,992.14,7.79,0.0,organic,2016,Albany
38,2015-04-05,1.93,1526.1,15.75,202.52,0.0,1307.83,1307.83,0.0,0.0,organic,2015,Albany
28,2015-06-14,1.01,171353.59,83138.56,33535.09,20023.58,34656.36,27204.22,6030.43,1421.71,conventional,2015,Columbus
47,2016-01-31,0.92,173311.53,78646.7,38158.3,23466.68,33039.85,21259.66,9258.85,2521.34,conventional,2016,Columbus
16,2015-09-06,1.04,144563.15,61052.61,40880.96,20842.4,21787.18,16533.98,3611.52,1641.68,conventional,2015,Columbus
45,2016-02-14,0.91,173980.1,82198.65,38935.77,17174.63,35671.05,27386.88,7182.14,1102.03,conventional,2016,Columbus
34,2015-05-03,0.99,176737.77,79998.58,53621.15,15882.39,27235.65,16302.79,9726.39,1206.47,conventional,2015,Columbus
19,2017-08-20,1.23,211279.9,93230.93,20982.37,988.74,96077.86,88136.74,7448.32,492.8,conventional,2017,Columbus
13,2016-09-25,1.14,151978.88,70129.37,37333.99,2426.04,42089.48,41377.97,711.51,0.0,conventional,2016,Columbus
2,2018-03-11,1.05,212107.87,60498.56,22813.02,2942.75,125853.54,85932.68,39844.53,76.33,conventional,2018,Columbus
1,2018-03-18,1.01,216897.74,62775.9,15964.09,2293.97,135863.78,95448.1,39893.13,522.55,conventional,2018,Columbus
8,2016-10-30,1.1,138565.73,75422.45,16016.58,1373.56,45753.14,43902.77,1850.37,0.0,conventional,2016,Columbus
15,2017-09-17,1.7,120600.86,51846.36,16291.52,935.87,51527.11,44154.52,7205.75,166.84,conventional,2017,Columbus
37,2017-04-16,0.99,242720.67,97052.67,23006.95,1563.23,121097.82,118412.01,2679.63,6.18,conventional,2017,Columbus
20,2017-08-13,1.52,151390.04,59728.76,19181.67,1136.45,71343.16,62533.55,8290.1,519.51,conventional,2017,Columbus
27,2015-06-21,0.99,164161.25,67311.23,40382.51,24529.19,31938.32,24969.38,4739.34,2229.6,conventional,2015,Columbus
33,2016-05-08,0.9,201205.97,90444.73,46435.26,19164.46,45161.52,26507.5,15137.8,3516.22,conventional,2016,Columbus
46,2017-02-12,0.78,226525.29,100274.0,43260.87,1988.53,81001.89,76106.35,4894.13,1.41,conventional,2017,Columbus
40,2017-03-26,1.26,153513.23,68172.26,23491.33,1510.88,60338.76,57572.53,2766.23,0.0,conventional,2017,Columbus
44,2017-02-26,1.04,186429.24,63979.21,49174.69,3873.59,69401.75,66797.89,2588.27,15.59,conventional,2017,Columbus
36,2015-04-19,1.0,172913.44,80303.92,40370.03,26369.27,25870.22,20819.2,1861.68,3189.34,conventional,2015,Columbus
47,2017-02-05,0.69,323030.81,140453.99,60090.44,4269.9,118216.48,114404.34,3809.36,2.78,conventional,2017,Columbus
12,2017-10-08,1.83,103123.48,46870.14,8224.8,765.87,47262.67,40288.38,6950.95,23.34,conventional,2017,Columbus
30,2016-05-29,0.93,201747.62,95063.05,36787.21,7985.33,61912.03,53230.25,6885.94,1795.84,conventional,2016,Columbus
0,2017-12-31,0.8,221203.78,103506.03,30763.37,5224.82,81709.56,68828.14,12796.92,84.5,conventional,2017,Columbus
41,2015-03-15,1.01,149884.1,90582.35,27040.2,9632.1,22629.45,18487.57,3462.12,679.76,conventional,2015,Columbus
7,2016-11-06,1.41,114207.94,55230.85,23397.14,1603.54,33976.41,32556.59,1419.82,0.0,conventional,2016,Columbus
10,2015-10-18,0.98,137773.84,62590.79,33116.75,18606.59,23459.71,18601.8,4384.37,473.54,conventional,2015,Columbus
18,2015-08-23,1.08,130920.97,64597.94,29728.3,15723.09,20871.64,14961.58,5010.51,899.55,conventional,2015,Columbus
8,2015-11-01,0.99,135237.01,58162.23,31821.24,23764.43,21489.11,14668.1,3691.47,3129.54,conventional,2015,Columbus
8,2018-01-28,1.03,187523.2,60555.62,23671.37,3175.28,100120.93,83156.44,16932.05,32.44,conventional,2018,Columbus
1,2015-12-20,1.03,117393.22,57557.75,23198.49,16370.5,20266.48,11760.83,4248.29,4257.36,conventional,2015,Columbus
1,2017-12-24,1.06,140322.03,47451.51,20793.8,5024.24,67052.48,61296.18,5712.32,43.98,conventional,2017,Columbus
31,2016-05-22,0.83,210263.7,105959.95,37763.5,6777.98,59762.27,48049.79,9991.52,1720.96,conventional,2016,Columbus
32,2017-05-21,1.16,180283.53,84951.87,22123.26,1875.51,71332.89,62962.93,8171.47,198.49,conventional,2017,Columbus
35,2015-04-26,1.02,161438.17,87214.58,28964.04,16624.25,28635.3,22384.1,4959.65,1291.55,conventional,2015,Columbus
46,2016-02-07,0.81,233905.62,99884.81,55303.67,36191.68,42525.46,30226.47,6961.25,5337.74,conventional,2016,Columbus
43,2017-03-05,1.14,166169.72,74969.93,29779.78,1538.48,59881.53,54733.84,5134.79,12.9,conventional,2017,Columbus
38,2017-04-09,1.07,225843.95,107031.4,23208.36,1696.6,93907.59,91576.93,2306.18,24.48,conventional,2017,Columbus
11,2016-10-09,1.57,10417.82,30.12,706.39,0.0,9681.31,9676.32,4.99,0.0,organic,2016,Boston
48,2017-01-29,1.9,15270.59,8.37,1127.0,0.0,14135.22,13878.77,256.45,0.0,organic,2017,Boston
32,2015-05-17,1.91,4366.74,54.38,1651.19,0.0,2661.17,2661.17,0.0,0.0,organic,2015,Boston
12,2015-10-04,1.28,8186.26,14.4,647.58,0.0,7524.28,7524.28,0.0,0.0,organic,2015,Boston
21,2017-08-06,1.61,22037.86,7.5,1198.39,0.0,20831.97,16162.53,4669.44,0.0,organic,2017,Boston
3,2015-12-06,1.29,8286.37,37.55,466.83,0.0,7781.99,7781.99,0.0,0.0,organic,2015,Boston
37,2017-04-16,2.0,17641.48,67.56,1173.89,0.0,16400.03,14424.78,1975.25,0.0,organic,2017,Boston
49,2016-01-17,1.13,9327.19,14.36,743.11,0.0,8569.72,8569.72,0.0,0.0,organic,2016,Boston
7,2015-11-08,1.22,7507.69,13.29,486.67,0.0,7007.73,6990.96,16.77,0.0,organic,2015,Boston
15,2015-09-13,2.0,3283.74,13.63,1299.4,0.0,1970.71,1970.71,0.0,0.0,organic,2015,Boston
37,2016-04-10,1.68,14563.78,2.41,548.12,0.0,14013.25,11818.63,2194.62,0.0,organic,2016,Boston
44,2016-02-21,1.52,9394.21,13.81,451.66,0.0,8928.74,7679.45,1249.29,0.0,organic,2016,Boston
41,2017-03-19,2.06,18134.67,154.68,1066.04,0.0,16913.95,15509.92,1404.03,0.0,organic,2017,Boston
6,2015-11-15,1.15,8779.47,6.99,534.36,0.0,8238.12,8232.57,5.55,0.0,organic,2015,Boston
34,2016-05-01,1.79,18536.65,6.03,1444.35,0.0,17086.27,15476.08,1610.19,0.0,organic,2016,Boston
43,2015-03-01,1.85,3024.12,8.47,932.5,0.0,2083.15,2083.15,0.0,0.0,organic,2015,Boston
38,2016-04-03,1.73,12763.11,7.62,549.76,0.0,12205.73,10844.42,1361.31,0.0,organic,2016,Boston
36,2015-04-19,1.94,2696.21,13.06,912.2,0.0,1770.95,1770.95,0.0,0.0,organic,2015,Boston
22,2017-07-30,1.61,23890.76,7.0,1303.51,0.0,22580.25,17924.17,4656.08,0.0,organic,2017,Boston
23,2017-07-23,1.59,28957.04,6.86,1165.51,0.0,27784.67,23227.03,4557.64,0.0,organic,2017,Boston
15,2016-09-11,1.84,16980.59,39.64,888.2,0.0,16052.75,16052.75,0.0,0.0,organic,2016,Boston
12,2017-10-08,1.56,30044.2,15.95,1103.1,0.0,28925.15,28907.37,17.78,0.0,organic,2017,Boston
35,2017-04-30,2.02,17863.55,85.6,2341.26,0.0,15436.69,14866.04,570.65,0.0,organic,2017,Boston
20,2017-08-13,1.77,18946.53,9.07,1183.44,0.0,17754.02,15759.1,1994.92,0.0,organic,2017,Boston
47,2017-02-05,1.63,22249.09,7.16,2644.02,38.21,19559.7,16906.1,2653.6,0.0,organic,2017,Boston
2,2016-12-11,1.88,13714.62,22.64,1093.69,0.0,12598.29,12593.46,4.83,0.0,organic,2016,Boston
12,2016-10-02,1.63,11208.26,11.32,771.37,0.0,10425.57,10425.57,0.0,0.0,organic,2016,Boston
22,2015-07-26,2.02,3367.46,99.25,1956.83,0.0,1311.38,1304.71,6.67,0.0,organic,2015,Boston
50,2017-01-15,1.88,17012.28,12.3,1315.1,0.0,15684.88,15554.34,130.54,0.0,organic,2017,Boston
42,2016-03-06,1.7,10200.05,11.43,1079.31,0.0,9109.31,7203.39,1905.92,0.0,organic,2016,Boston
10,2018-01-14,1.73,29468.36,12.77,2380.23,0.0,27075.36,23926.76,3148.6,0.0,organic,2018,Boston
22,2017-07-30,1.47,655426.21,57622.28,399898.3,5352.26,192553.37,187554.78,1284.15,3714.44,conventional,2017,BaltimoreWashington
38,2015-04-05,1.29,688065.45,53579.17,401279.47,41867.08,191339.73,184109.06,6357.06,873.61,conventional,2015,BaltimoreWashington
5,2016-11-20,1.6,566160.06,51078.68,309529.29,13095.11,192456.98,189672.97,1882.62,901.39,conventional,2016,BaltimoreWashington
23,2015-07-19,1.18,800194.34,52954.94,496206.47,50319.84,200713.09,196837.6,3862.02,13.47,conventional,2015,BaltimoreWashington
23,2017-07-23,1.48,692872.87,65421.16,435763.72,5663.76,186024.23,181105.06,1046.95,3872.22,conventional,2017,BaltimoreWashington
40,2016-03-20,1.1,880238.91,65397.0,614918.47,16342.85,183580.59,180891.69,2688.9,0.0,conventional,2016,BaltimoreWashington
47,2016-01-31,1.11,748107.09,52641.93,506187.66,24482.29,164795.21,161204.17,3591.04,0.0,conventional,2016,BaltimoreWashington
50,2015-01-11,1.17,670231.94,51460.64,420837.82,42526.96,155406.52,151330.87,4075.65,0.0,conventional,2015,BaltimoreWashington
44,2016-02-21,1.2,739486.27,51913.21,446499.2,54665.59,186408.27,180041.53,6366.74,0.0,conventional,2016,BaltimoreWashington
3,2017-12-10,1.13,940850.93,103332.38,546809.87,3979.72,286728.96,263946.3,22782.66,0.0,conventional,2017,BaltimoreWashington
20,2015-08-09,1.16,821523.45,56362.75,557363.94,42933.87,164862.89,161564.81,3298.08,0.0,conventional,2015,BaltimoreWashington
36,2016-04-17,1.13,841839.93,59232.87,576827.09,15881.19,189898.78,185709.01,3034.21,1155.56,conventional,2016,BaltimoreWashington
10,2018-01-14,1.49,799726.89,91785.6,485963.15,4234.82,217743.32,212956.99,4783.0,3.33,conventional,2018,BaltimoreWashington
40,2017-03-26,1.6,739376.32,70467.54,462479.21,7285.09,199144.48,196644.22,1950.26,550.0,conventional,2017,BaltimoreWashington
37,2017-04-16,1.7,717940.19,67839.51,439898.36,6834.65,203367.67,182834.46,20215.15,318.06,conventional,2017,BaltimoreWashington
9,2016-10-23,1.85,584275.61,56864.06,336433.69,27036.54,163941.32,163070.93,382.89,487.5,conventional,2016,BaltimoreWashington
18,2015-08-23,1.16,783935.36,59242.02,499100.39,47216.18,178376.77,175047.15,3060.44,269.18,conventional,2015,BaltimoreWashington
25,2015-07-05,1.16,896298.77,66504.67,567640.7,56044.51,206108.89,200097.99,5890.57,120.33,conventional,2015,BaltimoreWashington
30,2015-05-31,1.19,949177.06,67744.84,617813.87,45832.8,217785.55,211787.29,5730.22,268.04,conventional,2015,BaltimoreWashington
42,2015-03-08,1.26,657745.9,55284.8,367670.93,42267.91,192522.26,188374.49,4147.77,0.0,conventional,2015,BaltimoreWashington
27,2017-06-25,1.65,693972.27,57367.81,446948.93,6496.32,183159.21,167326.54,7351.56,8481.11,conventional,2017,BaltimoreWashington
5,2017-11-26,1.43,629719.0,59916.0,377227.0,3440.0,189136.0,157579.0,31556.0,0.0,conventional,2017,BaltimoreWashington
0,2016-12-25,1.47,550947.61,50818.61,344699.92,8529.79,146899.29,142957.45,2629.52,1312.32,conventional,2016,BaltimoreWashington
15,2015-09-13,1.09,924993.61,55699.25,675524.33,42270.47,151499.56,145686.02,5813.54,0.0,conventional,2015,BaltimoreWashington
19,2017-08-20,1.57,691636.14,58935.48,417107.93,5204.71,210388.02,198850.69,1721.77,9815.56,conventional,2017,BaltimoreWashington
