data/a836d206-e31f-42a1-abcf-12303fbde651_hf_nateraw_avocado-prices.csv
Unnamed: 0,Date,AveragePrice,Total Volume,4046,4225,4770,Total Bags,Small Bags,Large Bags,XLarge Bags,type,year,region
8,2016-10-30,1.02,241671.24,2125.55,89381.04,841.37,149323.28,11631.4,137691.88,0.0,conventional,2016,CincinnatiDayton
8,2018-01-28,0.92,281913.49,78131.98,27858.19,11786.66,164136.66,155062.73,9071.23,2.7,conventional,2018,CincinnatiDayton
21,2015-08-02,1.09,206121.36,2443.41,142847.6,9778.16,51052.19,16179.92,33163.78,1708.49,conventional,2015,CincinnatiDayton
1,2016-12-18,0.99,216881.3,2279.61,100542.31,1472.39,112586.99,23082.87,89485.68,18.44,conventional,2016,CincinnatiDayton
35,2015-04-26,1.06,214469.51,8217.17,138764.19,6904.19,60583.96,21522.31,37783.16,1278.49,conventional,2015,CincinnatiDayton
9,2018-01-21,0.89,321809.3,92142.87,54830.94,12823.81,162011.68,148818.14,13170.73,22.81,conventional,2018,CincinnatiDayton
20,2015-08-09,1.08,214374.41,2357.57,144957.92,10921.95,56136.97,19933.89,34194.18,2008.9,conventional,2015,CincinnatiDayton
39,2015-03-29,0.95,198365.16,3014.53,122178.0,2448.36,70724.27,46587.15,23745.65,391.47,conventional,2015,CincinnatiDayton
31,2015-05-24,1.1,222390.09,10258.51,152036.29,4490.78,55604.51,24486.78,30170.62,947.11,conventional,2015,CincinnatiDayton
28,2015-06-14,1.05,229363.51,6856.14,145975.24,10046.57,66485.56,30258.12,34920.23,1307.21,conventional,2015,CincinnatiDayton
42,2016-03-06,0.85,234512.25,3704.39,129150.5,24314.72,77342.64,17632.22,54219.12,5491.3,conventional,2016,CincinnatiDayton
43,2016-02-28,0.87,227593.54,4252.39,129161.49,16207.08,77972.58,18382.22,56152.18,3438.18,conventional,2016,CincinnatiDayton
21,2017-08-06,1.46,236484.9,4310.92,88272.35,1301.36,142600.27,23000.0,119014.47,585.8,conventional,2017,CincinnatiDayton
38,2016-04-03,0.89,191169.34,3481.07,109917.36,10846.9,66924.01,13780.66,50468.58,2674.77,conventional,2016,CincinnatiDayton
39,2017-04-02,1.01,290569.6,7282.55,72866.01,1092.42,209328.62,33461.38,175820.25,46.99,conventional,2017,CincinnatiDayton
44,2017-02-26,0.78,282344.52,3306.7,108390.14,2024.42,168623.26,28279.15,140287.47,56.64,conventional,2017,CincinnatiDayton
37,2015-04-12,1.02,188937.83,11176.67,120830.33,1306.19,55624.64,38219.34,17270.02,135.28,conventional,2015,CincinnatiDayton
51,2015-01-04,0.88,228569.58,3274.3,168764.78,1447.06,55083.44,17525.31,37445.46,112.67,conventional,2015,CincinnatiDayton
50,2017-01-15,0.76,346523.78,2939.57,125731.86,994.43,216857.92,29095.07,187759.83,3.02,conventional,2017,CincinnatiDayton
18,2015-08-23,1.05,208608.84,2750.77,141969.26,5299.54,58589.27,15961.91,41548.22,1079.14,conventional,2015,CincinnatiDayton
11,2015-10-11,0.91,213527.77,2251.48,146962.49,13777.63,50536.17,16191.77,31742.92,2601.48,conventional,2015,CincinnatiDayton
33,2017-05-14,0.76,313988.97,8786.74,87347.28,931.97,216922.98,25076.08,191736.09,110.81,conventional,2017,CincinnatiDayton
45,2016-02-14,0.86,229211.34,3898.22,144374.76,8008.86,72929.5,18358.96,53192.11,1378.43,conventional,2016,CincinnatiDayton
33,2016-05-08,0.86,314243.15,4411.26,183121.83,17789.78,108920.28,17361.66,87869.71,3688.91,conventional,2016,CincinnatiDayton
5,2016-11-20,0.98,242174.1,2013.39,85407.77,853.46,153899.48,23679.23,130220.25,0.0,conventional,2016,CincinnatiDayton
16,2017-09-10,1.75,210180.81,4525.65,74602.5,668.52,130384.14,28410.44,101680.76,292.94,conventional,2017,CincinnatiDayton
